             VMA              LMA     Size Align Out     In      Symbol
          100160           100160     1086    32 .rodata
          100160           100160      54a     1         <internal>:(.rodata)
          1006b0           1006b0       68     8         <internal>:(.rodata)
          100720           100720      190    16         ../lib/libc.a(libc_a-svfprintf.o):(.rodata)
          100890           100890       10     1                 zeroes.0
          1008a0           1008a0       10     1                 blanks.1
          1008b0           1008b0       40    16         <internal>:(.rodata)
          100900           100900      2a0    32         ../lib/libc.a(libc_a-ctype_.o):(.rodata)
          100900           100900      101     1                 _ctype_
          100a20           100a20      180     1                 _ctype_b
          100ba0           100ba0      190    16         ../lib/libc.a(libc_a-svfiprintf.o):(.rodata)
          100d10           100d10       10     1                 zeroes.0
          100d20           100d20       10     1                 blanks.1
          100d40           100d40      168    32         ../lib/libc.a(libc_a-mprec.o):(.rodata)
          100d40           100d40        c     1                 p05.0
          100d60           100d60       28     1                 __mprec_tinytens
          100da0           100da0       28     1                 __mprec_bigtens
          100de0           100de0       c8     1                 __mprec_tens
          100ea8           100ea8       2f     8         <internal>:(.rodata)
          100ee0           100ee0      190    16         ../lib/libc.a(libc_a-vfiprintf.o):(.rodata)
          101050           101050       10     1                 zeroes.0
          101060           101060       10     1                 blanks.1
          101070           101070       87     1         newlib.o:(.rodata)
          1010f8           1010f8       eb     8         ../lib/libc++.a(exception.cpp.o):(.rodata)
          1010f8           1010f8        1     1                 std::__1::(anonymous namespace)::ignore
          1011e3           1011e3        2     1         ../lib/libc++.a(new.cpp.o):(.rodata)
          1011e3           1011e3        1     1                 std::__1::(anonymous namespace)::ignore
          1011e4           1011e4        1     1                 std::nothrow
          1011e5           1011e5        1     1         ../lib/libc++.a(stdexcept.cpp.o):(.rodata)
          1011e5           1011e5        1     1                 std::__1::(anonymous namespace)::ignore
          1011e8           1011e8      128     4 .gcc_except_table
          1011e8           1011e8       10     4         textbox.o:(.gcc_except_table._ZNSt3__19allocatorIPcE10deallocateEPS1_m)
          1011e8           1011e8        0     1                 GCC_except_table29
          1011f8           1011f8       10     4         textbox.o:(.gcc_except_table._ZNSt3__114__split_bufferIPPcNS_9allocatorIS2_EEE17__destruct_at_endEPS2_NS_17integral_constantIbLb0EEE)
          1011f8           1011f8        0     1                 GCC_except_table39
          101208           101208       1c     4         textbox.o:(.gcc_except_table._ZNSt3__15dequeIPcNS_9allocatorIS1_EEE19__add_back_capacityEv)
          101208           101208        0     1                 GCC_except_table47
          101224           101224       10     4         textbox.o:(.gcc_except_table._ZNSt3__112__deque_baseIPcNS_9allocatorIS1_EEE3endEv)
          101224           101224        0     1                 GCC_except_table50
          101234           101234       18     4         textbox.o:(.gcc_except_table._ZNSt3__114__split_bufferIPPcNS_9allocatorIS2_EEE9push_backERKS2_)
          101234           101234        0     1                 GCC_except_table55
          10124c           10124c       18     4         textbox.o:(.gcc_except_table._ZNSt3__114__split_bufferIPPcNS_9allocatorIS2_EEE9push_backEOS2_)
          10124c           10124c        0     1                 GCC_except_table58
          101264           101264       18     4         textbox.o:(.gcc_except_table._ZNSt3__114__split_bufferIPPcNS_9allocatorIS2_EEE10push_frontEOS2_)
          101264           101264        0     1                 GCC_except_table60
          10127c           10127c       10     4         textbox.o:(.gcc_except_table._ZNSt3__110unique_ptrIPPcNS_22__allocator_destructorINS_9allocatorIS1_EEEEEC2ILb1EvEES2_NS_16__dependent_typeINS_27__unique_ptr_deleter_sfinaeIS6_EEXT_EE20__good_rval_ref_typeE)
          10127c           10127c        0     1                 GCC_except_table64
          10128c           10128c       18     4         textbox.o:(.gcc_except_table._ZNSt3__114__split_bufferIPPcRNS_9allocatorIS2_EEE9push_backEOS2_)
          10128c           10128c        0     1                 GCC_except_table65
          1012a4           1012a4       18     4         textbox.o:(.gcc_except_table._ZNSt3__114__split_bufferIPPcRNS_9allocatorIS2_EEE10push_frontERKS2_)
          1012a4           1012a4        0     1                 GCC_except_table69
          1012bc           1012bc       10     4         textbox.o:(.gcc_except_table._ZNSt3__114__split_bufferIPPcRNS_9allocatorIS2_EEED2Ev)
          1012bc           1012bc        0     1                 GCC_except_table74
          1012cc           1012cc       14     4         textbox.o:(.gcc_except_table._ZNSt3__114__split_bufferIPPcRNS_9allocatorIS2_EEE18__construct_at_endINS_13move_iteratorIPS2_EEEENS_9enable_ifIXsr21__is_forward_iteratorIT_EE5valueEvE4typeESC_SC_)
          1012cc           1012cc        0     1                 GCC_except_table78
          1012e0           1012e0       10     4         textbox.o:(.gcc_except_table._ZNSt3__120__throw_length_errorEPKc)
          1012e0           1012e0        0     1                 GCC_except_table107
          1012f0           1012f0       10     4         textbox.o:(.gcc_except_table._ZNSt3__114__split_bufferIPPcRNS_9allocatorIS2_EEE17__destruct_at_endEPS2_NS_17integral_constantIbLb0EEE)
          1012f0           1012f0        0     1                 GCC_except_table144
          101300           101300       10     4         textbox.o:(.gcc_except_table._ZNSt3__19allocatorIPPcE10deallocateEPS2_m)
          101300           101300        0     1                 GCC_except_table145
          101310           101310     442c     8 .eh_frame
          101310           101310       d4     1         kernel.o:(.eh_frame+0x0)
          1013e8           1013e8       3c     1         kernel.o:(.eh_frame+0xd4)
          101428           101428       a0     1         kernel.o:(.eh_frame+0x110)
          1014c8           1014c8       14     1         ../lib/libc.a(libc_a-malloc.o):(.eh_frame+0x18)
          1014e0           1014e0       14     1         ../lib/libc.a(libc_a-malloc.o):(.eh_frame+0x2c)
          1014f8           1014f8       14     1         ../lib/libc.a(libc_a-findfp.o):(.eh_frame+0x18)
          101510           101510       14     1         ../lib/libc.a(libc_a-findfp.o):(.eh_frame+0x2c)
          101528           101528       34     1         ../lib/libc.a(libc_a-findfp.o):(.eh_frame+0x40)
          101560           101560       3c     1         ../lib/libc.a(libc_a-findfp.o):(.eh_frame+0x74)
          1015a0           1015a0       44     1         ../lib/libc.a(libc_a-findfp.o):(.eh_frame+0xb0)
          1015e8           1015e8       14     1         ../lib/libc.a(libc_a-findfp.o):(.eh_frame+0xf4)
          101600           101600       14     1         ../lib/libc.a(libc_a-findfp.o):(.eh_frame+0x108)
          101618           101618       14     1         ../lib/libc.a(libc_a-findfp.o):(.eh_frame+0x11c)
          101630           101630       18     1         ../lib/libc.a(libc_a-findfp.o):(.eh_frame+0x130)
          101648           101648       3c     1         ../lib/libc.a(libc_a-fclose.o):(.eh_frame+0x18)
          101688           101688       14     1         ../lib/libc.a(libc_a-fclose.o):(.eh_frame+0x54)
          1016a0           1016a0       90     1         ../lib/libc.a(libc_a-fflush.o):(.eh_frame+0x18)
          101730           101730       3c     1         ../lib/libc.a(libc_a-freer.o):(.eh_frame+0x18)
          101770           101770       5c     1         ../lib/libc.a(libc_a-freer.o):(.eh_frame+0x54)
          1017d0           1017d0       14     1         ../lib/libc.a(libc_a-mlock.o):(.eh_frame+0x18)
          1017e8           1017e8       14     1         ../lib/libc.a(libc_a-mlock.o):(.eh_frame+0x2c)
          101800           101800       80     1         ../lib/libc.a(libc_a-mallocr.o):(.eh_frame+0x18)
          101880           101880       20     1         ../lib/libc.a(libc_a-sbrkr.o):(.eh_frame+0x18)
          1018a0           1018a0       40     1         ../lib/libc.a(libc_a-reent.o):(.eh_frame+0x18)
          1018e0           1018e0       48     1         ../lib/libc.a(libc_a-fwalk.o):(.eh_frame+0x18)
          101928           101928       34     1         ../lib/libc.a(libc_a-stdio.o):(.eh_frame+0x18)
          101960           101960       34     1         ../lib/libc.a(libc_a-stdio.o):(.eh_frame+0x4c)
          101998           101998       38     1         ../lib/libc.a(libc_a-stdio.o):(.eh_frame+0x80)
          1019d0           1019d0       20     1         ../lib/libc.a(libc_a-readr.o):(.eh_frame+0x18)
          1019f0           1019f0       20     1         ../lib/libc.a(libc_a-writer.o):(.eh_frame+0x18)
          101a10           101a10       20     1         ../lib/libc.a(libc_a-lseekr.o):(.eh_frame+0x18)
          101a30           101a30       20     1         ../lib/libc.a(libc_a-closer.o):(.eh_frame+0x18)
          101a50           101a50      220     1         frame.o:(.eh_frame+0x18)
          101c70           101c70       18     1         ../lib/libc.a(libc_a-strcpy.o):(.eh_frame+0x18)
          101c88           101c88       20     1         ../lib/libc.a(libc_a-strcat.o):(.eh_frame+0x18)
          101ca8           101ca8       18     1         ../lib/libc.a(libc_a-strlen.o):(.eh_frame+0x18)
          101cc0           101cc0       1c     1         ../lib/libc.a(libc_a-vsprintf.o):(.eh_frame+0x18)
          101ce0           101ce0       1c     1         ../lib/libc.a(libc_a-vsprintf.o):(.eh_frame+0x34)
          101d00           101d00       50     1         ../lib/libc.a(libc_a-svfprintf.o):(.eh_frame+0x18)
          101d50           101d50       14     1         ../lib/libc.a(libc_a-localeconv.o):(.eh_frame+0x18)
          101d68           101d68       14     1         ../lib/libc.a(libc_a-localeconv.o):(.eh_frame+0x2c)
          101d80           101d80       18     1         ../lib/libc.a(libc_a-localeconv.o):(.eh_frame+0x40)
          101d98           101d98       24     1         ../lib/libc.a(libc_a-locale.o):(.eh_frame+0x18)
          101dc0           101dc0       14     1         ../lib/libc.a(libc_a-locale.o):(.eh_frame+0x3c)
          101dd8           101dd8       28     1         ../lib/libc.a(libc_a-locale.o):(.eh_frame+0x50)
          101e00           101e00       18     1         ../lib/libc.a(libc_a-strcmp.o):(.eh_frame+0x18)
          101e18           101e18       14     1         ../lib/libc.a(libc_a-wctomb_r.o):(.eh_frame+0x18)
          101e30           101e30       14     1         ../lib/libc.a(libc_a-wctomb_r.o):(.eh_frame+0x2c)
          101e48           101e48       14     1         ../lib/libc.a(libc_a-mbtowc_r.o):(.eh_frame+0x18)
          101e60           101e60       1c     1         ../lib/libc.a(libc_a-mbtowc_r.o):(.eh_frame+0x2c)
          101e80           101e80       14     1         ../lib/libc.a(libc_a-stack_protector.o):(.eh_frame+0x18)
          101e98           101e98       1c     1         ../lib/libc.a(libc_a-stack_protector.o):(.eh_frame+0x2c)
          101eb8           101eb8       20     1         ../lib/libc.a(libc_a-stack_protector.o):(.eh_frame+0x48)
          101ed8           101ed8       4c     1         ../lib/libc.a(libc_a-signal.o):(.eh_frame+0x18)
          101f28           101f28      184     1         ../lib/libc.a(libc_a-signal.o):(.eh_frame+0x64)
          1020b0           1020b0       38     1         ../lib/libc.a(libc_a-signalr.o):(.eh_frame+0x18)
          1020e8           1020e8       4c     1         ../lib/libc.a(libc_a-svfiprintf.o):(.eh_frame+0x18)
          102138           102138       54     1         ../lib/libc.a(libc_a-svfiprintf.o):(.eh_frame+0x64)
          102190           102190       18     1         ../lib/libc.a(libc_a-memmove.o):(.eh_frame+0x18)
          1021a8           1021a8       68     1         ../lib/libc.a(libc_a-reallocr.o):(.eh_frame+0x18)
          102210           102210       18     1         ../lib/libc.a(libc_a-memchr.o):(.eh_frame+0x18)
          102228           102228       4c     1         ../lib/libc.a(libc_a-dtoa.o):(.eh_frame+0x18)
          102278           102278       4c     1         ../lib/libc.a(libc_a-dtoa.o):(.eh_frame+0x64)
          1022c8           1022c8       2c     1         ../lib/libc.a(libc_a-mprec.o):(.eh_frame+0x18)
          1022f8           1022f8       14     1         ../lib/libc.a(libc_a-mprec.o):(.eh_frame+0x44)
          102310           102310       8c     1         ../lib/libc.a(libc_a-mprec.o):(.eh_frame+0x58)
          1023a0           1023a0       14     1         ../lib/libc.a(libc_a-mprec.o):(.eh_frame+0xe4)
          1023b8           1023b8       14     1         ../lib/libc.a(libc_a-mprec.o):(.eh_frame+0xf8)
          1023d0           1023d0       24     1         ../lib/libc.a(libc_a-mprec.o):(.eh_frame+0x10c)
          1023f8           1023f8       4c     1         ../lib/libc.a(libc_a-mprec.o):(.eh_frame+0x130)
          102448           102448       3c     1         ../lib/libc.a(libc_a-mprec.o):(.eh_frame+0x17c)
          102488           102488       4c     1         ../lib/libc.a(libc_a-mprec.o):(.eh_frame+0x1b8)
          1024d8           1024d8       14     1         ../lib/libc.a(libc_a-mprec.o):(.eh_frame+0x204)
          1024f0           1024f0       64     1         ../lib/libc.a(libc_a-mprec.o):(.eh_frame+0x218)
          102558           102558       14     1         ../lib/libc.a(libc_a-mprec.o):(.eh_frame+0x27c)
          102570           102570       34     1         ../lib/libc.a(libc_a-mprec.o):(.eh_frame+0x290)
          1025a8           1025a8       34     1         ../lib/libc.a(libc_a-mprec.o):(.eh_frame+0x2c4)
          1025e0           1025e0       14     1         ../lib/libc.a(libc_a-mprec.o):(.eh_frame+0x2f8)
          1025f8           1025f8       14     1         ../lib/libc.a(libc_a-mprec.o):(.eh_frame+0x30c)
          102610           102610       18     1         ../lib/libc.a(libc_a-mprec.o):(.eh_frame+0x320)
          102628           102628       28     1         ../lib/libc.a(libc_a-callocr.o):(.eh_frame+0x18)
          102650           102650       18     1         ../lib/libc.a(libc_a-errno.o):(.eh_frame+0x18)
          102668           102668       24     1         ../lib/libc.a(libc_a-assert.o):(.eh_frame+0x18)
          102690           102690       1c     1         ../lib/libc.a(libc_a-assert.o):(.eh_frame+0x3c)
          1026b0           1026b0       1c     1         ../lib/libc.a(libc_a-fiprintf.o):(.eh_frame+0x18)
          1026d0           1026d0       1c     1         ../lib/libc.a(libc_a-fiprintf.o):(.eh_frame+0x34)
          1026f0           1026f0       4c     1         ../lib/libc.a(libc_a-vfiprintf.o):(.eh_frame+0x18)
          102740           102740       14     1         ../lib/libc.a(libc_a-vfiprintf.o):(.eh_frame+0x64)
          102758           102758       7c     1         ../lib/libc.a(libc_a-vfiprintf.o):(.eh_frame+0x78)
          1027d8           1027d8       3c     1         ../lib/libc.a(libc_a-vfiprintf.o):(.eh_frame+0xf4)
          102818           102818       44     1         ../lib/libc.a(libc_a-fputwc.o):(.eh_frame+0x18)
          102860           102860       14     1         ../lib/libc.a(libc_a-fputwc.o):(.eh_frame+0x5c)
          102878           102878       28     1         ../lib/libc.a(libc_a-fputwc.o):(.eh_frame+0x70)
          1028a0           1028a0       2c     1         ../lib/libc.a(libc_a-wcrtomb.o):(.eh_frame+0x18)
          1028d0           1028d0       2c     1         ../lib/libc.a(libc_a-wcrtomb.o):(.eh_frame+0x44)
          102900           102900       3c     1         ../lib/libc.a(libc_a-wbuf.o):(.eh_frame+0x18)
          102940           102940       14     1         ../lib/libc.a(libc_a-wbuf.o):(.eh_frame+0x54)
          102958           102958       30     1         ../lib/libc.a(libc_a-wsetup.o):(.eh_frame+0x18)
          102988           102988       44     1         ../lib/libc.a(libc_a-makebuf.o):(.eh_frame+0x18)
          1029d0           1029d0       34     1         ../lib/libc.a(libc_a-makebuf.o):(.eh_frame+0x5c)
          102a08           102a08       20     1         ../lib/libc.a(libc_a-fstatr.o):(.eh_frame+0x18)
          102a28           102a28       20     1         ../lib/libc.a(libc_a-isattyr.o):(.eh_frame+0x18)
          102a48           102a48       78     1         ../lib/libc.a(libc_a-fvwrite.o):(.eh_frame+0x18)
          102ac0           102ac0       20     1         ../lib/libc.a(libc_a-abort.o):(.eh_frame+0x18)
          102ae0           102ae0       1c     1         ../lib/libc.a(libc_a-sprintf.o):(.eh_frame+0x18)
          102b00           102b00       24     1         ../lib/libc.a(libc_a-sprintf.o):(.eh_frame+0x34)
          102b28           102b28      200     1         pci.o:(.eh_frame+0x18)
          102d28           102d28       60     1         memory_map.o:(.eh_frame+0x18)
          102d88           102d88       3c     1         newlib.o:(.eh_frame+0x18)
          102dc8           102dc8       1c     1         newlib.o:(.eh_frame+0x54)
          102de8           102de8       1c     1         newlib.o:(.eh_frame+0x70)
          102e08           102e08       1c     1         newlib.o:(.eh_frame+0x8c)
          102e28           102e28       1c     1         newlib.o:(.eh_frame+0xa8)
          102e48           102e48       1c     1         newlib.o:(.eh_frame+0xc4)
          102e68           102e68       1c     1         newlib.o:(.eh_frame+0xe0)
          102e88           102e88       1c     1         newlib.o:(.eh_frame+0xfc)
          102ea8           102ea8       20     1         newlib.o:(.eh_frame+0x118)
          102ec8           102ec8       80     1         segment.o:(.eh_frame+0x18)
          102f48           102f48       54     1         interrupt.o:(.eh_frame+0x18)
          102fa0           102fa0       54     1         interrupt.o:(.eh_frame+0x6c)
          102ff8           102ff8       54     1         interrupt.o:(.eh_frame+0xc0)
          103050           103050       54     1         interrupt.o:(.eh_frame+0x114)
          1030a8           1030a8       54     1         interrupt.o:(.eh_frame+0x168)
          103100           103100       c4     1         interrupt.o:(.eh_frame+0x1bc)
          1031c8           1031c8       80     1         paging.o:(.eh_frame+0x18)
          103248           103248       20     1         keyboard.o:(.eh_frame+0x18)
          103268           103268       c4     1         input.o:(.eh_frame+0x18)
          103330           103330       24     1         input.o:(.eh_frame+0xdc)
          103358           103358       20     1         command.o:(.eh_frame+0x18)
          103378           103378       20     1         command.o:(.eh_frame+0x78)
          103398           103398       20     1         command.o:(.eh_frame+0xb8)
          1033b8           1033b8       88     1         ../lib/libc.a(libc_a-strtol.o):(.eh_frame+0x18)
          103440           103440       20     1         memory_manager.o:(.eh_frame+0x18)
          103460           103460      200     1         memory_manager.o:(.eh_frame+0x78)
          103660           103660       20     1         memory_manager.o:(.eh_frame+0x2b8)
          103680           103680      3d4     1         textbox.o:(.eh_frame+0x18)
          103a58           103a58      d60     1         textbox.o:(.eh_frame+0x3ec)
          1047b8           1047b8       24     1         ../lib/libc.a(libc_a-vsnprintf.o):(.eh_frame+0x18)
          1047e0           1047e0       24     1         ../lib/libc.a(libc_a-vsnprintf.o):(.eh_frame+0x3c)
          104808           104808       5c     1         ../lib/libc++.a(exception.cpp.o):(.eh_frame+0x18)
          104868           104868       5c     1         ../lib/libc++.a(exception.cpp.o):(.eh_frame+0x74)
          1048c8           1048c8       3c     1         ../lib/libc++.a(exception.cpp.o):(.eh_frame+0xd0)
          104908           104908      2dc     1         ../lib/libc++.a(exception.cpp.o):(.eh_frame+0x10c)
          104be8           104be8       1c     1         ../lib/libc++.a(exception.cpp.o):(.eh_frame+0x3e8)
          104c08           104c08       1c     1         ../lib/libc++.a(exception.cpp.o):(.eh_frame+0x404)
          104c28           104c28       7c     1         ../lib/libc++.a(exception.cpp.o):(.eh_frame+0x420)
          104ca8           104ca8       1c     1         ../lib/libc++.a(exception.cpp.o):(.eh_frame+0x49c)
          104cc8           104cc8       20     1         ../lib/libc++.a(exception.cpp.o):(.eh_frame+0x4b8)
          104ce8           104ce8       34     1         ../lib/libc.a(libc_a-fwrite.o):(.eh_frame+0x18)
          104d20           104d20       34     1         ../lib/libc.a(libc_a-fwrite.o):(.eh_frame+0x4c)
          104d58           104d58       5c     1         ../lib/libc++.a(new.cpp.o):(.eh_frame+0x18)
          104db8           104db8      284     1         ../lib/libc++.a(new.cpp.o):(.eh_frame+0x74)
          105040           105040      480     1         ../lib/libc++.a(stdexcept.cpp.o):(.eh_frame+0x18)
          1054c0           1054c0      274     1         textbox.o:(.eh_frame+0x114c)
          106740           106740    146c7    16 .text
          106740           106740      24c    16         kernel.o:(.text)
          106740           106740        f     1                 stop()
          106750           106750       29     1                 entry_point
          106780           106780      20c     1                 kernel_main
          106990           106990       50    16         kernel.o:(.text.startup)
          106990           106990       1a     1                 __cxx_global_var_init
          1069b0           1069b0       12     1                 __cxx_global_var_init.1
          1069d0           1069d0       10     1                 _GLOBAL__sub_I_kernel.cpp
          1069e0           1069e0        b    16         kernel.o:(.text._ZNSt3__114numeric_limitsImE3maxEv)
          1069e0           1069e0        b     1                 std::__1::numeric_limits<unsigned long>::max()
          1069f0           1069f0       21    16         kernel.o:(.text._ZN7FrameIDC2Em)
          1069f0           1069f0       21     1                 FrameID::FrameID(unsigned long)
          106a20           106a20       4c    16         kernel.o:(.text._ZN11InputBufferC2Ev)
          106a20           106a20       4c     1                 InputBuffer::InputBuffer()
          106a70           106a70       1e    16         kernel.o:(.text._ZNK5ErrorcvbEv)
          106a70           106a70       1e     1                 Error::operator bool() const
          106a90           106a90       29    16         kernel.o:(.text._ZNK5Error4NameEv)
          106a90           106a90       29     1                 Error::Name() const
          106ac0           106ac0        d    16         kernel.o:(.text._ZNSt3__123__libcpp_numeric_limitsImLb1EE3maxEv)
          106ac0           106ac0        d     1                 std::__1::__libcpp_numeric_limits<unsigned long, true>::max()
          106ad0           106ad0       25    16         kernel.o:(.text._ZNKSt3__15arrayIPKcLm20EEixEm)
          106ad0           106ad0       25     1                 std::__1::array<char const*, 20ul>::operator[](unsigned long) const
          106b00           106b00       33    16         ../lib/libc.a(libc_a-malloc.o):(.text)
          106b00           106b00       13     1                 malloc
          106b20           106b20       13     1                 free
          106b33           106b33        0     1         ../lib/libc.a(libc_a-impure.o):(.text)
          106b40           106b40      469    16         ../lib/libc.a(libc_a-findfp.o):(.text)
          106b40           106b40        7     1                 __fp_lock
          106b50           106b50       1e     1                 stdio_exit_handler
          106b70           106b70       52     1                 cleanup_stdio
          106bd0           106bd0        7     1                 __fp_unlock
          106be0           106be0      1d1     1                 global_stdio_init.part.0
          106dc0           106dc0      156     1                 __sfp
          106f20           106f20       2a     1                 __sinit
          106f50           106f50        5     1                 __sfp_lock_acquire
          106f60           106f60        5     1                 __sfp_lock_release
          106f70           106f70       19     1                 __fp_lock_all
          106f90           106f90       19     1                 __fp_unlock_all
          106fb0           106fb0       f3    16         ../lib/libc.a(libc_a-fclose.o):(.text)
          106fb0           106fb0       de     1                 _fclose_r
          107090           107090       13     1                 fclose
          1070b0           1070b0      321    16         ../lib/libc.a(libc_a-fflush.o):(.text)
          1070b0           1070b0      225     1                 __sflush_r
          1072e0           1072e0       5f     1                 _fflush_r
          107340           107340       91     1                 fflush
          1073e0           1073e0      47e    16         ../lib/libc.a(libc_a-freer.o):(.text)
          1073e0           1073e0       e7     1                 _malloc_trim_r
          1074d0           1074d0      38e     1                 _free_r
          107860           107860       15    16         ../lib/libc.a(libc_a-mlock.o):(.text)
          107860           107860        5     1                 __malloc_lock
          107870           107870        5     1                 __malloc_unlock
          107880           107880      8d4    16         ../lib/libc.a(libc_a-mallocr.o):(.text)
          107880           107880      8d4     1                 _malloc_r
          108160           108160       36    16         ../lib/libc.a(libc_a-sbrkr.o):(.text)
          108160           108160       36     1                 _sbrk_r
          1081a0           1081a0       9e    16         ../lib/libc.a(libc_a-reent.o):(.text)
          1081a0           1081a0       9e     1                 _reclaim_reent
          108240           108240       89    16         ../lib/libc.a(libc_a-fwalk.o):(.text)
          108240           108240       89     1                 _fwalk_sglue
          1082d0           1082d0       e0    16         ../lib/libc.a(libc_a-memset.o):(.text)
          1082d0           1082d0        0     1                 memset
          1082fe           1082fe        0     1                 quadword_aligned
          108320           108320        0     1                 loop
          10838b           10838b        0     1                 byte_set
          108391           108391        0     1                 quadword_set
          1083b0           1083b0       ed    16         ../lib/libc.a(libc_a-stdio.o):(.text)
          1083b0           1083b0       30     1                 __sread
          1083e0           1083e0        7     1                 __seofread
          1083f0           1083f0       60     1                 __swrite
          108450           108450       38     1                 __sseek
          108490           108490        d     1                 __sclose
          1084a0           1084a0       41    16         ../lib/libc.a(libc_a-readr.o):(.text)
          1084a0           1084a0       41     1                 _read_r
          1084f0           1084f0       41    16         ../lib/libc.a(libc_a-writer.o):(.text)
          1084f0           1084f0       41     1                 _write_r
          108540           108540       3e    16         ../lib/libc.a(libc_a-lseekr.o):(.text)
          108540           108540       3e     1                 _lseek_r
          108580           108580       2e    16         ../lib/libc.a(libc_a-closer.o):(.text)
          108580           108580       2e     1                 _close_r
          1085b0           1085b0      ede    16         frame.o:(.text)
          1085b0           1085b0       9a     1                 InitializeFrame(bootinfo_t*)
          108650           108650       7f     1                 WritePixelRGB(Color, int, int)
          1086d0           1086d0       7f     1                 WritePixelBGR(Color, int, int)
          108750           108750       3d     1                 HashtoColor(unsigned char)
          108790           108790      191     1                 HSVtoRGB(int)
          108930           108930       f5     1                 WriteAscii(char, Color, int, int)
          108a30           108a30      136     1                 WriteSquare(Vector, Vector, Color)
          108b70           108b70      11b     1                 PrintLine(char const*, Vector, Color)
          108c90           108c90       7e     1                 RegisterLine(char const*)
          108d10           108d10      402     1                 Print
          109120           109120       b3     1                 Printf
          1091e0           1091e0       6c     1                 dPrint(char*, int)
          109250           109250       6c     1                 udPrint(char*, unsigned int)
          1092c0           1092c0       6c     1                 uxdPrint(char*, unsigned int)
          109330           109330       df     1                 WriteMandelbrot(int)
          109410           109410       7e     1                 clear()
          109490           109490      1ad    16         frame.o:(.text._Z14CalcMandelbrotiii)
          109490           109490      1ad     1                 CalcMandelbrot(int, int, int)
          109640           109640       85    16         ../lib/libc.a(libc_a-strcpy.o):(.text)
          109640           109640       85     1                 strcpy
          1096d0           1096d0       6c    16         ../lib/libc.a(libc_a-strcat.o):(.text)
          1096d0           1096d0       6c     1                 strcat
          109740           109740       7d    16         ../lib/libc.a(libc_a-strlen.o):(.text)
          109740           109740       7d     1                 strlen
          1097c0           1097c0       ed    16         ../lib/libc.a(libc_a-vsprintf.o):(.text)
          1097c0           1097c0       7d     1                 vsprintf
          109840           109840       6d     1                 _vsprintf_r
          1098b0           1098b0     2557    16         ../lib/libc.a(libc_a-svfprintf.o):(.text)
          1098b0           1098b0     2557     1                 _svfprintf_r
          10be10           10be10       2c    16         ../lib/libc.a(libc_a-localeconv.o):(.text)
          10be10           10be10        c     1                 __localeconv_l
          10be20           10be20        c     1                 _localeconv_r
          10be30           10be30        c     1                 localeconv
          10be40           10be40       ea    16         ../lib/libc.a(libc_a-locale.o):(.text)
          10be40           10be40       6a     1                 _setlocale_r
          10beb0           10beb0        c     1                 __locale_mb_cur_max
          10bec0           10bec0       6a     1                 setlocale
          10bf30           10bf30       83    16         ../lib/libc.a(libc_a-strcmp.o):(.text)
          10bf30           10bf30       83     1                 strcmp
          10bfc0           10bfc0       43    16         ../lib/libc.a(libc_a-wctomb_r.o):(.text)
          10bfc0           10bfc0        a     1                 _wctomb_r
          10bfd0           10bfd0       33     1                 __ascii_wctomb
          10c010           10c010       70    16         ../lib/libc.a(libc_a-mbtowc_r.o):(.text)
          10c010           10c010        a     1                 _mbtowc_r
          10c020           10c020       60     1                 __ascii_mbtowc
          10c080           10c080       8f    16         ../lib/libc.a(libc_a-stack_protector.o):(.text)
          10c080           10c080       7d     1                 __stack_chk_fail
          10c100           10c100        f     1                 __stack_chk_fail_local
          10c110           10c110       19    16         ../lib/libc.a(libc_a-stack_protector.o):(.text.startup)
          10c110           10c110       19     1                 __stack_chk_init
          10c130           10c130      50e    16         ../lib/libc.a(libc_a-signal.o):(.text)
          10c130           10c130       59     1                 _init_signal_r
          10c190           10c190       98     1                 _signal_r
          10c230           10c230       ad     1                 _raise_r
          10c2e0           10c2e0       ca     1                 __sigtramp_r
          10c3b0           10c3b0       b7     1                 raise
          10c470           10c470       98     1                 signal
          10c510           10c510       59     1                 _init_signal
          10c570           10c570       ce     1                 __sigtramp
          10c640           10c640       49    16         ../lib/libc.a(libc_a-signalr.o):(.text)
          10c640           10c640       36     1                 _kill_r
          10c680           10c680        9     1                 _getpid_r
          10c689           10c689        0     1         ../lib/libc.a(libc_a-ctype_.o):(.text)
          10c690           10c690     1408    16         ../lib/libc.a(libc_a-svfiprintf.o):(.text)
          10c690           10c690      1e9     1                 __ssprint_r
          10c880           10c880     1218     1                 _svfiprintf_r
          10daa0           10daa0      124    16         ../lib/libc.a(libc_a-memmove.o):(.text)
          10daa0           10daa0      124     1                 memmove
          10dbd0           10dbd0      12d    16         ../lib/libc.a(libc_a-memcpy.o):(.text)
          10dbd0           10dbd0        0     1                 memcpy
          10dbf5           10dbf5        0     1                 quadword_aligned
          10dc10           10dc10        0     1                 loop
          10dcd7           10dcd7        0     1                 byte_copy
          10dcdd           10dcdd        0     1                 quadword_copy
          10dd00           10dd00      53a    16         ../lib/libc.a(libc_a-reallocr.o):(.text)
          10dd00           10dd00      53a     1                 _realloc_r
          10e240           10e240       c5    16         ../lib/libc.a(libc_a-memchr.o):(.text)
          10e240           10e240       c5     1                 memchr
          10e310           10e310     1636    16         ../lib/libc.a(libc_a-dtoa.o):(.text)
          10e310           10e310      19c     1                 quorem
          10e4b0           10e4b0     1496     1                 _dtoa_r
          10f950           10f950     10ba    16         ../lib/libc.a(libc_a-mprec.o):(.text)
          10f950           10f950       9e     1                 _Balloc
          10f9f0           10f9f0       1f     1                 _Bfree
          10fa10           10fa10      101     1                 __multadd
          10fb20           10fb20      139     1                 __s2b
          10fc60           10fc60       56     1                 __hi0bits
          10fcc0           10fcc0       8f     1                 __lo0bits
          10fd50           10fd50       a4     1                 __i2b
          10fe00           10fe00      241     1                 __multiply
          110050           110050      12e     1                 __pow5mult
          110180           110180      158     1                 __lshift
          1102e0           1102e0       4e     1                 __mcmp
          110330           110330      217     1                 __mdiff
          110550           110550       7d     1                 __ulp
          1105d0           1105d0       fc     1                 __b2d
          1106d0           1106d0      158     1                 __d2b
          110830           110830       c0     1                 __ratio
          1108f0           1108f0       40     1                 _mprec_log10
          110930           110930       60     1                 __copybits
          110990           110990       7a     1                 __any_on
          110a10           110a10       c6    16         ../lib/libc.a(libc_a-callocr.o):(.text)
          110a10           110a10       c6     1                 _calloc_r
          110ae0           110ae0        c    16         ../lib/libc.a(libc_a-errno.o):(.text)
          110ae0           110ae0        c     1                 __errno
          110af0           110af0       74    16         ../lib/libc.a(libc_a-assert.o):(.text)
          110af0           110af0       54     1                 __assert_func
          110b50           110b50       14     1                 __assert
          110b70           110b70      178    16         ../lib/libc.a(libc_a-fiprintf.o):(.text)
          110b70           110b70       b0     1                 _fiprintf_r
          110c20           110c20       c8     1                 fiprintf
          110cf0           110cf0     1750    16         ../lib/libc.a(libc_a-vfiprintf.o):(.text)
          110cf0           110cf0       d7     1                 __sprint_r.part.0
          110dd0           110dd0       1a     1                 __sprint_r
          110df0           110df0     154f     1                 _vfiprintf_r
          112340           112340       19     1                 vfiprintf
          112360           112360       e0     1                 __sbprintf
          112440           112440      1b9    16         ../lib/libc.a(libc_a-fputwc.o):(.text)
          112440           112440      119     1                 __fputwc
          112560           112560       23     1                 _fputwc_r
          112590           112590       69     1                 fputwc
          112600           112600      112    16         ../lib/libc.a(libc_a-wcrtomb.o):(.text)
          112600           112600       7c     1                 _wcrtomb_r
          112680           112680       92     1                 wcrtomb
          112720           112720      135    16         ../lib/libc.a(libc_a-wbuf.o):(.text)
          112720           112720      112     1                 __swbuf_r
          112840           112840       15     1                 __swbuf
          112860           112860      143    16         ../lib/libc.a(libc_a-wsetup.o):(.text)
          112860           112860      143     1                 __swsetup_r
          1129b0           1129b0      1e6    16         ../lib/libc.a(libc_a-makebuf.o):(.text)
          1129b0           1129b0      139     1                 __smakebuf_r
          112af0           112af0       a6     1                 __swhatbuf_r
          112ba0           112ba0       36    16         ../lib/libc.a(libc_a-fstatr.o):(.text)
          112ba0           112ba0       36     1                 _fstat_r
          112be0           112be0       2e    16         ../lib/libc.a(libc_a-isattyr.o):(.text)
          112be0           112be0       2e     1                 _isatty_r
          112c10           112c10      55c    16         ../lib/libc.a(libc_a-fvwrite.o):(.text)
          112c10           112c10      55c     1                 __sfvwrite_r
          113170           113170       1e    16         ../lib/libc.a(libc_a-abort.o):(.text)
          113170           113170       1e     1                 abort
          113190           113190      211    16         ../lib/libc.a(libc_a-sprintf.o):(.text)
          113190           113190       fc     1                 _sprintf_r
          113290           113290      111     1                 sprintf
          1133b0           1133b0       a3    16         asmfunc.o:(.text)
          1133b0           1133b0        0     1                 IoOut32
          1133b7           1133b7        0     1                 IoIn32
          1133bc           1133bc        0     1                 IoIn16
          1133c2           1133c2        0     1                 IoOut8
          1133ca           1133ca        0     1                 IoIn8
          1133cf           1133cf        0     1                 call_kernel_main
          1133df           1133df        0     1                 _hlt
          1133e2           1133e2        0     1                 LoadGDT
          1133fc           1133fc        0     1                 SetDSAll
          113405           113405        0     1                 SetCSSS
          113419           113419        0     1                 SetCSSS.next
          11341e           11341e        0     1                 SetCSSS.stop
          113421           113421        0     1                 GetCS
          113427           113427        0     1                 LoadIDT
          113441           113441        0     1                 SetCR3
          113445           113445        0     1                 NotifyEndOfInterrupt
          113460           113460      809    16         pci.o:(.text)
          113460           113460       4f     1                 MakeAddr(unsigned char, unsigned char, unsigned char, unsigned char)
          1134b0           1134b0       1e     1                 WriteAddr(unsigned int)
          1134d0           1134d0       1e     1                 WriteData(unsigned int)
          1134f0           1134f0       10     1                 ReadData()
          113500           113500       4a     1                 ReadVendorId(unsigned char, unsigned char, unsigned char)
          113550           113550       67     1                 ReadVendorId(Device)
          1135c0           1135c0       50     1                 ReadHeaderType(unsigned char, unsigned char, unsigned char)
          113610           113610       70     1                 ReadBar(Device, int)
          113680           113680       71     1                 ReadClassCode(unsigned char, unsigned char, unsigned char)
          113700           113700       45     1                 ReadBusNumbers(unsigned char, unsigned char, unsigned char)
          113750           113750       af     1                 AddDevice(unsigned char, unsigned char, unsigned char, unsigned char)
          113800           113800       28     1                 IsSingleFunctionDevice(unsigned char)
          113830           113830      13f     1                 ScanAllBus()
          113970           113970       b7     1                 ScanBus(unsigned char)
          113a30           113a30      126     1                 ScanDevice(unsigned char, unsigned char)
          113b60           113b60      109     1                 ScanFunction(unsigned char, unsigned char, unsigned char)
          113c70           113c70      27f    16         memory_map.o:(.text)
          113c70           113c70       83     1                 show_memdesc(int)
          113d00           113d00      12d     1                 show_memory_map()
          113e30           113e30       bf     1                 search_mem_type(unsigned long)
          113eef           113eef      1c5     1         newlib.o:(.text)
          113eef           113eef       6f     1                 sbrk
          113f5e           113f5e       29     1                 read
          113f87           113f87       35     1                 write
          113fbc           113fbc       21     1                 _exit
          113fdd           113fdd       28     1                 lseek
          114005           114005       21     1                 close
          114026           114026       2e     1                 kill
          114054           114054       1a     1                 getpid
          11406e           11406e       25     1                 fstat
          114093           114093       21     1                 isatty
          1140c0           1140c0      348    16         segment.o:(.text)
          1140c0           1140c0      21d     1                 SetCodeSegment(SegmentDescriptor*, DescriptorType, unsigned int, unsigned int, unsigned int)
          1142e0           1142e0       77     1                 SetDataSegment(SegmentDescriptor*, DescriptorType, unsigned int, unsigned int, unsigned int)
          114360           114360       67     1                 SetupSegments()
          1143d0           1143d0       38     1                 InitializeSegment(unsigned short, unsigned short)
          114410           114410      bb5    16         interrupt.o:(.text)
          114410           114410      19e     1                 BreakpointInterrupt(InterruptFrame*)
          1145b0           1145b0      186     1                 SegFaultInterrupt(InterruptFrame*)
          114740           114740      186     1                 PageFaultInterrupt(InterruptFrame*)
          1148d0           1148d0      186     1                 GeneralProtectionInterrupt(InterruptFrame*)
          114a60           114a60      203     1                 KeyboardInterrupt(InterruptFrame*)
          114c70           114c70       5e     1                 DefaultInterrupt(InterruptFrame*)
          114cd0           114cd0       7a     1                 SetIDTEntry(InterruptDescriptor*, InterruptDescriptorAttribute, unsigned long, unsigned long)
          114d50           114d50       ba     1                 InitializePIC()
          114e10           114e10      1b5     1                 InitializeInterrupt()
          114fd0           114fd0       60    16         interrupt.o:(.text._Z10isAlphabetc)
          114fd0           114fd0       60     1                 isAlphabet(char)
          115030           115030       af    16         interrupt.o:(.text._Z11MakeIDTAttr14DescriptorTypehbh)
          115030           115030       af     1                 MakeIDTAttr(DescriptorType, unsigned char, bool, unsigned char)
          1150e0           1150e0      118    16         paging.o:(.text)
          1150e0           1150e0      118     1                 SetupIdentityPageTable()
          115200           115200       25    16         paging.o:(.text._ZNSt3__15arrayImLm512EEixEm)
          115200           115200       25     1                 std::__1::array<unsigned long, 512ul>::operator[](unsigned long)
          115230           115230       14    16         paging.o:(.text._ZNKSt3__15arrayINS0_ImLm512EEELm64EE4sizeEv)
          115230           115230       14     1                 std::__1::array<std::__1::array<unsigned long, 512ul>, 64ul>::size() const
          115250           115250       25    16         paging.o:(.text._ZNSt3__15arrayINS0_ImLm512EEELm64EEixEm)
          115250           115250       25     1                 std::__1::array<std::__1::array<unsigned long, 512ul>, 64ul>::operator[](unsigned long)
          115280           115280       62    16         keyboard.o:(.text)
          115280           115280       62     1                 InitializeKeycode()
          1152f0           1152f0      319    16         input.o:(.text)
          1152f0           1152f0       82     1                 InputBuffer::add(char)
          115380           115380       76     1                 InputBuffer::isEnter()
          115400           115400       76     1                 InputBuffer::pop()
          115480           115480       5a     1                 InputBuffer::allprint()
          1154e0           1154e0       9b     1                 InputBuffer::allpop(char*)
          115580           115580       89     1                 GetString(char*)
          115610           115610       27    16         input.o:(.text._ZN11InputBuffer7isInputEv)
          115610           115610       27     1                 InputBuffer::isInput()
          115640           115640      187    16         command.o:(.text)
          115640           115640      187     1                 command(char*)
          1157d0           1157d0       2b    16         command.o:(.text.startup)
          1157d0           1157d0       1a     1                 __cxx_global_var_init
          1157f0           1157f0        b     1                 _GLOBAL__sub_I_command.cpp
          115800           115800      26e    16         ../lib/libc.a(libc_a-strtol.o):(.text)
          115800           115800      1bd     1                 _strtol_l.part.0
          1159c0           1159c0       2e     1                 _strtol_r
          1159f0           1159f0       3e     1                 strtol_l
          115a30           115a30       3e     1                 strtol
          115a70           115a70      6ae    16         memory_manager.o:(.text)
          115a70           115a70       4f     1                 BitmapMemoryManager::BitmapMemoryManager()
          115a70           115a70       4f     1                 BitmapMemoryManager::BitmapMemoryManager()
          115ac0           115ac0      15d     1                 BitmapMemoryManager::Allocate(unsigned long)
          115c20           115c20       6e     1                 BitmapMemoryManager::GetBit(FrameID) const
          115c90           115c90       74     1                 BitmapMemoryManager::MarkAllocated(FrameID, unsigned long)
          115d10           115d10       90     1                 BitmapMemoryManager::Free(FrameID, unsigned long)
          115da0           115da0       a8     1                 BitmapMemoryManager::SetBit(FrameID, bool)
          115e50           115e50       34     1                 BitmapMemoryManager::SetMemoryRange(FrameID, FrameID)
          115e90           115e90       48     1                 BitmapMemoryManager::IsAvailable(unsigned long)
          115ee0           115ee0      167     1                 InitializeMemoryManager(BitmapMemoryManager*, MemoryMap*)
          116050           116050       ce     1                 InitializeHeap(BitmapMemoryManager&)
          116120           116120       2b    16         memory_manager.o:(.text.startup)
          116120           116120       1a     1                 __cxx_global_var_init
          116140           116140        b     1                 _GLOBAL__sub_I_memory_manager.cpp
          116150           116150       16    16         memory_manager.o:(.text._ZNK7FrameID2IDEv)
          116150           116150       16     1                 FrameID::ID() const
          116170           116170       33    16         memory_manager.o:(.text._ZN5ErrorC2ENS_4CodeEPKci)
          116170           116170       33     1                 Error::Error(Error::Code, char const*, int)
          1161b0           1161b0       27    16         memory_manager.o:(.text._Z16AddressToFrameIDm)
          1161b0           1161b0       27     1                 AddressToFrameID(unsigned long)
          1161e0           1161e0       25    16         memory_manager.o:(.text._ZNKSt3__15arrayImLm524288EEixEm)
          1161e0           1161e0       25     1                 std::__1::array<unsigned long, 524288ul>::operator[](unsigned long) const
          116210           116210       25    16         memory_manager.o:(.text._ZNSt3__15arrayImLm524288EEixEm)
          116210           116210       25     1                 std::__1::array<unsigned long, 524288ul>::operator[](unsigned long)
          116240           116240       3e    16         memory_manager.o:(.text._Z11IsAvailable10MemoryType)
          116240           116240       3e     1                 IsAvailable(MemoryType)
          116280           116280      2b6    16         textbox.o:(.text)
          116280           116280       e6     1                 TextBox::print(char*, ...)
          116370           116370      1c6     1                 TextBox::showstring(char*)
          116540           116540       1e    16         textbox.o:(.text._ZNKSt3__15dequeIPcNS_9allocatorIS1_EEE4sizeEv)
          116540           116540       1e     1                 std::__1::deque<char*, std::__1::allocator<char*> >::size() const
          116560           116560       41    16         textbox.o:(.text._ZNSt3__15dequeIPcNS_9allocatorIS1_EEE5frontEv)
          116560           116560       41     1                 std::__1::deque<char*, std::__1::allocator<char*> >::front()
          1165b0           1165b0       9b    16         textbox.o:(.text._ZNSt3__15dequeIPcNS_9allocatorIS1_EEE8pop_backEv)
          1165b0           1165b0       9b     1                 std::__1::deque<char*, std::__1::allocator<char*> >::pop_back()
          116650           116650       90    16         textbox.o:(.text._ZNSt3__15dequeIPcNS_9allocatorIS1_EEE9push_backERKS1_)
          116650           116650       90     1                 std::__1::deque<char*, std::__1::allocator<char*> >::push_back(char* const&)
          1166e0           1166e0       49    16         textbox.o:(.text._ZNSt3__15dequeIPcNS_9allocatorIS1_EEEixEm)
          1166e0           1166e0       49     1                 std::__1::deque<char*, std::__1::allocator<char*> >::operator[](unsigned long)
          116730           116730       1f    16         textbox.o:(.text._ZNKSt3__112__deque_baseIPcNS_9allocatorIS1_EEE4sizeEv)
          116730           116730       1f     1                 std::__1::__deque_base<char*, std::__1::allocator<char*> >::size() const
          116750           116750       1b    16         textbox.o:(.text._ZNKSt3__117__compressed_pairImNS_9allocatorIPcEEE5firstEv)
          116750           116750       1b     1                 std::__1::__compressed_pair<unsigned long, std::__1::allocator<char*> >::first() const
          116770           116770       13    16         textbox.o:(.text._ZNKSt3__122__compressed_pair_elemImLi0ELb0EE5__getEv)
          116770           116770       13     1                 std::__1::__compressed_pair_elem<unsigned long, 0, false>::__get() const
          116790           116790       17    16         textbox.o:(.text._ZNSt3__114__split_bufferIPPcNS_9allocatorIS2_EEE5beginEv)
          116790           116790       17     1                 std::__1::__split_buffer<char**, std::__1::allocator<char**> >::begin()
          1167b0           1167b0       1f    16         textbox.o:(.text._ZNSt3__112__deque_baseIPcNS_9allocatorIS1_EEE7__allocEv)
          1167b0           1167b0       1f     1                 std::__1::__deque_base<char*, std::__1::allocator<char*> >::__alloc()
          1167d0           1167d0       1f    16         textbox.o:(.text._ZNSt3__112__deque_baseIPcNS_9allocatorIS1_EEE4sizeEv)
          1167d0           1167d0       1f     1                 std::__1::__deque_base<char*, std::__1::allocator<char*> >::size()
          1167f0           1167f0       23    16         textbox.o:(.text._ZNSt3__116allocator_traitsINS_9allocatorIPcEEE7destroyIS2_EEvRS3_PT_)
          1167f0           1167f0       23     1                 void std::__1::allocator_traits<std::__1::allocator<char*> >::destroy<char*>(std::__1::allocator<char*>&, char**)
          116820           116820       13    16         textbox.o:(.text._ZNSt3__116__to_raw_pointerIPcEEPT_S3_)
          116820           116820       13     1                 char** std::__1::__to_raw_pointer<char*>(char**)
          116840           116840       93    16         textbox.o:(.text._ZNSt3__15dequeIPcNS_9allocatorIS1_EEE25__maybe_remove_back_spareEb)
          116840           116840       93     1                 std::__1::deque<char*, std::__1::allocator<char*> >::__maybe_remove_back_spare(bool)
          1168e0           1168e0       1b    16         textbox.o:(.text._ZNSt3__117__compressed_pairImNS_9allocatorIPcEEE6secondEv)
          1168e0           1168e0       1b     1                 std::__1::__compressed_pair<unsigned long, std::__1::allocator<char*> >::second()
          116900           116900       13    16         textbox.o:(.text._ZNSt3__122__compressed_pair_elemINS_9allocatorIPcEELi1ELb1EE5__getEv)
          116900           116900       13     1                 std::__1::__compressed_pair_elem<std::__1::allocator<char*>, 1, true>::__get()
          116920           116920       1b    16         textbox.o:(.text._ZNSt3__117__compressed_pairImNS_9allocatorIPcEEE5firstEv)
          116920           116920       1b     1                 std::__1::__compressed_pair<unsigned long, std::__1::allocator<char*> >::first()
          116940           116940       13    16         textbox.o:(.text._ZNSt3__122__compressed_pair_elemImLi0ELb0EE5__getEv)
          116940           116940       13     1                 std::__1::__compressed_pair_elem<unsigned long, 0, false>::__get()
          116960           116960       23    16         textbox.o:(.text._ZNSt3__116allocator_traitsINS_9allocatorIPcEEE9__destroyIS2_EEvNS_17integral_constantIbLb1EEERS3_PT_)
          116960           116960       23     1                 void std::__1::allocator_traits<std::__1::allocator<char*> >::__destroy<char*>(std::__1::integral_constant<bool, true>, std::__1::allocator<char*>&, char**)
          116990           116990       16    16         textbox.o:(.text._ZNSt3__19allocatorIPcE7destroyEPS1_)
          116990           116990       16     1                 std::__1::allocator<char*>::destroy(char**)
          1169b0           1169b0       1f    16         textbox.o:(.text._ZNKSt3__15dequeIPcNS_9allocatorIS1_EEE19__back_spare_blocksEv)
          1169b0           1169b0       1f     1                 std::__1::deque<char*, std::__1::allocator<char*> >::__back_spare_blocks() const
          1169d0           1169d0       2b    16         textbox.o:(.text._ZNSt3__116allocator_traitsINS_9allocatorIPcEEE10deallocateERS3_PS2_m)
          1169d0           1169d0       2b     1                 std::__1::allocator_traits<std::__1::allocator<char*> >::deallocate(std::__1::allocator<char*>&, char**, unsigned long)
          116a00           116a00       1b    16         textbox.o:(.text._ZNSt3__114__split_bufferIPPcNS_9allocatorIS2_EEE4backEv)
          116a00           116a00       1b     1                 std::__1::__split_buffer<char**, std::__1::allocator<char**> >::back()
          116a20           116a20       23    16         textbox.o:(.text._ZNSt3__114__split_bufferIPPcNS_9allocatorIS2_EEE8pop_backEv)
          116a20           116a20       23     1                 std::__1::__split_buffer<char**, std::__1::allocator<char**> >::pop_back()
          116a50           116a50       45    16         textbox.o:(.text._ZNKSt3__15dequeIPcNS_9allocatorIS1_EEE12__back_spareEv)
          116a50           116a50       45     1                 std::__1::deque<char*, std::__1::allocator<char*> >::__back_spare() const
          116aa0           116aa0       4d    16         textbox.o:(.text._ZNKSt3__15dequeIPcNS_9allocatorIS1_EEE10__capacityEv)
          116aa0           116aa0       4d     1                 std::__1::deque<char*, std::__1::allocator<char*> >::__capacity() const
          116af0           116af0       22    16         textbox.o:(.text._ZNKSt3__114__split_bufferIPPcNS_9allocatorIS2_EEE4sizeEv)
          116af0           116af0       22     1                 std::__1::__split_buffer<char**, std::__1::allocator<char**> >::size() const
          116b20           116b20       3d    16         textbox.o:(.text._ZNSt3__19allocatorIPcE10deallocateEPS1_m)
          116b20           116b20       3d     1                 std::__1::allocator<char*>::deallocate(char**, unsigned long)
          116b60           116b60       2b    16         textbox.o:(.text._ZNSt3__119__libcpp_deallocateEPvmm)
          116b60           116b60       2b     1                 std::__1::__libcpp_deallocate(void*, unsigned long, unsigned long)
          116b90           116b90        b    16         textbox.o:(.text.__clang_call_terminate)
          116b90           116b90        b     1                 __clang_call_terminate
          116ba0           116ba0       5b    16         textbox.o:(.text._ZNSt3__117_DeallocateCaller33__do_deallocate_handle_size_alignEPvmm)
          116ba0           116ba0       5b     1                 std::__1::_DeallocateCaller::__do_deallocate_handle_size_align(void*, unsigned long, unsigned long)
          116c00           116c00       1c    16         textbox.o:(.text._ZNSt3__124__is_overaligned_for_newEm)
          116c00           116c00       1c     1                 std::__1::__is_overaligned_for_new(unsigned long)
          116c20           116c20       27    16         textbox.o:(.text._ZNSt3__117_DeallocateCaller27__do_deallocate_handle_sizeEPvmSt11align_val_t)
          116c20           116c20       27     1                 std::__1::_DeallocateCaller::__do_deallocate_handle_size(void*, unsigned long, std::align_val_t)
          116c50           116c50       1f    16         textbox.o:(.text._ZNSt3__117_DeallocateCaller27__do_deallocate_handle_sizeEPvm)
          116c50           116c50       1f     1                 std::__1::_DeallocateCaller::__do_deallocate_handle_size(void*, unsigned long)
          116c70           116c70       23    16         textbox.o:(.text._ZNSt3__117_DeallocateCaller9__do_callISt11align_val_tEEvPvT_)
          116c70           116c70       23     1                 void std::__1::_DeallocateCaller::__do_call<std::align_val_t>(void*, std::align_val_t)
          116ca0           116ca0       1b    16         textbox.o:(.text._ZNSt3__117_DeallocateCaller9__do_callEPv)
          116ca0           116ca0       1b     1                 std::__1::_DeallocateCaller::__do_call(void*)
          116cc0           116cc0       23    16         textbox.o:(.text._ZNSt3__114__split_bufferIPPcNS_9allocatorIS2_EEE17__destruct_at_endEPS2_)
          116cc0           116cc0       23     1                 std::__1::__split_buffer<char**, std::__1::allocator<char**> >::__destruct_at_end(char***)
          116cf0           116cf0       73    16         textbox.o:(.text._ZNSt3__114__split_bufferIPPcNS_9allocatorIS2_EEE17__destruct_at_endEPS2_NS_17integral_constantIbLb0EEE)
          116cf0           116cf0       73     1                 std::__1::__split_buffer<char**, std::__1::allocator<char**> >::__destruct_at_end(char***, std::__1::integral_constant<bool, false>)
          116d70           116d70       23    16         textbox.o:(.text._ZNSt3__116allocator_traitsINS_9allocatorIPPcEEE7destroyIS3_EEvRS4_PT_)
          116d70           116d70       23     1                 void std::__1::allocator_traits<std::__1::allocator<char**> >::destroy<char**>(std::__1::allocator<char**>&, char***)
          116da0           116da0       1f    16         textbox.o:(.text._ZNSt3__114__split_bufferIPPcNS_9allocatorIS2_EEE7__allocEv)
          116da0           116da0       1f     1                 std::__1::__split_buffer<char**, std::__1::allocator<char**> >::__alloc()
          116dc0           116dc0       13    16         textbox.o:(.text._ZNSt3__116__to_raw_pointerIPPcEEPT_S4_)
          116dc0           116dc0       13     1                 char*** std::__1::__to_raw_pointer<char**>(char***)
          116de0           116de0       23    16         textbox.o:(.text._ZNSt3__116allocator_traitsINS_9allocatorIPPcEEE9__destroyIS3_EEvNS_17integral_constantIbLb1EEERS4_PT_)
          116de0           116de0       23     1                 void std::__1::allocator_traits<std::__1::allocator<char**> >::__destroy<char**>(std::__1::integral_constant<bool, true>, std::__1::allocator<char**>&, char***)
          116e10           116e10       16    16         textbox.o:(.text._ZNSt3__19allocatorIPPcE7destroyEPS2_)
          116e10           116e10       16     1                 std::__1::allocator<char**>::destroy(char***)
          116e30           116e30       1b    16         textbox.o:(.text._ZNSt3__117__compressed_pairIPPPcNS_9allocatorIS2_EEE6secondEv)
          116e30           116e30       1b     1                 std::__1::__compressed_pair<char***, std::__1::allocator<char**> >::second()
          116e50           116e50       13    16         textbox.o:(.text._ZNSt3__122__compressed_pair_elemINS_9allocatorIPPcEELi1ELb1EE5__getEv)
          116e50           116e50       13     1                 std::__1::__compressed_pair_elem<std::__1::allocator<char**>, 1, true>::__get()
          116e70           116e70      394    16         textbox.o:(.text._ZNSt3__15dequeIPcNS_9allocatorIS1_EEE19__add_back_capacityEv)
          116e70           116e70      394     1                 std::__1::deque<char*, std::__1::allocator<char*> >::__add_back_capacity()
          117210           117210       43    16         textbox.o:(.text._ZNSt3__116allocator_traitsINS_9allocatorIPcEEE9constructIS2_JRKS2_EEEvRS3_PT_DpOT0_)
          117210           117210       43     1                 void std::__1::allocator_traits<std::__1::allocator<char*> >::construct<char*, char* const&>(std::__1::allocator<char*>&, char**, char* const&)
          117260           117260       13    16         textbox.o:(.text._ZNSt3__19addressofIPcEEPT_RS2_)
          117260           117260       13     1                 char** std::__1::addressof<char*>(char*&)
          117280           117280       b8    16         textbox.o:(.text._ZNSt3__112__deque_baseIPcNS_9allocatorIS1_EEE3endEv)
          117280           117280       b8     1                 std::__1::__deque_base<char*, std::__1::allocator<char*> >::end()
          117340           117340       17    16         textbox.o:(.text._ZNKSt3__116__deque_iteratorIPcPS1_RS1_PS2_lLl512EEdeEv)
          117340           117340       17     1                 std::__1::__deque_iterator<char*, char**, char*&, char***, long, 512l>::operator*() const
          117360           117360       17    16         textbox.o:(.text._ZNKSt3__15dequeIPcNS_9allocatorIS1_EEE13__front_spareEv)
          117360           117360       17     1                 std::__1::deque<char*, std::__1::allocator<char*> >::__front_spare() const
          117380           117380       17    16         textbox.o:(.text._ZNSt3__114__split_bufferIPPcNS_9allocatorIS2_EEE5frontEv)
          117380           117380       17     1                 std::__1::__split_buffer<char**, std::__1::allocator<char**> >::front()
          1173a0           1173a0       23    16         textbox.o:(.text._ZNSt3__114__split_bufferIPPcNS_9allocatorIS2_EEE9pop_frontEv)
          1173a0           1173a0       23     1                 std::__1::__split_buffer<char**, std::__1::allocator<char**> >::pop_front()
          1173d0           1173d0      28b    16         textbox.o:(.text._ZNSt3__114__split_bufferIPPcNS_9allocatorIS2_EEE9push_backERKS2_)
          1173d0           1173d0      28b     1                 std::__1::__split_buffer<char**, std::__1::allocator<char**> >::push_back(char** const&)
          117660           117660       30    16         textbox.o:(.text._ZNKSt3__114__split_bufferIPPcNS_9allocatorIS2_EEE8capacityEv)
          117660           117660       30     1                 std::__1::__split_buffer<char**, std::__1::allocator<char**> >::capacity() const
          117690           117690       31    16         textbox.o:(.text._ZNKSt3__114__split_bufferIPPcNS_9allocatorIS2_EEE12__back_spareEv)
          117690           117690       31     1                 std::__1::__split_buffer<char**, std::__1::allocator<char**> >::__back_spare() const
          1176d0           1176d0      29e    16         textbox.o:(.text._ZNSt3__114__split_bufferIPPcNS_9allocatorIS2_EEE9push_backEOS2_)
          1176d0           1176d0      29e     1                 std::__1::__split_buffer<char**, std::__1::allocator<char**> >::push_back(char**&&)
          117970           117970       27    16         textbox.o:(.text._ZNSt3__116allocator_traitsINS_9allocatorIPcEEE8allocateERS3_m)
          117970           117970       27     1                 std::__1::allocator_traits<std::__1::allocator<char*> >::allocate(std::__1::allocator<char*>&, unsigned long)
          1179a0           1179a0      278    16         textbox.o:(.text._ZNSt3__114__split_bufferIPPcNS_9allocatorIS2_EEE10push_frontEOS2_)
          1179a0           1179a0      278     1                 std::__1::__split_buffer<char**, std::__1::allocator<char**> >::push_front(char**&&)
          117c20           117c20       23    16         textbox.o:(.text._ZNSt3__13maxImEERKT_S3_S3_)
          117c20           117c20       23     1                 unsigned long const& std::__1::max<unsigned long>(unsigned long const&, unsigned long const&)
          117c50           117c50       b2    16         textbox.o:(.text._ZNSt3__114__split_bufferIPPcRNS_9allocatorIS2_EEEC2EmmS5_)
          117c50           117c50       b2     1                 std::__1::__split_buffer<char**, std::__1::allocator<char**>&>::__split_buffer(unsigned long, unsigned long, std::__1::allocator<char**>&)
          117d10           117d10       2d    16         textbox.o:(.text._ZNSt3__122__allocator_destructorINS_9allocatorIPcEEEC2ERS3_m)
          117d10           117d10       2d     1                 std::__1::__allocator_destructor<std::__1::allocator<char*> >::__allocator_destructor(std::__1::allocator<char*>&, unsigned long)
          117d40           117d40       48    16         textbox.o:(.text._ZNSt3__110unique_ptrIPPcNS_22__allocator_destructorINS_9allocatorIS1_EEEEEC2ILb1EvEES2_NS_16__dependent_typeINS_27__unique_ptr_deleter_sfinaeIS6_EEXT_EE20__good_rval_ref_typeE)
          117d40           117d40       48     1                 std::__1::unique_ptr<char**, std::__1::__allocator_destructor<std::__1::allocator<char*> > >::unique_ptr<true, void>(char**, std::__1::__dependent_type<std::__1::__unique_ptr_deleter_sfinae<std::__1::__allocator_destructor<std::__1::allocator<char*> > >, true>::__good_rval_ref_type)
          117d90           117d90      29e    16         textbox.o:(.text._ZNSt3__114__split_bufferIPPcRNS_9allocatorIS2_EEE9push_backEOS2_)
          117d90           117d90      29e     1                 std::__1::__split_buffer<char**, std::__1::allocator<char**>&>::push_back(char**&&)
          118030           118030       1e    16         textbox.o:(.text._ZNKSt3__110unique_ptrIPPcNS_22__allocator_destructorINS_9allocatorIS1_EEEEE3getEv)
          118030           118030       1e     1                 std::__1::unique_ptr<char**, std::__1::__allocator_destructor<std::__1::allocator<char*> > >::get() const
          118050           118050       3a    16         textbox.o:(.text._ZNSt3__110unique_ptrIPPcNS_22__allocator_destructorINS_9allocatorIS1_EEEEE7releaseEv)
          118050           118050       3a     1                 std::__1::unique_ptr<char**, std::__1::__allocator_destructor<std::__1::allocator<char*> > >::release()
          118090           118090       17    16         textbox.o:(.text._ZNSt3__114__split_bufferIPPcNS_9allocatorIS2_EEE3endEv)
          118090           118090       17     1                 std::__1::__split_buffer<char**, std::__1::allocator<char**> >::end()
          1180b0           1180b0      265    16         textbox.o:(.text._ZNSt3__114__split_bufferIPPcRNS_9allocatorIS2_EEE10push_frontERKS2_)
          1180b0           1180b0      265     1                 std::__1::__split_buffer<char**, std::__1::allocator<char**>&>::push_front(char** const&)
          118320           118320       4c    16         textbox.o:(.text._ZNSt3__14swapIPPPcEENS_9enable_ifIXaasr21is_move_constructibleIT_EE5valuesr18is_move_assignableIS5_EE5valueEvE4typeERS5_S8_)
          118320           118320       4c     1                 std::__1::enable_if<(is_move_constructible<char***>::value) && (is_move_assignable<char***>::value), void>::type std::__1::swap<char***>(char***&, char***&)
          118370           118370       1f    16         textbox.o:(.text._ZNSt3__114__split_bufferIPPcNS_9allocatorIS2_EEE9__end_capEv)
          118370           118370       1f     1                 std::__1::__split_buffer<char**, std::__1::allocator<char**> >::__end_cap()
          118390           118390       1f    16         textbox.o:(.text._ZNSt3__114__split_bufferIPPcRNS_9allocatorIS2_EEE9__end_capEv)
          118390           118390       1f     1                 std::__1::__split_buffer<char**, std::__1::allocator<char**>&>::__end_cap()
          1183b0           1183b0       1f    16         textbox.o:(.text._ZNSt3__110unique_ptrIPPcNS_22__allocator_destructorINS_9allocatorIS1_EEEEED2Ev)
          1183b0           1183b0       1f     1                 std::__1::unique_ptr<char**, std::__1::__allocator_destructor<std::__1::allocator<char*> > >::~unique_ptr()
          1183d0           1183d0       6c    16         textbox.o:(.text._ZNSt3__114__split_bufferIPPcRNS_9allocatorIS2_EEED2Ev)
          1183d0           1183d0       6c     1                 std::__1::__split_buffer<char**, std::__1::allocator<char**>&>::~__split_buffer()
          118440           118440       23    16         textbox.o:(.text._ZNSt3__114__split_bufferIPPcNS_9allocatorIS2_EEE19__destruct_at_beginEPS2_)
          118440           118440       23     1                 std::__1::__split_buffer<char**, std::__1::allocator<char**> >::__destruct_at_begin(char***)
          118470           118470       22    16         textbox.o:(.text._ZNSt3__114__split_bufferIPPcNS_9allocatorIS2_EEE19__destruct_at_beginEPS2_NS_17integral_constantIbLb1EEE)
          118470           118470       22     1                 std::__1::__split_buffer<char**, std::__1::allocator<char**> >::__destruct_at_begin(char***, std::__1::integral_constant<bool, true>)
          1184a0           1184a0       4d    16         textbox.o:(.text._ZNSt3__14moveIPPPcS3_EET0_T_S5_S4_)
          1184a0           1184a0       4d     1                 char*** std::__1::move<char***, char***>(char***, char***, char***)
          1184f0           1184f0       fd    16         textbox.o:(.text._ZNSt3__114__split_bufferIPPcRNS_9allocatorIS2_EEE18__construct_at_endINS_13move_iteratorIPS2_EEEENS_9enable_ifIXsr21__is_forward_iteratorIT_EE5valueEvE4typeESC_SC_)
          1184f0           1184f0       fd     1                 std::__1::enable_if<__is_forward_iterator<std::__1::move_iterator<char***> >::value, void>::type std::__1::__split_buffer<char**, std::__1::allocator<char**>&>::__construct_at_end<std::__1::move_iterator<char***> >(std::__1::move_iterator<char***>, std::__1::move_iterator<char***>)
          1185f0           1185f0       21    16         textbox.o:(.text._ZNSt3__113move_iteratorIPPPcEC2ES3_)
          1185f0           1185f0       21     1                 std::__1::move_iterator<char***>::move_iterator(char***)
          118620           118620       43    16         textbox.o:(.text._ZNSt3__116allocator_traitsINS_9allocatorIPPcEEE9constructIS3_JRKS3_EEEvRS4_PT_DpOT0_)
          118620           118620       43     1                 void std::__1::allocator_traits<std::__1::allocator<char**> >::construct<char**, char** const&>(std::__1::allocator<char**>&, char***, char** const&)
          118670           118670       5c    16         textbox.o:(.text._ZNSt3__16__moveIPPcS2_EENS_9enable_ifIXaasr7is_sameINS_12remove_constIT_E4typeET0_EE5valuesr28is_trivially_copy_assignableIS8_EE5valueEPS8_E4typeEPS5_SC_S9_)
          118670           118670       5c     1                 std::__1::enable_if<(is_same<std::__1::remove_const<char**>::type, char**>::value) && (is_trivially_copy_assignable<char**>::value), char***>::type std::__1::__move<char**, char**>(char***, char***, char***)
          1186d0           1186d0       13    16         textbox.o:(.text._ZNSt3__113__unwrap_iterIPPPcEET_S4_)
          1186d0           1186d0       13     1                 char*** std::__1::__unwrap_iter<char***>(char***)
          1186f0           1186f0       33    16         textbox.o:(.text._ZNSt3__18distanceINS_13move_iteratorIPPPcEEEENS_15iterator_traitsIT_E15difference_typeES7_S7_)
          1186f0           1186f0       33     1                 std::__1::iterator_traits<std::__1::move_iterator<char***> >::difference_type std::__1::distance<std::__1::move_iterator<char***> >(std::__1::move_iterator<char***>, std::__1::move_iterator<char***>)
          118730           118730       46    16         textbox.o:(.text._ZNSt3__114__split_bufferIPPcRNS_9allocatorIS2_EEE21_ConstructTransactionC2EPPS2_m)
          118730           118730       46     1                 std::__1::__split_buffer<char**, std::__1::allocator<char**>&>::_ConstructTransaction::_ConstructTransaction(char****, unsigned long)
          118780           118780       43    16         textbox.o:(.text._ZNSt3__116allocator_traitsINS_9allocatorIPPcEEE9constructIS3_JS3_EEEvRS4_PT_DpOT0_)
          118780           118780       43     1                 void std::__1::allocator_traits<std::__1::allocator<char**> >::construct<char**, char**>(std::__1::allocator<char**>&, char***, char**&&)
          1187d0           1187d0       1f    16         textbox.o:(.text._ZNSt3__114__split_bufferIPPcRNS_9allocatorIS2_EEE7__allocEv)
          1187d0           1187d0       1f     1                 std::__1::__split_buffer<char**, std::__1::allocator<char**>&>::__alloc()
          1187f0           1187f0       16    16         textbox.o:(.text._ZNKSt3__113move_iteratorIPPPcEdeEv)
          1187f0           1187f0       16     1                 std::__1::move_iterator<char***>::operator*() const
          118810           118810       1d    16         textbox.o:(.text._ZNSt3__113move_iteratorIPPPcEppEv)
          118810           118810       1d     1                 std::__1::move_iterator<char***>::operator++()
          118830           118830       1d    16         textbox.o:(.text._ZNSt3__114__split_bufferIPPcRNS_9allocatorIS2_EEE21_ConstructTransactionD2Ev)
          118830           118830       1d     1                 std::__1::__split_buffer<char**, std::__1::allocator<char**>&>::_ConstructTransaction::~_ConstructTransaction()
          118850           118850       23    16         textbox.o:(.text._ZNSt3__110__distanceINS_13move_iteratorIPPPcEEEENS_15iterator_traitsIT_E15difference_typeES7_S7_NS_26random_access_iterator_tagE)
          118850           118850       23     1                 std::__1::iterator_traits<std::__1::move_iterator<char***> >::difference_type std::__1::__distance<std::__1::move_iterator<char***> >(std::__1::move_iterator<char***>, std::__1::move_iterator<char***>, std::__1::random_access_iterator_tag)
          118880           118880       3a    16         textbox.o:(.text._ZNSt3__1miIPPPcS3_EEDTmicldtfp_4baseEcldtfp0_4baseEERKNS_13move_iteratorIT_EERKNS5_IT0_EE)
          118880           118880       3a     1                 decltype((fp.base()) - (fp0.base())) std::__1::operator-<char***, char***>(std::__1::move_iterator<char***> const&, std::__1::move_iterator<char***> const&)
          1188c0           1188c0       16    16         textbox.o:(.text._ZNKSt3__113move_iteratorIPPPcE4baseEv)
[...]
               0                0     a5db     1         <internal>:(.debug_str)
               0                0      a50     1 .debug_addr
               0                0       a0     1         kernel.o:(.debug_addr)
              a0               a0      110     1         frame.o:(.debug_addr)
             1b0              1b0       c0     1         pci.o:(.debug_addr)
             270              270       28     1         memory_map.o:(.debug_addr)
             298              298       30     1         segment.o:(.debug_addr)
             2c8              2c8       80     1         interrupt.o:(.debug_addr)
             348              348       50     1         paging.o:(.debug_addr)
             398              398       20     1         keyboard.o:(.debug_addr)
             3b8              3b8       40     1         input.o:(.debug_addr)
             3f8              3f8       40     1         command.o:(.debug_addr)
             438              438       e8     1         memory_manager.o:(.debug_addr)
             520              520      530     1         textbox.o:(.debug_addr)
               0                0       6b     1 .comment
               0                0       6b     1         <internal>:(.comment)
               0                0     f308     1 .debug_line
               0                0      2f6     1         kernel.o:(.debug_line)
             2f6              2f6       a0     1         ../lib/libc.a(libc_a-malloc.o):(.debug_line)
             396              396       56     1         ../lib/libc.a(libc_a-impure.o):(.debug_line)
             3ec              3ec      415     1         ../lib/libc.a(libc_a-findfp.o):(.debug_line)
             801              801      15c     1         ../lib/libc.a(libc_a-fclose.o):(.debug_line)
             95d              95d      38b     1         ../lib/libc.a(libc_a-fflush.o):(.debug_line)
             ce8              ce8      460     1         ../lib/libc.a(libc_a-freer.o):(.debug_line)
            1148             1148       74     1         ../lib/libc.a(libc_a-mlock.o):(.debug_line)
            11bc             11bc      76f     1         ../lib/libc.a(libc_a-mallocr.o):(.debug_line)
            192b             192b       a9     1         ../lib/libc.a(libc_a-sbrkr.o):(.debug_line)
            19d4             19d4      11b     1         ../lib/libc.a(libc_a-reent.o):(.debug_line)
            1aef             1aef       df     1         ../lib/libc.a(libc_a-fwalk.o):(.debug_line)
            1bce             1bce       82     1         ../lib/libc.a(libc_a-memset.o):(.debug_line)
            1c50             1c50      15f     1         ../lib/libc.a(libc_a-stdio.o):(.debug_line)
            1daf             1daf       b4     1         ../lib/libc.a(libc_a-readr.o):(.debug_line)
            1e63             1e63       b4     1         ../lib/libc.a(libc_a-writer.o):(.debug_line)
            1f17             1f17       b6     1         ../lib/libc.a(libc_a-lseekr.o):(.debug_line)
            1fcd             1fcd       ad     1         ../lib/libc.a(libc_a-closer.o):(.debug_line)
            207a             207a      747     1         frame.o:(.debug_line)
            27c1             27c1       cf     1         ../lib/libc.a(libc_a-strcpy.o):(.debug_line)
            2890             2890       a7     1         ../lib/libc.a(libc_a-strcat.o):(.debug_line)
            2937             2937       bc     1         ../lib/libc.a(libc_a-strlen.o):(.debug_line)
            29f3             29f3      117     1         ../lib/libc.a(libc_a-vsprintf.o):(.debug_line)
            2b0a             2b0a     1746     1         ../lib/libc.a(libc_a-svfprintf.o):(.debug_line)
            4250             4250       a7     1         ../lib/libc.a(libc_a-localeconv.o):(.debug_line)
            42f7             42f7      161     1         ../lib/libc.a(libc_a-locale.o):(.debug_line)
            4458             4458       d7     1         ../lib/libc.a(libc_a-strcmp.o):(.debug_line)
            452f             452f       d9     1         ../lib/libc.a(libc_a-wctomb_r.o):(.debug_line)
            4608             4608       db     1         ../lib/libc.a(libc_a-mbtowc_r.o):(.debug_line)
            46e3             46e3       d2     1         ../lib/libc.a(libc_a-stack_protector.o):(.debug_line)
            47b5             47b5      581     1         ../lib/libc.a(libc_a-signal.o):(.debug_line)
            4d36             4d36       c6     1         ../lib/libc.a(libc_a-signalr.o):(.debug_line)
            4dfc             4dfc       48     1         ../lib/libc.a(libc_a-ctype_.o):(.debug_line)
            4e44             4e44      dfa     1         ../lib/libc.a(libc_a-svfiprintf.o):(.debug_line)
            5c3e             5c3e      15e     1         ../lib/libc.a(libc_a-memmove.o):(.debug_line)
            5d9c             5d9c       97     1         ../lib/libc.a(libc_a-memcpy.o):(.debug_line)
            5e33             5e33      634     1         ../lib/libc.a(libc_a-reallocr.o):(.debug_line)
            6467             6467      12d     1         ../lib/libc.a(libc_a-memchr.o):(.debug_line)
            6594             6594     1380     1         ../lib/libc.a(libc_a-dtoa.o):(.debug_line)
            7914             7914     158c     1         ../lib/libc.a(libc_a-mprec.o):(.debug_line)
            8ea0             8ea0      177     1         ../lib/libc.a(libc_a-callocr.o):(.debug_line)
            9017             9017       72     1         ../lib/libc.a(libc_a-errno.o):(.debug_line)
            9089             9089       bc     1         ../lib/libc.a(libc_a-assert.o):(.debug_line)
            9145             9145       d8     1         ../lib/libc.a(libc_a-fiprintf.o):(.debug_line)
            921d             921d     107c     1         ../lib/libc.a(libc_a-vfiprintf.o):(.debug_line)
            a299             a299      21f     1         ../lib/libc.a(libc_a-fputwc.o):(.debug_line)
            a4b8             a4b8      151     1         ../lib/libc.a(libc_a-wcrtomb.o):(.debug_line)
            a609             a609      1d2     1         ../lib/libc.a(libc_a-wbuf.o):(.debug_line)
            a7db             a7db      20d     1         ../lib/libc.a(libc_a-wsetup.o):(.debug_line)
            a9e8             a9e8      22d     1         ../lib/libc.a(libc_a-makebuf.o):(.debug_line)
            ac15             ac15       c6     1         ../lib/libc.a(libc_a-fstatr.o):(.debug_line)
            acdb             acdb       ad     1         ../lib/libc.a(libc_a-isattyr.o):(.debug_line)
            ad88             ad88      535     1         ../lib/libc.a(libc_a-fvwrite.o):(.debug_line)
            b2bd             b2bd       72     1         ../lib/libc.a(libc_a-abort.o):(.debug_line)
            b32f             b32f      12b     1         ../lib/libc.a(libc_a-sprintf.o):(.debug_line)
            b45a             b45a      428     1         pci.o:(.debug_line)
            b882             b882      14d     1         memory_map.o:(.debug_line)
            b9cf             b9cf      12e     1         newlib.o:(.debug_line)
            bafd             bafd      1db     1         segment.o:(.debug_line)
            bcd8             bcd8      343     1         interrupt.o:(.debug_line)
            c01b             c01b      173     1         paging.o:(.debug_line)
            c18e             c18e       7e     1         keyboard.o:(.debug_line)
            c20c             c20c      1f5     1         input.o:(.debug_line)
            c401             c401      1e2     1         command.o:(.debug_line)
            c5e3             c5e3      2e4     1         ../lib/libc.a(libc_a-strtol.o):(.debug_line)
            c8c7             c8c7      5b2     1         memory_manager.o:(.debug_line)
            ce79             ce79     205e     1         textbox.o:(.debug_line)
            eed7             eed7      23a     1         ../lib/libc.a(libc_a-vsnprintf.o):(.debug_line)
            f111             f111      1f7     1         ../lib/libc.a(libc_a-fwrite.o):(.debug_line)
               0                0      f5c     1 .debug_line_str
               0                0      f5c     1         <internal>:(.debug_line_str)
               0                0     e002     1 .debug_loclists
               0                0       3e     1         ../lib/libc.a(libc_a-malloc.o):(.debug_loclists)
              3e               3e      1d2     1         ../lib/libc.a(libc_a-findfp.o):(.debug_loclists)
             210              210      112     1         ../lib/libc.a(libc_a-fclose.o):(.debug_loclists)
             322              322      2bb     1         ../lib/libc.a(libc_a-fflush.o):(.debug_loclists)
             5dd              5dd      4c7     1         ../lib/libc.a(libc_a-freer.o):(.debug_loclists)
             aa4              aa4      9aa     1         ../lib/libc.a(libc_a-mallocr.o):(.debug_loclists)
            144e             144e       50     1         ../lib/libc.a(libc_a-sbrkr.o):(.debug_loclists)
            149e             149e       8c     1         ../lib/libc.a(libc_a-reent.o):(.debug_loclists)
            152a             152a       94     1         ../lib/libc.a(libc_a-fwalk.o):(.debug_loclists)
            15be             15be      256     1         ../lib/libc.a(libc_a-stdio.o):(.debug_loclists)
            1814             1814       82     1         ../lib/libc.a(libc_a-readr.o):(.debug_loclists)
            1896             1896       82     1         ../lib/libc.a(libc_a-writer.o):(.debug_loclists)
            1918             1918       82     1         ../lib/libc.a(libc_a-lseekr.o):(.debug_loclists)
            199a             199a       50     1         ../lib/libc.a(libc_a-closer.o):(.debug_loclists)
            19ea             19ea       3c     1         frame.o:(.debug_loclists)
            1a26             1a26       d1     1         ../lib/libc.a(libc_a-strcpy.o):(.debug_loclists)
            1af7             1af7       52     1         ../lib/libc.a(libc_a-strcat.o):(.debug_loclists)
            1b49             1b49       39     1         ../lib/libc.a(libc_a-strlen.o):(.debug_loclists)
            1b82             1b82      118     1         ../lib/libc.a(libc_a-vsprintf.o):(.debug_loclists)
            1c9a             1c9a     1fce     1         ../lib/libc.a(libc_a-svfprintf.o):(.debug_loclists)
            3c68             3c68       1e     1         ../lib/libc.a(libc_a-localeconv.o):(.debug_loclists)
            3c86             3c86      189     1         ../lib/libc.a(libc_a-locale.o):(.debug_loclists)
            3e0f             3e0f       60     1         ../lib/libc.a(libc_a-strcmp.o):(.debug_loclists)
            3e6f             3e6f       5c     1         ../lib/libc.a(libc_a-wctomb_r.o):(.debug_loclists)
            3ecb             3ecb      107     1         ../lib/libc.a(libc_a-mbtowc_r.o):(.debug_loclists)
            3fd2             3fd2      813     1         ../lib/libc.a(libc_a-signal.o):(.debug_loclists)
            47e5             47e5       7b     1         ../lib/libc.a(libc_a-signalr.o):(.debug_loclists)
            4860             4860      ffd     1         ../lib/libc.a(libc_a-svfiprintf.o):(.debug_loclists)
            585d             585d      3ae     1         ../lib/libc.a(libc_a-memmove.o):(.debug_loclists)
            5c0b             5c0b      b7b     1         ../lib/libc.a(libc_a-reallocr.o):(.debug_loclists)
            6786             6786      154     1         ../lib/libc.a(libc_a-memchr.o):(.debug_loclists)
            68da             68da     23c9     1         ../lib/libc.a(libc_a-dtoa.o):(.debug_loclists)
            8ca3             8ca3     1900     1         ../lib/libc.a(libc_a-mprec.o):(.debug_loclists)
            a5a3             a5a3      190     1         ../lib/libc.a(libc_a-callocr.o):(.debug_loclists)
            a733             a733       d3     1         ../lib/libc.a(libc_a-assert.o):(.debug_loclists)
            a806             a806       9d     1         ../lib/libc.a(libc_a-fiprintf.o):(.debug_loclists)
            a8a3             a8a3     1b20     1         ../lib/libc.a(libc_a-vfiprintf.o):(.debug_loclists)
            c3c3             c3c3      1e7     1         ../lib/libc.a(libc_a-fputwc.o):(.debug_loclists)
            c5aa             c5aa      184     1         ../lib/libc.a(libc_a-wcrtomb.o):(.debug_loclists)
            c72e             c72e      131     1         ../lib/libc.a(libc_a-wbuf.o):(.debug_loclists)
            c85f             c85f       5f     1         ../lib/libc.a(libc_a-wsetup.o):(.debug_loclists)
            c8be             c8be      217     1         ../lib/libc.a(libc_a-makebuf.o):(.debug_loclists)
            cad5             cad5       69     1         ../lib/libc.a(libc_a-fstatr.o):(.debug_loclists)
            cb3e             cb3e       50     1         ../lib/libc.a(libc_a-isattyr.o):(.debug_loclists)
            cb8e             cb8e      548     1         ../lib/libc.a(libc_a-fvwrite.o):(.debug_loclists)
            d0d6             d0d6       b3     1         ../lib/libc.a(libc_a-sprintf.o):(.debug_loclists)
            d189             d189      766     1         ../lib/libc.a(libc_a-strtol.o):(.debug_loclists)
            d8ef             d8ef      39a     1         ../lib/libc.a(libc_a-vsnprintf.o):(.debug_loclists)
            dc89             dc89      379     1         ../lib/libc.a(libc_a-fwrite.o):(.debug_loclists)
               0                0      aa0    16 .debug_aranges
               0                0       30     1         ../lib/libc.a(libc_a-malloc.o):(.debug_aranges)
              30               30       20     1         ../lib/libc.a(libc_a-impure.o):(.debug_aranges)
              50               50       30     1         ../lib/libc.a(libc_a-findfp.o):(.debug_aranges)
              80               80       30     1         ../lib/libc.a(libc_a-fclose.o):(.debug_aranges)
              b0               b0       30     1         ../lib/libc.a(libc_a-fflush.o):(.debug_aranges)
              e0               e0       30     1         ../lib/libc.a(libc_a-freer.o):(.debug_aranges)
             110              110       30     1         ../lib/libc.a(libc_a-mlock.o):(.debug_aranges)
             140              140       30     1         ../lib/libc.a(libc_a-mallocr.o):(.debug_aranges)
             170              170       30     1         ../lib/libc.a(libc_a-sbrkr.o):(.debug_aranges)
             1a0              1a0       30     1         ../lib/libc.a(libc_a-reent.o):(.debug_aranges)
             1d0              1d0       30     1         ../lib/libc.a(libc_a-fwalk.o):(.debug_aranges)
             200              200       30    16         ../lib/libc.a(libc_a-memset.o):(.debug_aranges)
             230              230       30     1         ../lib/libc.a(libc_a-stdio.o):(.debug_aranges)
             260              260       30     1         ../lib/libc.a(libc_a-readr.o):(.debug_aranges)
             290              290       30     1         ../lib/libc.a(libc_a-writer.o):(.debug_aranges)
             2c0              2c0       30     1         ../lib/libc.a(libc_a-lseekr.o):(.debug_aranges)
             2f0              2f0       30     1         ../lib/libc.a(libc_a-closer.o):(.debug_aranges)
             320              320       30     1         ../lib/libc.a(libc_a-strcpy.o):(.debug_aranges)
             350              350       30     1         ../lib/libc.a(libc_a-strcat.o):(.debug_aranges)
             380              380       30     1         ../lib/libc.a(libc_a-strlen.o):(.debug_aranges)
             3b0              3b0       30     1         ../lib/libc.a(libc_a-vsprintf.o):(.debug_aranges)
             3e0              3e0       30     1         ../lib/libc.a(libc_a-svfprintf.o):(.debug_aranges)
             410              410       30     1         ../lib/libc.a(libc_a-localeconv.o):(.debug_aranges)
             440              440       30     1         ../lib/libc.a(libc_a-locale.o):(.debug_aranges)
             470              470       30     1         ../lib/libc.a(libc_a-strcmp.o):(.debug_aranges)
             4a0              4a0       30     1         ../lib/libc.a(libc_a-wctomb_r.o):(.debug_aranges)
             4d0              4d0       30     1         ../lib/libc.a(libc_a-mbtowc_r.o):(.debug_aranges)
             500              500       40     1         ../lib/libc.a(libc_a-stack_protector.o):(.debug_aranges)
             540              540       30     1         ../lib/libc.a(libc_a-signal.o):(.debug_aranges)
             570              570       30     1         ../lib/libc.a(libc_a-signalr.o):(.debug_aranges)
             5a0              5a0       20     1         ../lib/libc.a(libc_a-ctype_.o):(.debug_aranges)
             5c0              5c0       30     1         ../lib/libc.a(libc_a-svfiprintf.o):(.debug_aranges)
             5f0              5f0       30     1         ../lib/libc.a(libc_a-memmove.o):(.debug_aranges)
             620              620       30    16         ../lib/libc.a(libc_a-memcpy.o):(.debug_aranges)
             650              650       30     1         ../lib/libc.a(libc_a-reallocr.o):(.debug_aranges)
             680              680       30     1         ../lib/libc.a(libc_a-memchr.o):(.debug_aranges)
             6b0              6b0       30     1         ../lib/libc.a(libc_a-dtoa.o):(.debug_aranges)
             6e0              6e0       30     1         ../lib/libc.a(libc_a-mprec.o):(.debug_aranges)
             710              710       30     1         ../lib/libc.a(libc_a-callocr.o):(.debug_aranges)
             740              740       30     1         ../lib/libc.a(libc_a-errno.o):(.debug_aranges)
             770              770       30     1         ../lib/libc.a(libc_a-assert.o):(.debug_aranges)
             7a0              7a0       30     1         ../lib/libc.a(libc_a-fiprintf.o):(.debug_aranges)
             7d0              7d0       30     1         ../lib/libc.a(libc_a-vfiprintf.o):(.debug_aranges)
             800              800       30     1         ../lib/libc.a(libc_a-fputwc.o):(.debug_aranges)
             830              830       30     1         ../lib/libc.a(libc_a-wcrtomb.o):(.debug_aranges)
             860              860       30     1         ../lib/libc.a(libc_a-wbuf.o):(.debug_aranges)
             890              890       30     1         ../lib/libc.a(libc_a-wsetup.o):(.debug_aranges)
             8c0              8c0       30     1         ../lib/libc.a(libc_a-makebuf.o):(.debug_aranges)
             8f0              8f0       30     1         ../lib/libc.a(libc_a-fstatr.o):(.debug_aranges)
             920              920       30     1         ../lib/libc.a(libc_a-isattyr.o):(.debug_aranges)
             950              950       30     1         ../lib/libc.a(libc_a-fvwrite.o):(.debug_aranges)
             980              980       30     1         ../lib/libc.a(libc_a-abort.o):(.debug_aranges)
             9b0              9b0       30     1         ../lib/libc.a(libc_a-sprintf.o):(.debug_aranges)
             9e0              9e0       30     1         newlib.o:(.debug_aranges)
             a10              a10       30     1         ../lib/libc.a(libc_a-strtol.o):(.debug_aranges)
             a40              a40       30     1         ../lib/libc.a(libc_a-vsnprintf.o):(.debug_aranges)
             a70              a70       30     1         ../lib/libc.a(libc_a-fwrite.o):(.debug_aranges)
               0                0     43f8     8 .symtab
               0                0     43f8     8         <internal>:(.symtab)
               0                0      10a     1 .shstrtab
               0                0      10a     1         <internal>:(.shstrtab)
               0                0     50dc     1 .strtab
               0                0     50dc     1         <internal>:(.strtab)
