             VMA              LMA     Size Align Out     In      Symbol
          100160           100160      f37    32 .rodata
          100160           100160      506     1         <internal>:(.rodata)
          100668           100668       68     8         <internal>:(.rodata)
          1006d0           1006d0      190    16         ../lib/libc.a(libc_a-svfprintf.o):(.rodata)
          100840           100840       10     1                 zeroes.0
          100850           100850       10     1                 blanks.1
          100860           100860       40    16         <internal>:(.rodata)
          1008a0           1008a0      2a0    32         ../lib/libc.a(libc_a-ctype_.o):(.rodata)
          1008a0           1008a0      101     1                 _ctype_
          1009c0           1009c0      180     1                 _ctype_b
          100b40           100b40      190    16         ../lib/libc.a(libc_a-svfiprintf.o):(.rodata)
          100cb0           100cb0       10     1                 zeroes.0
          100cc0           100cc0       10     1                 blanks.1
          100ce0           100ce0      168    32         ../lib/libc.a(libc_a-mprec.o):(.rodata)
          100ce0           100ce0        c     1                 p05.0
          100d00           100d00       28     1                 __mprec_tinytens
          100d40           100d40       28     1                 __mprec_bigtens
          100d80           100d80       c8     1                 __mprec_tens
          100e48           100e48       2f     8         <internal>:(.rodata)
          100e80           100e80      190    16         ../lib/libc.a(libc_a-vfiprintf.o):(.rodata)
          100ff0           100ff0       10     1                 zeroes.0
          101000           101000       10     1                 blanks.1
          101010           101010       87     1         newlib.o:(.rodata)
          101098           101098     2374     8 .eh_frame
          101098           101098       d4     1         kernel.o:(.eh_frame+0x0)
          101170           101170       3c     1         kernel.o:(.eh_frame+0xd4)
          1011b0           1011b0       a0     1         kernel.o:(.eh_frame+0x110)
          101250           101250       14     1         ../lib/libc.a(libc_a-malloc.o):(.eh_frame+0x18)
          101268           101268       14     1         ../lib/libc.a(libc_a-malloc.o):(.eh_frame+0x2c)
          101280           101280       14     1         ../lib/libc.a(libc_a-findfp.o):(.eh_frame+0x18)
          101298           101298       14     1         ../lib/libc.a(libc_a-findfp.o):(.eh_frame+0x2c)
          1012b0           1012b0       34     1         ../lib/libc.a(libc_a-findfp.o):(.eh_frame+0x40)
          1012e8           1012e8       3c     1         ../lib/libc.a(libc_a-findfp.o):(.eh_frame+0x74)
          101328           101328       44     1         ../lib/libc.a(libc_a-findfp.o):(.eh_frame+0xb0)
          101370           101370       14     1         ../lib/libc.a(libc_a-findfp.o):(.eh_frame+0xf4)
          101388           101388       14     1         ../lib/libc.a(libc_a-findfp.o):(.eh_frame+0x108)
          1013a0           1013a0       14     1         ../lib/libc.a(libc_a-findfp.o):(.eh_frame+0x11c)
          1013b8           1013b8       18     1         ../lib/libc.a(libc_a-findfp.o):(.eh_frame+0x130)
          1013d0           1013d0       3c     1         ../lib/libc.a(libc_a-fclose.o):(.eh_frame+0x18)
          101410           101410       14     1         ../lib/libc.a(libc_a-fclose.o):(.eh_frame+0x54)
          101428           101428       90     1         ../lib/libc.a(libc_a-fflush.o):(.eh_frame+0x18)
          1014b8           1014b8       3c     1         ../lib/libc.a(libc_a-freer.o):(.eh_frame+0x18)
          1014f8           1014f8       5c     1         ../lib/libc.a(libc_a-freer.o):(.eh_frame+0x54)
          101558           101558       14     1         ../lib/libc.a(libc_a-mlock.o):(.eh_frame+0x18)
          101570           101570       14     1         ../lib/libc.a(libc_a-mlock.o):(.eh_frame+0x2c)
          101588           101588       80     1         ../lib/libc.a(libc_a-mallocr.o):(.eh_frame+0x18)
          101608           101608       20     1         ../lib/libc.a(libc_a-sbrkr.o):(.eh_frame+0x18)
          101628           101628       40     1         ../lib/libc.a(libc_a-reent.o):(.eh_frame+0x18)
          101668           101668       48     1         ../lib/libc.a(libc_a-fwalk.o):(.eh_frame+0x18)
          1016b0           1016b0       34     1         ../lib/libc.a(libc_a-stdio.o):(.eh_frame+0x18)
          1016e8           1016e8       34     1         ../lib/libc.a(libc_a-stdio.o):(.eh_frame+0x4c)
          101720           101720       38     1         ../lib/libc.a(libc_a-stdio.o):(.eh_frame+0x80)
          101758           101758       20     1         ../lib/libc.a(libc_a-readr.o):(.eh_frame+0x18)
          101778           101778       20     1         ../lib/libc.a(libc_a-writer.o):(.eh_frame+0x18)
          101798           101798       20     1         ../lib/libc.a(libc_a-lseekr.o):(.eh_frame+0x18)
          1017b8           1017b8       20     1         ../lib/libc.a(libc_a-closer.o):(.eh_frame+0x18)
          1017d8           1017d8      220     1         frame.o:(.eh_frame+0x18)
          1019f8           1019f8       18     1         ../lib/libc.a(libc_a-strcpy.o):(.eh_frame+0x18)
          101a10           101a10       20     1         ../lib/libc.a(libc_a-strcat.o):(.eh_frame+0x18)
          101a30           101a30       18     1         ../lib/libc.a(libc_a-strlen.o):(.eh_frame+0x18)
          101a48           101a48       1c     1         ../lib/libc.a(libc_a-vsprintf.o):(.eh_frame+0x18)
          101a68           101a68       1c     1         ../lib/libc.a(libc_a-vsprintf.o):(.eh_frame+0x34)
          101a88           101a88       50     1         ../lib/libc.a(libc_a-svfprintf.o):(.eh_frame+0x18)
          101ad8           101ad8       14     1         ../lib/libc.a(libc_a-localeconv.o):(.eh_frame+0x18)
          101af0           101af0       14     1         ../lib/libc.a(libc_a-localeconv.o):(.eh_frame+0x2c)
          101b08           101b08       18     1         ../lib/libc.a(libc_a-localeconv.o):(.eh_frame+0x40)
          101b20           101b20       24     1         ../lib/libc.a(libc_a-locale.o):(.eh_frame+0x18)
          101b48           101b48       14     1         ../lib/libc.a(libc_a-locale.o):(.eh_frame+0x3c)
          101b60           101b60       28     1         ../lib/libc.a(libc_a-locale.o):(.eh_frame+0x50)
          101b88           101b88       18     1         ../lib/libc.a(libc_a-strcmp.o):(.eh_frame+0x18)
          101ba0           101ba0       14     1         ../lib/libc.a(libc_a-wctomb_r.o):(.eh_frame+0x18)
          101bb8           101bb8       14     1         ../lib/libc.a(libc_a-wctomb_r.o):(.eh_frame+0x2c)
          101bd0           101bd0       14     1         ../lib/libc.a(libc_a-mbtowc_r.o):(.eh_frame+0x18)
          101be8           101be8       1c     1         ../lib/libc.a(libc_a-mbtowc_r.o):(.eh_frame+0x2c)
          101c08           101c08       14     1         ../lib/libc.a(libc_a-stack_protector.o):(.eh_frame+0x18)
          101c20           101c20       1c     1         ../lib/libc.a(libc_a-stack_protector.o):(.eh_frame+0x2c)
          101c40           101c40       20     1         ../lib/libc.a(libc_a-stack_protector.o):(.eh_frame+0x48)
          101c60           101c60       4c     1         ../lib/libc.a(libc_a-signal.o):(.eh_frame+0x18)
          101cb0           101cb0      184     1         ../lib/libc.a(libc_a-signal.o):(.eh_frame+0x64)
          101e38           101e38       38     1         ../lib/libc.a(libc_a-signalr.o):(.eh_frame+0x18)
          101e70           101e70       4c     1         ../lib/libc.a(libc_a-svfiprintf.o):(.eh_frame+0x18)
          101ec0           101ec0       54     1         ../lib/libc.a(libc_a-svfiprintf.o):(.eh_frame+0x64)
          101f18           101f18       18     1         ../lib/libc.a(libc_a-memmove.o):(.eh_frame+0x18)
          101f30           101f30       68     1         ../lib/libc.a(libc_a-reallocr.o):(.eh_frame+0x18)
          101f98           101f98       18     1         ../lib/libc.a(libc_a-memchr.o):(.eh_frame+0x18)
          101fb0           101fb0       4c     1         ../lib/libc.a(libc_a-dtoa.o):(.eh_frame+0x18)
          102000           102000       4c     1         ../lib/libc.a(libc_a-dtoa.o):(.eh_frame+0x64)
          102050           102050       2c     1         ../lib/libc.a(libc_a-mprec.o):(.eh_frame+0x18)
          102080           102080       14     1         ../lib/libc.a(libc_a-mprec.o):(.eh_frame+0x44)
          102098           102098       8c     1         ../lib/libc.a(libc_a-mprec.o):(.eh_frame+0x58)
          102128           102128       14     1         ../lib/libc.a(libc_a-mprec.o):(.eh_frame+0xe4)
          102140           102140       14     1         ../lib/libc.a(libc_a-mprec.o):(.eh_frame+0xf8)
          102158           102158       24     1         ../lib/libc.a(libc_a-mprec.o):(.eh_frame+0x10c)
          102180           102180       4c     1         ../lib/libc.a(libc_a-mprec.o):(.eh_frame+0x130)
          1021d0           1021d0       3c     1         ../lib/libc.a(libc_a-mprec.o):(.eh_frame+0x17c)
          102210           102210       4c     1         ../lib/libc.a(libc_a-mprec.o):(.eh_frame+0x1b8)
          102260           102260       14     1         ../lib/libc.a(libc_a-mprec.o):(.eh_frame+0x204)
          102278           102278       64     1         ../lib/libc.a(libc_a-mprec.o):(.eh_frame+0x218)
          1022e0           1022e0       14     1         ../lib/libc.a(libc_a-mprec.o):(.eh_frame+0x27c)
          1022f8           1022f8       34     1         ../lib/libc.a(libc_a-mprec.o):(.eh_frame+0x290)
          102330           102330       34     1         ../lib/libc.a(libc_a-mprec.o):(.eh_frame+0x2c4)
          102368           102368       14     1         ../lib/libc.a(libc_a-mprec.o):(.eh_frame+0x2f8)
          102380           102380       14     1         ../lib/libc.a(libc_a-mprec.o):(.eh_frame+0x30c)
          102398           102398       18     1         ../lib/libc.a(libc_a-mprec.o):(.eh_frame+0x320)
          1023b0           1023b0       28     1         ../lib/libc.a(libc_a-callocr.o):(.eh_frame+0x18)
          1023d8           1023d8       18     1         ../lib/libc.a(libc_a-errno.o):(.eh_frame+0x18)
          1023f0           1023f0       24     1         ../lib/libc.a(libc_a-assert.o):(.eh_frame+0x18)
          102418           102418       1c     1         ../lib/libc.a(libc_a-assert.o):(.eh_frame+0x3c)
          102438           102438       1c     1         ../lib/libc.a(libc_a-fiprintf.o):(.eh_frame+0x18)
          102458           102458       1c     1         ../lib/libc.a(libc_a-fiprintf.o):(.eh_frame+0x34)
          102478           102478       4c     1         ../lib/libc.a(libc_a-vfiprintf.o):(.eh_frame+0x18)
          1024c8           1024c8       14     1         ../lib/libc.a(libc_a-vfiprintf.o):(.eh_frame+0x64)
          1024e0           1024e0       7c     1         ../lib/libc.a(libc_a-vfiprintf.o):(.eh_frame+0x78)
          102560           102560       3c     1         ../lib/libc.a(libc_a-vfiprintf.o):(.eh_frame+0xf4)
          1025a0           1025a0       44     1         ../lib/libc.a(libc_a-fputwc.o):(.eh_frame+0x18)
          1025e8           1025e8       14     1         ../lib/libc.a(libc_a-fputwc.o):(.eh_frame+0x5c)
          102600           102600       28     1         ../lib/libc.a(libc_a-fputwc.o):(.eh_frame+0x70)
          102628           102628       2c     1         ../lib/libc.a(libc_a-wcrtomb.o):(.eh_frame+0x18)
          102658           102658       2c     1         ../lib/libc.a(libc_a-wcrtomb.o):(.eh_frame+0x44)
          102688           102688       3c     1         ../lib/libc.a(libc_a-wbuf.o):(.eh_frame+0x18)
          1026c8           1026c8       14     1         ../lib/libc.a(libc_a-wbuf.o):(.eh_frame+0x54)
          1026e0           1026e0       30     1         ../lib/libc.a(libc_a-wsetup.o):(.eh_frame+0x18)
          102710           102710       44     1         ../lib/libc.a(libc_a-makebuf.o):(.eh_frame+0x18)
          102758           102758       34     1         ../lib/libc.a(libc_a-makebuf.o):(.eh_frame+0x5c)
          102790           102790       20     1         ../lib/libc.a(libc_a-fstatr.o):(.eh_frame+0x18)
          1027b0           1027b0       20     1         ../lib/libc.a(libc_a-isattyr.o):(.eh_frame+0x18)
          1027d0           1027d0       78     1         ../lib/libc.a(libc_a-fvwrite.o):(.eh_frame+0x18)
          102848           102848       20     1         ../lib/libc.a(libc_a-abort.o):(.eh_frame+0x18)
          102868           102868       1c     1         ../lib/libc.a(libc_a-sprintf.o):(.eh_frame+0x18)
          102888           102888       24     1         ../lib/libc.a(libc_a-sprintf.o):(.eh_frame+0x34)
          1028b0           1028b0      200     1         pci.o:(.eh_frame+0x18)
          102ab0           102ab0       60     1         memory_map.o:(.eh_frame+0x18)
          102b10           102b10       3c     1         newlib.o:(.eh_frame+0x18)
          102b50           102b50       1c     1         newlib.o:(.eh_frame+0x54)
          102b70           102b70       1c     1         newlib.o:(.eh_frame+0x70)
          102b90           102b90       1c     1         newlib.o:(.eh_frame+0x8c)
          102bb0           102bb0       1c     1         newlib.o:(.eh_frame+0xa8)
          102bd0           102bd0       1c     1         newlib.o:(.eh_frame+0xc4)
          102bf0           102bf0       1c     1         newlib.o:(.eh_frame+0xe0)
          102c10           102c10       1c     1         newlib.o:(.eh_frame+0xfc)
          102c30           102c30       20     1         newlib.o:(.eh_frame+0x118)
          102c50           102c50       80     1         segment.o:(.eh_frame+0x18)
          102cd0           102cd0       54     1         interrupt.o:(.eh_frame+0x18)
          102d28           102d28       54     1         interrupt.o:(.eh_frame+0x6c)
          102d80           102d80       54     1         interrupt.o:(.eh_frame+0xc0)
          102dd8           102dd8       54     1         interrupt.o:(.eh_frame+0x114)
          102e30           102e30       54     1         interrupt.o:(.eh_frame+0x168)
          102e88           102e88       c4     1         interrupt.o:(.eh_frame+0x1bc)
          102f50           102f50       80     1         paging.o:(.eh_frame+0x18)
          102fd0           102fd0       20     1         keyboard.o:(.eh_frame+0x18)
          102ff0           102ff0       c4     1         input.o:(.eh_frame+0x18)
          1030b8           1030b8       24     1         input.o:(.eh_frame+0xdc)
          1030e0           1030e0       20     1         command.o:(.eh_frame+0x18)
          103100           103100       20     1         command.o:(.eh_frame+0x78)
          103120           103120       20     1         command.o:(.eh_frame+0xb8)
          103140           103140       88     1         ../lib/libc.a(libc_a-strtol.o):(.eh_frame+0x18)
          1031c8           1031c8       20     1         memory_manager.o:(.eh_frame+0x18)
          1031e8           1031e8      200     1         memory_manager.o:(.eh_frame+0x78)
          1033e8           1033e8       20     1         memory_manager.o:(.eh_frame+0x2b8)
          104410           104410     fb3e    16 .text
          104410           104410      24c    16         kernel.o:(.text)
          104410           104410        f     1                 stop()
          104420           104420       29     1                 entry_point
          104450           104450      20c     1                 kernel_main
          104660           104660       50    16         kernel.o:(.text.startup)
          104660           104660       1a     1                 __cxx_global_var_init
          104680           104680       12     1                 __cxx_global_var_init.1
          1046a0           1046a0       10     1                 _GLOBAL__sub_I_kernel.cpp
          1046b0           1046b0        b    16         kernel.o:(.text._ZNSt3__114numeric_limitsImE3maxEv)
          1046b0           1046b0        b     1                 std::__1::numeric_limits<unsigned long>::max()
          1046c0           1046c0       21    16         kernel.o:(.text._ZN7FrameIDC2Em)
          1046c0           1046c0       21     1                 FrameID::FrameID(unsigned long)
          1046f0           1046f0       4c    16         kernel.o:(.text._ZN11InputBufferC2Ev)
          1046f0           1046f0       4c     1                 InputBuffer::InputBuffer()
          104740           104740       1e    16         kernel.o:(.text._ZNK5ErrorcvbEv)
          104740           104740       1e     1                 Error::operator bool() const
          104760           104760       29    16         kernel.o:(.text._ZNK5Error4NameEv)
          104760           104760       29     1                 Error::Name() const
          104790           104790        d    16         kernel.o:(.text._ZNSt3__123__libcpp_numeric_limitsImLb1EE3maxEv)
          104790           104790        d     1                 std::__1::__libcpp_numeric_limits<unsigned long, true>::max()
          1047a0           1047a0       25    16         kernel.o:(.text._ZNKSt3__15arrayIPKcLm20EEixEm)
          1047a0           1047a0       25     1                 std::__1::array<char const*, 20ul>::operator[](unsigned long) const
          1047d0           1047d0       33    16         ../lib/libc.a(libc_a-malloc.o):(.text)
          1047d0           1047d0       13     1                 malloc
          1047f0           1047f0       13     1                 free
          104803           104803        0     1         ../lib/libc.a(libc_a-impure.o):(.text)
          104810           104810      469    16         ../lib/libc.a(libc_a-findfp.o):(.text)
          104810           104810        7     1                 __fp_lock
          104820           104820       1e     1                 stdio_exit_handler
          104840           104840       52     1                 cleanup_stdio
          1048a0           1048a0        7     1                 __fp_unlock
          1048b0           1048b0      1d1     1                 global_stdio_init.part.0
          104a90           104a90      156     1                 __sfp
          104bf0           104bf0       2a     1                 __sinit
          104c20           104c20        5     1                 __sfp_lock_acquire
          104c30           104c30        5     1                 __sfp_lock_release
          104c40           104c40       19     1                 __fp_lock_all
          104c60           104c60       19     1                 __fp_unlock_all
          104c80           104c80       f3    16         ../lib/libc.a(libc_a-fclose.o):(.text)
          104c80           104c80       de     1                 _fclose_r
          104d60           104d60       13     1                 fclose
          104d80           104d80      321    16         ../lib/libc.a(libc_a-fflush.o):(.text)
          104d80           104d80      225     1                 __sflush_r
          104fb0           104fb0       5f     1                 _fflush_r
          105010           105010       91     1                 fflush
          1050b0           1050b0      47e    16         ../lib/libc.a(libc_a-freer.o):(.text)
          1050b0           1050b0       e7     1                 _malloc_trim_r
          1051a0           1051a0      38e     1                 _free_r
          105530           105530       15    16         ../lib/libc.a(libc_a-mlock.o):(.text)
          105530           105530        5     1                 __malloc_lock
          105540           105540        5     1                 __malloc_unlock
          105550           105550      8d4    16         ../lib/libc.a(libc_a-mallocr.o):(.text)
          105550           105550      8d4     1                 _malloc_r
          105e30           105e30       36    16         ../lib/libc.a(libc_a-sbrkr.o):(.text)
          105e30           105e30       36     1                 _sbrk_r
          105e70           105e70       9e    16         ../lib/libc.a(libc_a-reent.o):(.text)
          105e70           105e70       9e     1                 _reclaim_reent
          105f10           105f10       89    16         ../lib/libc.a(libc_a-fwalk.o):(.text)
          105f10           105f10       89     1                 _fwalk_sglue
          105fa0           105fa0       e0    16         ../lib/libc.a(libc_a-memset.o):(.text)
          105fa0           105fa0        0     1                 memset
          105fce           105fce        0     1                 quadword_aligned
          105ff0           105ff0        0     1                 loop
          10605b           10605b        0     1                 byte_set
          106061           106061        0     1                 quadword_set
          106080           106080       ed    16         ../lib/libc.a(libc_a-stdio.o):(.text)
          106080           106080       30     1                 __sread
          1060b0           1060b0        7     1                 __seofread
          1060c0           1060c0       60     1                 __swrite
          106120           106120       38     1                 __sseek
          106160           106160        d     1                 __sclose
          106170           106170       41    16         ../lib/libc.a(libc_a-readr.o):(.text)
          106170           106170       41     1                 _read_r
          1061c0           1061c0       41    16         ../lib/libc.a(libc_a-writer.o):(.text)
          1061c0           1061c0       41     1                 _write_r
          106210           106210       3e    16         ../lib/libc.a(libc_a-lseekr.o):(.text)
          106210           106210       3e     1                 _lseek_r
          106250           106250       2e    16         ../lib/libc.a(libc_a-closer.o):(.text)
          106250           106250       2e     1                 _close_r
          106280           106280      ede    16         frame.o:(.text)
          106280           106280       9a     1                 InitializeFrame(bootinfo_t*)
          106320           106320       7f     1                 WritePixelRGB(Color, int, int)
          1063a0           1063a0       7f     1                 WritePixelBGR(Color, int, int)
          106420           106420       3d     1                 HashtoColor(unsigned char)
          106460           106460      191     1                 HSVtoRGB(int)
          106600           106600       f5     1                 WriteAscii(char, Color, int, int)
          106700           106700      136     1                 WriteSquare(Vector, Vector, Color)
          106840           106840      11b     1                 PrintLine(char const*, Vector, Color)
          106960           106960       7e     1                 RegisterLine(char const*)
          1069e0           1069e0      402     1                 Print
          106df0           106df0       b3     1                 Printf
          106eb0           106eb0       6c     1                 dPrint(char*, int)
          106f20           106f20       6c     1                 udPrint(char*, unsigned int)
          106f90           106f90       6c     1                 uxdPrint(char*, unsigned int)
          107000           107000       df     1                 WriteMandelbrot(int)
          1070e0           1070e0       7e     1                 clear()
          107160           107160      1ad    16         frame.o:(.text._Z14CalcMandelbrotiii)
          107160           107160      1ad     1                 CalcMandelbrot(int, int, int)
          107310           107310       85    16         ../lib/libc.a(libc_a-strcpy.o):(.text)
          107310           107310       85     1                 strcpy
          1073a0           1073a0       6c    16         ../lib/libc.a(libc_a-strcat.o):(.text)
          1073a0           1073a0       6c     1                 strcat
          107410           107410       7d    16         ../lib/libc.a(libc_a-strlen.o):(.text)
          107410           107410       7d     1                 strlen
          107490           107490       ed    16         ../lib/libc.a(libc_a-vsprintf.o):(.text)
          107490           107490       7d     1                 vsprintf
          107510           107510       6d     1                 _vsprintf_r
          107580           107580     2557    16         ../lib/libc.a(libc_a-svfprintf.o):(.text)
          107580           107580     2557     1                 _svfprintf_r
          109ae0           109ae0       2c    16         ../lib/libc.a(libc_a-localeconv.o):(.text)
          109ae0           109ae0        c     1                 __localeconv_l
          109af0           109af0        c     1                 _localeconv_r
          109b00           109b00        c     1                 localeconv
          109b10           109b10       ea    16         ../lib/libc.a(libc_a-locale.o):(.text)
          109b10           109b10       6a     1                 _setlocale_r
          109b80           109b80        c     1                 __locale_mb_cur_max
          109b90           109b90       6a     1                 setlocale
          109c00           109c00       83    16         ../lib/libc.a(libc_a-strcmp.o):(.text)
          109c00           109c00       83     1                 strcmp
          109c90           109c90       43    16         ../lib/libc.a(libc_a-wctomb_r.o):(.text)
          109c90           109c90        a     1                 _wctomb_r
          109ca0           109ca0       33     1                 __ascii_wctomb
          109ce0           109ce0       70    16         ../lib/libc.a(libc_a-mbtowc_r.o):(.text)
          109ce0           109ce0        a     1                 _mbtowc_r
          109cf0           109cf0       60     1                 __ascii_mbtowc
          109d50           109d50       8f    16         ../lib/libc.a(libc_a-stack_protector.o):(.text)
          109d50           109d50       7d     1                 __stack_chk_fail
          109dd0           109dd0        f     1                 __stack_chk_fail_local
          109de0           109de0       19    16         ../lib/libc.a(libc_a-stack_protector.o):(.text.startup)
          109de0           109de0       19     1                 __stack_chk_init
          109e00           109e00      50e    16         ../lib/libc.a(libc_a-signal.o):(.text)
          109e00           109e00       59     1                 _init_signal_r
          109e60           109e60       98     1                 _signal_r
          109f00           109f00       ad     1                 _raise_r
          109fb0           109fb0       ca     1                 __sigtramp_r
          10a080           10a080       b7     1                 raise
          10a140           10a140       98     1                 signal
          10a1e0           10a1e0       59     1                 _init_signal
          10a240           10a240       ce     1                 __sigtramp
          10a310           10a310       49    16         ../lib/libc.a(libc_a-signalr.o):(.text)
          10a310           10a310       36     1                 _kill_r
          10a350           10a350        9     1                 _getpid_r
          10a359           10a359        0     1         ../lib/libc.a(libc_a-ctype_.o):(.text)
          10a360           10a360     1408    16         ../lib/libc.a(libc_a-svfiprintf.o):(.text)
          10a360           10a360      1e9     1                 __ssprint_r
          10a550           10a550     1218     1                 _svfiprintf_r
          10b770           10b770      124    16         ../lib/libc.a(libc_a-memmove.o):(.text)
          10b770           10b770      124     1                 memmove
          10b8a0           10b8a0      12d    16         ../lib/libc.a(libc_a-memcpy.o):(.text)
          10b8a0           10b8a0        0     1                 memcpy
          10b8c5           10b8c5        0     1                 quadword_aligned
          10b8e0           10b8e0        0     1                 loop
          10b9a7           10b9a7        0     1                 byte_copy
          10b9ad           10b9ad        0     1                 quadword_copy
          10b9d0           10b9d0      53a    16         ../lib/libc.a(libc_a-reallocr.o):(.text)
          10b9d0           10b9d0      53a     1                 _realloc_r
          10bf10           10bf10       c5    16         ../lib/libc.a(libc_a-memchr.o):(.text)
          10bf10           10bf10       c5     1                 memchr
          10bfe0           10bfe0     1636    16         ../lib/libc.a(libc_a-dtoa.o):(.text)
          10bfe0           10bfe0      19c     1                 quorem
          10c180           10c180     1496     1                 _dtoa_r
          10d620           10d620     10ba    16         ../lib/libc.a(libc_a-mprec.o):(.text)
          10d620           10d620       9e     1                 _Balloc
          10d6c0           10d6c0       1f     1                 _Bfree
          10d6e0           10d6e0      101     1                 __multadd
          10d7f0           10d7f0      139     1                 __s2b
          10d930           10d930       56     1                 __hi0bits
          10d990           10d990       8f     1                 __lo0bits
          10da20           10da20       a4     1                 __i2b
          10dad0           10dad0      241     1                 __multiply
          10dd20           10dd20      12e     1                 __pow5mult
          10de50           10de50      158     1                 __lshift
          10dfb0           10dfb0       4e     1                 __mcmp
          10e000           10e000      217     1                 __mdiff
          10e220           10e220       7d     1                 __ulp
          10e2a0           10e2a0       fc     1                 __b2d
          10e3a0           10e3a0      158     1                 __d2b
          10e500           10e500       c0     1                 __ratio
          10e5c0           10e5c0       40     1                 _mprec_log10
          10e600           10e600       60     1                 __copybits
          10e660           10e660       7a     1                 __any_on
          10e6e0           10e6e0       c6    16         ../lib/libc.a(libc_a-callocr.o):(.text)
          10e6e0           10e6e0       c6     1                 _calloc_r
          10e7b0           10e7b0        c    16         ../lib/libc.a(libc_a-errno.o):(.text)
          10e7b0           10e7b0        c     1                 __errno
          10e7c0           10e7c0       74    16         ../lib/libc.a(libc_a-assert.o):(.text)
          10e7c0           10e7c0       54     1                 __assert_func
          10e820           10e820       14     1                 __assert
          10e840           10e840      178    16         ../lib/libc.a(libc_a-fiprintf.o):(.text)
          10e840           10e840       b0     1                 _fiprintf_r
          10e8f0           10e8f0       c8     1                 fiprintf
          10e9c0           10e9c0     1750    16         ../lib/libc.a(libc_a-vfiprintf.o):(.text)
          10e9c0           10e9c0       d7     1                 __sprint_r.part.0
          10eaa0           10eaa0       1a     1                 __sprint_r
          10eac0           10eac0     154f     1                 _vfiprintf_r
          110010           110010       19     1                 vfiprintf
          110030           110030       e0     1                 __sbprintf
          110110           110110      1b9    16         ../lib/libc.a(libc_a-fputwc.o):(.text)
          110110           110110      119     1                 __fputwc
          110230           110230       23     1                 _fputwc_r
          110260           110260       69     1                 fputwc
          1102d0           1102d0      112    16         ../lib/libc.a(libc_a-wcrtomb.o):(.text)
          1102d0           1102d0       7c     1                 _wcrtomb_r
          110350           110350       92     1                 wcrtomb
          1103f0           1103f0      135    16         ../lib/libc.a(libc_a-wbuf.o):(.text)
          1103f0           1103f0      112     1                 __swbuf_r
          110510           110510       15     1                 __swbuf
          110530           110530      143    16         ../lib/libc.a(libc_a-wsetup.o):(.text)
          110530           110530      143     1                 __swsetup_r
          110680           110680      1e6    16         ../lib/libc.a(libc_a-makebuf.o):(.text)
          110680           110680      139     1                 __smakebuf_r
          1107c0           1107c0       a6     1                 __swhatbuf_r
          110870           110870       36    16         ../lib/libc.a(libc_a-fstatr.o):(.text)
          110870           110870       36     1                 _fstat_r
          1108b0           1108b0       2e    16         ../lib/libc.a(libc_a-isattyr.o):(.text)
          1108b0           1108b0       2e     1                 _isatty_r
          1108e0           1108e0      55c    16         ../lib/libc.a(libc_a-fvwrite.o):(.text)
          1108e0           1108e0      55c     1                 __sfvwrite_r
          110e40           110e40       1e    16         ../lib/libc.a(libc_a-abort.o):(.text)
          110e40           110e40       1e     1                 abort
          110e60           110e60      211    16         ../lib/libc.a(libc_a-sprintf.o):(.text)
          110e60           110e60       fc     1                 _sprintf_r
          110f60           110f60      111     1                 sprintf
          111080           111080       a3    16         asmfunc.o:(.text)
          111080           111080        0     1                 IoOut32
          111087           111087        0     1                 IoIn32
          11108c           11108c        0     1                 IoIn16
          111092           111092        0     1                 IoOut8
          11109a           11109a        0     1                 IoIn8
          11109f           11109f        0     1                 call_kernel_main
          1110af           1110af        0     1                 _hlt
          1110b2           1110b2        0     1                 LoadGDT
          1110cc           1110cc        0     1                 SetDSAll
          1110d5           1110d5        0     1                 SetCSSS
          1110e9           1110e9        0     1                 SetCSSS.next
          1110ee           1110ee        0     1                 SetCSSS.stop
          1110f1           1110f1        0     1                 GetCS
          1110f7           1110f7        0     1                 LoadIDT
          111111           111111        0     1                 SetCR3
          111115           111115        0     1                 NotifyEndOfInterrupt
          111130           111130      809    16         pci.o:(.text)
          111130           111130       4f     1                 MakeAddr(unsigned char, unsigned char, unsigned char, unsigned char)
          111180           111180       1e     1                 WriteAddr(unsigned int)
          1111a0           1111a0       1e     1                 WriteData(unsigned int)
          1111c0           1111c0       10     1                 ReadData()
          1111d0           1111d0       4a     1                 ReadVendorId(unsigned char, unsigned char, unsigned char)
          111220           111220       67     1                 ReadVendorId(Device)
          111290           111290       50     1                 ReadHeaderType(unsigned char, unsigned char, unsigned char)
          1112e0           1112e0       70     1                 ReadBar(Device, int)
          111350           111350       71     1                 ReadClassCode(unsigned char, unsigned char, unsigned char)
          1113d0           1113d0       45     1                 ReadBusNumbers(unsigned char, unsigned char, unsigned char)
          111420           111420       af     1                 AddDevice(unsigned char, unsigned char, unsigned char, unsigned char)
          1114d0           1114d0       28     1                 IsSingleFunctionDevice(unsigned char)
          111500           111500      13f     1                 ScanAllBus()
          111640           111640       b7     1                 ScanBus(unsigned char)
          111700           111700      126     1                 ScanDevice(unsigned char, unsigned char)
          111830           111830      109     1                 ScanFunction(unsigned char, unsigned char, unsigned char)
          111940           111940      27f    16         memory_map.o:(.text)
          111940           111940       83     1                 show_memdesc(int)
          1119d0           1119d0      12d     1                 show_memory_map()
          111b00           111b00       bf     1                 search_mem_type(unsigned long)
          111bbf           111bbf      1c5     1         newlib.o:(.text)
          111bbf           111bbf       6f     1                 sbrk
          111c2e           111c2e       29     1                 read
          111c57           111c57       35     1                 write
          111c8c           111c8c       21     1                 _exit
          111cad           111cad       28     1                 lseek
          111cd5           111cd5       21     1                 close
          111cf6           111cf6       2e     1                 kill
          111d24           111d24       1a     1                 getpid
          111d3e           111d3e       25     1                 fstat
          111d63           111d63       21     1                 isatty
          111d90           111d90      348    16         segment.o:(.text)
          111d90           111d90      21d     1                 SetCodeSegment(SegmentDescriptor*, DescriptorType, unsigned int, unsigned int, unsigned int)
          111fb0           111fb0       77     1                 SetDataSegment(SegmentDescriptor*, DescriptorType, unsigned int, unsigned int, unsigned int)
          112030           112030       67     1                 SetupSegments()
          1120a0           1120a0       38     1                 InitializeSegment(unsigned short, unsigned short)
          1120e0           1120e0      bb5    16         interrupt.o:(.text)
          1120e0           1120e0      19e     1                 BreakpointInterrupt(InterruptFrame*)
          112280           112280      186     1                 SegFaultInterrupt(InterruptFrame*)
          112410           112410      186     1                 PageFaultInterrupt(InterruptFrame*)
          1125a0           1125a0      186     1                 GeneralProtectionInterrupt(InterruptFrame*)
          112730           112730      203     1                 KeyboardInterrupt(InterruptFrame*)
          112940           112940       5e     1                 DefaultInterrupt(InterruptFrame*)
          1129a0           1129a0       7a     1                 SetIDTEntry(InterruptDescriptor*, InterruptDescriptorAttribute, unsigned long, unsigned long)
          112a20           112a20       ba     1                 InitializePIC()
          112ae0           112ae0      1b5     1                 InitializeInterrupt()
          112ca0           112ca0       60    16         interrupt.o:(.text._Z10isAlphabetc)
          112ca0           112ca0       60     1                 isAlphabet(char)
          112d00           112d00       af    16         interrupt.o:(.text._Z11MakeIDTAttr14DescriptorTypehbh)
          112d00           112d00       af     1                 MakeIDTAttr(DescriptorType, unsigned char, bool, unsigned char)
          112db0           112db0      118    16         paging.o:(.text)
          112db0           112db0      118     1                 SetupIdentityPageTable()
          112ed0           112ed0       25    16         paging.o:(.text._ZNSt3__15arrayImLm512EEixEm)
          112ed0           112ed0       25     1                 std::__1::array<unsigned long, 512ul>::operator[](unsigned long)
          112f00           112f00       14    16         paging.o:(.text._ZNKSt3__15arrayINS0_ImLm512EEELm64EE4sizeEv)
          112f00           112f00       14     1                 std::__1::array<std::__1::array<unsigned long, 512ul>, 64ul>::size() const
          112f20           112f20       25    16         paging.o:(.text._ZNSt3__15arrayINS0_ImLm512EEELm64EEixEm)
          112f20           112f20       25     1                 std::__1::array<std::__1::array<unsigned long, 512ul>, 64ul>::operator[](unsigned long)
          112f50           112f50       62    16         keyboard.o:(.text)
          112f50           112f50       62     1                 InitializeKeycode()
          112fc0           112fc0      319    16         input.o:(.text)
          112fc0           112fc0       82     1                 InputBuffer::add(char)
          113050           113050       76     1                 InputBuffer::isEnter()
          1130d0           1130d0       76     1                 InputBuffer::pop()
          113150           113150       5a     1                 InputBuffer::allprint()
          1131b0           1131b0       9b     1                 InputBuffer::allpop(char*)
          113250           113250       89     1                 GetString(char*)
          1132e0           1132e0       27    16         input.o:(.text._ZN11InputBuffer7isInputEv)
          1132e0           1132e0       27     1                 InputBuffer::isInput()
          113310           113310      187    16         command.o:(.text)
          113310           113310      187     1                 command(char*)
          1134a0           1134a0       2b    16         command.o:(.text.startup)
          1134a0           1134a0       1a     1                 __cxx_global_var_init
          1134c0           1134c0        b     1                 _GLOBAL__sub_I_command.cpp
          1134d0           1134d0      26e    16         ../lib/libc.a(libc_a-strtol.o):(.text)
          1134d0           1134d0      1bd     1                 _strtol_l.part.0
          113690           113690       2e     1                 _strtol_r
          1136c0           1136c0       3e     1                 strtol_l
          113700           113700       3e     1                 strtol
          113740           113740      6ae    16         memory_manager.o:(.text)
          113740           113740       4f     1                 BitmapMemoryManager::BitmapMemoryManager()
          113740           113740       4f     1                 BitmapMemoryManager::BitmapMemoryManager()
          113790           113790      15d     1                 BitmapMemoryManager::Allocate(unsigned long)
          1138f0           1138f0       6e     1                 BitmapMemoryManager::GetBit(FrameID) const
          113960           113960       74     1                 BitmapMemoryManager::MarkAllocated(FrameID, unsigned long)
          1139e0           1139e0       90     1                 BitmapMemoryManager::Free(FrameID, unsigned long)
          113a70           113a70       a8     1                 BitmapMemoryManager::SetBit(FrameID, bool)
          113b20           113b20       34     1                 BitmapMemoryManager::SetMemoryRange(FrameID, FrameID)
          113b60           113b60       48     1                 BitmapMemoryManager::IsAvailable(unsigned long)
          113bb0           113bb0      167     1                 InitializeMemoryManager(BitmapMemoryManager*, MemoryMap*)
          113d20           113d20       ce     1                 InitializeHeap(BitmapMemoryManager&)
          113df0           113df0       2b    16         memory_manager.o:(.text.startup)
          113df0           113df0       1a     1                 __cxx_global_var_init
          113e10           113e10        b     1                 _GLOBAL__sub_I_memory_manager.cpp
          113e20           113e20       16    16         memory_manager.o:(.text._ZNK7FrameID2IDEv)
          113e20           113e20       16     1                 FrameID::ID() const
          113e40           113e40       33    16         memory_manager.o:(.text._ZN5ErrorC2ENS_4CodeEPKci)
          113e40           113e40       33     1                 Error::Error(Error::Code, char const*, int)
          113e80           113e80       27    16         memory_manager.o:(.text._Z16AddressToFrameIDm)
          113e80           113e80       27     1                 AddressToFrameID(unsigned long)
          113eb0           113eb0       25    16         memory_manager.o:(.text._ZNKSt3__15arrayImLm524288EEixEm)
          113eb0           113eb0       25     1                 std::__1::array<unsigned long, 524288ul>::operator[](unsigned long) const
          113ee0           113ee0       25    16         memory_manager.o:(.text._ZNSt3__15arrayImLm524288EEixEm)
          113ee0           113ee0       25     1                 std::__1::array<unsigned long, 524288ul>::operator[](unsigned long)
          113f10           113f10       3e    16         memory_manager.o:(.text._Z11IsAvailable10MemoryType)
          113f10           113f10       3e     1                 IsAvailable(MemoryType)
          114f50           114f50       a0     8 .data.rel.ro
          114f50           114f50       a0     8         kernel.o:(.data.rel.ro._ZN5Error11code_names_E)
          114f50           114f50       a0     1                 Error::code_names_
          114ff0           114ff0       20     8 .init_array
          114ff0           114ff0        8     8         kernel.o:(.init_array)
          114ff8           114ff8        8     8         ../lib/libc.a(libc_a-stack_protector.o):(.init_array)
          115000           115000        8     8         command.o:(.init_array)
          115008           115008        8     8         memory_manager.o:(.init_array)
          115020           115020      cb0    32 .data
          115020           115020        0     1         ../lib/libc.a(libc_a-malloc.o):(.data)
          115020           115020        0     1         ../lib/libc.a(libc_a-impure.o):(.data)
          115020           115020        8     8         ../lib/libc.a(libc_a-impure.o):(.data.rel.local)
          115020           115020        8     1                 _impure_ptr
          115040           115040      158    32         ../lib/libc.a(libc_a-impure.o):(.data.rel)
          115040           115040      158     1                 _impure_data
          115198           115198        0     1         ../lib/libc.a(libc_a-findfp.o):(.data)
          1151a0           1151a0       18    16         ../lib/libc.a(libc_a-findfp.o):(.data.rel.local)
          1151a0           1151a0       18     1                 __sglue
          1151b8           1151b8        0     1         ../lib/libc.a(libc_a-fclose.o):(.data)
          1151b8           1151b8        0     1         ../lib/libc.a(libc_a-fflush.o):(.data)
          1151b8           1151b8        0     1         ../lib/libc.a(libc_a-freer.o):(.data)
          1151b8           1151b8        0     1         ../lib/libc.a(libc_a-mlock.o):(.data)
          1151b8           1151b8       10     8         ../lib/libc.a(libc_a-mallocr.o):(.data)
          1151b8           1151b8        8     1                 __malloc_sbrk_base
          1151c0           1151c0        8     1                 __malloc_trim_threshold
          1151e0           1151e0      810    32         ../lib/libc.a(libc_a-mallocr.o):(.data.rel.local)
          1151e0           1151e0      810     1                 __malloc_av_
          1159f0           1159f0        0     1         ../lib/libc.a(libc_a-sbrkr.o):(.data)
          1159f0           1159f0        0     1         ../lib/libc.a(libc_a-reent.o):(.data)
          1159f0           1159f0        0     1         ../lib/libc.a(libc_a-fwalk.o):(.data)
          1159f0           1159f0        0     1         ../lib/libc.a(libc_a-memset.o):(.data)
          1159f0           1159f0        0     1         ../lib/libc.a(libc_a-stdio.o):(.data)
          1159f0           1159f0        0     1         ../lib/libc.a(libc_a-readr.o):(.data)
          1159f0           1159f0        0     1         ../lib/libc.a(libc_a-writer.o):(.data)
          1159f0           1159f0        0     1         ../lib/libc.a(libc_a-lseekr.o):(.data)
          1159f0           1159f0        0     1         ../lib/libc.a(libc_a-closer.o):(.data)
          1159f0           1159f0        0     1         ../lib/libc.a(libc_a-strcpy.o):(.data)
          1159f0           1159f0        0     1         ../lib/libc.a(libc_a-strcat.o):(.data)
          1159f0           1159f0        0     1         ../lib/libc.a(libc_a-strlen.o):(.data)
          1159f0           1159f0        0     1         ../lib/libc.a(libc_a-vsprintf.o):(.data)
          1159f0           1159f0        0     1         ../lib/libc.a(libc_a-svfprintf.o):(.data)
          1159f0           1159f0        0     1         ../lib/libc.a(libc_a-localeconv.o):(.data)
          1159f0           1159f0        0     1         ../lib/libc.a(libc_a-locale.o):(.data)
          115a00           115a00      1a8    32         ../lib/libc.a(libc_a-locale.o):(.data.rel)
          115a00           115a00      1a8     1                 __global_locale
          115ba8           115ba8        0     1         ../lib/libc.a(libc_a-strcmp.o):(.data)
          115ba8           115ba8        0     1         ../lib/libc.a(libc_a-wctomb_r.o):(.data)
          115ba8           115ba8        0     1         ../lib/libc.a(libc_a-mbtowc_r.o):(.data)
          115ba8           115ba8        0     1         ../lib/libc.a(libc_a-stack_protector.o):(.data)
          115ba8           115ba8        0     1         ../lib/libc.a(libc_a-signal.o):(.data)
          115ba8           115ba8        0     1         ../lib/libc.a(libc_a-signalr.o):(.data)
          115ba8           115ba8        0     1         ../lib/libc.a(libc_a-ctype_.o):(.data)
          115ba8           115ba8        0     1         ../lib/libc.a(libc_a-svfiprintf.o):(.data)
          115ba8           115ba8        0     1         ../lib/libc.a(libc_a-memmove.o):(.data)
          115ba8           115ba8        0     1         ../lib/libc.a(libc_a-memcpy.o):(.data)
          115ba8           115ba8        0     1         ../lib/libc.a(libc_a-reallocr.o):(.data)
          115ba8           115ba8        0     1         ../lib/libc.a(libc_a-memchr.o):(.data)
          115ba8           115ba8        0     1         ../lib/libc.a(libc_a-dtoa.o):(.data)
          115ba8           115ba8        0     1         ../lib/libc.a(libc_a-mprec.o):(.data)
          115ba8           115ba8        0     1         ../lib/libc.a(libc_a-callocr.o):(.data)
          115ba8           115ba8        0     1         ../lib/libc.a(libc_a-errno.o):(.data)
          115ba8           115ba8        0     1         ../lib/libc.a(libc_a-assert.o):(.data)
          115ba8           115ba8        0     1         ../lib/libc.a(libc_a-fiprintf.o):(.data)
          115ba8           115ba8        0     1         ../lib/libc.a(libc_a-vfiprintf.o):(.data)
          115ba8           115ba8        0     1         ../lib/libc.a(libc_a-fputwc.o):(.data)
          115ba8           115ba8        0     1         ../lib/libc.a(libc_a-wcrtomb.o):(.data)
          115ba8           115ba8        0     1         ../lib/libc.a(libc_a-wbuf.o):(.data)
          115ba8           115ba8        0     1         ../lib/libc.a(libc_a-wsetup.o):(.data)
          115ba8           115ba8        0     1         ../lib/libc.a(libc_a-makebuf.o):(.data)
          115ba8           115ba8        0     1         ../lib/libc.a(libc_a-fstatr.o):(.data)
          115ba8           115ba8        0     1         ../lib/libc.a(libc_a-isattyr.o):(.data)
          115ba8           115ba8        0     1         ../lib/libc.a(libc_a-fvwrite.o):(.data)
          115ba8           115ba8        0     1         ../lib/libc.a(libc_a-abort.o):(.data)
          115ba8           115ba8        0     1         ../lib/libc.a(libc_a-sprintf.o):(.data)
          115ba8           115ba8        0     1         newlib.o:(.data)
          115bb0           115bb0       18    16         segment.o:(.data)
          115bb0           115bb0       18     1                 gdt
          115bc8           115bc8        8     4         interrupt.o:(.data)
          115bc8           115bc8        8     1                 InterruptMessagePosition
          115bd0           115bd0      100    16         keyboard.o:(.data)
          115bd0           115bd0      100     1                 keycode
          115cd0           115cd0        0     1         ../lib/libc.a(libc_a-strtol.o):(.data)
          115cd0           115cd0       18     8 .got.plt
          115cd0           115cd0       18     8         <internal>:(.got.plt)
          116000           116000   549010  4096 .bss
          116000           116000   500428    16         kernel.o:(.bss)
          116000           116000        8     1                 kNullFrame
          116010           116010   100000     1                 kernel_main_stack
          216010           216010      400     1                 Input_Buffer
          216410           216410   400010     1                 memory_manager_buf
          616420           616420        8     1                 memory_manager
          616428           616428        0     1         ../lib/libc.a(libc_a-malloc.o):(.bss)
          616428           616428        0     1         ../lib/libc.a(libc_a-impure.o):(.bss)
          616440           616440      218    32         ../lib/libc.a(libc_a-findfp.o):(.bss)
          616440           616440      210     1                 __sf
          616650           616650        8     1                 __stdio_exit_handler
          616658           616658        0     1         ../lib/libc.a(libc_a-fclose.o):(.bss)
          616658           616658        0     1         ../lib/libc.a(libc_a-fflush.o):(.bss)
          616658           616658        0     1         ../lib/libc.a(libc_a-freer.o):(.bss)
          616658           616658        0     1         ../lib/libc.a(libc_a-mlock.o):(.bss)
          616660           616660       40    32         ../lib/libc.a(libc_a-mallocr.o):(.bss)
          616660           616660       28     1                 __malloc_current_mallinfo
          616688           616688        8     1                 __malloc_max_total_mem
          616690           616690        8     1                 __malloc_max_sbrked_mem
          616698           616698        8     1                 __malloc_top_pad
          6166a0           6166a0        0     1         ../lib/libc.a(libc_a-sbrkr.o):(.bss)
          6166a0           6166a0        4     4         ../lib/libc.a(libc_a-reent.o):(.bss)
          6166a0           6166a0        4     1                 errno
          6166a4           6166a4        0     1         ../lib/libc.a(libc_a-fwalk.o):(.bss)
          6166a4           6166a4        0     1         ../lib/libc.a(libc_a-memset.o):(.bss)
          6166a4           6166a4        0     1         ../lib/libc.a(libc_a-stdio.o):(.bss)
          6166a4           6166a4        0     1         ../lib/libc.a(libc_a-readr.o):(.bss)
          6166a4           6166a4        0     1         ../lib/libc.a(libc_a-writer.o):(.bss)
          6166a4           6166a4        0     1         ../lib/libc.a(libc_a-lseekr.o):(.bss)
          6166a4           6166a4        0     1         ../lib/libc.a(libc_a-closer.o):(.bss)
          6166b0           6166b0     5638    16         frame.o:(.bss)
          6166b0           6166b0        8     1                 WritePixel
          6166b8           6166b8        8     1                 vinfo
          6166c0           6166c0        8     1                 ascii_font
          6166c8           6166c8        4     1                 line_queue_head
          6166cc           6166cc        4     1                 line_queue_end
          6166d0           6166d0        4     1                 max_line
          6166e0           6166e0     4e20     1                 line_queue
          61b500           61b500        4     1                 Print::y
          61b510           61b510      3e8     1                 Print::line
          61b8f8           61b8f8        4     1                 Print::debug
          61b900           61b900      3e8     1                 Printf::str_for_Printf
          61bce8           61bce8        0     1         ../lib/libc.a(libc_a-strcpy.o):(.bss)
          61bce8           61bce8        0     1         ../lib/libc.a(libc_a-strcat.o):(.bss)
          61bce8           61bce8        0     1         ../lib/libc.a(libc_a-strlen.o):(.bss)
          61bce8           61bce8        0     1         ../lib/libc.a(libc_a-vsprintf.o):(.bss)
          61bce8           61bce8        0     1         ../lib/libc.a(libc_a-svfprintf.o):(.bss)
          61bce8           61bce8        0     1         ../lib/libc.a(libc_a-localeconv.o):(.bss)
          61bce8           61bce8        8     8         ../lib/libc.a(libc_a-locale.o):(.bss)
          61bce8           61bce8        8     1                 _PathLocale
          61bcf0           61bcf0        0     1         ../lib/libc.a(libc_a-strcmp.o):(.bss)
          61bcf0           61bcf0        0     1         ../lib/libc.a(libc_a-wctomb_r.o):(.bss)
          61bcf0           61bcf0        0     1         ../lib/libc.a(libc_a-mbtowc_r.o):(.bss)
          61bcf0           61bcf0        8     8         ../lib/libc.a(libc_a-stack_protector.o):(.bss)
          61bcf0           61bcf0        8     1                 __stack_chk_guard
          61bcf8           61bcf8        0     1         ../lib/libc.a(libc_a-signal.o):(.bss)
          61bcf8           61bcf8        0     1         ../lib/libc.a(libc_a-signalr.o):(.bss)
          61bcf8           61bcf8        0     1         ../lib/libc.a(libc_a-ctype_.o):(.bss)
          61bcf8           61bcf8        0     1         ../lib/libc.a(libc_a-svfiprintf.o):(.bss)
          61bcf8           61bcf8        0     1         ../lib/libc.a(libc_a-memmove.o):(.bss)
          61bcf8           61bcf8        0     1         ../lib/libc.a(libc_a-memcpy.o):(.bss)
          61bcf8           61bcf8        0     1         ../lib/libc.a(libc_a-reallocr.o):(.bss)
          61bcf8           61bcf8        0     1         ../lib/libc.a(libc_a-memchr.o):(.bss)
          61bcf8           61bcf8        0     1         ../lib/libc.a(libc_a-dtoa.o):(.bss)
          61bcf8           61bcf8        0     1         ../lib/libc.a(libc_a-mprec.o):(.bss)
          61bcf8           61bcf8        0     1         ../lib/libc.a(libc_a-callocr.o):(.bss)
          61bcf8           61bcf8        0     1         ../lib/libc.a(libc_a-errno.o):(.bss)
          61bcf8           61bcf8        0     1         ../lib/libc.a(libc_a-assert.o):(.bss)
          61bcf8           61bcf8        0     1         ../lib/libc.a(libc_a-fiprintf.o):(.bss)
          61bcf8           61bcf8        0     1         ../lib/libc.a(libc_a-vfiprintf.o):(.bss)
          61bcf8           61bcf8        0     1         ../lib/libc.a(libc_a-fputwc.o):(.bss)
          61bcf8           61bcf8        0     1         ../lib/libc.a(libc_a-wcrtomb.o):(.bss)
          61bcf8           61bcf8        0     1         ../lib/libc.a(libc_a-wbuf.o):(.bss)
          61bcf8           61bcf8        0     1         ../lib/libc.a(libc_a-wsetup.o):(.bss)
          61bcf8           61bcf8        0     1         ../lib/libc.a(libc_a-makebuf.o):(.bss)
          61bcf8           61bcf8        0     1         ../lib/libc.a(libc_a-fstatr.o):(.bss)
          61bcf8           61bcf8        0     1         ../lib/libc.a(libc_a-isattyr.o):(.bss)
          61bcf8           61bcf8        0     1         ../lib/libc.a(libc_a-fvwrite.o):(.bss)
          61bcf8           61bcf8        0     1         ../lib/libc.a(libc_a-abort.o):(.bss)
          61bcf8           61bcf8        0     1         ../lib/libc.a(libc_a-sprintf.o):(.bss)
          61bd00           61bd00       f0    16         pci.o:(.bss)
          61bd00           61bd00        4     1                 num_device
          61bd04           61bd04        4     1                 invdev
          61bd10           61bd10       e0     1                 devices
          61bdf0           61bdf0        8     8         memory_map.o:(.bss)
          61bdf0           61bdf0        8     1                 mmap
          61bdf8           61bdf8       10     8         newlib.o:(.bss)
          61bdf8           61bdf8        8     1                 program_break
          61be00           61be00        8     1                 program_break_end
          61be10           61be10     1001    16         interrupt.o:(.bss)
          61be10           61be10     1000     1                 idt
          61ce10           61ce10        1     1                 KeyboardInterrupt(InterruptFrame*)::isShift
          61d000           61d000    42000  4096         paging.o:(.bss)
          61d000           61d000     1000     1                 (anonymous namespace)::pdp_table
          61e000           61e000     1000     1                 (anonymous namespace)::pml4_table
          61f000           61f000    40000     1                 (anonymous namespace)::page_directory
          65f000           65f000        8     8         command.o:(.bss)
          65f000           65f000        8     1                 kNullFrame
          65f008           65f008        0     1         ../lib/libc.a(libc_a-strtol.o):(.bss)
          65f008           65f008        8     8         memory_manager.o:(.bss)
          65f008           65f008        8     1                 kNullFrame
               0                0     8d38     1 .debug_abbrev
               0                0      4f1     1         kernel.o:(.debug_abbrev)
             4f1              4f1      20b     1         ../lib/libc.a(libc_a-malloc.o):(.debug_abbrev)
             6fc              6fc      18d     1         ../lib/libc.a(libc_a-impure.o):(.debug_abbrev)
             889              889      44d     1         ../lib/libc.a(libc_a-findfp.o):(.debug_abbrev)
             cd6              cd6      2ed     1         ../lib/libc.a(libc_a-fclose.o):(.debug_abbrev)
             fc3              fc3      333     1         ../lib/libc.a(libc_a-fflush.o):(.debug_abbrev)
            12f6             12f6      290     1         ../lib/libc.a(libc_a-freer.o):(.debug_abbrev)
            1586             1586      1ce     1         ../lib/libc.a(libc_a-mlock.o):(.debug_abbrev)
            1754             1754      2d7     1         ../lib/libc.a(libc_a-mallocr.o):(.debug_abbrev)
            1a2b             1a2b      202     1         ../lib/libc.a(libc_a-sbrkr.o):(.debug_abbrev)
            1c2d             1c2d      230     1         ../lib/libc.a(libc_a-reent.o):(.debug_abbrev)
            1e5d             1e5d      1d9     1         ../lib/libc.a(libc_a-fwalk.o):(.debug_abbrev)
            2036             2036       14     1         ../lib/libc.a(libc_a-memset.o):(.debug_abbrev)
            204a             204a      24f     1         ../lib/libc.a(libc_a-stdio.o):(.debug_abbrev)
            2299             2299      1ec     1         ../lib/libc.a(libc_a-readr.o):(.debug_abbrev)
            2485             2485      1f1     1         ../lib/libc.a(libc_a-writer.o):(.debug_abbrev)
            2676             2676      200     1         ../lib/libc.a(libc_a-lseekr.o):(.debug_abbrev)
            2876             2876      1ec     1         ../lib/libc.a(libc_a-closer.o):(.debug_abbrev)
            2a62             2a62      1c4     1         frame.o:(.debug_abbrev)
            2c26             2c26       97     1         ../lib/libc.a(libc_a-strcpy.o):(.debug_abbrev)
            2cbd             2cbd       ce     1         ../lib/libc.a(libc_a-strcat.o):(.debug_abbrev)
            2d8b             2d8b       90     1         ../lib/libc.a(libc_a-strlen.o):(.debug_abbrev)
            2e1b             2e1b      2aa     1         ../lib/libc.a(libc_a-vsprintf.o):(.debug_abbrev)
            30c5             30c5      404     1         ../lib/libc.a(libc_a-svfprintf.o):(.debug_abbrev)
            34c9             34c9      264     1         ../lib/libc.a(libc_a-localeconv.o):(.debug_abbrev)
            372d             372d      2f4     1         ../lib/libc.a(libc_a-locale.o):(.debug_abbrev)
            3a21             3a21       83     1         ../lib/libc.a(libc_a-strcmp.o):(.debug_abbrev)
            3aa4             3aa4      253     1         ../lib/libc.a(libc_a-wctomb_r.o):(.debug_abbrev)
            3cf7             3cf7      25e     1         ../lib/libc.a(libc_a-mbtowc_r.o):(.debug_abbrev)
            3f55             3f55      133     1         ../lib/libc.a(libc_a-stack_protector.o):(.debug_abbrev)
            4088             4088      315     1         ../lib/libc.a(libc_a-signal.o):(.debug_abbrev)
            439d             439d      239     1         ../lib/libc.a(libc_a-signalr.o):(.debug_abbrev)
            45d6             45d6       69     1         ../lib/libc.a(libc_a-ctype_.o):(.debug_abbrev)
            463f             463f      329     1         ../lib/libc.a(libc_a-svfiprintf.o):(.debug_abbrev)
            4968             4968       b2     1         ../lib/libc.a(libc_a-memmove.o):(.debug_abbrev)
            4a1a             4a1a       14     1         ../lib/libc.a(libc_a-memcpy.o):(.debug_abbrev)
            4a2e             4a2e      29a     1         ../lib/libc.a(libc_a-reallocr.o):(.debug_abbrev)
            4cc8             4cc8       c7     1         ../lib/libc.a(libc_a-memchr.o):(.debug_abbrev)
            4d8f             4d8f      346     1         ../lib/libc.a(libc_a-dtoa.o):(.debug_abbrev)
            50d5             50d5      4ef     1         ../lib/libc.a(libc_a-mprec.o):(.debug_abbrev)
            55c4             55c4      25b     1         ../lib/libc.a(libc_a-callocr.o):(.debug_abbrev)
            581f             581f      19a     1         ../lib/libc.a(libc_a-errno.o):(.debug_abbrev)
            59b9             59b9      226     1         ../lib/libc.a(libc_a-assert.o):(.debug_abbrev)
            5bdf             5bdf      24b     1         ../lib/libc.a(libc_a-fiprintf.o):(.debug_abbrev)
            5e2a             5e2a      45e     1         ../lib/libc.a(libc_a-vfiprintf.o):(.debug_abbrev)
            6288             6288      363     1         ../lib/libc.a(libc_a-fputwc.o):(.debug_abbrev)
            65eb             65eb      25d     1         ../lib/libc.a(libc_a-wcrtomb.o):(.debug_abbrev)
            6848             6848      272     1         ../lib/libc.a(libc_a-wbuf.o):(.debug_abbrev)
            6aba             6aba      21e     1         ../lib/libc.a(libc_a-wsetup.o):(.debug_abbrev)
            6cd8             6cd8      2fb     1         ../lib/libc.a(libc_a-makebuf.o):(.debug_abbrev)
            6fd3             6fd3      1ff     1         ../lib/libc.a(libc_a-fstatr.o):(.debug_abbrev)
            71d2             71d2      1ec     1         ../lib/libc.a(libc_a-isattyr.o):(.debug_abbrev)
            73be             73be      254     1         ../lib/libc.a(libc_a-fvwrite.o):(.debug_abbrev)
            7612             7612       99     1         ../lib/libc.a(libc_a-abort.o):(.debug_abbrev)
            76ab             76ab      251     1         ../lib/libc.a(libc_a-sprintf.o):(.debug_abbrev)
            78fc             78fc      108     1         pci.o:(.debug_abbrev)
            7a04             7a04       f3     1         memory_map.o:(.debug_abbrev)
            7af7             7af7      193     1         newlib.o:(.debug_abbrev)
            7c8a             7c8a       f8     1         segment.o:(.debug_abbrev)
            7d82             7d82      145     1         interrupt.o:(.debug_abbrev)
            7ec7             7ec7      23c     1         paging.o:(.debug_abbrev)
            8103             8103       7c     1         keyboard.o:(.debug_abbrev)
            817f             817f       cf     1         input.o:(.debug_abbrev)
            824e             824e      2f9     1         command.o:(.debug_abbrev)
            8547             8547      324     1         ../lib/libc.a(libc_a-strtol.o):(.debug_abbrev)
            886b             886b      4cd     1         memory_manager.o:(.debug_abbrev)
               0                0    27021     1 .debug_info
               0                0     1940     1         kernel.o:(.debug_info)
            1940             1940      7c7     1         ../lib/libc.a(libc_a-malloc.o):(.debug_info)
            2107             2107      732     1         ../lib/libc.a(libc_a-impure.o):(.debug_info)
            2839             2839      f8c     1         ../lib/libc.a(libc_a-findfp.o):(.debug_info)
            37c5             37c5      91d     1         ../lib/libc.a(libc_a-fclose.o):(.debug_info)
            40e2             40e2      aaf     1         ../lib/libc.a(libc_a-fflush.o):(.debug_info)
            4b91             4b91      b73     1         ../lib/libc.a(libc_a-freer.o):(.debug_info)
            5704             5704      749     1         ../lib/libc.a(libc_a-mlock.o):(.debug_info)
            5e4d             5e4d      d17     1         ../lib/libc.a(libc_a-mallocr.o):(.debug_info)
            6b64             6b64      79c     1         ../lib/libc.a(libc_a-sbrkr.o):(.debug_info)
            7300             7300      823     1         ../lib/libc.a(libc_a-reent.o):(.debug_info)
            7b23             7b23      7f6     1         ../lib/libc.a(libc_a-fwalk.o):(.debug_info)
            8319             8319       29     1         ../lib/libc.a(libc_a-memset.o):(.debug_info)
            8342             8342      aaf     1         ../lib/libc.a(libc_a-stdio.o):(.debug_info)
            8df1             8df1      7d3     1         ../lib/libc.a(libc_a-readr.o):(.debug_info)
            95c4             95c4      7d9     1         ../lib/libc.a(libc_a-writer.o):(.debug_info)
            9d9d             9d9d      7d4     1         ../lib/libc.a(libc_a-lseekr.o):(.debug_info)
            a571             a571      77d     1         ../lib/libc.a(libc_a-closer.o):(.debug_info)
            acee             acee      6f6     1         frame.o:(.debug_info)
            b3e4             b3e4      136     1         ../lib/libc.a(libc_a-strcpy.o):(.debug_info)
            b51a             b51a      14c     1         ../lib/libc.a(libc_a-strcat.o):(.debug_info)
            b666             b666       fb     1         ../lib/libc.a(libc_a-strlen.o):(.debug_info)
            b761             b761      963     1         ../lib/libc.a(libc_a-vsprintf.o):(.debug_info)
            c0c4             c0c4     185b     1         ../lib/libc.a(libc_a-svfprintf.o):(.debug_info)
            d91f             d91f      a40     1         ../lib/libc.a(libc_a-localeconv.o):(.debug_info)
            e35f             e35f      cc4     1         ../lib/libc.a(libc_a-locale.o):(.debug_info)
            f023             f023       fb     1         ../lib/libc.a(libc_a-strcmp.o):(.debug_info)
            f11e             f11e      a7b     1         ../lib/libc.a(libc_a-wctomb_r.o):(.debug_info)
            fb99             fb99      aef     1         ../lib/libc.a(libc_a-mbtowc_r.o):(.debug_info)
           10688            10688      20c     1         ../lib/libc.a(libc_a-stack_protector.o):(.debug_info)
           10894            10894      ef1     1         ../lib/libc.a(libc_a-signal.o):(.debug_info)
           11785            11785      810     1         ../lib/libc.a(libc_a-signalr.o):(.debug_info)
           11f95            11f95       f6     1         ../lib/libc.a(libc_a-ctype_.o):(.debug_info)
           1208b            1208b     124f     1         ../lib/libc.a(libc_a-svfiprintf.o):(.debug_info)
           132da            132da      15d     1         ../lib/libc.a(libc_a-memmove.o):(.debug_info)
           13437            13437       29     1         ../lib/libc.a(libc_a-memcpy.o):(.debug_info)
           13460            13460      bfa     1         ../lib/libc.a(libc_a-reallocr.o):(.debug_info)
           1405a            1405a      15a     1         ../lib/libc.a(libc_a-memchr.o):(.debug_info)
           141b4            141b4     170e     1         ../lib/libc.a(libc_a-dtoa.o):(.debug_info)
           158c2            158c2     200f     1         ../lib/libc.a(libc_a-mprec.o):(.debug_info)
           178d1            178d1      8e7     1         ../lib/libc.a(libc_a-callocr.o):(.debug_info)
           181b8            181b8      71e     1         ../lib/libc.a(libc_a-errno.o):(.debug_info)
           188d6            188d6      84b     1         ../lib/libc.a(libc_a-assert.o):(.debug_info)
           19121            19121      8df     1         ../lib/libc.a(libc_a-fiprintf.o):(.debug_info)
           19a00            19a00     194f     1         ../lib/libc.a(libc_a-vfiprintf.o):(.debug_info)
           1b34f            1b34f      a7d     1         ../lib/libc.a(libc_a-fputwc.o):(.debug_info)
           1bdcc            1bdcc      b79     1         ../lib/libc.a(libc_a-wcrtomb.o):(.debug_info)
           1c945            1c945      89f     1         ../lib/libc.a(libc_a-wbuf.o):(.debug_info)
           1d1e4            1d1e4      7ea     1         ../lib/libc.a(libc_a-wsetup.o):(.debug_info)
           1d9ce            1d9ce      c71     1         ../lib/libc.a(libc_a-makebuf.o):(.debug_info)
           1e63f            1e63f      990     1         ../lib/libc.a(libc_a-fstatr.o):(.debug_info)
           1efcf            1efcf      77d     1         ../lib/libc.a(libc_a-isattyr.o):(.debug_info)
           1f74c            1f74c      bae     1         ../lib/libc.a(libc_a-fvwrite.o):(.debug_info)
           202fa            202fa       f0     1         ../lib/libc.a(libc_a-abort.o):(.debug_info)
           203ea            203ea      91a     1         ../lib/libc.a(libc_a-sprintf.o):(.debug_info)
           20d04            20d04      487     1         pci.o:(.debug_info)
           2118b            2118b      1c7     1         memory_map.o:(.debug_info)
           21352            21352      56a     1         newlib.o:(.debug_info)
           218bc            218bc      227     1         segment.o:(.debug_info)
           21ae3            21ae3      351     1         interrupt.o:(.debug_info)
           21e34            21e34      f5b     1         paging.o:(.debug_info)
           22d8f            22d8f       67     1         keyboard.o:(.debug_info)
           22df6            22df6      19a     1         input.o:(.debug_info)
           22f90            22f90     12d6     1         command.o:(.debug_info)
           24266            24266      ed2     1         ../lib/libc.a(libc_a-strtol.o):(.debug_info)
           25138            25138     1ee9     1         memory_manager.o:(.debug_info)
               0                0      817     1 .debug_rnglists
               0                0       35     1         kernel.o:(.debug_rnglists)
              35               35       6b     1         ../lib/libc.a(libc_a-findfp.o):(.debug_rnglists)
              a0               a0       1f     1         ../lib/libc.a(libc_a-fclose.o):(.debug_rnglists)
              bf               bf       54     1         ../lib/libc.a(libc_a-fflush.o):(.debug_rnglists)
             113              113       3a     1         ../lib/libc.a(libc_a-mallocr.o):(.debug_rnglists)
             14d              14d       20     1         frame.o:(.debug_rnglists)
             16d              16d       f8     1         ../lib/libc.a(libc_a-svfprintf.o):(.debug_rnglists)
             265              265       21     1         ../lib/libc.a(libc_a-locale.o):(.debug_rnglists)
             286              286       22     1         ../lib/libc.a(libc_a-stack_protector.o):(.debug_rnglists)
             2a8              2a8       b6     1         ../lib/libc.a(libc_a-signal.o):(.debug_rnglists)
             35e              35e       36     1         ../lib/libc.a(libc_a-svfiprintf.o):(.debug_rnglists)
             394              394       a4     1         ../lib/libc.a(libc_a-reallocr.o):(.debug_rnglists)
             438              438       31     1         ../lib/libc.a(libc_a-dtoa.o):(.debug_rnglists)
             469              469       b9     1         ../lib/libc.a(libc_a-mprec.o):(.debug_rnglists)
             522              522       24     1         ../lib/libc.a(libc_a-callocr.o):(.debug_rnglists)
             546              546       cd     1         ../lib/libc.a(libc_a-vfiprintf.o):(.debug_rnglists)
             613              613       32     1         ../lib/libc.a(libc_a-fputwc.o):(.debug_rnglists)
             645              645       18     1         ../lib/libc.a(libc_a-wbuf.o):(.debug_rnglists)
             65d              65d       18     1         ../lib/libc.a(libc_a-wsetup.o):(.debug_rnglists)
             675              675       23     1         ../lib/libc.a(libc_a-makebuf.o):(.debug_rnglists)
             698              698       30     1         ../lib/libc.a(libc_a-fvwrite.o):(.debug_rnglists)
             6c8              6c8       57     1         pci.o:(.debug_rnglists)
             71f              71f       23     1         interrupt.o:(.debug_rnglists)
             742              742       1e     1         paging.o:(.debug_rnglists)
             760              760       18     1         input.o:(.debug_rnglists)
             778              778       26     1         command.o:(.debug_rnglists)
             79e              79e       2d     1         ../lib/libc.a(libc_a-strtol.o):(.debug_rnglists)
             7cb              7cb       4c     1         memory_manager.o:(.debug_rnglists)
               0                0     1d50     1 .debug_str_offsets
               0                0      6ac     1         kernel.o:(.debug_str_offsets)
             6ac              6ac      1ec     1         frame.o:(.debug_str_offsets)
             898              898      12c     1         pci.o:(.debug_str_offsets)
             9c4              9c4       bc     1         memory_map.o:(.debug_str_offsets)
             a80              a80       e4     1         segment.o:(.debug_str_offsets)
             b64              b64      154     1         interrupt.o:(.debug_str_offsets)
             cb8              cb8      3d4     1         paging.o:(.debug_str_offsets)
            108c             108c       30     1         keyboard.o:(.debug_str_offsets)
            10bc             10bc       6c     1         input.o:(.debug_str_offsets)
            1128             1128      464     1         command.o:(.debug_str_offsets)
            158c             158c      7c4     1         memory_manager.o:(.debug_str_offsets)
               0                0     4d4b     1 .debug_str
               0                0     4d4b     1         <internal>:(.debug_str)
               0                0      520     1 .debug_addr
               0                0       a0     1         kernel.o:(.debug_addr)
              a0               a0      110     1         frame.o:(.debug_addr)
             1b0              1b0       c0     1         pci.o:(.debug_addr)
             270              270       28     1         memory_map.o:(.debug_addr)
             298              298       30     1         segment.o:(.debug_addr)
             2c8              2c8       80     1         interrupt.o:(.debug_addr)
             348              348       50     1         paging.o:(.debug_addr)
             398              398       20     1         keyboard.o:(.debug_addr)
             3b8              3b8       40     1         input.o:(.debug_addr)
             3f8              3f8       40     1         command.o:(.debug_addr)
             438              438       e8     1         memory_manager.o:(.debug_addr)
               0                0       6b     1 .comment
               0                0       6b     1         <internal>:(.comment)
               0                0     ce7e     1 .debug_line
               0                0      2f6     1         kernel.o:(.debug_line)
             2f6              2f6       a0     1         ../lib/libc.a(libc_a-malloc.o):(.debug_line)
             396              396       56     1         ../lib/libc.a(libc_a-impure.o):(.debug_line)
             3ec              3ec      415     1         ../lib/libc.a(libc_a-findfp.o):(.debug_line)
             801              801      15c     1         ../lib/libc.a(libc_a-fclose.o):(.debug_line)
             95d              95d      38b     1         ../lib/libc.a(libc_a-fflush.o):(.debug_line)
             ce8              ce8      460     1         ../lib/libc.a(libc_a-freer.o):(.debug_line)
            1148             1148       74     1         ../lib/libc.a(libc_a-mlock.o):(.debug_line)
            11bc             11bc      76f     1         ../lib/libc.a(libc_a-mallocr.o):(.debug_line)
            192b             192b       a9     1         ../lib/libc.a(libc_a-sbrkr.o):(.debug_line)
            19d4             19d4      11b     1         ../lib/libc.a(libc_a-reent.o):(.debug_line)
            1aef             1aef       df     1         ../lib/libc.a(libc_a-fwalk.o):(.debug_line)
            1bce             1bce       82     1         ../lib/libc.a(libc_a-memset.o):(.debug_line)
            1c50             1c50      15f     1         ../lib/libc.a(libc_a-stdio.o):(.debug_line)
            1daf             1daf       b4     1         ../lib/libc.a(libc_a-readr.o):(.debug_line)
            1e63             1e63       b4     1         ../lib/libc.a(libc_a-writer.o):(.debug_line)
            1f17             1f17       b6     1         ../lib/libc.a(libc_a-lseekr.o):(.debug_line)
            1fcd             1fcd       ad     1         ../lib/libc.a(libc_a-closer.o):(.debug_line)
            207a             207a      74c     1         frame.o:(.debug_line)
            27c6             27c6       cf     1         ../lib/libc.a(libc_a-strcpy.o):(.debug_line)
            2895             2895       a7     1         ../lib/libc.a(libc_a-strcat.o):(.debug_line)
            293c             293c       bc     1         ../lib/libc.a(libc_a-strlen.o):(.debug_line)
            29f8             29f8      117     1         ../lib/libc.a(libc_a-vsprintf.o):(.debug_line)
            2b0f             2b0f     1746     1         ../lib/libc.a(libc_a-svfprintf.o):(.debug_line)
            4255             4255       a7     1         ../lib/libc.a(libc_a-localeconv.o):(.debug_line)
            42fc             42fc      161     1         ../lib/libc.a(libc_a-locale.o):(.debug_line)
            445d             445d       d7     1         ../lib/libc.a(libc_a-strcmp.o):(.debug_line)
            4534             4534       d9     1         ../lib/libc.a(libc_a-wctomb_r.o):(.debug_line)
            460d             460d       db     1         ../lib/libc.a(libc_a-mbtowc_r.o):(.debug_line)
            46e8             46e8       d2     1         ../lib/libc.a(libc_a-stack_protector.o):(.debug_line)
            47ba             47ba      581     1         ../lib/libc.a(libc_a-signal.o):(.debug_line)
            4d3b             4d3b       c6     1         ../lib/libc.a(libc_a-signalr.o):(.debug_line)
            4e01             4e01       48     1         ../lib/libc.a(libc_a-ctype_.o):(.debug_line)
            4e49             4e49      dfa     1         ../lib/libc.a(libc_a-svfiprintf.o):(.debug_line)
            5c43             5c43      15e     1         ../lib/libc.a(libc_a-memmove.o):(.debug_line)
            5da1             5da1       97     1         ../lib/libc.a(libc_a-memcpy.o):(.debug_line)
            5e38             5e38      634     1         ../lib/libc.a(libc_a-reallocr.o):(.debug_line)
            646c             646c      12d     1         ../lib/libc.a(libc_a-memchr.o):(.debug_line)
            6599             6599     1380     1         ../lib/libc.a(libc_a-dtoa.o):(.debug_line)
            7919             7919     158c     1         ../lib/libc.a(libc_a-mprec.o):(.debug_line)
            8ea5             8ea5      177     1         ../lib/libc.a(libc_a-callocr.o):(.debug_line)
            901c             901c       72     1         ../lib/libc.a(libc_a-errno.o):(.debug_line)
            908e             908e       bc     1         ../lib/libc.a(libc_a-assert.o):(.debug_line)
            914a             914a       d8     1         ../lib/libc.a(libc_a-fiprintf.o):(.debug_line)
            9222             9222     107c     1         ../lib/libc.a(libc_a-vfiprintf.o):(.debug_line)
            a29e             a29e      21f     1         ../lib/libc.a(libc_a-fputwc.o):(.debug_line)
            a4bd             a4bd      151     1         ../lib/libc.a(libc_a-wcrtomb.o):(.debug_line)
            a60e             a60e      1d2     1         ../lib/libc.a(libc_a-wbuf.o):(.debug_line)
            a7e0             a7e0      20d     1         ../lib/libc.a(libc_a-wsetup.o):(.debug_line)
            a9ed             a9ed      22d     1         ../lib/libc.a(libc_a-makebuf.o):(.debug_line)
            ac1a             ac1a       c6     1         ../lib/libc.a(libc_a-fstatr.o):(.debug_line)
            ace0             ace0       ad     1         ../lib/libc.a(libc_a-isattyr.o):(.debug_line)
            ad8d             ad8d      535     1         ../lib/libc.a(libc_a-fvwrite.o):(.debug_line)
            b2c2             b2c2       72     1         ../lib/libc.a(libc_a-abort.o):(.debug_line)
            b334             b334      12b     1         ../lib/libc.a(libc_a-sprintf.o):(.debug_line)
            b45f             b45f      428     1         pci.o:(.debug_line)
            b887             b887      14d     1         memory_map.o:(.debug_line)
            b9d4             b9d4      12e     1         newlib.o:(.debug_line)
            bb02             bb02      1db     1         segment.o:(.debug_line)
            bcdd             bcdd      343     1         interrupt.o:(.debug_line)
            c020             c020      173     1         paging.o:(.debug_line)
            c193             c193       7e     1         keyboard.o:(.debug_line)
            c211             c211      1f5     1         input.o:(.debug_line)
            c406             c406      1e2     1         command.o:(.debug_line)
            c5e8             c5e8      2e4     1         ../lib/libc.a(libc_a-strtol.o):(.debug_line)
            c8cc             c8cc      5b2     1         memory_manager.o:(.debug_line)
               0                0      ea0     1 .debug_line_str
               0                0      ea0     1         <internal>:(.debug_line_str)
               0                0     d8ef     1 .debug_loclists
               0                0       3e     1         ../lib/libc.a(libc_a-malloc.o):(.debug_loclists)
              3e               3e      1d2     1         ../lib/libc.a(libc_a-findfp.o):(.debug_loclists)
             210              210      112     1         ../lib/libc.a(libc_a-fclose.o):(.debug_loclists)
             322              322      2bb     1         ../lib/libc.a(libc_a-fflush.o):(.debug_loclists)
             5dd              5dd      4c7     1         ../lib/libc.a(libc_a-freer.o):(.debug_loclists)
             aa4              aa4      9aa     1         ../lib/libc.a(libc_a-mallocr.o):(.debug_loclists)
            144e             144e       50     1         ../lib/libc.a(libc_a-sbrkr.o):(.debug_loclists)
            149e             149e       8c     1         ../lib/libc.a(libc_a-reent.o):(.debug_loclists)
            152a             152a       94     1         ../lib/libc.a(libc_a-fwalk.o):(.debug_loclists)
            15be             15be      256     1         ../lib/libc.a(libc_a-stdio.o):(.debug_loclists)
            1814             1814       82     1         ../lib/libc.a(libc_a-readr.o):(.debug_loclists)
            1896             1896       82     1         ../lib/libc.a(libc_a-writer.o):(.debug_loclists)
            1918             1918       82     1         ../lib/libc.a(libc_a-lseekr.o):(.debug_loclists)
            199a             199a       50     1         ../lib/libc.a(libc_a-closer.o):(.debug_loclists)
            19ea             19ea       3c     1         frame.o:(.debug_loclists)
            1a26             1a26       d1     1         ../lib/libc.a(libc_a-strcpy.o):(.debug_loclists)
            1af7             1af7       52     1         ../lib/libc.a(libc_a-strcat.o):(.debug_loclists)
            1b49             1b49       39     1         ../lib/libc.a(libc_a-strlen.o):(.debug_loclists)
            1b82             1b82      118     1         ../lib/libc.a(libc_a-vsprintf.o):(.debug_loclists)
            1c9a             1c9a     1fce     1         ../lib/libc.a(libc_a-svfprintf.o):(.debug_loclists)
            3c68             3c68       1e     1         ../lib/libc.a(libc_a-localeconv.o):(.debug_loclists)
            3c86             3c86      189     1         ../lib/libc.a(libc_a-locale.o):(.debug_loclists)
            3e0f             3e0f       60     1         ../lib/libc.a(libc_a-strcmp.o):(.debug_loclists)
            3e6f             3e6f       5c     1         ../lib/libc.a(libc_a-wctomb_r.o):(.debug_loclists)
            3ecb             3ecb      107     1         ../lib/libc.a(libc_a-mbtowc_r.o):(.debug_loclists)
            3fd2             3fd2      813     1         ../lib/libc.a(libc_a-signal.o):(.debug_loclists)
            47e5             47e5       7b     1         ../lib/libc.a(libc_a-signalr.o):(.debug_loclists)
            4860             4860      ffd     1         ../lib/libc.a(libc_a-svfiprintf.o):(.debug_loclists)
            585d             585d      3ae     1         ../lib/libc.a(libc_a-memmove.o):(.debug_loclists)
            5c0b             5c0b      b7b     1         ../lib/libc.a(libc_a-reallocr.o):(.debug_loclists)
            6786             6786      154     1         ../lib/libc.a(libc_a-memchr.o):(.debug_loclists)
            68da             68da     23c9     1         ../lib/libc.a(libc_a-dtoa.o):(.debug_loclists)
            8ca3             8ca3     1900     1         ../lib/libc.a(libc_a-mprec.o):(.debug_loclists)
            a5a3             a5a3      190     1         ../lib/libc.a(libc_a-callocr.o):(.debug_loclists)
            a733             a733       d3     1         ../lib/libc.a(libc_a-assert.o):(.debug_loclists)
            a806             a806       9d     1         ../lib/libc.a(libc_a-fiprintf.o):(.debug_loclists)
            a8a3             a8a3     1b20     1         ../lib/libc.a(libc_a-vfiprintf.o):(.debug_loclists)
            c3c3             c3c3      1e7     1         ../lib/libc.a(libc_a-fputwc.o):(.debug_loclists)
            c5aa             c5aa      184     1         ../lib/libc.a(libc_a-wcrtomb.o):(.debug_loclists)
            c72e             c72e      131     1         ../lib/libc.a(libc_a-wbuf.o):(.debug_loclists)
            c85f             c85f       5f     1         ../lib/libc.a(libc_a-wsetup.o):(.debug_loclists)
            c8be             c8be      217     1         ../lib/libc.a(libc_a-makebuf.o):(.debug_loclists)
            cad5             cad5       69     1         ../lib/libc.a(libc_a-fstatr.o):(.debug_loclists)
            cb3e             cb3e       50     1         ../lib/libc.a(libc_a-isattyr.o):(.debug_loclists)
            cb8e             cb8e      548     1         ../lib/libc.a(libc_a-fvwrite.o):(.debug_loclists)
            d0d6             d0d6       b3     1         ../lib/libc.a(libc_a-sprintf.o):(.debug_loclists)
            d189             d189      766     1         ../lib/libc.a(libc_a-strtol.o):(.debug_loclists)
               0                0      a40    16 .debug_aranges
               0                0       30     1         ../lib/libc.a(libc_a-malloc.o):(.debug_aranges)
              30               30       20     1         ../lib/libc.a(libc_a-impure.o):(.debug_aranges)
              50               50       30     1         ../lib/libc.a(libc_a-findfp.o):(.debug_aranges)
              80               80       30     1         ../lib/libc.a(libc_a-fclose.o):(.debug_aranges)
              b0               b0       30     1         ../lib/libc.a(libc_a-fflush.o):(.debug_aranges)
              e0               e0       30     1         ../lib/libc.a(libc_a-freer.o):(.debug_aranges)
             110              110       30     1         ../lib/libc.a(libc_a-mlock.o):(.debug_aranges)
             140              140       30     1         ../lib/libc.a(libc_a-mallocr.o):(.debug_aranges)
             170              170       30     1         ../lib/libc.a(libc_a-sbrkr.o):(.debug_aranges)
             1a0              1a0       30     1         ../lib/libc.a(libc_a-reent.o):(.debug_aranges)
             1d0              1d0       30     1         ../lib/libc.a(libc_a-fwalk.o):(.debug_aranges)
             200              200       30    16         ../lib/libc.a(libc_a-memset.o):(.debug_aranges)
             230              230       30     1         ../lib/libc.a(libc_a-stdio.o):(.debug_aranges)
             260              260       30     1         ../lib/libc.a(libc_a-readr.o):(.debug_aranges)
             290              290       30     1         ../lib/libc.a(libc_a-writer.o):(.debug_aranges)
             2c0              2c0       30     1         ../lib/libc.a(libc_a-lseekr.o):(.debug_aranges)
             2f0              2f0       30     1         ../lib/libc.a(libc_a-closer.o):(.debug_aranges)
             320              320       30     1         ../lib/libc.a(libc_a-strcpy.o):(.debug_aranges)
             350              350       30     1         ../lib/libc.a(libc_a-strcat.o):(.debug_aranges)
             380              380       30     1         ../lib/libc.a(libc_a-strlen.o):(.debug_aranges)
             3b0              3b0       30     1         ../lib/libc.a(libc_a-vsprintf.o):(.debug_aranges)
             3e0              3e0       30     1         ../lib/libc.a(libc_a-svfprintf.o):(.debug_aranges)
             410              410       30     1         ../lib/libc.a(libc_a-localeconv.o):(.debug_aranges)
             440              440       30     1         ../lib/libc.a(libc_a-locale.o):(.debug_aranges)
             470              470       30     1         ../lib/libc.a(libc_a-strcmp.o):(.debug_aranges)
             4a0              4a0       30     1         ../lib/libc.a(libc_a-wctomb_r.o):(.debug_aranges)
             4d0              4d0       30     1         ../lib/libc.a(libc_a-mbtowc_r.o):(.debug_aranges)
             500              500       40     1         ../lib/libc.a(libc_a-stack_protector.o):(.debug_aranges)
             540              540       30     1         ../lib/libc.a(libc_a-signal.o):(.debug_aranges)
             570              570       30     1         ../lib/libc.a(libc_a-signalr.o):(.debug_aranges)
             5a0              5a0       20     1         ../lib/libc.a(libc_a-ctype_.o):(.debug_aranges)
             5c0              5c0       30     1         ../lib/libc.a(libc_a-svfiprintf.o):(.debug_aranges)
             5f0              5f0       30     1         ../lib/libc.a(libc_a-memmove.o):(.debug_aranges)
             620              620       30    16         ../lib/libc.a(libc_a-memcpy.o):(.debug_aranges)
             650              650       30     1         ../lib/libc.a(libc_a-reallocr.o):(.debug_aranges)
             680              680       30     1         ../lib/libc.a(libc_a-memchr.o):(.debug_aranges)
             6b0              6b0       30     1         ../lib/libc.a(libc_a-dtoa.o):(.debug_aranges)
             6e0              6e0       30     1         ../lib/libc.a(libc_a-mprec.o):(.debug_aranges)
             710              710       30     1         ../lib/libc.a(libc_a-callocr.o):(.debug_aranges)
             740              740       30     1         ../lib/libc.a(libc_a-errno.o):(.debug_aranges)
             770              770       30     1         ../lib/libc.a(libc_a-assert.o):(.debug_aranges)
             7a0              7a0       30     1         ../lib/libc.a(libc_a-fiprintf.o):(.debug_aranges)
             7d0              7d0       30     1         ../lib/libc.a(libc_a-vfiprintf.o):(.debug_aranges)
             800              800       30     1         ../lib/libc.a(libc_a-fputwc.o):(.debug_aranges)
             830              830       30     1         ../lib/libc.a(libc_a-wcrtomb.o):(.debug_aranges)
             860              860       30     1         ../lib/libc.a(libc_a-wbuf.o):(.debug_aranges)
             890              890       30     1         ../lib/libc.a(libc_a-wsetup.o):(.debug_aranges)
             8c0              8c0       30     1         ../lib/libc.a(libc_a-makebuf.o):(.debug_aranges)
             8f0              8f0       30     1         ../lib/libc.a(libc_a-fstatr.o):(.debug_aranges)
             920              920       30     1         ../lib/libc.a(libc_a-isattyr.o):(.debug_aranges)
             950              950       30     1         ../lib/libc.a(libc_a-fvwrite.o):(.debug_aranges)
             980              980       30     1         ../lib/libc.a(libc_a-abort.o):(.debug_aranges)
             9b0              9b0       30     1         ../lib/libc.a(libc_a-sprintf.o):(.debug_aranges)
             9e0              9e0       30     1         newlib.o:(.debug_aranges)
             a10              a10       30     1         ../lib/libc.a(libc_a-strtol.o):(.debug_aranges)
               0                0     2400     8 .symtab
               0                0     2400     8         <internal>:(.symtab)
               0                0       f8     1 .shstrtab
               0                0       f8     1         <internal>:(.shstrtab)
               0                0     16c6     1 .strtab
               0                0     16c6     1         <internal>:(.strtab)
