             VMA              LMA     Size Align Out     In      Symbol
          100160           100160      fb0    16 .rodata
          100160           100160      6f2     1         <internal>:(.rodata)
          100858           100858       70     8         <internal>:(.rodata)
          1008d0           1008d0       20    16         <internal>:(.rodata)
          1008f0           1008f0      210    16         /home/yakishamo/x86_64-elf/lib/libc.a(lib_a-svfprintf.o):(.rodata)
          100ae0           100ae0       10     1                 _svfprintf_r.blanks
          100af0           100af0       10     1                 _svfprintf_r.zeroes
          100b00           100b00      281    16         /home/yakishamo/x86_64-elf/lib/libc.a(lib_a-ctype_.o):(.rodata)
          100b00           100b00      180     1                 _ctype_b
          100c80           100c80      101     1                 _ctype_
          100d90           100d90      210    16         /home/yakishamo/x86_64-elf/lib/libc.a(lib_a-svfiprintf.o):(.rodata)
          100f80           100f80       10     1                 _svfiprintf_r.blanks
          100f90           100f90       10     1                 _svfiprintf_r.zeroes
          100fa0           100fa0       18     4         /home/yakishamo/x86_64-elf/lib/libc.a(lib_a-dtoa.o):(.rodata)
          100fc0           100fc0      138    16         /home/yakishamo/x86_64-elf/lib/libc.a(lib_a-mprec.o):(.rodata)
          100fc0           100fc0        c     1                 __pow5mult.p05
          100fd0           100fd0       c8     1                 __mprec_tens
          1010a0           1010a0       28     1                 __mprec_bigtens
          1010d0           1010d0       28     1                 __mprec_tinytens
          1010f8           1010f8       18     8         timer.o:(.rodata)
          1010f8           1010f8        8     1                 (anonymous namespace)::divide_config
          101100           101100        8     1                 (anonymous namespace)::lvt_timer
          101108           101108        8     1                 (anonymous namespace)::initial_count
          101110           101110     1c6c     8 .eh_frame
          101110           101110      1b0     1         kernel.o:(.eh_frame+0x0)
          1012c0           1012c0      288     1         frame.o:(.eh_frame+0x18)
          101548           101548       18     1         /home/yakishamo/x86_64-elf/lib/libc.a(lib_a-strcpy.o):(.eh_frame+0x18)
          101560           101560       28     1         /home/yakishamo/x86_64-elf/lib/libc.a(lib_a-strcat.o):(.eh_frame+0x18)
          101588           101588       18     1         /home/yakishamo/x86_64-elf/lib/libc.a(lib_a-strlen.o):(.eh_frame+0x18)
          1015a0           1015a0       38     1         /home/yakishamo/x86_64-elf/lib/libc.a(lib_a-vsprintf.o):(.eh_frame+0x18)
          1015d8           1015d8       50     1         /home/yakishamo/x86_64-elf/lib/libc.a(lib_a-svfprintf.o):(.eh_frame+0x18)
          101628           101628       40     1         /home/yakishamo/x86_64-elf/lib/libc.a(lib_a-localeconv.o):(.eh_frame+0x18)
          101668           101668       80     1         /home/yakishamo/x86_64-elf/lib/libc.a(lib_a-locale.o):(.eh_frame+0x18)
          1016e8           1016e8       18     1         /home/yakishamo/x86_64-elf/lib/libc.a(lib_a-strcmp.o):(.eh_frame+0x18)
          101700           101700       28     1         /home/yakishamo/x86_64-elf/lib/libc.a(lib_a-wctomb_r.o):(.eh_frame+0x18)
          101728           101728       28     1         /home/yakishamo/x86_64-elf/lib/libc.a(lib_a-mbtowc_r.o):(.eh_frame+0x18)
          101750           101750       50     1         /home/yakishamo/x86_64-elf/lib/libc.a(lib_a-mallocr.o):(.eh_frame+0x18)
          1017a0           1017a0       28     1         /home/yakishamo/x86_64-elf/lib/libc.a(lib_a-mlock.o):(.eh_frame+0x18)
          1017c8           1017c8       28     1         /home/yakishamo/x86_64-elf/lib/libc.a(lib_a-sbrkr.o):(.eh_frame+0x18)
          1017f0           1017f0       60     1         /home/yakishamo/x86_64-elf/lib/libc.a(lib_a-reent.o):(.eh_frame+0x18)
          101850           101850       78     1         /home/yakishamo/x86_64-elf/lib/libc.a(lib_a-freer.o):(.eh_frame+0x18)
          1018c8           1018c8       a0     1         /home/yakishamo/x86_64-elf/lib/libc.a(lib_a-svfiprintf.o):(.eh_frame+0x18)
          101968           101968       68     1         /home/yakishamo/x86_64-elf/lib/libc.a(lib_a-reallocr.o):(.eh_frame+0x18)
          1019d0           1019d0       30     1         /home/yakishamo/x86_64-elf/lib/libc.a(lib_a-memmove.o):(.eh_frame+0x18)
          101a00           101a00       18     1         /home/yakishamo/x86_64-elf/lib/libc.a(lib_a-memchr.o):(.eh_frame+0x18)
          101a18           101a18       18     1         /home/yakishamo/x86_64-elf/lib/libc.a(lib_a-s_fpclassify.o):(.eh_frame+0x18)
          101a30           101a30       98     1         /home/yakishamo/x86_64-elf/lib/libc.a(lib_a-dtoa.o):(.eh_frame+0x18)
          101ac8           101ac8      340     1         /home/yakishamo/x86_64-elf/lib/libc.a(lib_a-mprec.o):(.eh_frame+0x18)
          101e08           101e08       20     1         /home/yakishamo/x86_64-elf/lib/libc.a(lib_a-callocr.o):(.eh_frame+0x18)
          101e28           101e28       38     1         /home/yakishamo/x86_64-elf/lib/libc.a(lib_a-sprintf.o):(.eh_frame+0x18)
          101e60           101e60      200     1         pci.o:(.eh_frame+0x18)
          102060           102060       60     1         memory_map.o:(.eh_frame+0x18)
          1020c0           1020c0       e8     1         newlib.o:(.eh_frame+0x18)
          1021a8           1021a8       80     1         segment.o:(.eh_frame+0x18)
          102228           102228      5f0     1         interrupt.o:(.eh_frame+0x18)
          102818           102818       80     1         paging.o:(.eh_frame+0x18)
          102898           102898       e8     1         input.o:(.eh_frame+0x18)
          102980           102980       20     1         command.o:(.eh_frame+0x18)
          1029a0           1029a0       a0     1         command.o:(.eh_frame+0x78)
          102a40           102a40       20     1         command.o:(.eh_frame+0x138)
          102a60           102a60       28     1         /home/yakishamo/x86_64-elf/lib/libc.a(lib_a-malloc.o):(.eh_frame+0x18)
          102a88           102a88       88     1         /home/yakishamo/x86_64-elf/lib/libc.a(lib_a-strtol.o):(.eh_frame+0x18)
          102b10           102b10       28     1         /home/yakishamo/x86_64-elf/lib/libc.a(lib_a-atoi.o):(.eh_frame+0x18)
          102b38           102b38       20     1         memory_manager.o:(.eh_frame+0x18)
          102b58           102b58      200     1         memory_manager.o:(.eh_frame+0x78)
          102d58           102d58       20     1         memory_manager.o:(.eh_frame+0x2b8)
          103d80           103d80     df83    16 .text
          103d80           103d80      212    16         kernel.o:(.text)
          103d80           103d80        f     1                 stop()
          103d90           103d90       29     1                 entry_point
          103dc0           103dc0      1d2     1                 kernel_main
          103fa0           103fa0       50    16         kernel.o:(.text.startup)
          103fa0           103fa0       1a     1                 __cxx_global_var_init
          103fc0           103fc0       12     1                 __cxx_global_var_init.1
          103fe0           103fe0       10     1                 _GLOBAL__sub_I_kernel.cpp
          103ff0           103ff0        b    16         kernel.o:(.text._ZNSt3__114numeric_limitsImE3maxEv)
          103ff0           103ff0        b     1                 std::__1::numeric_limits<unsigned long>::max()
          104000           104000       21    16         kernel.o:(.text._ZN7FrameIDC2Em)
          104000           104000       21     1                 FrameID::FrameID(unsigned long)
          104030           104030       4c    16         kernel.o:(.text._ZN11InputBufferC2Ev)
          104030           104030       4c     1                 InputBuffer::InputBuffer()
          104080           104080       1e    16         kernel.o:(.text._ZNK5ErrorcvbEv)
          104080           104080       1e     1                 Error::operator bool() const
          1040a0           1040a0       29    16         kernel.o:(.text._ZNK5Error4NameEv)
          1040a0           1040a0       29     1                 Error::Name() const
          1040d0           1040d0        d    16         kernel.o:(.text._ZNSt3__123__libcpp_numeric_limitsImLb1EE3maxEv)
          1040d0           1040d0        d     1                 std::__1::__libcpp_numeric_limits<unsigned long, true>::max()
          1040e0           1040e0       25    16         kernel.o:(.text._ZNKSt3__15arrayIPKcLm20EEixEm)
          1040e0           1040e0       25     1                 std::__1::array<char const*, 20ul>::operator[](unsigned long) const
          104110           104110     11fe    16         frame.o:(.text)
          104110           104110       d5     1                 InitializeFrame(bootinfo_t*)
          1041f0           1041f0       7f     1                 WritePixelRGB(Color, int, int)
          104270           104270       7f     1                 WritePixelBGR(Color, int, int)
          1042f0           1042f0       3d     1                 HashtoColor(unsigned char)
          104330           104330      191     1                 HSVtoRGB(int)
          1044d0           1044d0       f7     1                 WriteAscii(char, Color, int, int)
          1045d0           1045d0      136     1                 WriteSquare(Vector, Vector, Color)
          104710           104710      292     1                 PrintLine(char const*, Vector, Color)
          1049b0           1049b0       7e     1                 RegisterLine(char const*)
          104a30           104a30      452     1                 Print
          104e90           104e90       b3     1                 Printf
          104f50           104f50      186     1                 dPrint(char const*, int)
          1050e0           1050e0       6c     1                 udPrint(char*, unsigned int)
          105150           105150       6c     1                 uxdPrint(char*, unsigned int)
          1051c0           1051c0       c2     1                 WriteMandelbrot(int)
          105290           105290       7e     1                 clear()
          105310           105310      1ad    16         frame.o:(.text._Z14CalcMandelbrotiii)
          105310           105310      1ad     1                 CalcMandelbrot(int, int, int)
          1054c0           1054c0       83    16         /home/yakishamo/x86_64-elf/lib/libc.a(lib_a-strcpy.o):(.text)
          1054c0           1054c0       83     1                 strcpy
          105550           105550       6a    16         /home/yakishamo/x86_64-elf/lib/libc.a(lib_a-strcat.o):(.text)
          105550           105550       6a     1                 strcat
          1055c0           1055c0       d1    16         /home/yakishamo/x86_64-elf/lib/libc.a(lib_a-strlen.o):(.text)
          1055c0           1055c0       d1     1                 strlen
          1056a0           1056a0       a2    16         /home/yakishamo/x86_64-elf/lib/libc.a(lib_a-vsprintf.o):(.text)
          1056a0           1056a0       55     1                 vsprintf
          105700           105700       42     1                 _vsprintf_r
          105744           105744        0     4         /home/yakishamo/x86_64-elf/lib/libc.a(lib_a-impure.o):(.text)
          105750           105750     2154    16         /home/yakishamo/x86_64-elf/lib/libc.a(lib_a-svfprintf.o):(.text)
          105750           105750     2154     1                 _svfprintf_r
          1078b0           1078b0       61    16         /home/yakishamo/x86_64-elf/lib/libc.a(lib_a-localeconv.o):(.text)
          1078b0           1078b0        8     1                 __localeconv_l
          1078c0           1078c0       21     1                 _localeconv_r
          1078f0           1078f0       21     1                 localeconv
          107920           107920      10f    16         /home/yakishamo/x86_64-elf/lib/libc.a(lib_a-locale.o):(.text)
          107920           107920       4f     1                 _setlocale_r
          107970           107970       24     1                 __locale_mb_cur_max
          1079a0           1079a0        8     1                 __locale_ctype_ptr_l
          1079b0           1079b0       24     1                 __locale_ctype_ptr
          1079e0           1079e0       4f     1                 setlocale
          107a30           107a30       7f    16         /home/yakishamo/x86_64-elf/lib/libc.a(lib_a-strcmp.o):(.text)
          107a30           107a30       7f     1                 strcmp
          107ab0           107ab0       54    16         /home/yakishamo/x86_64-elf/lib/libc.a(lib_a-wctomb_r.o):(.text)
          107ab0           107ab0       23     1                 _wctomb_r
          107ae0           107ae0       24     1                 __ascii_wctomb
          107b10           107b10       5d    16         /home/yakishamo/x86_64-elf/lib/libc.a(lib_a-mbtowc_r.o):(.text)
          107b10           107b10       23     1                 _mbtowc_r
          107b40           107b40       2d     1                 __ascii_mbtowc
          107b70           107b70        0     4         /home/yakishamo/x86_64-elf/lib/libc.a(lib_a-ctype_.o):(.text)
          107b70           107b70      803    16         /home/yakishamo/x86_64-elf/lib/libc.a(lib_a-mallocr.o):(.text)
          107b70           107b70      803     1                 _malloc_r
          108380           108380       11    16         /home/yakishamo/x86_64-elf/lib/libc.a(lib_a-mlock.o):(.text)
          108380           108380        1     1                 __malloc_lock
          108390           108390        1     1                 __malloc_unlock
          1083a0           1083a0       33    16         /home/yakishamo/x86_64-elf/lib/libc.a(lib_a-sbrkr.o):(.text)
          1083a0           1083a0       33     1                 _sbrk_r
          1083e0           1083e0      124    16         /home/yakishamo/x86_64-elf/lib/libc.a(lib_a-reent.o):(.text)
          1083e0           1083e0       2c     1                 cleanup_glue
          108410           108410       f4     1                 _reclaim_reent
          108510           108510      361    16         /home/yakishamo/x86_64-elf/lib/libc.a(lib_a-freer.o):(.text)
          108510           108510      278     1                 _free_r
          108790           108790       e1     1                 _malloc_trim_r
          108880           108880     11c2    16         /home/yakishamo/x86_64-elf/lib/libc.a(lib_a-svfiprintf.o):(.text)
          108880           108880      1b4     1                 __ssprint_r
          108a40           108a40     1002     1                 _svfiprintf_r
          109a50           109a50      624    16         /home/yakishamo/x86_64-elf/lib/libc.a(lib_a-reallocr.o):(.text)
          109a50           109a50      624     1                 _realloc_r
          10a080           10a080      5cf    16         /home/yakishamo/x86_64-elf/lib/libc.a(lib_a-memmove.o):(.text)
          10a080           10a080      5cf     1                 memmove
          10a650           10a650      12d    16         /home/yakishamo/x86_64-elf/lib/libc.a(lib_a-memcpy.o):(.text)
          10a650           10a650        0     1                 memcpy
          10a675           10a675        0     1                 quadword_aligned
          10a690           10a690        0     1                 loop
          10a757           10a757        0     1                 byte_copy
          10a75d           10a75d        0     1                 quadword_copy
          10a780           10a780      180    16         /home/yakishamo/x86_64-elf/lib/libc.a(lib_a-memchr.o):(.text)
          10a780           10a780      180     1                 memchr
          10a900           10a900       5d    16         /home/yakishamo/x86_64-elf/lib/libc.a(lib_a-s_fpclassify.o):(.text)
          10a900           10a900       5d     1                 __fpclassifyd
          10a960           10a960     1379    16         /home/yakishamo/x86_64-elf/lib/libc.a(lib_a-dtoa.o):(.text)
          10a960           10a960     11d0     1                 _dtoa_r
          10bb30           10bb30      1a9     1                 quorem
          10bce0           10bce0     17b8    16         /home/yakishamo/x86_64-elf/lib/libc.a(lib_a-mprec.o):(.text)
          10bce0           10bce0       85     1                 _Balloc
          10bd70           10bd70       19     1                 _Bfree
          10bd90           10bd90      151     1                 __multadd
          10bef0           10bef0      15e     1                 __s2b
          10c050           10c050       69     1                 __hi0bits
          10c0c0           10c0c0       84     1                 __lo0bits
          10c150           10c150       83     1                 __i2b
          10c1e0           10c1e0      350     1                 __multiply
          10c530           10c530      13f     1                 __pow5mult
          10c670           10c670      34a     1                 __lshift
          10c9c0           10c9c0       42     1                 __mcmp
          10ca10           10ca10      222     1                 __mdiff
          10cc40           10cc40       63     1                 __ulp
          10ccb0           10ccb0      11a     1                 __b2d
          10cdd0           10cdd0      320     1                 __d2b
          10d0f0           10d0f0       96     1                 __ratio
          10d190           10d190       99     1                 _mprec_log10
          10d230           10d230      205     1                 __copybits
          10d440           10d440       58     1                 __any_on
          10d4a0           10d4a0       7f    16         /home/yakishamo/x86_64-elf/lib/libc.a(lib_a-callocr.o):(.text)
          10d4a0           10d4a0       7f     1                 _calloc_r
          10d520           10d520       e0    16         /home/yakishamo/x86_64-elf/lib/libc.a(lib_a-memset.o):(.text)
          10d520           10d520        0     1                 memset
          10d54e           10d54e        0     1                 quadword_aligned
          10d570           10d570        0     1                 loop
          10d5db           10d5db        0     1                 byte_set
          10d5e1           10d5e1        0     1                 quadword_set
          10d600           10d600      1ab    16         /home/yakishamo/x86_64-elf/lib/libc.a(lib_a-sprintf.o):(.text)
          10d600           10d600       c9     1                 _sprintf_r
          10d6d0           10d6d0       db     1                 sprintf
          10d7b0           10d7b0       c1    16         asmfunc.o:(.text)
          10d7b0           10d7b0        0     1                 IoOut32
          10d7b7           10d7b7        0     1                 IoIn32
          10d7bc           10d7bc        0     1                 IoIn16
          10d7c2           10d7c2        0     1                 IoOut8
          10d7ca           10d7ca        0     1                 IoIn8
          10d7cf           10d7cf        0     1                 call_kernel_main
          10d7df           10d7df        0     1                 _hlt
          10d7e2           10d7e2        0     1                 LoadGDT
          10d7fc           10d7fc        0     1                 SetDSAll
          10d805           10d805        0     1                 SetCSSS
          10d819           10d819        0     1                 SetCSSS.next
          10d81e           10d81e        0     1                 SetCSSS.stop
          10d821           10d821        0     1                 GetCS
          10d827           10d827        0     1                 LoadIDT
          10d841           10d841        0     1                 SetCR3
          10d845           10d845        0     1                 NotifyEndOfInterrupt
          10d853           10d853        0     1                 rdtsc
          10d880           10d880      809    16         pci.o:(.text)
          10d880           10d880       4f     1                 MakeAddr(unsigned char, unsigned char, unsigned char, unsigned char)
          10d8d0           10d8d0       1e     1                 WriteAddr(unsigned int)
          10d8f0           10d8f0       1e     1                 WriteData(unsigned int)
          10d910           10d910       10     1                 ReadData()
          10d920           10d920       4a     1                 ReadVendorId(unsigned char, unsigned char, unsigned char)
          10d970           10d970       67     1                 ReadVendorId(Device)
          10d9e0           10d9e0       50     1                 ReadHeaderType(unsigned char, unsigned char, unsigned char)
          10da30           10da30       70     1                 ReadBar(Device, int)
          10daa0           10daa0       71     1                 ReadClassCode(unsigned char, unsigned char, unsigned char)
          10db20           10db20       45     1                 ReadBusNumbers(unsigned char, unsigned char, unsigned char)
          10db70           10db70       af     1                 AddDevice(unsigned char, unsigned char, unsigned char, unsigned char)
          10dc20           10dc20       28     1                 IsSingleFunctionDevice(unsigned char)
          10dc50           10dc50      139     1                 ScanAllBus()
          10dd90           10dd90       b7     1                 ScanBus(unsigned char)
          10de50           10de50      126     1                 ScanDevice(unsigned char, unsigned char)
          10df80           10df80      109     1                 ScanFunction(unsigned char, unsigned char, unsigned char)
          10e090           10e090      262    16         memory_map.o:(.text)
          10e090           10e090       83     1                 show_memdesc(int)
          10e120           10e120      106     1                 show_memory_map()
          10e230           10e230       c2     1                 search_mem_type(unsigned long)
          10e300           10e300      18d    16         newlib.o:(.text)
          10e300           10e300       7e     1                 sbrk
          10e380           10e380       1d     1                 _exit
          10e3a0           10e3a0       24     1                 lseek
          10e3d0           10e3d0       1d     1                 close
          10e3f0           10e3f0       2d     1                 kill
          10e420           10e420       16     1                 getpid
          10e440           10e440       21     1                 fstat
          10e470           10e470       1d     1                 isatty
          10e490           10e490      348    16         segment.o:(.text)
          10e490           10e490      21d     1                 SetCodeSegment(SegmentDescriptor*, DescriptorType, unsigned int, unsigned int, unsigned int)
          10e6b0           10e6b0       77     1                 SetDataSegment(SegmentDescriptor*, DescriptorType, unsigned int, unsigned int, unsigned int)
          10e730           10e730       67     1                 SetupSegments()
          10e7a0           10e7a0       38     1                 InitializeSegment(unsigned short, unsigned short)
          10e7e0           10e7e0     1a54    16         interrupt.o:(.text)
          10e7e0           10e7e0       6c     1                 Interrupt_1(InterruptFrame*)
          10e850           10e850       6c     1                 Interrupt_2(InterruptFrame*)
          10e8c0           10e8c0       6c     1                 Interrupt_4(InterruptFrame*)
          10e930           10e930       6c     1                 Interrupt_5(InterruptFrame*)
          10e9a0           10e9a0       6c     1                 Interrupt_6(InterruptFrame*)
          10ea10           10ea10       6c     1                 Interrupt_7(InterruptFrame*)
          10ea80           10ea80       6c     1                 Interrupt_8(InterruptFrame*)
          10eaf0           10eaf0       6c     1                 Interrupt_9(InterruptFrame*)
          10eb60           10eb60       6c     1                 Interrupt_10(InterruptFrame*)
          10ebd0           10ebd0       6c     1                 Interrupt_11(InterruptFrame*)
          10ec40           10ec40       6c     1                 Interrupt_15(InterruptFrame*)
          10ecb0           10ecb0       6c     1                 Interrupt_16(InterruptFrame*)
          10ed20           10ed20       6c     1                 Interrupt_17(InterruptFrame*)
          10ed90           10ed90       6c     1                 Interrupt_18(InterruptFrame*)
          10ee00           10ee00       6c     1                 Interrupt_19(InterruptFrame*)
          10ee70           10ee70       6c     1                 Interrupt_20(InterruptFrame*)
          10eee0           10eee0       6c     1                 Interrupt_21(InterruptFrame*)
          10ef50           10ef50       6c     1                 Interrupt_22(InterruptFrame*)
          10efc0           10efc0       6c     1                 Interrupt_23(InterruptFrame*)
          10f030           10f030       6c     1                 Interrupt_24(InterruptFrame*)
          10f0a0           10f0a0       6c     1                 Interrupt_25(InterruptFrame*)
          10f110           10f110       6c     1                 Interrupt_26(InterruptFrame*)
          10f180           10f180       6c     1                 Interrupt_27(InterruptFrame*)
          10f1f0           10f1f0       6c     1                 Interrupt_28(InterruptFrame*)
          10f260           10f260       6c     1                 Interrupt_29(InterruptFrame*)
          10f2d0           10f2d0       6c     1                 Interrupt_30(InterruptFrame*)
          10f340           10f340       6c     1                 Interrupt_31(InterruptFrame*)
          10f3b0           10f3b0       7e     1                 BreakpointInterrupt(InterruptFrame*)
          10f430           10f430       6c     1                 SegFaultInterrupt(InterruptFrame*)
          10f4a0           10f4a0       6c     1                 PageFaultInterrupt(InterruptFrame*)
          10f510           10f510       6c     1                 GeneralProtectionInterrupt(InterruptFrame*)
          10f580           10f580      217     1                 KeyboardInterrupt(InterruptFrame*)
          10f7a0           10f7a0       f9     1                 DefaultInterrupt(InterruptFrame*)
          10f8a0           10f8a0       7a     1                 SetIDTEntry(InterruptDescriptor*, InterruptDescriptorAttribute, unsigned long, unsigned long)
          10f920           10f920       ba     1                 InitializePIC()
          10f9e0           10f9e0      854     1                 InitializeInterrupt()
          110240           110240       6b    16         interrupt.o:(.text._Z10isAlphabetc)
          110240           110240       6b     1                 isAlphabet(char)
          1102b0           1102b0       af    16         interrupt.o:(.text._Z11MakeIDTAttr14DescriptorTypehbh)
          1102b0           1102b0       af     1                 MakeIDTAttr(DescriptorType, unsigned char, bool, unsigned char)
          110360           110360      119    16         paging.o:(.text)
          110360           110360      119     1                 SetupIdentityPageTable()
          110480           110480       25    16         paging.o:(.text._ZNSt3__15arrayImLm512EEixEm)
          110480           110480       25     1                 std::__1::array<unsigned long, 512ul>::operator[](unsigned long)
          1104b0           1104b0       14    16         paging.o:(.text._ZNKSt3__15arrayINS0_ImLm512EEELm64EE4sizeEv)
          1104b0           1104b0       14     1                 std::__1::array<std::__1::array<unsigned long, 512ul>, 64ul>::size() const
          1104d0           1104d0       25    16         paging.o:(.text._ZNSt3__15arrayINS0_ImLm512EEELm64EEixEm)
          1104d0           1104d0       25     1                 std::__1::array<std::__1::array<unsigned long, 512ul>, 64ul>::operator[](unsigned long)
          110500           110500       62    16         keyboard.o:(.text)
          110500           110500       62     1                 InitializeKeycode()
          110570           110570      3d2    16         input.o:(.text)
          110570           110570      148     1                 InputBuffer::add(char)
          1106c0           1106c0       76     1                 InputBuffer::isEnter()
          110740           110740       76     1                 InputBuffer::pop()
          1107c0           1107c0       5a     1                 InputBuffer::allprint()
          110820           110820       9b     1                 InputBuffer::allpop(char*)
          1108c0           1108c0       82     1                 GetString(char*)
          110950           110950       27    16         input.o:(.text._ZN11InputBuffer7isInputEv)
          110950           110950       27     1                 InputBuffer::isInput()
          110980           110980      851    16         command.o:(.text)
          110980           110980      27d     1                 tokenize(char*)
          110c00           110c00       4b     1                 free_token(char**)
          110c50           110c50       97     1                 show_token(char**)
          110cf0           110cf0      187     1                 command(char*)
          110e80           110e80      351     1                 command(char**)
          1111e0           1111e0       2b    16         command.o:(.text.startup)
          1111e0           1111e0       1a     1                 __cxx_global_var_init
          111200           111200        b     1                 _GLOBAL__sub_I_command.cpp
          111210           111210       32    16         /home/yakishamo/x86_64-elf/lib/libc.a(lib_a-malloc.o):(.text)
          111210           111210       12     1                 malloc
          111230           111230       12     1                 free
          111250           111250      207    16         /home/yakishamo/x86_64-elf/lib/libc.a(lib_a-strtol.o):(.text)
          111250           111250       1c     1                 _strtol_r
          111270           111270      19c     1                 _strtol_l
          111410           111410       1a     1                 strtol_l
          111430           111430       27     1                 strtol
          111460           111460       1c    16         /home/yakishamo/x86_64-elf/lib/libc.a(lib_a-atoi.o):(.text)
          111460           111460        c     1                 atoi
          111470           111470        c     1                 _atoi_r
          111480           111480      6ae    16         memory_manager.o:(.text)
          111480           111480       4f     1                 BitmapMemoryManager::BitmapMemoryManager()
          111480           111480       4f     1                 BitmapMemoryManager::BitmapMemoryManager()
          1114d0           1114d0      15d     1                 BitmapMemoryManager::Allocate(unsigned long)
          111630           111630       6e     1                 BitmapMemoryManager::GetBit(FrameID) const
          1116a0           1116a0       74     1                 BitmapMemoryManager::MarkAllocated(FrameID, unsigned long)
          111720           111720       90     1                 BitmapMemoryManager::Free(FrameID, unsigned long)
          1117b0           1117b0       a8     1                 BitmapMemoryManager::SetBit(FrameID, bool)
          111860           111860       34     1                 BitmapMemoryManager::SetMemoryRange(FrameID, FrameID)
          1118a0           1118a0       48     1                 BitmapMemoryManager::IsAvailable(unsigned long)
          1118f0           1118f0      167     1                 InitializeMemoryManager(BitmapMemoryManager*, MemoryMap*)
          111a60           111a60       ce     1                 InitializeHeap(BitmapMemoryManager&)
          111b30           111b30       2b    16         memory_manager.o:(.text.startup)
          111b30           111b30       1a     1                 __cxx_global_var_init
          111b50           111b50        b     1                 _GLOBAL__sub_I_memory_manager.cpp
          111b60           111b60       16    16         memory_manager.o:(.text._ZNK7FrameID2IDEv)
          111b60           111b60       16     1                 FrameID::ID() const
          111b80           111b80       33    16         memory_manager.o:(.text._ZN5ErrorC2ENS_4CodeEPKci)
          111b80           111b80       33     1                 Error::Error(Error::Code, char const*, int)
          111bc0           111bc0       27    16         memory_manager.o:(.text._Z16AddressToFrameIDm)
          111bc0           111bc0       27     1                 AddressToFrameID(unsigned long)
          111bf0           111bf0       25    16         memory_manager.o:(.text._ZNKSt3__15arrayImLm524288EEixEm)
          111bf0           111bf0       25     1                 std::__1::array<unsigned long, 524288ul>::operator[](unsigned long) const
          111c20           111c20       25    16         memory_manager.o:(.text._ZNSt3__15arrayImLm524288EEixEm)
          111c20           111c20       25     1                 std::__1::array<unsigned long, 524288ul>::operator[](unsigned long)
          111c50           111c50       3e    16         memory_manager.o:(.text._Z11IsAvailable10MemoryType)
          111c50           111c50       3e     1                 IsAvailable(MemoryType)
          111c90           111c90       73    16         timer.o:(.text)
          111c90           111c90       20     1                 InitializeLAPICTimer()
          111cb0           111cb0       13     1                 StartLAPICTimer()
          111cd0           111cd0       14     1                 LAPICTimer()
          111cf0           111cf0       13     1                 StopLAPICTimer()
          112d08           112d08       a8     8 .data.rel.ro
          112d08           112d08       a0     8         kernel.o:(.data.rel.ro._ZN5Error11code_names_E)
          112d08           112d08       a0     1                 Error::code_names_
          112da8           112da8        8     8         /home/yakishamo/x86_64-elf/lib/libc.a(lib_a-impure.o):(.data.rel.ro)
          112da8           112da8        8     1                 _global_impure_ptr
          112db0           112db0       18     8 .init_array
          112db0           112db0        8     8         kernel.o:(.init_array)
          112db8           112db8        8     8         command.o:(.init_array)
          112dc0           112dc0        8     8         memory_manager.o:(.init_array)
          112dd0           112dd0     1240    16 .data
          112dd0           112dd0        4     4         frame.o:(.data)
          112dd0           112dd0        4     1                 line_len_max
          112dd8           112dd8      750     8         /home/yakishamo/x86_64-elf/lib/libc.a(lib_a-impure.o):(.data)
          112dd8           112dd8        8     1                 _impure_ptr
          112de0           112de0      748     1                 impure_data
          113528           113528      1a8     8         /home/yakishamo/x86_64-elf/lib/libc.a(lib_a-locale.o):(.data)
          113528           113528      1a8     1                 __global_locale
          1136d0           1136d0      820    16         /home/yakishamo/x86_64-elf/lib/libc.a(lib_a-mallocr.o):(.data)
          1136d0           1136d0      810     1                 __malloc_av_
          113ee0           113ee0        8     1                 __malloc_trim_threshold
          113ee8           113ee8        8     1                 __malloc_sbrk_base
          113ef0           113ef0       18    16         segment.o:(.data)
          113ef0           113ef0       18     1                 gdt
          113f08           113f08        8     4         interrupt.o:(.data)
          113f08           113f08        8     1                 InterruptMessagePosition
          113f10           113f10      100    16         keyboard.o:(.data)
          113f10           113f10      100     1                 keycode
          115000           115000   549010  4096 .bss
          115000           115000   500428    16         kernel.o:(.bss)
          115000           115000        8     1                 kNullFrame
          115010           115010   100000     1                 kernel_main_stack
          215010           215010      400     1                 Input_Buffer
          215410           215410   400010     1                 memory_manager_buf
          615420           615420        8     1                 memory_manager
          615430           615430     5628    16         frame.o:(.bss)
          615430           615430        8     1                 vinfo
          615438           615438        8     1                 ascii_font
          615440           615440        4     1                 line_queue_head
          615444           615444        4     1                 line_queue_end
          615448           615448        4     1                 max_line
          615450           615450     4e20     1                 line_queue
          61a270           61a270        8     1                 WritePixel
          61a278           61a278        4     1                 Print::y
          61a280           61a280      3e8     1                 Print::line
          61a670           61a670      3e8     1                 Printf::str_for_Printf
          61aa58           61aa58        8     8         /home/yakishamo/x86_64-elf/lib/libc.a(lib_a-locale.o):(.bss)
          61aa58           61aa58        8     1                 _PathLocale
          61aa60           61aa60       40     8         /home/yakishamo/x86_64-elf/lib/libc.a(lib_a-mallocr.o):(.bss)
          61aa60           61aa60        8     1                 __malloc_top_pad
          61aa68           61aa68        8     1                 __malloc_max_sbrked_mem
          61aa70           61aa70        8     1                 __malloc_max_total_mem
          61aa78           61aa78       28     1                 __malloc_current_mallinfo
          61aaa0           61aaa0        4     4         /home/yakishamo/x86_64-elf/lib/libc.a(lib_a-reent.o):(.bss)
          61aaa0           61aaa0        4     1                 errno
          61aab0           61aab0       f0    16         pci.o:(.bss)
          61aab0           61aab0        4     1                 num_device
          61aab4           61aab4        4     1                 invdev
          61aac0           61aac0       e0     1                 devices
          61aba0           61aba0        8     8         memory_map.o:(.bss)
          61aba0           61aba0        8     1                 mmap
          61aba8           61aba8       10     8         newlib.o:(.bss)
          61aba8           61aba8        8     1                 program_break
          61abb0           61abb0        8     1                 program_break_end
          61abc0           61abc0     1001    16         interrupt.o:(.bss)
          61abc0           61abc0     1000     1                 idt
          61bbc0           61bbc0        1     1                 KeyboardInterrupt(InterruptFrame*)::isShift
          61c000           61c000    42000  4096         paging.o:(.bss)
          61c000           61c000     1000     1                 (anonymous namespace)::pdp_table
          61d000           61d000     1000     1                 (anonymous namespace)::pml4_table
          61e000           61e000    40000     1                 (anonymous namespace)::page_directory
          65e000           65e000        8     8         command.o:(.bss)
          65e000           65e000        8     1                 kNullFrame
          65e008           65e008        8     8         memory_manager.o:(.bss)
          65e008           65e008        8     1                 kNullFrame
               0                0     18e3     1 .debug_abbrev
               0                0      4be     1         kernel.o:(.debug_abbrev)
             4be              4be      1c7     1         frame.o:(.debug_abbrev)
             685              685      115     1         pci.o:(.debug_abbrev)
             79a              79a      106     1         memory_map.o:(.debug_abbrev)
             8a0              8a0      10a     1         newlib.o:(.debug_abbrev)
             9aa              9aa       f4     1         segment.o:(.debug_abbrev)
             a9e              a9e      1aa     1         interrupt.o:(.debug_abbrev)
             c48              c48      20f     1         paging.o:(.debug_abbrev)
             e57              e57       7c     1         keyboard.o:(.debug_abbrev)
             ed3              ed3      124     1         input.o:(.debug_abbrev)
             ff7              ff7      377     1         command.o:(.debug_abbrev)
            136e             136e      4d2     1         memory_manager.o:(.debug_abbrev)
            1840             1840       a3     1         timer.o:(.debug_abbrev)
               0                0     80fb     1 .debug_info
               0                0     1c4c     1         kernel.o:(.debug_info)
            1c4c             1c4c      70e     1         frame.o:(.debug_info)
            235a             235a      581     1         pci.o:(.debug_info)
            28db             28db      207     1         memory_map.o:(.debug_info)
            2ae2             2ae2      341     1         newlib.o:(.debug_info)
            2e23             2e23      215     1         segment.o:(.debug_info)
            3038             3038      7a9     1         interrupt.o:(.debug_info)
            37e1             37e1      eca     1         paging.o:(.debug_info)
            46ab             46ab       67     1         keyboard.o:(.debug_info)
            4712             4712      1cc     1         input.o:(.debug_info)
            48de             48de     1721     1         command.o:(.debug_info)
            5fff             5fff     2046     1         memory_manager.o:(.debug_info)
            8045             8045       b6     1         timer.o:(.debug_info)
               0                0      177     1 .debug_rnglists
               0                0       35     1         kernel.o:(.debug_rnglists)
              35               35       20     1         frame.o:(.debug_rnglists)
              55               55       57     1         pci.o:(.debug_rnglists)
              ac               ac       23     1         interrupt.o:(.debug_rnglists)
              cf               cf       1e     1         paging.o:(.debug_rnglists)
              ed               ed       18     1         input.o:(.debug_rnglists)
             105              105       26     1         command.o:(.debug_rnglists)
             12b              12b       4c     1         memory_manager.o:(.debug_rnglists)
               0                0     2130     1 .debug_str_offsets
               0                0      714     1         kernel.o:(.debug_str_offsets)
             714              714      1dc     1         frame.o:(.debug_str_offsets)
             8f0              8f0      128     1         pci.o:(.debug_str_offsets)
             a18              a18       ac     1         memory_map.o:(.debug_str_offsets)
             ac4              ac4      12c     1         newlib.o:(.debug_str_offsets)
             bf0              bf0       e8     1         segment.o:(.debug_str_offsets)
             cd8              cd8      240     1         interrupt.o:(.debug_str_offsets)
             f18              f18      3c8     1         paging.o:(.debug_str_offsets)
            12e0             12e0       30     1         keyboard.o:(.debug_str_offsets)
            1310             1310       7c     1         input.o:(.debug_str_offsets)
            138c             138c      514     1         command.o:(.debug_str_offsets)
            18a0             18a0      830     1         memory_manager.o:(.debug_str_offsets)
            20d0             20d0       60     1         timer.o:(.debug_str_offsets)
               0                0     4058     1 .debug_str
               0                0     4058     1         <internal>:(.debug_str)
               0                0      ab0     1 .debug_addr
               0                0      170     1         kernel.o:(.debug_addr)
             170              170      128     1         frame.o:(.debug_addr)
             298              298      130     1         pci.o:(.debug_addr)
             3c8              3c8       68     1         memory_map.o:(.debug_addr)
             430              430       90     1         newlib.o:(.debug_addr)
             4c0              4c0       30     1         segment.o:(.debug_addr)
             4f0              4f0      270     1         interrupt.o:(.debug_addr)
             760              760       50     1         paging.o:(.debug_addr)
             7b0              7b0       20     1         keyboard.o:(.debug_addr)
             7d0              7d0       50     1         input.o:(.debug_addr)
             820              820      160     1         command.o:(.debug_addr)
             980              980       f0     1         memory_manager.o:(.debug_addr)
             a70              a70       40     1         timer.o:(.debug_addr)
               0                0       3e     1 .comment
               0                0       3e     1         <internal>:(.comment)
               0                0     29d5     1 .debug_line
               0                0      2e7     1         kernel.o:(.debug_line)
             2e7              2e7      7be     1         frame.o:(.debug_line)
             aa5              aa5      449     1         pci.o:(.debug_line)
             eee              eee      13c     1         memory_map.o:(.debug_line)
            102a             102a      184     1         newlib.o:(.debug_line)
            11ae             11ae      1c8     1         segment.o:(.debug_line)
            1376             1376      69f     1         interrupt.o:(.debug_line)
            1a15             1a15      171     1         paging.o:(.debug_line)
            1b86             1b86       7f     1         keyboard.o:(.debug_line)
            1c05             1c05      266     1         input.o:(.debug_line)
            1e6b             1e6b      4d4     1         command.o:(.debug_line)
            233f             233f      5cb     1         memory_manager.o:(.debug_line)
            290a             290a       cb     1         timer.o:(.debug_line)
               0                0      46c     1 .debug_line_str
               0                0      46c     1         <internal>:(.debug_line_str)
               0                0       60     1 .debug_loclists
               0                0       60     1         frame.o:(.debug_loclists)
               0                0       f8     8 .debug_frame
               0                0       40     8         keyboard.o:(.debug_frame)
              40               40       b8     8         timer.o:(.debug_frame)
               0                0     1f80     8 .symtab
               0                0     1f80     8         <internal>:(.symtab)
               0                0       ed     1 .shstrtab
               0                0       ed     1         <internal>:(.shstrtab)
               0                0     17de     1 .strtab
               0                0     17de     1         <internal>:(.strtab)
