             VMA              LMA     Size Align Out     In      Symbol
          100160           100160      f97    32 .rodata
          100160           100160      560     1         <internal>:(.rodata)
          1006c0           1006c0       68     8         <internal>:(.rodata)
          100730           100730      190    16         ../lib/libc.a(libc_a-svfprintf.o):(.rodata)
          1008a0           1008a0       10     1                 zeroes.0
          1008b0           1008b0       10     1                 blanks.1
          1008c0           1008c0       40    16         <internal>:(.rodata)
          100900           100900      2a0    32         ../lib/libc.a(libc_a-ctype_.o):(.rodata)
          100900           100900      101     1                 _ctype_
          100a20           100a20      180     1                 _ctype_b
          100ba0           100ba0      190    16         ../lib/libc.a(libc_a-svfiprintf.o):(.rodata)
          100d10           100d10       10     1                 zeroes.0
          100d20           100d20       10     1                 blanks.1
          100d40           100d40      168    32         ../lib/libc.a(libc_a-mprec.o):(.rodata)
          100d40           100d40        c     1                 p05.0
          100d60           100d60       28     1                 __mprec_tinytens
          100da0           100da0       28     1                 __mprec_bigtens
          100de0           100de0       c8     1                 __mprec_tens
          100ea8           100ea8       2f     8         <internal>:(.rodata)
          100ee0           100ee0      190    16         ../lib/libc.a(libc_a-vfiprintf.o):(.rodata)
          101050           101050       10     1                 zeroes.0
          101060           101060       10     1                 blanks.1
          101070           101070       87     1         newlib.o:(.rodata)
          1010f8           1010f8     2424     8 .eh_frame
          1010f8           1010f8       d4     1         kernel.o:(.eh_frame+0x0)
          1011d0           1011d0       3c     1         kernel.o:(.eh_frame+0xd4)
          101210           101210       a0     1         kernel.o:(.eh_frame+0x110)
          1012b0           1012b0      220     1         frame.o:(.eh_frame+0x18)
          1014d0           1014d0       18     1         ../lib/libc.a(libc_a-strcpy.o):(.eh_frame+0x18)
          1014e8           1014e8       20     1         ../lib/libc.a(libc_a-strcat.o):(.eh_frame+0x18)
          101508           101508       18     1         ../lib/libc.a(libc_a-strlen.o):(.eh_frame+0x18)
          101520           101520       1c     1         ../lib/libc.a(libc_a-vsprintf.o):(.eh_frame+0x18)
          101540           101540       1c     1         ../lib/libc.a(libc_a-vsprintf.o):(.eh_frame+0x34)
          101560           101560       14     1         ../lib/libc.a(libc_a-findfp.o):(.eh_frame+0x18)
          101578           101578       14     1         ../lib/libc.a(libc_a-findfp.o):(.eh_frame+0x2c)
          101590           101590       34     1         ../lib/libc.a(libc_a-findfp.o):(.eh_frame+0x40)
          1015c8           1015c8       3c     1         ../lib/libc.a(libc_a-findfp.o):(.eh_frame+0x74)
          101608           101608       44     1         ../lib/libc.a(libc_a-findfp.o):(.eh_frame+0xb0)
          101650           101650       14     1         ../lib/libc.a(libc_a-findfp.o):(.eh_frame+0xf4)
          101668           101668       14     1         ../lib/libc.a(libc_a-findfp.o):(.eh_frame+0x108)
          101680           101680       14     1         ../lib/libc.a(libc_a-findfp.o):(.eh_frame+0x11c)
          101698           101698       18     1         ../lib/libc.a(libc_a-findfp.o):(.eh_frame+0x130)
          1016b0           1016b0       3c     1         ../lib/libc.a(libc_a-fclose.o):(.eh_frame+0x18)
          1016f0           1016f0       14     1         ../lib/libc.a(libc_a-fclose.o):(.eh_frame+0x54)
          101708           101708       90     1         ../lib/libc.a(libc_a-fflush.o):(.eh_frame+0x18)
          101798           101798       3c     1         ../lib/libc.a(libc_a-freer.o):(.eh_frame+0x18)
          1017d8           1017d8       5c     1         ../lib/libc.a(libc_a-freer.o):(.eh_frame+0x54)
          101838           101838       14     1         ../lib/libc.a(libc_a-mlock.o):(.eh_frame+0x18)
          101850           101850       14     1         ../lib/libc.a(libc_a-mlock.o):(.eh_frame+0x2c)
          101868           101868       80     1         ../lib/libc.a(libc_a-mallocr.o):(.eh_frame+0x18)
          1018e8           1018e8       20     1         ../lib/libc.a(libc_a-sbrkr.o):(.eh_frame+0x18)
          101908           101908       40     1         ../lib/libc.a(libc_a-reent.o):(.eh_frame+0x18)
          101948           101948       48     1         ../lib/libc.a(libc_a-fwalk.o):(.eh_frame+0x18)
          101990           101990       34     1         ../lib/libc.a(libc_a-stdio.o):(.eh_frame+0x18)
          1019c8           1019c8       34     1         ../lib/libc.a(libc_a-stdio.o):(.eh_frame+0x4c)
          101a00           101a00       38     1         ../lib/libc.a(libc_a-stdio.o):(.eh_frame+0x80)
          101a38           101a38       20     1         ../lib/libc.a(libc_a-readr.o):(.eh_frame+0x18)
          101a58           101a58       20     1         ../lib/libc.a(libc_a-writer.o):(.eh_frame+0x18)
          101a78           101a78       20     1         ../lib/libc.a(libc_a-lseekr.o):(.eh_frame+0x18)
          101a98           101a98       20     1         ../lib/libc.a(libc_a-closer.o):(.eh_frame+0x18)
          101ab8           101ab8       50     1         ../lib/libc.a(libc_a-svfprintf.o):(.eh_frame+0x18)
          101b08           101b08       14     1         ../lib/libc.a(libc_a-localeconv.o):(.eh_frame+0x18)
          101b20           101b20       14     1         ../lib/libc.a(libc_a-localeconv.o):(.eh_frame+0x2c)
          101b38           101b38       18     1         ../lib/libc.a(libc_a-localeconv.o):(.eh_frame+0x40)
          101b50           101b50       24     1         ../lib/libc.a(libc_a-locale.o):(.eh_frame+0x18)
          101b78           101b78       14     1         ../lib/libc.a(libc_a-locale.o):(.eh_frame+0x3c)
          101b90           101b90       28     1         ../lib/libc.a(libc_a-locale.o):(.eh_frame+0x50)
          101bb8           101bb8       18     1         ../lib/libc.a(libc_a-strcmp.o):(.eh_frame+0x18)
          101bd0           101bd0       14     1         ../lib/libc.a(libc_a-wctomb_r.o):(.eh_frame+0x18)
          101be8           101be8       14     1         ../lib/libc.a(libc_a-wctomb_r.o):(.eh_frame+0x2c)
          101c00           101c00       14     1         ../lib/libc.a(libc_a-mbtowc_r.o):(.eh_frame+0x18)
          101c18           101c18       1c     1         ../lib/libc.a(libc_a-mbtowc_r.o):(.eh_frame+0x2c)
          101c38           101c38       14     1         ../lib/libc.a(libc_a-stack_protector.o):(.eh_frame+0x18)
          101c50           101c50       1c     1         ../lib/libc.a(libc_a-stack_protector.o):(.eh_frame+0x2c)
          101c70           101c70       20     1         ../lib/libc.a(libc_a-stack_protector.o):(.eh_frame+0x48)
          101c90           101c90       4c     1         ../lib/libc.a(libc_a-signal.o):(.eh_frame+0x18)
          101ce0           101ce0      184     1         ../lib/libc.a(libc_a-signal.o):(.eh_frame+0x64)
          101e68           101e68       38     1         ../lib/libc.a(libc_a-signalr.o):(.eh_frame+0x18)
          101ea0           101ea0       4c     1         ../lib/libc.a(libc_a-svfiprintf.o):(.eh_frame+0x18)
          101ef0           101ef0       54     1         ../lib/libc.a(libc_a-svfiprintf.o):(.eh_frame+0x64)
          101f48           101f48       18     1         ../lib/libc.a(libc_a-memmove.o):(.eh_frame+0x18)
          101f60           101f60       68     1         ../lib/libc.a(libc_a-reallocr.o):(.eh_frame+0x18)
          101fc8           101fc8       18     1         ../lib/libc.a(libc_a-memchr.o):(.eh_frame+0x18)
          101fe0           101fe0       4c     1         ../lib/libc.a(libc_a-dtoa.o):(.eh_frame+0x18)
          102030           102030       4c     1         ../lib/libc.a(libc_a-dtoa.o):(.eh_frame+0x64)
          102080           102080       2c     1         ../lib/libc.a(libc_a-mprec.o):(.eh_frame+0x18)
          1020b0           1020b0       14     1         ../lib/libc.a(libc_a-mprec.o):(.eh_frame+0x44)
          1020c8           1020c8       8c     1         ../lib/libc.a(libc_a-mprec.o):(.eh_frame+0x58)
          102158           102158       14     1         ../lib/libc.a(libc_a-mprec.o):(.eh_frame+0xe4)
          102170           102170       14     1         ../lib/libc.a(libc_a-mprec.o):(.eh_frame+0xf8)
          102188           102188       24     1         ../lib/libc.a(libc_a-mprec.o):(.eh_frame+0x10c)
          1021b0           1021b0       4c     1         ../lib/libc.a(libc_a-mprec.o):(.eh_frame+0x130)
          102200           102200       3c     1         ../lib/libc.a(libc_a-mprec.o):(.eh_frame+0x17c)
          102240           102240       4c     1         ../lib/libc.a(libc_a-mprec.o):(.eh_frame+0x1b8)
          102290           102290       14     1         ../lib/libc.a(libc_a-mprec.o):(.eh_frame+0x204)
          1022a8           1022a8       64     1         ../lib/libc.a(libc_a-mprec.o):(.eh_frame+0x218)
          102310           102310       14     1         ../lib/libc.a(libc_a-mprec.o):(.eh_frame+0x27c)
          102328           102328       34     1         ../lib/libc.a(libc_a-mprec.o):(.eh_frame+0x290)
          102360           102360       34     1         ../lib/libc.a(libc_a-mprec.o):(.eh_frame+0x2c4)
          102398           102398       14     1         ../lib/libc.a(libc_a-mprec.o):(.eh_frame+0x2f8)
          1023b0           1023b0       14     1         ../lib/libc.a(libc_a-mprec.o):(.eh_frame+0x30c)
          1023c8           1023c8       18     1         ../lib/libc.a(libc_a-mprec.o):(.eh_frame+0x320)
          1023e0           1023e0       28     1         ../lib/libc.a(libc_a-callocr.o):(.eh_frame+0x18)
          102408           102408       18     1         ../lib/libc.a(libc_a-errno.o):(.eh_frame+0x18)
          102420           102420       24     1         ../lib/libc.a(libc_a-assert.o):(.eh_frame+0x18)
          102448           102448       1c     1         ../lib/libc.a(libc_a-assert.o):(.eh_frame+0x3c)
          102468           102468       1c     1         ../lib/libc.a(libc_a-fiprintf.o):(.eh_frame+0x18)
          102488           102488       1c     1         ../lib/libc.a(libc_a-fiprintf.o):(.eh_frame+0x34)
          1024a8           1024a8       4c     1         ../lib/libc.a(libc_a-vfiprintf.o):(.eh_frame+0x18)
          1024f8           1024f8       14     1         ../lib/libc.a(libc_a-vfiprintf.o):(.eh_frame+0x64)
          102510           102510       7c     1         ../lib/libc.a(libc_a-vfiprintf.o):(.eh_frame+0x78)
          102590           102590       3c     1         ../lib/libc.a(libc_a-vfiprintf.o):(.eh_frame+0xf4)
          1025d0           1025d0       44     1         ../lib/libc.a(libc_a-fputwc.o):(.eh_frame+0x18)
          102618           102618       14     1         ../lib/libc.a(libc_a-fputwc.o):(.eh_frame+0x5c)
          102630           102630       28     1         ../lib/libc.a(libc_a-fputwc.o):(.eh_frame+0x70)
          102658           102658       2c     1         ../lib/libc.a(libc_a-wcrtomb.o):(.eh_frame+0x18)
          102688           102688       2c     1         ../lib/libc.a(libc_a-wcrtomb.o):(.eh_frame+0x44)
          1026b8           1026b8       3c     1         ../lib/libc.a(libc_a-wbuf.o):(.eh_frame+0x18)
          1026f8           1026f8       14     1         ../lib/libc.a(libc_a-wbuf.o):(.eh_frame+0x54)
          102710           102710       30     1         ../lib/libc.a(libc_a-wsetup.o):(.eh_frame+0x18)
          102740           102740       44     1         ../lib/libc.a(libc_a-makebuf.o):(.eh_frame+0x18)
          102788           102788       34     1         ../lib/libc.a(libc_a-makebuf.o):(.eh_frame+0x5c)
          1027c0           1027c0       20     1         ../lib/libc.a(libc_a-fstatr.o):(.eh_frame+0x18)
          1027e0           1027e0       20     1         ../lib/libc.a(libc_a-isattyr.o):(.eh_frame+0x18)
          102800           102800       78     1         ../lib/libc.a(libc_a-fvwrite.o):(.eh_frame+0x18)
          102878           102878       20     1         ../lib/libc.a(libc_a-abort.o):(.eh_frame+0x18)
          102898           102898       1c     1         ../lib/libc.a(libc_a-sprintf.o):(.eh_frame+0x18)
          1028b8           1028b8       24     1         ../lib/libc.a(libc_a-sprintf.o):(.eh_frame+0x34)
          1028e0           1028e0      200     1         pci.o:(.eh_frame+0x18)
          102ae0           102ae0       60     1         memory_map.o:(.eh_frame+0x18)
          102b40           102b40       3c     1         newlib.o:(.eh_frame+0x18)
          102b80           102b80       1c     1         newlib.o:(.eh_frame+0x54)
          102ba0           102ba0       1c     1         newlib.o:(.eh_frame+0x70)
          102bc0           102bc0       1c     1         newlib.o:(.eh_frame+0x8c)
          102be0           102be0       1c     1         newlib.o:(.eh_frame+0xa8)
          102c00           102c00       1c     1         newlib.o:(.eh_frame+0xc4)
          102c20           102c20       1c     1         newlib.o:(.eh_frame+0xe0)
          102c40           102c40       1c     1         newlib.o:(.eh_frame+0xfc)
          102c60           102c60       20     1         newlib.o:(.eh_frame+0x118)
          102c80           102c80       80     1         segment.o:(.eh_frame+0x18)
          102d00           102d00       54     1         interrupt.o:(.eh_frame+0x18)
          102d58           102d58       54     1         interrupt.o:(.eh_frame+0x6c)
          102db0           102db0       54     1         interrupt.o:(.eh_frame+0xc0)
          102e08           102e08       54     1         interrupt.o:(.eh_frame+0x114)
          102e60           102e60       54     1         interrupt.o:(.eh_frame+0x168)
          102eb8           102eb8       c4     1         interrupt.o:(.eh_frame+0x1bc)
          102f80           102f80       80     1         paging.o:(.eh_frame+0x18)
          103000           103000       20     1         keyboard.o:(.eh_frame+0x18)
          103020           103020       c4     1         input.o:(.eh_frame+0x18)
          1030e8           1030e8       24     1         input.o:(.eh_frame+0xdc)
          103110           103110       20     1         command.o:(.eh_frame+0x18)
          103130           103130       a0     1         command.o:(.eh_frame+0x78)
          1031d0           1031d0       20     1         command.o:(.eh_frame+0x138)
          1031f0           1031f0       14     1         ../lib/libc.a(libc_a-malloc.o):(.eh_frame+0x18)
          103208           103208       14     1         ../lib/libc.a(libc_a-malloc.o):(.eh_frame+0x2c)
          103220           103220       88     1         ../lib/libc.a(libc_a-strtol.o):(.eh_frame+0x18)
          1032a8           1032a8       30     1         ../lib/libc.a(libc_a-atoi.o):(.eh_frame+0x18)
          1032d8           1032d8       20     1         memory_manager.o:(.eh_frame+0x18)
          1032f8           1032f8      200     1         memory_manager.o:(.eh_frame+0x78)
          1034f8           1034f8       20     1         memory_manager.o:(.eh_frame+0x2b8)
          104520           104520    1019e    16 .text
          104520           104520      217    16         kernel.o:(.text)
          104520           104520        f     1                 stop()
          104530           104530       29     1                 entry_point
          104560           104560      1d7     1                 kernel_main
          104740           104740       50    16         kernel.o:(.text.startup)
          104740           104740       1a     1                 __cxx_global_var_init
          104760           104760       12     1                 __cxx_global_var_init.1
          104780           104780       10     1                 _GLOBAL__sub_I_kernel.cpp
          104790           104790        b    16         kernel.o:(.text._ZNSt3__114numeric_limitsImE3maxEv)
          104790           104790        b     1                 std::__1::numeric_limits<unsigned long>::max()
          1047a0           1047a0       21    16         kernel.o:(.text._ZN7FrameIDC2Em)
          1047a0           1047a0       21     1                 FrameID::FrameID(unsigned long)
          1047d0           1047d0       4c    16         kernel.o:(.text._ZN11InputBufferC2Ev)
          1047d0           1047d0       4c     1                 InputBuffer::InputBuffer()
          104820           104820       1e    16         kernel.o:(.text._ZNK5ErrorcvbEv)
          104820           104820       1e     1                 Error::operator bool() const
          104840           104840       29    16         kernel.o:(.text._ZNK5Error4NameEv)
          104840           104840       29     1                 Error::Name() const
          104870           104870        d    16         kernel.o:(.text._ZNSt3__123__libcpp_numeric_limitsImLb1EE3maxEv)
          104870           104870        d     1                 std::__1::__libcpp_numeric_limits<unsigned long, true>::max()
          104880           104880       25    16         kernel.o:(.text._ZNKSt3__15arrayIPKcLm20EEixEm)
          104880           104880       25     1                 std::__1::array<char const*, 20ul>::operator[](unsigned long) const
          1048b0           1048b0      ece    16         frame.o:(.text)
          1048b0           1048b0       9a     1                 InitializeFrame(bootinfo_t*)
          104950           104950       7f     1                 WritePixelRGB(Color, int, int)
          1049d0           1049d0       7f     1                 WritePixelBGR(Color, int, int)
          104a50           104a50       3d     1                 HashtoColor(unsigned char)
          104a90           104a90      191     1                 HSVtoRGB(int)
          104c30           104c30       f5     1                 WriteAscii(char, Color, int, int)
          104d30           104d30      136     1                 WriteSquare(Vector, Vector, Color)
          104e70           104e70      11b     1                 PrintLine(char const*, Vector, Color)
          104f90           104f90       7e     1                 RegisterLine(char const*)
          105010           105010      402     1                 Print
          105420           105420       b3     1                 Printf
          1054e0           1054e0       6c     1                 dPrint(char*, int)
          105550           105550       6c     1                 udPrint(char*, unsigned int)
          1055c0           1055c0       6c     1                 uxdPrint(char*, unsigned int)
          105630           105630       c2     1                 WriteMandelbrot(int)
          105700           105700       7e     1                 clear()
          105780           105780      1ad    16         frame.o:(.text._Z14CalcMandelbrotiii)
          105780           105780      1ad     1                 CalcMandelbrot(int, int, int)
          105930           105930       85    16         ../lib/libc.a(libc_a-strcpy.o):(.text)
          105930           105930       85     1                 strcpy
          1059c0           1059c0       6c    16         ../lib/libc.a(libc_a-strcat.o):(.text)
          1059c0           1059c0       6c     1                 strcat
          105a30           105a30       7d    16         ../lib/libc.a(libc_a-strlen.o):(.text)
          105a30           105a30       7d     1                 strlen
          105ab0           105ab0       ed    16         ../lib/libc.a(libc_a-vsprintf.o):(.text)
          105ab0           105ab0       7d     1                 vsprintf
          105b30           105b30       6d     1                 _vsprintf_r
          105b9d           105b9d        0     1         ../lib/libc.a(libc_a-impure.o):(.text)
          105ba0           105ba0      469    16         ../lib/libc.a(libc_a-findfp.o):(.text)
          105ba0           105ba0        7     1                 __fp_lock
          105bb0           105bb0       1e     1                 stdio_exit_handler
          105bd0           105bd0       52     1                 cleanup_stdio
          105c30           105c30        7     1                 __fp_unlock
          105c40           105c40      1d1     1                 global_stdio_init.part.0
          105e20           105e20      156     1                 __sfp
          105f80           105f80       2a     1                 __sinit
          105fb0           105fb0        5     1                 __sfp_lock_acquire
          105fc0           105fc0        5     1                 __sfp_lock_release
          105fd0           105fd0       19     1                 __fp_lock_all
          105ff0           105ff0       19     1                 __fp_unlock_all
          106010           106010       f3    16         ../lib/libc.a(libc_a-fclose.o):(.text)
          106010           106010       de     1                 _fclose_r
          1060f0           1060f0       13     1                 fclose
          106110           106110      321    16         ../lib/libc.a(libc_a-fflush.o):(.text)
          106110           106110      225     1                 __sflush_r
          106340           106340       5f     1                 _fflush_r
          1063a0           1063a0       91     1                 fflush
          106440           106440      47e    16         ../lib/libc.a(libc_a-freer.o):(.text)
          106440           106440       e7     1                 _malloc_trim_r
          106530           106530      38e     1                 _free_r
          1068c0           1068c0       15    16         ../lib/libc.a(libc_a-mlock.o):(.text)
          1068c0           1068c0        5     1                 __malloc_lock
          1068d0           1068d0        5     1                 __malloc_unlock
          1068e0           1068e0      8d4    16         ../lib/libc.a(libc_a-mallocr.o):(.text)
          1068e0           1068e0      8d4     1                 _malloc_r
          1071c0           1071c0       36    16         ../lib/libc.a(libc_a-sbrkr.o):(.text)
          1071c0           1071c0       36     1                 _sbrk_r
          107200           107200       9e    16         ../lib/libc.a(libc_a-reent.o):(.text)
          107200           107200       9e     1                 _reclaim_reent
          1072a0           1072a0       89    16         ../lib/libc.a(libc_a-fwalk.o):(.text)
          1072a0           1072a0       89     1                 _fwalk_sglue
          107330           107330       e0    16         ../lib/libc.a(libc_a-memset.o):(.text)
          107330           107330        0     1                 memset
          10735e           10735e        0     1                 quadword_aligned
          107380           107380        0     1                 loop
          1073eb           1073eb        0     1                 byte_set
          1073f1           1073f1        0     1                 quadword_set
          107410           107410       ed    16         ../lib/libc.a(libc_a-stdio.o):(.text)
          107410           107410       30     1                 __sread
          107440           107440        7     1                 __seofread
          107450           107450       60     1                 __swrite
          1074b0           1074b0       38     1                 __sseek
          1074f0           1074f0        d     1                 __sclose
          107500           107500       41    16         ../lib/libc.a(libc_a-readr.o):(.text)
          107500           107500       41     1                 _read_r
          107550           107550       41    16         ../lib/libc.a(libc_a-writer.o):(.text)
          107550           107550       41     1                 _write_r
          1075a0           1075a0       3e    16         ../lib/libc.a(libc_a-lseekr.o):(.text)
          1075a0           1075a0       3e     1                 _lseek_r
          1075e0           1075e0       2e    16         ../lib/libc.a(libc_a-closer.o):(.text)
          1075e0           1075e0       2e     1                 _close_r
          107610           107610     2557    16         ../lib/libc.a(libc_a-svfprintf.o):(.text)
          107610           107610     2557     1                 _svfprintf_r
          109b70           109b70       2c    16         ../lib/libc.a(libc_a-localeconv.o):(.text)
          109b70           109b70        c     1                 __localeconv_l
          109b80           109b80        c     1                 _localeconv_r
          109b90           109b90        c     1                 localeconv
          109ba0           109ba0       ea    16         ../lib/libc.a(libc_a-locale.o):(.text)
          109ba0           109ba0       6a     1                 _setlocale_r
          109c10           109c10        c     1                 __locale_mb_cur_max
          109c20           109c20       6a     1                 setlocale
          109c90           109c90       83    16         ../lib/libc.a(libc_a-strcmp.o):(.text)
          109c90           109c90       83     1                 strcmp
          109d20           109d20       43    16         ../lib/libc.a(libc_a-wctomb_r.o):(.text)
          109d20           109d20        a     1                 _wctomb_r
          109d30           109d30       33     1                 __ascii_wctomb
          109d70           109d70       70    16         ../lib/libc.a(libc_a-mbtowc_r.o):(.text)
          109d70           109d70        a     1                 _mbtowc_r
          109d80           109d80       60     1                 __ascii_mbtowc
          109de0           109de0       8f    16         ../lib/libc.a(libc_a-stack_protector.o):(.text)
          109de0           109de0       7d     1                 __stack_chk_fail
          109e60           109e60        f     1                 __stack_chk_fail_local
          109e70           109e70       19    16         ../lib/libc.a(libc_a-stack_protector.o):(.text.startup)
          109e70           109e70       19     1                 __stack_chk_init
          109e90           109e90      50e    16         ../lib/libc.a(libc_a-signal.o):(.text)
          109e90           109e90       59     1                 _init_signal_r
          109ef0           109ef0       98     1                 _signal_r
          109f90           109f90       ad     1                 _raise_r
          10a040           10a040       ca     1                 __sigtramp_r
          10a110           10a110       b7     1                 raise
          10a1d0           10a1d0       98     1                 signal
          10a270           10a270       59     1                 _init_signal
          10a2d0           10a2d0       ce     1                 __sigtramp
          10a3a0           10a3a0       49    16         ../lib/libc.a(libc_a-signalr.o):(.text)
          10a3a0           10a3a0       36     1                 _kill_r
          10a3e0           10a3e0        9     1                 _getpid_r
          10a3e9           10a3e9        0     1         ../lib/libc.a(libc_a-ctype_.o):(.text)
          10a3f0           10a3f0     1408    16         ../lib/libc.a(libc_a-svfiprintf.o):(.text)
          10a3f0           10a3f0      1e9     1                 __ssprint_r
          10a5e0           10a5e0     1218     1                 _svfiprintf_r
          10b800           10b800      124    16         ../lib/libc.a(libc_a-memmove.o):(.text)
          10b800           10b800      124     1                 memmove
          10b930           10b930      12d    16         ../lib/libc.a(libc_a-memcpy.o):(.text)
          10b930           10b930        0     1                 memcpy
          10b955           10b955        0     1                 quadword_aligned
          10b970           10b970        0     1                 loop
          10ba37           10ba37        0     1                 byte_copy
          10ba3d           10ba3d        0     1                 quadword_copy
          10ba60           10ba60      53a    16         ../lib/libc.a(libc_a-reallocr.o):(.text)
          10ba60           10ba60      53a     1                 _realloc_r
          10bfa0           10bfa0       c5    16         ../lib/libc.a(libc_a-memchr.o):(.text)
          10bfa0           10bfa0       c5     1                 memchr
          10c070           10c070     1636    16         ../lib/libc.a(libc_a-dtoa.o):(.text)
          10c070           10c070      19c     1                 quorem
          10c210           10c210     1496     1                 _dtoa_r
          10d6b0           10d6b0     10ba    16         ../lib/libc.a(libc_a-mprec.o):(.text)
          10d6b0           10d6b0       9e     1                 _Balloc
          10d750           10d750       1f     1                 _Bfree
          10d770           10d770      101     1                 __multadd
          10d880           10d880      139     1                 __s2b
          10d9c0           10d9c0       56     1                 __hi0bits
          10da20           10da20       8f     1                 __lo0bits
          10dab0           10dab0       a4     1                 __i2b
          10db60           10db60      241     1                 __multiply
          10ddb0           10ddb0      12e     1                 __pow5mult
          10dee0           10dee0      158     1                 __lshift
          10e040           10e040       4e     1                 __mcmp
          10e090           10e090      217     1                 __mdiff
          10e2b0           10e2b0       7d     1                 __ulp
          10e330           10e330       fc     1                 __b2d
          10e430           10e430      158     1                 __d2b
          10e590           10e590       c0     1                 __ratio
          10e650           10e650       40     1                 _mprec_log10
          10e690           10e690       60     1                 __copybits
          10e6f0           10e6f0       7a     1                 __any_on
          10e770           10e770       c6    16         ../lib/libc.a(libc_a-callocr.o):(.text)
          10e770           10e770       c6     1                 _calloc_r
          10e840           10e840        c    16         ../lib/libc.a(libc_a-errno.o):(.text)
          10e840           10e840        c     1                 __errno
          10e850           10e850       74    16         ../lib/libc.a(libc_a-assert.o):(.text)
          10e850           10e850       54     1                 __assert_func
          10e8b0           10e8b0       14     1                 __assert
          10e8d0           10e8d0      178    16         ../lib/libc.a(libc_a-fiprintf.o):(.text)
          10e8d0           10e8d0       b0     1                 _fiprintf_r
          10e980           10e980       c8     1                 fiprintf
          10ea50           10ea50     1750    16         ../lib/libc.a(libc_a-vfiprintf.o):(.text)
          10ea50           10ea50       d7     1                 __sprint_r.part.0
          10eb30           10eb30       1a     1                 __sprint_r
          10eb50           10eb50     154f     1                 _vfiprintf_r
          1100a0           1100a0       19     1                 vfiprintf
          1100c0           1100c0       e0     1                 __sbprintf
          1101a0           1101a0      1b9    16         ../lib/libc.a(libc_a-fputwc.o):(.text)
          1101a0           1101a0      119     1                 __fputwc
          1102c0           1102c0       23     1                 _fputwc_r
          1102f0           1102f0       69     1                 fputwc
          110360           110360      112    16         ../lib/libc.a(libc_a-wcrtomb.o):(.text)
          110360           110360       7c     1                 _wcrtomb_r
          1103e0           1103e0       92     1                 wcrtomb
          110480           110480      135    16         ../lib/libc.a(libc_a-wbuf.o):(.text)
          110480           110480      112     1                 __swbuf_r
          1105a0           1105a0       15     1                 __swbuf
          1105c0           1105c0      143    16         ../lib/libc.a(libc_a-wsetup.o):(.text)
          1105c0           1105c0      143     1                 __swsetup_r
          110710           110710      1e6    16         ../lib/libc.a(libc_a-makebuf.o):(.text)
          110710           110710      139     1                 __smakebuf_r
          110850           110850       a6     1                 __swhatbuf_r
          110900           110900       36    16         ../lib/libc.a(libc_a-fstatr.o):(.text)
          110900           110900       36     1                 _fstat_r
          110940           110940       2e    16         ../lib/libc.a(libc_a-isattyr.o):(.text)
          110940           110940       2e     1                 _isatty_r
          110970           110970      55c    16         ../lib/libc.a(libc_a-fvwrite.o):(.text)
          110970           110970      55c     1                 __sfvwrite_r
          110ed0           110ed0       1e    16         ../lib/libc.a(libc_a-abort.o):(.text)
          110ed0           110ed0       1e     1                 abort
          110ef0           110ef0      211    16         ../lib/libc.a(libc_a-sprintf.o):(.text)
          110ef0           110ef0       fc     1                 _sprintf_r
          110ff0           110ff0      111     1                 sprintf
          111110           111110       a3    16         asmfunc.o:(.text)
          111110           111110        0     1                 IoOut32
          111117           111117        0     1                 IoIn32
          11111c           11111c        0     1                 IoIn16
          111122           111122        0     1                 IoOut8
          11112a           11112a        0     1                 IoIn8
          11112f           11112f        0     1                 call_kernel_main
          11113f           11113f        0     1                 _hlt
          111142           111142        0     1                 LoadGDT
          11115c           11115c        0     1                 SetDSAll
          111165           111165        0     1                 SetCSSS
          111179           111179        0     1                 SetCSSS.next
          11117e           11117e        0     1                 SetCSSS.stop
          111181           111181        0     1                 GetCS
          111187           111187        0     1                 LoadIDT
          1111a1           1111a1        0     1                 SetCR3
          1111a5           1111a5        0     1                 NotifyEndOfInterrupt
          1111c0           1111c0      809    16         pci.o:(.text)
          1111c0           1111c0       4f     1                 MakeAddr(unsigned char, unsigned char, unsigned char, unsigned char)
          111210           111210       1e     1                 WriteAddr(unsigned int)
          111230           111230       1e     1                 WriteData(unsigned int)
          111250           111250       10     1                 ReadData()
          111260           111260       4a     1                 ReadVendorId(unsigned char, unsigned char, unsigned char)
          1112b0           1112b0       67     1                 ReadVendorId(Device)
          111320           111320       50     1                 ReadHeaderType(unsigned char, unsigned char, unsigned char)
          111370           111370       70     1                 ReadBar(Device, int)
          1113e0           1113e0       71     1                 ReadClassCode(unsigned char, unsigned char, unsigned char)
          111460           111460       45     1                 ReadBusNumbers(unsigned char, unsigned char, unsigned char)
          1114b0           1114b0       af     1                 AddDevice(unsigned char, unsigned char, unsigned char, unsigned char)
          111560           111560       28     1                 IsSingleFunctionDevice(unsigned char)
          111590           111590      13f     1                 ScanAllBus()
          1116d0           1116d0       b7     1                 ScanBus(unsigned char)
          111790           111790      126     1                 ScanDevice(unsigned char, unsigned char)
          1118c0           1118c0      109     1                 ScanFunction(unsigned char, unsigned char, unsigned char)
          1119d0           1119d0      27f    16         memory_map.o:(.text)
          1119d0           1119d0       83     1                 show_memdesc(int)
          111a60           111a60      12d     1                 show_memory_map()
          111b90           111b90       bf     1                 search_mem_type(unsigned long)
          111c4f           111c4f      1c5     1         newlib.o:(.text)
          111c4f           111c4f       6f     1                 sbrk
          111cbe           111cbe       29     1                 read
          111ce7           111ce7       35     1                 write
          111d1c           111d1c       21     1                 _exit
          111d3d           111d3d       28     1                 lseek
          111d65           111d65       21     1                 close
          111d86           111d86       2e     1                 kill
          111db4           111db4       1a     1                 getpid
          111dce           111dce       25     1                 fstat
          111df3           111df3       21     1                 isatty
          111e20           111e20      348    16         segment.o:(.text)
          111e20           111e20      21d     1                 SetCodeSegment(SegmentDescriptor*, DescriptorType, unsigned int, unsigned int, unsigned int)
          112040           112040       77     1                 SetDataSegment(SegmentDescriptor*, DescriptorType, unsigned int, unsigned int, unsigned int)
          1120c0           1120c0       67     1                 SetupSegments()
          112130           112130       38     1                 InitializeSegment(unsigned short, unsigned short)
          112170           112170      c55    16         interrupt.o:(.text)
          112170           112170      19e     1                 BreakpointInterrupt(InterruptFrame*)
          112310           112310      186     1                 SegFaultInterrupt(InterruptFrame*)
          1124a0           1124a0      186     1                 PageFaultInterrupt(InterruptFrame*)
          112630           112630      186     1                 GeneralProtectionInterrupt(InterruptFrame*)
          1127c0           1127c0      203     1                 KeyboardInterrupt(InterruptFrame*)
          1129d0           1129d0       f9     1                 DefaultInterrupt(InterruptFrame*)
          112ad0           112ad0       7a     1                 SetIDTEntry(InterruptDescriptor*, InterruptDescriptorAttribute, unsigned long, unsigned long)
          112b50           112b50       ba     1                 InitializePIC()
          112c10           112c10      1b5     1                 InitializeInterrupt()
          112dd0           112dd0       60    16         interrupt.o:(.text._Z10isAlphabetc)
          112dd0           112dd0       60     1                 isAlphabet(char)
          112e30           112e30       af    16         interrupt.o:(.text._Z11MakeIDTAttr14DescriptorTypehbh)
          112e30           112e30       af     1                 MakeIDTAttr(DescriptorType, unsigned char, bool, unsigned char)
          112ee0           112ee0      118    16         paging.o:(.text)
          112ee0           112ee0      118     1                 SetupIdentityPageTable()
          113000           113000       25    16         paging.o:(.text._ZNSt3__15arrayImLm512EEixEm)
          113000           113000       25     1                 std::__1::array<unsigned long, 512ul>::operator[](unsigned long)
          113030           113030       14    16         paging.o:(.text._ZNKSt3__15arrayINS0_ImLm512EEELm64EE4sizeEv)
          113030           113030       14     1                 std::__1::array<std::__1::array<unsigned long, 512ul>, 64ul>::size() const
          113050           113050       25    16         paging.o:(.text._ZNSt3__15arrayINS0_ImLm512EEELm64EEixEm)
          113050           113050       25     1                 std::__1::array<std::__1::array<unsigned long, 512ul>, 64ul>::operator[](unsigned long)
          113080           113080       62    16         keyboard.o:(.text)
          113080           113080       62     1                 InitializeKeycode()
          1130f0           1130f0      319    16         input.o:(.text)
          1130f0           1130f0       82     1                 InputBuffer::add(char)
          113180           113180       76     1                 InputBuffer::isEnter()
          113200           113200       76     1                 InputBuffer::pop()
          113280           113280       5a     1                 InputBuffer::allprint()
          1132e0           1132e0       9b     1                 InputBuffer::allpop(char*)
          113380           113380       89     1                 GetString(char*)
          113410           113410       27    16         input.o:(.text._ZN11InputBuffer7isInputEv)
          113410           113410       27     1                 InputBuffer::isInput()
          113440           113440      741    16         command.o:(.text)
          113440           113440      27d     1                 tokenize(char*)
          1136c0           1136c0       4b     1                 free_token(char**)
          113710           113710       97     1                 show_token(char**)
          1137b0           1137b0      187     1                 command(char*)
          113940           113940      241     1                 command(char**)
          113b90           113b90       2b    16         command.o:(.text.startup)
          113b90           113b90       1a     1                 __cxx_global_var_init
          113bb0           113bb0        b     1                 _GLOBAL__sub_I_command.cpp
          113bc0           113bc0       33    16         ../lib/libc.a(libc_a-malloc.o):(.text)
          113bc0           113bc0       13     1                 malloc
          113be0           113be0       13     1                 free
          113c00           113c00      26e    16         ../lib/libc.a(libc_a-strtol.o):(.text)
          113c00           113c00      1bd     1                 _strtol_l.part.0
          113dc0           113dc0       2e     1                 _strtol_r
          113df0           113df0       3e     1                 strtol_l
          113e30           113e30       3e     1                 strtol
          113e70           113e70       39    16         ../lib/libc.a(libc_a-atoi.o):(.text)
          113e70           113e70       19     1                 atoi
          113e90           113e90       19     1                 _atoi_r
          113eb0           113eb0      6ae    16         memory_manager.o:(.text)
          113eb0           113eb0       4f     1                 BitmapMemoryManager::BitmapMemoryManager()
          113eb0           113eb0       4f     1                 BitmapMemoryManager::BitmapMemoryManager()
          113f00           113f00      15d     1                 BitmapMemoryManager::Allocate(unsigned long)
          114060           114060       6e     1                 BitmapMemoryManager::GetBit(FrameID) const
          1140d0           1140d0       74     1                 BitmapMemoryManager::MarkAllocated(FrameID, unsigned long)
          114150           114150       90     1                 BitmapMemoryManager::Free(FrameID, unsigned long)
          1141e0           1141e0       a8     1                 BitmapMemoryManager::SetBit(FrameID, bool)
          114290           114290       34     1                 BitmapMemoryManager::SetMemoryRange(FrameID, FrameID)
          1142d0           1142d0       48     1                 BitmapMemoryManager::IsAvailable(unsigned long)
          114320           114320      167     1                 InitializeMemoryManager(BitmapMemoryManager*, MemoryMap*)
          114490           114490       ce     1                 InitializeHeap(BitmapMemoryManager&)
          114560           114560       2b    16         memory_manager.o:(.text.startup)
          114560           114560       1a     1                 __cxx_global_var_init
          114580           114580        b     1                 _GLOBAL__sub_I_memory_manager.cpp
          114590           114590       16    16         memory_manager.o:(.text._ZNK7FrameID2IDEv)
          114590           114590       16     1                 FrameID::ID() const
          1145b0           1145b0       33    16         memory_manager.o:(.text._ZN5ErrorC2ENS_4CodeEPKci)
          1145b0           1145b0       33     1                 Error::Error(Error::Code, char const*, int)
          1145f0           1145f0       27    16         memory_manager.o:(.text._Z16AddressToFrameIDm)
          1145f0           1145f0       27     1                 AddressToFrameID(unsigned long)
          114620           114620       25    16         memory_manager.o:(.text._ZNKSt3__15arrayImLm524288EEixEm)
          114620           114620       25     1                 std::__1::array<unsigned long, 524288ul>::operator[](unsigned long) const
          114650           114650       25    16         memory_manager.o:(.text._ZNSt3__15arrayImLm524288EEixEm)
          114650           114650       25     1                 std::__1::array<unsigned long, 524288ul>::operator[](unsigned long)
          114680           114680       3e    16         memory_manager.o:(.text._Z11IsAvailable10MemoryType)
          114680           114680       3e     1                 IsAvailable(MemoryType)
          1156c0           1156c0       a0     8 .data.rel.ro
          1156c0           1156c0       a0     8         kernel.o:(.data.rel.ro._ZN5Error11code_names_E)
          1156c0           1156c0       a0     1                 Error::code_names_
          115760           115760       20     8 .init_array
          115760           115760        8     8         kernel.o:(.init_array)
          115768           115768        8     8         ../lib/libc.a(libc_a-stack_protector.o):(.init_array)
          115770           115770        8     8         command.o:(.init_array)
          115778           115778        8     8         memory_manager.o:(.init_array)
          115780           115780      cb0    32 .data
          115780           115780        0     1         ../lib/libc.a(libc_a-strcpy.o):(.data)
          115780           115780        0     1         ../lib/libc.a(libc_a-strcat.o):(.data)
          115780           115780        0     1         ../lib/libc.a(libc_a-strlen.o):(.data)
          115780           115780        0     1         ../lib/libc.a(libc_a-vsprintf.o):(.data)
          115780           115780        0     1         ../lib/libc.a(libc_a-impure.o):(.data)
          115780           115780        8     8         ../lib/libc.a(libc_a-impure.o):(.data.rel.local)
          115780           115780        8     1                 _impure_ptr
          1157a0           1157a0      158    32         ../lib/libc.a(libc_a-impure.o):(.data.rel)
          1157a0           1157a0      158     1                 _impure_data
          1158f8           1158f8        0     1         ../lib/libc.a(libc_a-findfp.o):(.data)
          115900           115900       18    16         ../lib/libc.a(libc_a-findfp.o):(.data.rel.local)
          115900           115900       18     1                 __sglue
          115918           115918        0     1         ../lib/libc.a(libc_a-fclose.o):(.data)
          115918           115918        0     1         ../lib/libc.a(libc_a-fflush.o):(.data)
          115918           115918        0     1         ../lib/libc.a(libc_a-freer.o):(.data)
          115918           115918        0     1         ../lib/libc.a(libc_a-mlock.o):(.data)
          115918           115918       10     8         ../lib/libc.a(libc_a-mallocr.o):(.data)
          115918           115918        8     1                 __malloc_sbrk_base
          115920           115920        8     1                 __malloc_trim_threshold
          115940           115940      810    32         ../lib/libc.a(libc_a-mallocr.o):(.data.rel.local)
          115940           115940      810     1                 __malloc_av_
          116150           116150        0     1         ../lib/libc.a(libc_a-sbrkr.o):(.data)
          116150           116150        0     1         ../lib/libc.a(libc_a-reent.o):(.data)
          116150           116150        0     1         ../lib/libc.a(libc_a-fwalk.o):(.data)
          116150           116150        0     1         ../lib/libc.a(libc_a-memset.o):(.data)
          116150           116150        0     1         ../lib/libc.a(libc_a-stdio.o):(.data)
          116150           116150        0     1         ../lib/libc.a(libc_a-readr.o):(.data)
          116150           116150        0     1         ../lib/libc.a(libc_a-writer.o):(.data)
          116150           116150        0     1         ../lib/libc.a(libc_a-lseekr.o):(.data)
          116150           116150        0     1         ../lib/libc.a(libc_a-closer.o):(.data)
          116150           116150        0     1         ../lib/libc.a(libc_a-svfprintf.o):(.data)
          116150           116150        0     1         ../lib/libc.a(libc_a-localeconv.o):(.data)
          116150           116150        0     1         ../lib/libc.a(libc_a-locale.o):(.data)
          116160           116160      1a8    32         ../lib/libc.a(libc_a-locale.o):(.data.rel)
          116160           116160      1a8     1                 __global_locale
          116308           116308        0     1         ../lib/libc.a(libc_a-strcmp.o):(.data)
          116308           116308        0     1         ../lib/libc.a(libc_a-wctomb_r.o):(.data)
          116308           116308        0     1         ../lib/libc.a(libc_a-mbtowc_r.o):(.data)
          116308           116308        0     1         ../lib/libc.a(libc_a-stack_protector.o):(.data)
          116308           116308        0     1         ../lib/libc.a(libc_a-signal.o):(.data)
          116308           116308        0     1         ../lib/libc.a(libc_a-signalr.o):(.data)
          116308           116308        0     1         ../lib/libc.a(libc_a-ctype_.o):(.data)
          116308           116308        0     1         ../lib/libc.a(libc_a-svfiprintf.o):(.data)
          116308           116308        0     1         ../lib/libc.a(libc_a-memmove.o):(.data)
          116308           116308        0     1         ../lib/libc.a(libc_a-memcpy.o):(.data)
          116308           116308        0     1         ../lib/libc.a(libc_a-reallocr.o):(.data)
          116308           116308        0     1         ../lib/libc.a(libc_a-memchr.o):(.data)
          116308           116308        0     1         ../lib/libc.a(libc_a-dtoa.o):(.data)
          116308           116308        0     1         ../lib/libc.a(libc_a-mprec.o):(.data)
          116308           116308        0     1         ../lib/libc.a(libc_a-callocr.o):(.data)
          116308           116308        0     1         ../lib/libc.a(libc_a-errno.o):(.data)
          116308           116308        0     1         ../lib/libc.a(libc_a-assert.o):(.data)
          116308           116308        0     1         ../lib/libc.a(libc_a-fiprintf.o):(.data)
          116308           116308        0     1         ../lib/libc.a(libc_a-vfiprintf.o):(.data)
          116308           116308        0     1         ../lib/libc.a(libc_a-fputwc.o):(.data)
          116308           116308        0     1         ../lib/libc.a(libc_a-wcrtomb.o):(.data)
          116308           116308        0     1         ../lib/libc.a(libc_a-wbuf.o):(.data)
          116308           116308        0     1         ../lib/libc.a(libc_a-wsetup.o):(.data)
          116308           116308        0     1         ../lib/libc.a(libc_a-makebuf.o):(.data)
          116308           116308        0     1         ../lib/libc.a(libc_a-fstatr.o):(.data)
          116308           116308        0     1         ../lib/libc.a(libc_a-isattyr.o):(.data)
          116308           116308        0     1         ../lib/libc.a(libc_a-fvwrite.o):(.data)
          116308           116308        0     1         ../lib/libc.a(libc_a-abort.o):(.data)
          116308           116308        0     1         ../lib/libc.a(libc_a-sprintf.o):(.data)
          116308           116308        0     1         newlib.o:(.data)
          116310           116310       18    16         segment.o:(.data)
          116310           116310       18     1                 gdt
          116328           116328        8     4         interrupt.o:(.data)
          116328           116328        8     1                 InterruptMessagePosition
          116330           116330      100    16         keyboard.o:(.data)
          116330           116330      100     1                 keycode
          116430           116430        0     1         ../lib/libc.a(libc_a-malloc.o):(.data)
          116430           116430        0     1         ../lib/libc.a(libc_a-strtol.o):(.data)
          116430           116430        0     1         ../lib/libc.a(libc_a-atoi.o):(.data)
          116430           116430       18     8 .got.plt
          116430           116430       18     8         <internal>:(.got.plt)
          117000           117000   549010  4096 .bss
          117000           117000   500428    16         kernel.o:(.bss)
          117000           117000        8     1                 kNullFrame
          117010           117010   100000     1                 kernel_main_stack
          217010           217010      400     1                 Input_Buffer
          217410           217410   400010     1                 memory_manager_buf
          617420           617420        8     1                 memory_manager
          617430           617430     5628    16         frame.o:(.bss)
          617430           617430        8     1                 vinfo
          617438           617438        8     1                 ascii_font
          617440           617440        4     1                 line_queue_head
          617444           617444        4     1                 line_queue_end
          617448           617448        4     1                 max_line
          617450           617450     4e20     1                 line_queue
          61c270           61c270        8     1                 WritePixel
          61c278           61c278        4     1                 Print::y
          61c280           61c280      3e8     1                 Print::line
          61c668           61c668        4     1                 Print::debug
          61c670           61c670      3e8     1                 Printf::str_for_Printf
          61ca58           61ca58        0     1         ../lib/libc.a(libc_a-strcpy.o):(.bss)
          61ca58           61ca58        0     1         ../lib/libc.a(libc_a-strcat.o):(.bss)
          61ca58           61ca58        0     1         ../lib/libc.a(libc_a-strlen.o):(.bss)
          61ca58           61ca58        0     1         ../lib/libc.a(libc_a-vsprintf.o):(.bss)
          61ca58           61ca58        0     1         ../lib/libc.a(libc_a-impure.o):(.bss)
          61ca60           61ca60      218    32         ../lib/libc.a(libc_a-findfp.o):(.bss)
          61ca60           61ca60      210     1                 __sf
          61cc70           61cc70        8     1                 __stdio_exit_handler
          61cc78           61cc78        0     1         ../lib/libc.a(libc_a-fclose.o):(.bss)
          61cc78           61cc78        0     1         ../lib/libc.a(libc_a-fflush.o):(.bss)
          61cc78           61cc78        0     1         ../lib/libc.a(libc_a-freer.o):(.bss)
          61cc78           61cc78        0     1         ../lib/libc.a(libc_a-mlock.o):(.bss)
          61cc80           61cc80       40    32         ../lib/libc.a(libc_a-mallocr.o):(.bss)
          61cc80           61cc80       28     1                 __malloc_current_mallinfo
          61cca8           61cca8        8     1                 __malloc_max_total_mem
          61ccb0           61ccb0        8     1                 __malloc_max_sbrked_mem
          61ccb8           61ccb8        8     1                 __malloc_top_pad
          61ccc0           61ccc0        0     1         ../lib/libc.a(libc_a-sbrkr.o):(.bss)
          61ccc0           61ccc0        4     4         ../lib/libc.a(libc_a-reent.o):(.bss)
          61ccc0           61ccc0        4     1                 errno
          61ccc4           61ccc4        0     1         ../lib/libc.a(libc_a-fwalk.o):(.bss)
          61ccc4           61ccc4        0     1         ../lib/libc.a(libc_a-memset.o):(.bss)
          61ccc4           61ccc4        0     1         ../lib/libc.a(libc_a-stdio.o):(.bss)
          61ccc4           61ccc4        0     1         ../lib/libc.a(libc_a-readr.o):(.bss)
          61ccc4           61ccc4        0     1         ../lib/libc.a(libc_a-writer.o):(.bss)
          61ccc4           61ccc4        0     1         ../lib/libc.a(libc_a-lseekr.o):(.bss)
          61ccc4           61ccc4        0     1         ../lib/libc.a(libc_a-closer.o):(.bss)
          61ccc4           61ccc4        0     1         ../lib/libc.a(libc_a-svfprintf.o):(.bss)
          61ccc4           61ccc4        0     1         ../lib/libc.a(libc_a-localeconv.o):(.bss)
          61ccc8           61ccc8        8     8         ../lib/libc.a(libc_a-locale.o):(.bss)
          61ccc8           61ccc8        8     1                 _PathLocale
          61ccd0           61ccd0        0     1         ../lib/libc.a(libc_a-strcmp.o):(.bss)
          61ccd0           61ccd0        0     1         ../lib/libc.a(libc_a-wctomb_r.o):(.bss)
          61ccd0           61ccd0        0     1         ../lib/libc.a(libc_a-mbtowc_r.o):(.bss)
          61ccd0           61ccd0        8     8         ../lib/libc.a(libc_a-stack_protector.o):(.bss)
          61ccd0           61ccd0        8     1                 __stack_chk_guard
          61ccd8           61ccd8        0     1         ../lib/libc.a(libc_a-signal.o):(.bss)
          61ccd8           61ccd8        0     1         ../lib/libc.a(libc_a-signalr.o):(.bss)
          61ccd8           61ccd8        0     1         ../lib/libc.a(libc_a-ctype_.o):(.bss)
          61ccd8           61ccd8        0     1         ../lib/libc.a(libc_a-svfiprintf.o):(.bss)
          61ccd8           61ccd8        0     1         ../lib/libc.a(libc_a-memmove.o):(.bss)
          61ccd8           61ccd8        0     1         ../lib/libc.a(libc_a-memcpy.o):(.bss)
          61ccd8           61ccd8        0     1         ../lib/libc.a(libc_a-reallocr.o):(.bss)
          61ccd8           61ccd8        0     1         ../lib/libc.a(libc_a-memchr.o):(.bss)
          61ccd8           61ccd8        0     1         ../lib/libc.a(libc_a-dtoa.o):(.bss)
          61ccd8           61ccd8        0     1         ../lib/libc.a(libc_a-mprec.o):(.bss)
          61ccd8           61ccd8        0     1         ../lib/libc.a(libc_a-callocr.o):(.bss)
          61ccd8           61ccd8        0     1         ../lib/libc.a(libc_a-errno.o):(.bss)
          61ccd8           61ccd8        0     1         ../lib/libc.a(libc_a-assert.o):(.bss)
          61ccd8           61ccd8        0     1         ../lib/libc.a(libc_a-fiprintf.o):(.bss)
          61ccd8           61ccd8        0     1         ../lib/libc.a(libc_a-vfiprintf.o):(.bss)
          61ccd8           61ccd8        0     1         ../lib/libc.a(libc_a-fputwc.o):(.bss)
          61ccd8           61ccd8        0     1         ../lib/libc.a(libc_a-wcrtomb.o):(.bss)
          61ccd8           61ccd8        0     1         ../lib/libc.a(libc_a-wbuf.o):(.bss)
          61ccd8           61ccd8        0     1         ../lib/libc.a(libc_a-wsetup.o):(.bss)
          61ccd8           61ccd8        0     1         ../lib/libc.a(libc_a-makebuf.o):(.bss)
          61ccd8           61ccd8        0     1         ../lib/libc.a(libc_a-fstatr.o):(.bss)
          61ccd8           61ccd8        0     1         ../lib/libc.a(libc_a-isattyr.o):(.bss)
          61ccd8           61ccd8        0     1         ../lib/libc.a(libc_a-fvwrite.o):(.bss)
          61ccd8           61ccd8        0     1         ../lib/libc.a(libc_a-abort.o):(.bss)
          61ccd8           61ccd8        0     1         ../lib/libc.a(libc_a-sprintf.o):(.bss)
          61cce0           61cce0       f0    16         pci.o:(.bss)
          61cce0           61cce0        4     1                 num_device
          61cce4           61cce4        4     1                 invdev
          61ccf0           61ccf0       e0     1                 devices
          61cdd0           61cdd0        8     8         memory_map.o:(.bss)
          61cdd0           61cdd0        8     1                 mmap
          61cdd8           61cdd8       10     8         newlib.o:(.bss)
          61cdd8           61cdd8        8     1                 program_break
          61cde0           61cde0        8     1                 program_break_end
          61cdf0           61cdf0     1001    16         interrupt.o:(.bss)
          61cdf0           61cdf0     1000     1                 idt
          61ddf0           61ddf0        1     1                 KeyboardInterrupt(InterruptFrame*)::isShift
          61e000           61e000    42000  4096         paging.o:(.bss)
          61e000           61e000     1000     1                 (anonymous namespace)::pdp_table
          61f000           61f000     1000     1                 (anonymous namespace)::pml4_table
          620000           620000    40000     1                 (anonymous namespace)::page_directory
          660000           660000        8     8         command.o:(.bss)
          660000           660000        8     1                 kNullFrame
          660008           660008        0     1         ../lib/libc.a(libc_a-malloc.o):(.bss)
          660008           660008        0     1         ../lib/libc.a(libc_a-strtol.o):(.bss)
          660008           660008        0     1         ../lib/libc.a(libc_a-atoi.o):(.bss)
          660008           660008        8     8         memory_manager.o:(.bss)
          660008           660008        8     1                 kNullFrame
               0                0     8f4a     1 .debug_abbrev
               0                0      4f1     1         kernel.o:(.debug_abbrev)
             4f1              4f1      1c4     1         frame.o:(.debug_abbrev)
             6b5              6b5       97     1         ../lib/libc.a(libc_a-strcpy.o):(.debug_abbrev)
             74c              74c       ce     1         ../lib/libc.a(libc_a-strcat.o):(.debug_abbrev)
             81a              81a       90     1         ../lib/libc.a(libc_a-strlen.o):(.debug_abbrev)
             8aa              8aa      2aa     1         ../lib/libc.a(libc_a-vsprintf.o):(.debug_abbrev)
             b54              b54      18d     1         ../lib/libc.a(libc_a-impure.o):(.debug_abbrev)
             ce1              ce1      44d     1         ../lib/libc.a(libc_a-findfp.o):(.debug_abbrev)
            112e             112e      2ed     1         ../lib/libc.a(libc_a-fclose.o):(.debug_abbrev)
            141b             141b      333     1         ../lib/libc.a(libc_a-fflush.o):(.debug_abbrev)
            174e             174e      290     1         ../lib/libc.a(libc_a-freer.o):(.debug_abbrev)
            19de             19de      1ce     1         ../lib/libc.a(libc_a-mlock.o):(.debug_abbrev)
            1bac             1bac      2d7     1         ../lib/libc.a(libc_a-mallocr.o):(.debug_abbrev)
            1e83             1e83      202     1         ../lib/libc.a(libc_a-sbrkr.o):(.debug_abbrev)
            2085             2085      230     1         ../lib/libc.a(libc_a-reent.o):(.debug_abbrev)
            22b5             22b5      1d9     1         ../lib/libc.a(libc_a-fwalk.o):(.debug_abbrev)
            248e             248e       14     1         ../lib/libc.a(libc_a-memset.o):(.debug_abbrev)
            24a2             24a2      24f     1         ../lib/libc.a(libc_a-stdio.o):(.debug_abbrev)
            26f1             26f1      1ec     1         ../lib/libc.a(libc_a-readr.o):(.debug_abbrev)
            28dd             28dd      1f1     1         ../lib/libc.a(libc_a-writer.o):(.debug_abbrev)
            2ace             2ace      200     1         ../lib/libc.a(libc_a-lseekr.o):(.debug_abbrev)
            2cce             2cce      1ec     1         ../lib/libc.a(libc_a-closer.o):(.debug_abbrev)
            2eba             2eba      404     1         ../lib/libc.a(libc_a-svfprintf.o):(.debug_abbrev)
            32be             32be      264     1         ../lib/libc.a(libc_a-localeconv.o):(.debug_abbrev)
            3522             3522      2f4     1         ../lib/libc.a(libc_a-locale.o):(.debug_abbrev)
            3816             3816       83     1         ../lib/libc.a(libc_a-strcmp.o):(.debug_abbrev)
            3899             3899      253     1         ../lib/libc.a(libc_a-wctomb_r.o):(.debug_abbrev)
            3aec             3aec      25e     1         ../lib/libc.a(libc_a-mbtowc_r.o):(.debug_abbrev)
            3d4a             3d4a      133     1         ../lib/libc.a(libc_a-stack_protector.o):(.debug_abbrev)
            3e7d             3e7d      315     1         ../lib/libc.a(libc_a-signal.o):(.debug_abbrev)
            4192             4192      239     1         ../lib/libc.a(libc_a-signalr.o):(.debug_abbrev)
            43cb             43cb       69     1         ../lib/libc.a(libc_a-ctype_.o):(.debug_abbrev)
            4434             4434      329     1         ../lib/libc.a(libc_a-svfiprintf.o):(.debug_abbrev)
            475d             475d       b2     1         ../lib/libc.a(libc_a-memmove.o):(.debug_abbrev)
            480f             480f       14     1         ../lib/libc.a(libc_a-memcpy.o):(.debug_abbrev)
            4823             4823      29a     1         ../lib/libc.a(libc_a-reallocr.o):(.debug_abbrev)
            4abd             4abd       c7     1         ../lib/libc.a(libc_a-memchr.o):(.debug_abbrev)
            4b84             4b84      346     1         ../lib/libc.a(libc_a-dtoa.o):(.debug_abbrev)
            4eca             4eca      4ef     1         ../lib/libc.a(libc_a-mprec.o):(.debug_abbrev)
            53b9             53b9      25b     1         ../lib/libc.a(libc_a-callocr.o):(.debug_abbrev)
            5614             5614      19a     1         ../lib/libc.a(libc_a-errno.o):(.debug_abbrev)
            57ae             57ae      226     1         ../lib/libc.a(libc_a-assert.o):(.debug_abbrev)
            59d4             59d4      24b     1         ../lib/libc.a(libc_a-fiprintf.o):(.debug_abbrev)
            5c1f             5c1f      45e     1         ../lib/libc.a(libc_a-vfiprintf.o):(.debug_abbrev)
            607d             607d      363     1         ../lib/libc.a(libc_a-fputwc.o):(.debug_abbrev)
            63e0             63e0      25d     1         ../lib/libc.a(libc_a-wcrtomb.o):(.debug_abbrev)
            663d             663d      272     1         ../lib/libc.a(libc_a-wbuf.o):(.debug_abbrev)
            68af             68af      21e     1         ../lib/libc.a(libc_a-wsetup.o):(.debug_abbrev)
            6acd             6acd      2fb     1         ../lib/libc.a(libc_a-makebuf.o):(.debug_abbrev)
            6dc8             6dc8      1ff     1         ../lib/libc.a(libc_a-fstatr.o):(.debug_abbrev)
            6fc7             6fc7      1ec     1         ../lib/libc.a(libc_a-isattyr.o):(.debug_abbrev)
            71b3             71b3      254     1         ../lib/libc.a(libc_a-fvwrite.o):(.debug_abbrev)
            7407             7407       99     1         ../lib/libc.a(libc_a-abort.o):(.debug_abbrev)
            74a0             74a0      251     1         ../lib/libc.a(libc_a-sprintf.o):(.debug_abbrev)
            76f1             76f1      108     1         pci.o:(.debug_abbrev)
            77f9             77f9       f3     1         memory_map.o:(.debug_abbrev)
            78ec             78ec      193     1         newlib.o:(.debug_abbrev)
            7a7f             7a7f       f8     1         segment.o:(.debug_abbrev)
            7b77             7b77      14e     1         interrupt.o:(.debug_abbrev)
            7cc5             7cc5      23c     1         paging.o:(.debug_abbrev)
            7f01             7f01       7c     1         keyboard.o:(.debug_abbrev)
            7f7d             7f7d       cf     1         input.o:(.debug_abbrev)
            804c             804c      317     1         command.o:(.debug_abbrev)
            8363             8363      20b     1         ../lib/libc.a(libc_a-malloc.o):(.debug_abbrev)
            856e             856e      324     1         ../lib/libc.a(libc_a-strtol.o):(.debug_abbrev)
            8892             8892      1eb     1         ../lib/libc.a(libc_a-atoi.o):(.debug_abbrev)
            8a7d             8a7d      4cd     1         memory_manager.o:(.debug_abbrev)
               0                0    27941     1 .debug_info
               0                0     194d     1         kernel.o:(.debug_info)
            194d             194d      6f6     1         frame.o:(.debug_info)
            2043             2043      136     1         ../lib/libc.a(libc_a-strcpy.o):(.debug_info)
            2179             2179      14c     1         ../lib/libc.a(libc_a-strcat.o):(.debug_info)
            22c5             22c5       fb     1         ../lib/libc.a(libc_a-strlen.o):(.debug_info)
            23c0             23c0      963     1         ../lib/libc.a(libc_a-vsprintf.o):(.debug_info)
            2d23             2d23      732     1         ../lib/libc.a(libc_a-impure.o):(.debug_info)
            3455             3455      f8c     1         ../lib/libc.a(libc_a-findfp.o):(.debug_info)
            43e1             43e1      91d     1         ../lib/libc.a(libc_a-fclose.o):(.debug_info)
            4cfe             4cfe      aaf     1         ../lib/libc.a(libc_a-fflush.o):(.debug_info)
            57ad             57ad      b73     1         ../lib/libc.a(libc_a-freer.o):(.debug_info)
            6320             6320      749     1         ../lib/libc.a(libc_a-mlock.o):(.debug_info)
            6a69             6a69      d17     1         ../lib/libc.a(libc_a-mallocr.o):(.debug_info)
            7780             7780      79c     1         ../lib/libc.a(libc_a-sbrkr.o):(.debug_info)
            7f1c             7f1c      823     1         ../lib/libc.a(libc_a-reent.o):(.debug_info)
            873f             873f      7f6     1         ../lib/libc.a(libc_a-fwalk.o):(.debug_info)
            8f35             8f35       29     1         ../lib/libc.a(libc_a-memset.o):(.debug_info)
            8f5e             8f5e      aaf     1         ../lib/libc.a(libc_a-stdio.o):(.debug_info)
            9a0d             9a0d      7d3     1         ../lib/libc.a(libc_a-readr.o):(.debug_info)
            a1e0             a1e0      7d9     1         ../lib/libc.a(libc_a-writer.o):(.debug_info)
            a9b9             a9b9      7d4     1         ../lib/libc.a(libc_a-lseekr.o):(.debug_info)
            b18d             b18d      77d     1         ../lib/libc.a(libc_a-closer.o):(.debug_info)
            b90a             b90a     185b     1         ../lib/libc.a(libc_a-svfprintf.o):(.debug_info)
            d165             d165      a40     1         ../lib/libc.a(libc_a-localeconv.o):(.debug_info)
            dba5             dba5      cc4     1         ../lib/libc.a(libc_a-locale.o):(.debug_info)
            e869             e869       fb     1         ../lib/libc.a(libc_a-strcmp.o):(.debug_info)
            e964             e964      a7b     1         ../lib/libc.a(libc_a-wctomb_r.o):(.debug_info)
            f3df             f3df      aef     1         ../lib/libc.a(libc_a-mbtowc_r.o):(.debug_info)
            fece             fece      20c     1         ../lib/libc.a(libc_a-stack_protector.o):(.debug_info)
           100da            100da      ef1     1         ../lib/libc.a(libc_a-signal.o):(.debug_info)
           10fcb            10fcb      810     1         ../lib/libc.a(libc_a-signalr.o):(.debug_info)
           117db            117db       f6     1         ../lib/libc.a(libc_a-ctype_.o):(.debug_info)
           118d1            118d1     124f     1         ../lib/libc.a(libc_a-svfiprintf.o):(.debug_info)
           12b20            12b20      15d     1         ../lib/libc.a(libc_a-memmove.o):(.debug_info)
           12c7d            12c7d       29     1         ../lib/libc.a(libc_a-memcpy.o):(.debug_info)
           12ca6            12ca6      bfa     1         ../lib/libc.a(libc_a-reallocr.o):(.debug_info)
           138a0            138a0      15a     1         ../lib/libc.a(libc_a-memchr.o):(.debug_info)
           139fa            139fa     170e     1         ../lib/libc.a(libc_a-dtoa.o):(.debug_info)
           15108            15108     200f     1         ../lib/libc.a(libc_a-mprec.o):(.debug_info)
           17117            17117      8e7     1         ../lib/libc.a(libc_a-callocr.o):(.debug_info)
           179fe            179fe      71e     1         ../lib/libc.a(libc_a-errno.o):(.debug_info)
           1811c            1811c      84b     1         ../lib/libc.a(libc_a-assert.o):(.debug_info)
           18967            18967      8df     1         ../lib/libc.a(libc_a-fiprintf.o):(.debug_info)
           19246            19246     194f     1         ../lib/libc.a(libc_a-vfiprintf.o):(.debug_info)
           1ab95            1ab95      a7d     1         ../lib/libc.a(libc_a-fputwc.o):(.debug_info)
           1b612            1b612      b79     1         ../lib/libc.a(libc_a-wcrtomb.o):(.debug_info)
           1c18b            1c18b      89f     1         ../lib/libc.a(libc_a-wbuf.o):(.debug_info)
           1ca2a            1ca2a      7ea     1         ../lib/libc.a(libc_a-wsetup.o):(.debug_info)
           1d214            1d214      c71     1         ../lib/libc.a(libc_a-makebuf.o):(.debug_info)
           1de85            1de85      990     1         ../lib/libc.a(libc_a-fstatr.o):(.debug_info)
           1e815            1e815      77d     1         ../lib/libc.a(libc_a-isattyr.o):(.debug_info)
           1ef92            1ef92      bae     1         ../lib/libc.a(libc_a-fvwrite.o):(.debug_info)
           1fb40            1fb40       f0     1         ../lib/libc.a(libc_a-abort.o):(.debug_info)
           1fc30            1fc30      91a     1         ../lib/libc.a(libc_a-sprintf.o):(.debug_info)
           2054a            2054a      487     1         pci.o:(.debug_info)
           209d1            209d1      1c7     1         memory_map.o:(.debug_info)
           20b98            20b98      56a     1         newlib.o:(.debug_info)
           21102            21102      227     1         segment.o:(.debug_info)
           21329            21329      369     1         interrupt.o:(.debug_info)
           21692            21692      f5b     1         paging.o:(.debug_info)
           225ed            225ed       67     1         keyboard.o:(.debug_info)
           22654            22654      19a     1         input.o:(.debug_info)
           227ee            227ee     13d7     1         command.o:(.debug_info)
           23bc5            23bc5      7c7     1         ../lib/libc.a(libc_a-malloc.o):(.debug_info)
           2438c            2438c      ed2     1         ../lib/libc.a(libc_a-strtol.o):(.debug_info)
           2525e            2525e      7fa     1         ../lib/libc.a(libc_a-atoi.o):(.debug_info)
           25a58            25a58     1ee9     1         memory_manager.o:(.debug_info)
               0                0      817     1 .debug_rnglists
               0                0       35     1         kernel.o:(.debug_rnglists)
              35               35       20     1         frame.o:(.debug_rnglists)
              55               55       6b     1         ../lib/libc.a(libc_a-findfp.o):(.debug_rnglists)
              c0               c0       1f     1         ../lib/libc.a(libc_a-fclose.o):(.debug_rnglists)
              df               df       54     1         ../lib/libc.a(libc_a-fflush.o):(.debug_rnglists)
             133              133       3a     1         ../lib/libc.a(libc_a-mallocr.o):(.debug_rnglists)
             16d              16d       f8     1         ../lib/libc.a(libc_a-svfprintf.o):(.debug_rnglists)
             265              265       21     1         ../lib/libc.a(libc_a-locale.o):(.debug_rnglists)
             286              286       22     1         ../lib/libc.a(libc_a-stack_protector.o):(.debug_rnglists)
             2a8              2a8       b6     1         ../lib/libc.a(libc_a-signal.o):(.debug_rnglists)
             35e              35e       36     1         ../lib/libc.a(libc_a-svfiprintf.o):(.debug_rnglists)
             394              394       a4     1         ../lib/libc.a(libc_a-reallocr.o):(.debug_rnglists)
             438              438       31     1         ../lib/libc.a(libc_a-dtoa.o):(.debug_rnglists)
             469              469       b9     1         ../lib/libc.a(libc_a-mprec.o):(.debug_rnglists)
             522              522       24     1         ../lib/libc.a(libc_a-callocr.o):(.debug_rnglists)
             546              546       cd     1         ../lib/libc.a(libc_a-vfiprintf.o):(.debug_rnglists)
             613              613       32     1         ../lib/libc.a(libc_a-fputwc.o):(.debug_rnglists)
             645              645       18     1         ../lib/libc.a(libc_a-wbuf.o):(.debug_rnglists)
             65d              65d       18     1         ../lib/libc.a(libc_a-wsetup.o):(.debug_rnglists)
             675              675       23     1         ../lib/libc.a(libc_a-makebuf.o):(.debug_rnglists)
             698              698       30     1         ../lib/libc.a(libc_a-fvwrite.o):(.debug_rnglists)
             6c8              6c8       57     1         pci.o:(.debug_rnglists)
             71f              71f       23     1         interrupt.o:(.debug_rnglists)
             742              742       1e     1         paging.o:(.debug_rnglists)
             760              760       18     1         input.o:(.debug_rnglists)
             778              778       26     1         command.o:(.debug_rnglists)
             79e              79e       2d     1         ../lib/libc.a(libc_a-strtol.o):(.debug_rnglists)
             7cb              7cb       4c     1         memory_manager.o:(.debug_rnglists)
[...]
            1094             1094       30     1         keyboard.o:(.debug_str_offsets)
            10c4             10c4       6c     1         input.o:(.debug_str_offsets)
            1130             1130      4a0     1         command.o:(.debug_str_offsets)
            15d0             15d0      7c4     1         memory_manager.o:(.debug_str_offsets)
               0                0     4dc5     1 .debug_str
               0                0     4dc5     1         <internal>:(.debug_str)
               0                0      558     1 .debug_addr
               0                0       a0     1         kernel.o:(.debug_addr)
              a0               a0      110     1         frame.o:(.debug_addr)
             1b0              1b0       c0     1         pci.o:(.debug_addr)
             270              270       28     1         memory_map.o:(.debug_addr)
             298              298       30     1         segment.o:(.debug_addr)
             2c8              2c8       80     1         interrupt.o:(.debug_addr)
             348              348       50     1         paging.o:(.debug_addr)
             398              398       20     1         keyboard.o:(.debug_addr)
             3b8              3b8       40     1         input.o:(.debug_addr)
             3f8              3f8       78     1         command.o:(.debug_addr)
             470              470       e8     1         memory_manager.o:(.debug_addr)
               0                0       6b     1 .comment
               0                0       6b     1         <internal>:(.comment)
               0                0     d1ae     1 .debug_line
               0                0      2eb     1         kernel.o:(.debug_line)
             2eb              2eb      747     1         frame.o:(.debug_line)
             a32              a32       cf     1         ../lib/libc.a(libc_a-strcpy.o):(.debug_line)
             b01              b01       a7     1         ../lib/libc.a(libc_a-strcat.o):(.debug_line)
             ba8              ba8       bc     1         ../lib/libc.a(libc_a-strlen.o):(.debug_line)
             c64              c64      117     1         ../lib/libc.a(libc_a-vsprintf.o):(.debug_line)
             d7b              d7b       56     1         ../lib/libc.a(libc_a-impure.o):(.debug_line)
             dd1              dd1      415     1         ../lib/libc.a(libc_a-findfp.o):(.debug_line)
            11e6             11e6      15c     1         ../lib/libc.a(libc_a-fclose.o):(.debug_line)
            1342             1342      38b     1         ../lib/libc.a(libc_a-fflush.o):(.debug_line)
            16cd             16cd      460     1         ../lib/libc.a(libc_a-freer.o):(.debug_line)
            1b2d             1b2d       74     1         ../lib/libc.a(libc_a-mlock.o):(.debug_line)
            1ba1             1ba1      76f     1         ../lib/libc.a(libc_a-mallocr.o):(.debug_line)
            2310             2310       a9     1         ../lib/libc.a(libc_a-sbrkr.o):(.debug_line)
            23b9             23b9      11b     1         ../lib/libc.a(libc_a-reent.o):(.debug_line)
            24d4             24d4       df     1         ../lib/libc.a(libc_a-fwalk.o):(.debug_line)
            25b3             25b3       82     1         ../lib/libc.a(libc_a-memset.o):(.debug_line)
            2635             2635      15f     1         ../lib/libc.a(libc_a-stdio.o):(.debug_line)
            2794             2794       b4     1         ../lib/libc.a(libc_a-readr.o):(.debug_line)
            2848             2848       b4     1         ../lib/libc.a(libc_a-writer.o):(.debug_line)
            28fc             28fc       b6     1         ../lib/libc.a(libc_a-lseekr.o):(.debug_line)
            29b2             29b2       ad     1         ../lib/libc.a(libc_a-closer.o):(.debug_line)
            2a5f             2a5f     1746     1         ../lib/libc.a(libc_a-svfprintf.o):(.debug_line)
            41a5             41a5       a7     1         ../lib/libc.a(libc_a-localeconv.o):(.debug_line)
            424c             424c      161     1         ../lib/libc.a(libc_a-locale.o):(.debug_line)
            43ad             43ad       d7     1         ../lib/libc.a(libc_a-strcmp.o):(.debug_line)
            4484             4484       d9     1         ../lib/libc.a(libc_a-wctomb_r.o):(.debug_line)
            455d             455d       db     1         ../lib/libc.a(libc_a-mbtowc_r.o):(.debug_line)
            4638             4638       d2     1         ../lib/libc.a(libc_a-stack_protector.o):(.debug_line)
            470a             470a      581     1         ../lib/libc.a(libc_a-signal.o):(.debug_line)
            4c8b             4c8b       c6     1         ../lib/libc.a(libc_a-signalr.o):(.debug_line)
            4d51             4d51       48     1         ../lib/libc.a(libc_a-ctype_.o):(.debug_line)
            4d99             4d99      dfa     1         ../lib/libc.a(libc_a-svfiprintf.o):(.debug_line)
            5b93             5b93      15e     1         ../lib/libc.a(libc_a-memmove.o):(.debug_line)
            5cf1             5cf1       97     1         ../lib/libc.a(libc_a-memcpy.o):(.debug_line)
            5d88             5d88      634     1         ../lib/libc.a(libc_a-reallocr.o):(.debug_line)
            63bc             63bc      12d     1         ../lib/libc.a(libc_a-memchr.o):(.debug_line)
            64e9             64e9     1380     1         ../lib/libc.a(libc_a-dtoa.o):(.debug_line)
            7869             7869     158c     1         ../lib/libc.a(libc_a-mprec.o):(.debug_line)
            8df5             8df5      177     1         ../lib/libc.a(libc_a-callocr.o):(.debug_line)
            8f6c             8f6c       72     1         ../lib/libc.a(libc_a-errno.o):(.debug_line)
            8fde             8fde       bc     1         ../lib/libc.a(libc_a-assert.o):(.debug_line)
            909a             909a       d8     1         ../lib/libc.a(libc_a-fiprintf.o):(.debug_line)
            9172             9172     107c     1         ../lib/libc.a(libc_a-vfiprintf.o):(.debug_line)
            a1ee             a1ee      21f     1         ../lib/libc.a(libc_a-fputwc.o):(.debug_line)
            a40d             a40d      151     1         ../lib/libc.a(libc_a-wcrtomb.o):(.debug_line)
            a55e             a55e      1d2     1         ../lib/libc.a(libc_a-wbuf.o):(.debug_line)
            a730             a730      20d     1         ../lib/libc.a(libc_a-wsetup.o):(.debug_line)
            a93d             a93d      22d     1         ../lib/libc.a(libc_a-makebuf.o):(.debug_line)
            ab6a             ab6a       c6     1         ../lib/libc.a(libc_a-fstatr.o):(.debug_line)
            ac30             ac30       ad     1         ../lib/libc.a(libc_a-isattyr.o):(.debug_line)
            acdd             acdd      535     1         ../lib/libc.a(libc_a-fvwrite.o):(.debug_line)
            b212             b212       72     1         ../lib/libc.a(libc_a-abort.o):(.debug_line)
            b284             b284      12b     1         ../lib/libc.a(libc_a-sprintf.o):(.debug_line)
            b3af             b3af      428     1         pci.o:(.debug_line)
            b7d7             b7d7      14d     1         memory_map.o:(.debug_line)
            b924             b924      12e     1         newlib.o:(.debug_line)
            ba52             ba52      1db     1         segment.o:(.debug_line)
            bc2d             bc2d      35e     1         interrupt.o:(.debug_line)
            bf8b             bf8b      173     1         paging.o:(.debug_line)
            c0fe             c0fe       7e     1         keyboard.o:(.debug_line)
            c17c             c17c      1f5     1         input.o:(.debug_line)
            c371             c371      471     1         command.o:(.debug_line)
            c7e2             c7e2       a0     1         ../lib/libc.a(libc_a-malloc.o):(.debug_line)
            c882             c882      2e4     1         ../lib/libc.a(libc_a-strtol.o):(.debug_line)
            cb66             cb66       96     1         ../lib/libc.a(libc_a-atoi.o):(.debug_line)
            cbfc             cbfc      5b2     1         memory_manager.o:(.debug_line)
               0                0      ec4     1 .debug_line_str
               0                0      ec4     1         <internal>:(.debug_line_str)
               0                0     d931     1 .debug_loclists
               0                0       3c     1         frame.o:(.debug_loclists)
              3c               3c       d1     1         ../lib/libc.a(libc_a-strcpy.o):(.debug_loclists)
             10d              10d       52     1         ../lib/libc.a(libc_a-strcat.o):(.debug_loclists)
             15f              15f       39     1         ../lib/libc.a(libc_a-strlen.o):(.debug_loclists)
             198              198      118     1         ../lib/libc.a(libc_a-vsprintf.o):(.debug_loclists)
             2b0              2b0      1d2     1         ../lib/libc.a(libc_a-findfp.o):(.debug_loclists)
             482              482      112     1         ../lib/libc.a(libc_a-fclose.o):(.debug_loclists)
             594              594      2bb     1         ../lib/libc.a(libc_a-fflush.o):(.debug_loclists)
             84f              84f      4c7     1         ../lib/libc.a(libc_a-freer.o):(.debug_loclists)
             d16              d16      9aa     1         ../lib/libc.a(libc_a-mallocr.o):(.debug_loclists)
            16c0             16c0       50     1         ../lib/libc.a(libc_a-sbrkr.o):(.debug_loclists)
            1710             1710       8c     1         ../lib/libc.a(libc_a-reent.o):(.debug_loclists)
            179c             179c       94     1         ../lib/libc.a(libc_a-fwalk.o):(.debug_loclists)
            1830             1830      256     1         ../lib/libc.a(libc_a-stdio.o):(.debug_loclists)
            1a86             1a86       82     1         ../lib/libc.a(libc_a-readr.o):(.debug_loclists)
            1b08             1b08       82     1         ../lib/libc.a(libc_a-writer.o):(.debug_loclists)
            1b8a             1b8a       82     1         ../lib/libc.a(libc_a-lseekr.o):(.debug_loclists)
            1c0c             1c0c       50     1         ../lib/libc.a(libc_a-closer.o):(.debug_loclists)
            1c5c             1c5c     1fce     1         ../lib/libc.a(libc_a-svfprintf.o):(.debug_loclists)
            3c2a             3c2a       1e     1         ../lib/libc.a(libc_a-localeconv.o):(.debug_loclists)
            3c48             3c48      189     1         ../lib/libc.a(libc_a-locale.o):(.debug_loclists)
            3dd1             3dd1       60     1         ../lib/libc.a(libc_a-strcmp.o):(.debug_loclists)
            3e31             3e31       5c     1         ../lib/libc.a(libc_a-wctomb_r.o):(.debug_loclists)
            3e8d             3e8d      107     1         ../lib/libc.a(libc_a-mbtowc_r.o):(.debug_loclists)
            3f94             3f94      813     1         ../lib/libc.a(libc_a-signal.o):(.debug_loclists)
            47a7             47a7       7b     1         ../lib/libc.a(libc_a-signalr.o):(.debug_loclists)
            4822             4822      ffd     1         ../lib/libc.a(libc_a-svfiprintf.o):(.debug_loclists)
            581f             581f      3ae     1         ../lib/libc.a(libc_a-memmove.o):(.debug_loclists)
            5bcd             5bcd      b7b     1         ../lib/libc.a(libc_a-reallocr.o):(.debug_loclists)
            6748             6748      154     1         ../lib/libc.a(libc_a-memchr.o):(.debug_loclists)
            689c             689c     23c9     1         ../lib/libc.a(libc_a-dtoa.o):(.debug_loclists)
            8c65             8c65     1900     1         ../lib/libc.a(libc_a-mprec.o):(.debug_loclists)
            a565             a565      190     1         ../lib/libc.a(libc_a-callocr.o):(.debug_loclists)
            a6f5             a6f5       d3     1         ../lib/libc.a(libc_a-assert.o):(.debug_loclists)
            a7c8             a7c8       9d     1         ../lib/libc.a(libc_a-fiprintf.o):(.debug_loclists)
            a865             a865     1b20     1         ../lib/libc.a(libc_a-vfiprintf.o):(.debug_loclists)
            c385             c385      1e7     1         ../lib/libc.a(libc_a-fputwc.o):(.debug_loclists)
            c56c             c56c      184     1         ../lib/libc.a(libc_a-wcrtomb.o):(.debug_loclists)
            c6f0             c6f0      131     1         ../lib/libc.a(libc_a-wbuf.o):(.debug_loclists)
            c821             c821       5f     1         ../lib/libc.a(libc_a-wsetup.o):(.debug_loclists)
            c880             c880      217     1         ../lib/libc.a(libc_a-makebuf.o):(.debug_loclists)
            ca97             ca97       69     1         ../lib/libc.a(libc_a-fstatr.o):(.debug_loclists)
            cb00             cb00       50     1         ../lib/libc.a(libc_a-isattyr.o):(.debug_loclists)
            cb50             cb50      548     1         ../lib/libc.a(libc_a-fvwrite.o):(.debug_loclists)
            d098             d098       b3     1         ../lib/libc.a(libc_a-sprintf.o):(.debug_loclists)
            d14b             d14b       3e     1         ../lib/libc.a(libc_a-malloc.o):(.debug_loclists)
            d189             d189      766     1         ../lib/libc.a(libc_a-strtol.o):(.debug_loclists)
            d8ef             d8ef       42     1         ../lib/libc.a(libc_a-atoi.o):(.debug_loclists)
               0                0      a70    16 .debug_aranges
               0                0       30     1         ../lib/libc.a(libc_a-strcpy.o):(.debug_aranges)
              30               30       30     1         ../lib/libc.a(libc_a-strcat.o):(.debug_aranges)
              60               60       30     1         ../lib/libc.a(libc_a-strlen.o):(.debug_aranges)
              90               90       30     1         ../lib/libc.a(libc_a-vsprintf.o):(.debug_aranges)
              c0               c0       20     1         ../lib/libc.a(libc_a-impure.o):(.debug_aranges)
              e0               e0       30     1         ../lib/libc.a(libc_a-findfp.o):(.debug_aranges)
             110              110       30     1         ../lib/libc.a(libc_a-fclose.o):(.debug_aranges)
             140              140       30     1         ../lib/libc.a(libc_a-fflush.o):(.debug_aranges)
             170              170       30     1         ../lib/libc.a(libc_a-freer.o):(.debug_aranges)
             1a0              1a0       30     1         ../lib/libc.a(libc_a-mlock.o):(.debug_aranges)
             1d0              1d0       30     1         ../lib/libc.a(libc_a-mallocr.o):(.debug_aranges)
             200              200       30     1         ../lib/libc.a(libc_a-sbrkr.o):(.debug_aranges)
             230              230       30     1         ../lib/libc.a(libc_a-reent.o):(.debug_aranges)
             260              260       30     1         ../lib/libc.a(libc_a-fwalk.o):(.debug_aranges)
             290              290       30    16         ../lib/libc.a(libc_a-memset.o):(.debug_aranges)
             2c0              2c0       30     1         ../lib/libc.a(libc_a-stdio.o):(.debug_aranges)
             2f0              2f0       30     1         ../lib/libc.a(libc_a-readr.o):(.debug_aranges)
             320              320       30     1         ../lib/libc.a(libc_a-writer.o):(.debug_aranges)
             350              350       30     1         ../lib/libc.a(libc_a-lseekr.o):(.debug_aranges)
             380              380       30     1         ../lib/libc.a(libc_a-closer.o):(.debug_aranges)
             3b0              3b0       30     1         ../lib/libc.a(libc_a-svfprintf.o):(.debug_aranges)
             3e0              3e0       30     1         ../lib/libc.a(libc_a-localeconv.o):(.debug_aranges)
             410              410       30     1         ../lib/libc.a(libc_a-locale.o):(.debug_aranges)
             440              440       30     1         ../lib/libc.a(libc_a-strcmp.o):(.debug_aranges)
             470              470       30     1         ../lib/libc.a(libc_a-wctomb_r.o):(.debug_aranges)
             4a0              4a0       30     1         ../lib/libc.a(libc_a-mbtowc_r.o):(.debug_aranges)
             4d0              4d0       40     1         ../lib/libc.a(libc_a-stack_protector.o):(.debug_aranges)
             510              510       30     1         ../lib/libc.a(libc_a-signal.o):(.debug_aranges)
             540              540       30     1         ../lib/libc.a(libc_a-signalr.o):(.debug_aranges)
             570              570       20     1         ../lib/libc.a(libc_a-ctype_.o):(.debug_aranges)
             590              590       30     1         ../lib/libc.a(libc_a-svfiprintf.o):(.debug_aranges)
             5c0              5c0       30     1         ../lib/libc.a(libc_a-memmove.o):(.debug_aranges)
             5f0              5f0       30    16         ../lib/libc.a(libc_a-memcpy.o):(.debug_aranges)
             620              620       30     1         ../lib/libc.a(libc_a-reallocr.o):(.debug_aranges)
             650              650       30     1         ../lib/libc.a(libc_a-memchr.o):(.debug_aranges)
             680              680       30     1         ../lib/libc.a(libc_a-dtoa.o):(.debug_aranges)
             6b0              6b0       30     1         ../lib/libc.a(libc_a-mprec.o):(.debug_aranges)
             6e0              6e0       30     1         ../lib/libc.a(libc_a-callocr.o):(.debug_aranges)
             710              710       30     1         ../lib/libc.a(libc_a-errno.o):(.debug_aranges)
             740              740       30     1         ../lib/libc.a(libc_a-assert.o):(.debug_aranges)
             770              770       30     1         ../lib/libc.a(libc_a-fiprintf.o):(.debug_aranges)
             7a0              7a0       30     1         ../lib/libc.a(libc_a-vfiprintf.o):(.debug_aranges)
             7d0              7d0       30     1         ../lib/libc.a(libc_a-fputwc.o):(.debug_aranges)
             800              800       30     1         ../lib/libc.a(libc_a-wcrtomb.o):(.debug_aranges)
             830              830       30     1         ../lib/libc.a(libc_a-wbuf.o):(.debug_aranges)
             860              860       30     1         ../lib/libc.a(libc_a-wsetup.o):(.debug_aranges)
             890              890       30     1         ../lib/libc.a(libc_a-makebuf.o):(.debug_aranges)
             8c0              8c0       30     1         ../lib/libc.a(libc_a-fstatr.o):(.debug_aranges)
             8f0              8f0       30     1         ../lib/libc.a(libc_a-isattyr.o):(.debug_aranges)
             920              920       30     1         ../lib/libc.a(libc_a-fvwrite.o):(.debug_aranges)
             950              950       30     1         ../lib/libc.a(libc_a-abort.o):(.debug_aranges)
             980              980       30     1         ../lib/libc.a(libc_a-sprintf.o):(.debug_aranges)
             9b0              9b0       30     1         newlib.o:(.debug_aranges)
             9e0              9e0       30     1         ../lib/libc.a(libc_a-malloc.o):(.debug_aranges)
             a10              a10       30     1         ../lib/libc.a(libc_a-strtol.o):(.debug_aranges)
             a40              a40       30     1         ../lib/libc.a(libc_a-atoi.o):(.debug_aranges)
               0                0     24a8     8 .symtab
               0                0     24a8     8         <internal>:(.symtab)
               0                0       f8     1 .shstrtab
               0                0       f8     1         <internal>:(.shstrtab)
               0                0     171a     1 .strtab
               0                0     171a     1         <internal>:(.strtab)
