             VMA              LMA     Size Align Out     In      Symbol
          100160           100160      f17    32 .rodata
          100160           100160      4dd     1         <internal>:(.rodata)
          100640           100640       68     8         <internal>:(.rodata)
          1006b0           1006b0      190    16         ../lib/libc.a(libc_a-svfprintf.o):(.rodata)
          100820           100820       10     1                 zeroes.0
          100830           100830       10     1                 blanks.1
          100840           100840       40    16         <internal>:(.rodata)
          100880           100880      2a0    32         ../lib/libc.a(libc_a-ctype_.o):(.rodata)
          100880           100880      101     1                 _ctype_
          1009a0           1009a0      180     1                 _ctype_b
          100b20           100b20      190    16         ../lib/libc.a(libc_a-svfiprintf.o):(.rodata)
          100c90           100c90       10     1                 zeroes.0
          100ca0           100ca0       10     1                 blanks.1
          100cc0           100cc0      168    32         ../lib/libc.a(libc_a-mprec.o):(.rodata)
          100cc0           100cc0        c     1                 p05.0
          100ce0           100ce0       28     1                 __mprec_tinytens
          100d20           100d20       28     1                 __mprec_bigtens
          100d60           100d60       c8     1                 __mprec_tens
          100e28           100e28       2f     8         <internal>:(.rodata)
          100e60           100e60      190    16         ../lib/libc.a(libc_a-vfiprintf.o):(.rodata)
          100fd0           100fd0       10     1                 zeroes.0
          100fe0           100fe0       10     1                 blanks.1
          100ff0           100ff0       87     1         newlib.o:(.rodata)
          101078           101078     2324     8 .eh_frame
          101078           101078       d4     1         kernel.o:(.eh_frame+0x0)
          101150           101150       3c     1         kernel.o:(.eh_frame+0xd4)
          101190           101190       a0     1         kernel.o:(.eh_frame+0x110)
          101230           101230      200     1         frame.o:(.eh_frame+0x18)
          101430           101430       18     1         ../lib/libc.a(libc_a-strcpy.o):(.eh_frame+0x18)
          101448           101448       20     1         ../lib/libc.a(libc_a-strcat.o):(.eh_frame+0x18)
          101468           101468       18     1         ../lib/libc.a(libc_a-strlen.o):(.eh_frame+0x18)
          101480           101480       1c     1         ../lib/libc.a(libc_a-vsprintf.o):(.eh_frame+0x18)
          1014a0           1014a0       1c     1         ../lib/libc.a(libc_a-vsprintf.o):(.eh_frame+0x34)
          1014c0           1014c0       14     1         ../lib/libc.a(libc_a-findfp.o):(.eh_frame+0x18)
          1014d8           1014d8       14     1         ../lib/libc.a(libc_a-findfp.o):(.eh_frame+0x2c)
          1014f0           1014f0       34     1         ../lib/libc.a(libc_a-findfp.o):(.eh_frame+0x40)
          101528           101528       3c     1         ../lib/libc.a(libc_a-findfp.o):(.eh_frame+0x74)
          101568           101568       44     1         ../lib/libc.a(libc_a-findfp.o):(.eh_frame+0xb0)
          1015b0           1015b0       14     1         ../lib/libc.a(libc_a-findfp.o):(.eh_frame+0xf4)
          1015c8           1015c8       14     1         ../lib/libc.a(libc_a-findfp.o):(.eh_frame+0x108)
          1015e0           1015e0       14     1         ../lib/libc.a(libc_a-findfp.o):(.eh_frame+0x11c)
          1015f8           1015f8       18     1         ../lib/libc.a(libc_a-findfp.o):(.eh_frame+0x130)
          101610           101610       3c     1         ../lib/libc.a(libc_a-fclose.o):(.eh_frame+0x18)
          101650           101650       14     1         ../lib/libc.a(libc_a-fclose.o):(.eh_frame+0x54)
          101668           101668       90     1         ../lib/libc.a(libc_a-fflush.o):(.eh_frame+0x18)
          1016f8           1016f8       3c     1         ../lib/libc.a(libc_a-freer.o):(.eh_frame+0x18)
          101738           101738       5c     1         ../lib/libc.a(libc_a-freer.o):(.eh_frame+0x54)
          101798           101798       14     1         ../lib/libc.a(libc_a-mlock.o):(.eh_frame+0x18)
          1017b0           1017b0       14     1         ../lib/libc.a(libc_a-mlock.o):(.eh_frame+0x2c)
          1017c8           1017c8       80     1         ../lib/libc.a(libc_a-mallocr.o):(.eh_frame+0x18)
          101848           101848       20     1         ../lib/libc.a(libc_a-sbrkr.o):(.eh_frame+0x18)
          101868           101868       40     1         ../lib/libc.a(libc_a-reent.o):(.eh_frame+0x18)
          1018a8           1018a8       48     1         ../lib/libc.a(libc_a-fwalk.o):(.eh_frame+0x18)
          1018f0           1018f0       34     1         ../lib/libc.a(libc_a-stdio.o):(.eh_frame+0x18)
          101928           101928       34     1         ../lib/libc.a(libc_a-stdio.o):(.eh_frame+0x4c)
          101960           101960       38     1         ../lib/libc.a(libc_a-stdio.o):(.eh_frame+0x80)
          101998           101998       20     1         ../lib/libc.a(libc_a-readr.o):(.eh_frame+0x18)
          1019b8           1019b8       20     1         ../lib/libc.a(libc_a-writer.o):(.eh_frame+0x18)
          1019d8           1019d8       20     1         ../lib/libc.a(libc_a-lseekr.o):(.eh_frame+0x18)
          1019f8           1019f8       20     1         ../lib/libc.a(libc_a-closer.o):(.eh_frame+0x18)
          101a18           101a18       50     1         ../lib/libc.a(libc_a-svfprintf.o):(.eh_frame+0x18)
          101a68           101a68       14     1         ../lib/libc.a(libc_a-localeconv.o):(.eh_frame+0x18)
          101a80           101a80       14     1         ../lib/libc.a(libc_a-localeconv.o):(.eh_frame+0x2c)
          101a98           101a98       18     1         ../lib/libc.a(libc_a-localeconv.o):(.eh_frame+0x40)
          101ab0           101ab0       24     1         ../lib/libc.a(libc_a-locale.o):(.eh_frame+0x18)
          101ad8           101ad8       14     1         ../lib/libc.a(libc_a-locale.o):(.eh_frame+0x3c)
          101af0           101af0       28     1         ../lib/libc.a(libc_a-locale.o):(.eh_frame+0x50)
          101b18           101b18       18     1         ../lib/libc.a(libc_a-strcmp.o):(.eh_frame+0x18)
          101b30           101b30       14     1         ../lib/libc.a(libc_a-wctomb_r.o):(.eh_frame+0x18)
          101b48           101b48       14     1         ../lib/libc.a(libc_a-wctomb_r.o):(.eh_frame+0x2c)
          101b60           101b60       14     1         ../lib/libc.a(libc_a-mbtowc_r.o):(.eh_frame+0x18)
          101b78           101b78       1c     1         ../lib/libc.a(libc_a-mbtowc_r.o):(.eh_frame+0x2c)
          101b98           101b98       14     1         ../lib/libc.a(libc_a-stack_protector.o):(.eh_frame+0x18)
          101bb0           101bb0       1c     1         ../lib/libc.a(libc_a-stack_protector.o):(.eh_frame+0x2c)
          101bd0           101bd0       20     1         ../lib/libc.a(libc_a-stack_protector.o):(.eh_frame+0x48)
          101bf0           101bf0       4c     1         ../lib/libc.a(libc_a-signal.o):(.eh_frame+0x18)
          101c40           101c40      184     1         ../lib/libc.a(libc_a-signal.o):(.eh_frame+0x64)
          101dc8           101dc8       38     1         ../lib/libc.a(libc_a-signalr.o):(.eh_frame+0x18)
          101e00           101e00       4c     1         ../lib/libc.a(libc_a-svfiprintf.o):(.eh_frame+0x18)
          101e50           101e50       54     1         ../lib/libc.a(libc_a-svfiprintf.o):(.eh_frame+0x64)
          101ea8           101ea8       18     1         ../lib/libc.a(libc_a-memmove.o):(.eh_frame+0x18)
          101ec0           101ec0       68     1         ../lib/libc.a(libc_a-reallocr.o):(.eh_frame+0x18)
          101f28           101f28       18     1         ../lib/libc.a(libc_a-memchr.o):(.eh_frame+0x18)
          101f40           101f40       4c     1         ../lib/libc.a(libc_a-dtoa.o):(.eh_frame+0x18)
          101f90           101f90       4c     1         ../lib/libc.a(libc_a-dtoa.o):(.eh_frame+0x64)
          101fe0           101fe0       2c     1         ../lib/libc.a(libc_a-mprec.o):(.eh_frame+0x18)
          102010           102010       14     1         ../lib/libc.a(libc_a-mprec.o):(.eh_frame+0x44)
          102028           102028       8c     1         ../lib/libc.a(libc_a-mprec.o):(.eh_frame+0x58)
          1020b8           1020b8       14     1         ../lib/libc.a(libc_a-mprec.o):(.eh_frame+0xe4)
          1020d0           1020d0       14     1         ../lib/libc.a(libc_a-mprec.o):(.eh_frame+0xf8)
          1020e8           1020e8       24     1         ../lib/libc.a(libc_a-mprec.o):(.eh_frame+0x10c)
          102110           102110       4c     1         ../lib/libc.a(libc_a-mprec.o):(.eh_frame+0x130)
          102160           102160       3c     1         ../lib/libc.a(libc_a-mprec.o):(.eh_frame+0x17c)
          1021a0           1021a0       4c     1         ../lib/libc.a(libc_a-mprec.o):(.eh_frame+0x1b8)
          1021f0           1021f0       14     1         ../lib/libc.a(libc_a-mprec.o):(.eh_frame+0x204)
          102208           102208       64     1         ../lib/libc.a(libc_a-mprec.o):(.eh_frame+0x218)
          102270           102270       14     1         ../lib/libc.a(libc_a-mprec.o):(.eh_frame+0x27c)
          102288           102288       34     1         ../lib/libc.a(libc_a-mprec.o):(.eh_frame+0x290)
          1022c0           1022c0       34     1         ../lib/libc.a(libc_a-mprec.o):(.eh_frame+0x2c4)
          1022f8           1022f8       14     1         ../lib/libc.a(libc_a-mprec.o):(.eh_frame+0x2f8)
          102310           102310       14     1         ../lib/libc.a(libc_a-mprec.o):(.eh_frame+0x30c)
          102328           102328       18     1         ../lib/libc.a(libc_a-mprec.o):(.eh_frame+0x320)
          102340           102340       28     1         ../lib/libc.a(libc_a-callocr.o):(.eh_frame+0x18)
          102368           102368       18     1         ../lib/libc.a(libc_a-errno.o):(.eh_frame+0x18)
          102380           102380       24     1         ../lib/libc.a(libc_a-assert.o):(.eh_frame+0x18)
          1023a8           1023a8       1c     1         ../lib/libc.a(libc_a-assert.o):(.eh_frame+0x3c)
          1023c8           1023c8       1c     1         ../lib/libc.a(libc_a-fiprintf.o):(.eh_frame+0x18)
          1023e8           1023e8       1c     1         ../lib/libc.a(libc_a-fiprintf.o):(.eh_frame+0x34)
          102408           102408       4c     1         ../lib/libc.a(libc_a-vfiprintf.o):(.eh_frame+0x18)
          102458           102458       14     1         ../lib/libc.a(libc_a-vfiprintf.o):(.eh_frame+0x64)
          102470           102470       7c     1         ../lib/libc.a(libc_a-vfiprintf.o):(.eh_frame+0x78)
          1024f0           1024f0       3c     1         ../lib/libc.a(libc_a-vfiprintf.o):(.eh_frame+0xf4)
          102530           102530       44     1         ../lib/libc.a(libc_a-fputwc.o):(.eh_frame+0x18)
          102578           102578       14     1         ../lib/libc.a(libc_a-fputwc.o):(.eh_frame+0x5c)
          102590           102590       28     1         ../lib/libc.a(libc_a-fputwc.o):(.eh_frame+0x70)
          1025b8           1025b8       2c     1         ../lib/libc.a(libc_a-wcrtomb.o):(.eh_frame+0x18)
          1025e8           1025e8       2c     1         ../lib/libc.a(libc_a-wcrtomb.o):(.eh_frame+0x44)
          102618           102618       3c     1         ../lib/libc.a(libc_a-wbuf.o):(.eh_frame+0x18)
          102658           102658       14     1         ../lib/libc.a(libc_a-wbuf.o):(.eh_frame+0x54)
          102670           102670       30     1         ../lib/libc.a(libc_a-wsetup.o):(.eh_frame+0x18)
          1026a0           1026a0       44     1         ../lib/libc.a(libc_a-makebuf.o):(.eh_frame+0x18)
          1026e8           1026e8       34     1         ../lib/libc.a(libc_a-makebuf.o):(.eh_frame+0x5c)
          102720           102720       20     1         ../lib/libc.a(libc_a-fstatr.o):(.eh_frame+0x18)
          102740           102740       20     1         ../lib/libc.a(libc_a-isattyr.o):(.eh_frame+0x18)
          102760           102760       78     1         ../lib/libc.a(libc_a-fvwrite.o):(.eh_frame+0x18)
          1027d8           1027d8       20     1         ../lib/libc.a(libc_a-abort.o):(.eh_frame+0x18)
          1027f8           1027f8       1c     1         ../lib/libc.a(libc_a-sprintf.o):(.eh_frame+0x18)
          102818           102818       24     1         ../lib/libc.a(libc_a-sprintf.o):(.eh_frame+0x34)
          102840           102840      200     1         pci.o:(.eh_frame+0x18)
          102a40           102a40       60     1         memory_map.o:(.eh_frame+0x18)
          102aa0           102aa0       3c     1         newlib.o:(.eh_frame+0x18)
          102ae0           102ae0       1c     1         newlib.o:(.eh_frame+0x54)
          102b00           102b00       1c     1         newlib.o:(.eh_frame+0x70)
          102b20           102b20       1c     1         newlib.o:(.eh_frame+0x8c)
          102b40           102b40       1c     1         newlib.o:(.eh_frame+0xa8)
          102b60           102b60       1c     1         newlib.o:(.eh_frame+0xc4)
          102b80           102b80       1c     1         newlib.o:(.eh_frame+0xe0)
          102ba0           102ba0       1c     1         newlib.o:(.eh_frame+0xfc)
          102bc0           102bc0       20     1         newlib.o:(.eh_frame+0x118)
          102be0           102be0       80     1         segment.o:(.eh_frame+0x18)
          102c60           102c60       54     1         interrupt.o:(.eh_frame+0x18)
          102cb8           102cb8       54     1         interrupt.o:(.eh_frame+0x6c)
          102d10           102d10       54     1         interrupt.o:(.eh_frame+0xc0)
          102d68           102d68       54     1         interrupt.o:(.eh_frame+0x114)
          102dc0           102dc0       54     1         interrupt.o:(.eh_frame+0x168)
          102e18           102e18       c4     1         interrupt.o:(.eh_frame+0x1bc)
          102ee0           102ee0       80     1         paging.o:(.eh_frame+0x18)
          102f60           102f60       20     1         keyboard.o:(.eh_frame+0x18)
          102f80           102f80       c4     1         input.o:(.eh_frame+0x18)
          103048           103048       24     1         input.o:(.eh_frame+0xdc)
          103070           103070       20     1         command.o:(.eh_frame+0x18)
          103090           103090       20     1         command.o:(.eh_frame+0x78)
          1030b0           1030b0       20     1         command.o:(.eh_frame+0xb8)
          1030d0           1030d0       88     1         ../lib/libc.a(libc_a-strtol.o):(.eh_frame+0x18)
          103158           103158       20     1         memory_manager.o:(.eh_frame+0x18)
          103178           103178      200     1         memory_manager.o:(.eh_frame+0x78)
          103378           103378       20     1         memory_manager.o:(.eh_frame+0x2b8)
          1043a0           1043a0     f9be    16 .text
          1043a0           1043a0      22e    16         kernel.o:(.text)
          1043a0           1043a0        f     1                 stop()
          1043b0           1043b0       29     1                 entry_point
          1043e0           1043e0      1ee     1                 kernel_main
          1045d0           1045d0       50    16         kernel.o:(.text.startup)
          1045d0           1045d0       1a     1                 __cxx_global_var_init
          1045f0           1045f0       12     1                 __cxx_global_var_init.1
          104610           104610       10     1                 _GLOBAL__sub_I_kernel.cpp
          104620           104620        b    16         kernel.o:(.text._ZNSt3__114numeric_limitsImE3maxEv)
          104620           104620        b     1                 std::__1::numeric_limits<unsigned long>::max()
          104630           104630       21    16         kernel.o:(.text._ZN7FrameIDC2Em)
          104630           104630       21     1                 FrameID::FrameID(unsigned long)
          104660           104660       4c    16         kernel.o:(.text._ZN11InputBufferC2Ev)
          104660           104660       4c     1                 InputBuffer::InputBuffer()
          1046b0           1046b0       1e    16         kernel.o:(.text._ZNK5ErrorcvbEv)
          1046b0           1046b0       1e     1                 Error::operator bool() const
          1046d0           1046d0       28    16         kernel.o:(.text._ZNK5Error4NameEv)
          1046d0           1046d0       28     1                 Error::Name() const
          104700           104700        d    16         kernel.o:(.text._ZNSt3__123__libcpp_numeric_limitsImLb1EE3maxEv)
          104700           104700        d     1                 std::__1::__libcpp_numeric_limits<unsigned long, true>::max()
          104710           104710       25    16         kernel.o:(.text._ZNKSt3__15arrayIPKcLm20EEixEm)
          104710           104710       25     1                 std::__1::array<char const*, 20ul>::operator[](unsigned long) const
          104740           104740      e5e    16         frame.o:(.text)
          104740           104740       42     1                 InitializeFrame(bootinfo_t*)
          104790           104790       3d     1                 HashtoColor(unsigned char)
          1047d0           1047d0      191     1                 HSVtoRGB(int)
          104970           104970       e9     1                 WritePixel(Color, int, int)
          104a60           104a60       f1     1                 WriteAscii(char, Color, int, int)
          104b60           104b60      132     1                 WriteSquare(Vector, Vector, Color)
          104ca0           104ca0      11b     1                 PrintLine(char const*, Vector, Color)
          104dc0           104dc0       7e     1                 RegisterLine(char const*)
          104e40           104e40      402     1                 Print
          105250           105250       b3     1                 Printf
          105310           105310       6c     1                 dPrint(char*, int)
          105380           105380       6c     1                 udPrint(char*, unsigned int)
          1053f0           1053f0       6c     1                 uxdPrint(char*, unsigned int)
          105460           105460       be     1                 WriteMandelbrot(int)
          105520           105520       7e     1                 clear()
          1055a0           1055a0      1ad    16         frame.o:(.text._Z14CalcMandelbrotiii)
          1055a0           1055a0      1ad     1                 CalcMandelbrot(int, int, int)
          105750           105750       85    16         ../lib/libc.a(libc_a-strcpy.o):(.text)
          105750           105750       85     1                 strcpy
          1057e0           1057e0       6c    16         ../lib/libc.a(libc_a-strcat.o):(.text)
          1057e0           1057e0       6c     1                 strcat
          105850           105850       7d    16         ../lib/libc.a(libc_a-strlen.o):(.text)
          105850           105850       7d     1                 strlen
          1058d0           1058d0       ed    16         ../lib/libc.a(libc_a-vsprintf.o):(.text)
          1058d0           1058d0       7d     1                 vsprintf
          105950           105950       6d     1                 _vsprintf_r
          1059bd           1059bd        0     1         ../lib/libc.a(libc_a-impure.o):(.text)
          1059c0           1059c0      469    16         ../lib/libc.a(libc_a-findfp.o):(.text)
          1059c0           1059c0        7     1                 __fp_lock
          1059d0           1059d0       1e     1                 stdio_exit_handler
          1059f0           1059f0       52     1                 cleanup_stdio
          105a50           105a50        7     1                 __fp_unlock
          105a60           105a60      1d1     1                 global_stdio_init.part.0
          105c40           105c40      156     1                 __sfp
          105da0           105da0       2a     1                 __sinit
          105dd0           105dd0        5     1                 __sfp_lock_acquire
          105de0           105de0        5     1                 __sfp_lock_release
          105df0           105df0       19     1                 __fp_lock_all
          105e10           105e10       19     1                 __fp_unlock_all
          105e30           105e30       f3    16         ../lib/libc.a(libc_a-fclose.o):(.text)
          105e30           105e30       de     1                 _fclose_r
          105f10           105f10       13     1                 fclose
          105f30           105f30      321    16         ../lib/libc.a(libc_a-fflush.o):(.text)
          105f30           105f30      225     1                 __sflush_r
          106160           106160       5f     1                 _fflush_r
          1061c0           1061c0       91     1                 fflush
          106260           106260      47e    16         ../lib/libc.a(libc_a-freer.o):(.text)
          106260           106260       e7     1                 _malloc_trim_r
          106350           106350      38e     1                 _free_r
          1066e0           1066e0       15    16         ../lib/libc.a(libc_a-mlock.o):(.text)
          1066e0           1066e0        5     1                 __malloc_lock
          1066f0           1066f0        5     1                 __malloc_unlock
          106700           106700      8d4    16         ../lib/libc.a(libc_a-mallocr.o):(.text)
          106700           106700      8d4     1                 _malloc_r
          106fe0           106fe0       36    16         ../lib/libc.a(libc_a-sbrkr.o):(.text)
          106fe0           106fe0       36     1                 _sbrk_r
          107020           107020       9e    16         ../lib/libc.a(libc_a-reent.o):(.text)
          107020           107020       9e     1                 _reclaim_reent
          1070c0           1070c0       89    16         ../lib/libc.a(libc_a-fwalk.o):(.text)
          1070c0           1070c0       89     1                 _fwalk_sglue
          107150           107150       e0    16         ../lib/libc.a(libc_a-memset.o):(.text)
          107150           107150        0     1                 memset
          10717e           10717e        0     1                 quadword_aligned
          1071a0           1071a0        0     1                 loop
          10720b           10720b        0     1                 byte_set
          107211           107211        0     1                 quadword_set
          107230           107230       ed    16         ../lib/libc.a(libc_a-stdio.o):(.text)
          107230           107230       30     1                 __sread
          107260           107260        7     1                 __seofread
          107270           107270       60     1                 __swrite
          1072d0           1072d0       38     1                 __sseek
          107310           107310        d     1                 __sclose
          107320           107320       41    16         ../lib/libc.a(libc_a-readr.o):(.text)
          107320           107320       41     1                 _read_r
          107370           107370       41    16         ../lib/libc.a(libc_a-writer.o):(.text)
          107370           107370       41     1                 _write_r
          1073c0           1073c0       3e    16         ../lib/libc.a(libc_a-lseekr.o):(.text)
          1073c0           1073c0       3e     1                 _lseek_r
          107400           107400       2e    16         ../lib/libc.a(libc_a-closer.o):(.text)
          107400           107400       2e     1                 _close_r
          107430           107430     2557    16         ../lib/libc.a(libc_a-svfprintf.o):(.text)
          107430           107430     2557     1                 _svfprintf_r
          109990           109990       2c    16         ../lib/libc.a(libc_a-localeconv.o):(.text)
          109990           109990        c     1                 __localeconv_l
          1099a0           1099a0        c     1                 _localeconv_r
          1099b0           1099b0        c     1                 localeconv
          1099c0           1099c0       ea    16         ../lib/libc.a(libc_a-locale.o):(.text)
          1099c0           1099c0       6a     1                 _setlocale_r
          109a30           109a30        c     1                 __locale_mb_cur_max
          109a40           109a40       6a     1                 setlocale
          109ab0           109ab0       83    16         ../lib/libc.a(libc_a-strcmp.o):(.text)
          109ab0           109ab0       83     1                 strcmp
          109b40           109b40       43    16         ../lib/libc.a(libc_a-wctomb_r.o):(.text)
          109b40           109b40        a     1                 _wctomb_r
          109b50           109b50       33     1                 __ascii_wctomb
          109b90           109b90       70    16         ../lib/libc.a(libc_a-mbtowc_r.o):(.text)
          109b90           109b90        a     1                 _mbtowc_r
          109ba0           109ba0       60     1                 __ascii_mbtowc
          109c00           109c00       8f    16         ../lib/libc.a(libc_a-stack_protector.o):(.text)
          109c00           109c00       7d     1                 __stack_chk_fail
          109c80           109c80        f     1                 __stack_chk_fail_local
          109c90           109c90       19    16         ../lib/libc.a(libc_a-stack_protector.o):(.text.startup)
          109c90           109c90       19     1                 __stack_chk_init
          109cb0           109cb0      50e    16         ../lib/libc.a(libc_a-signal.o):(.text)
          109cb0           109cb0       59     1                 _init_signal_r
          109d10           109d10       98     1                 _signal_r
          109db0           109db0       ad     1                 _raise_r
          109e60           109e60       ca     1                 __sigtramp_r
          109f30           109f30       b7     1                 raise
          109ff0           109ff0       98     1                 signal
          10a090           10a090       59     1                 _init_signal
          10a0f0           10a0f0       ce     1                 __sigtramp
          10a1c0           10a1c0       49    16         ../lib/libc.a(libc_a-signalr.o):(.text)
          10a1c0           10a1c0       36     1                 _kill_r
          10a200           10a200        9     1                 _getpid_r
          10a209           10a209        0     1         ../lib/libc.a(libc_a-ctype_.o):(.text)
          10a210           10a210     1408    16         ../lib/libc.a(libc_a-svfiprintf.o):(.text)
          10a210           10a210      1e9     1                 __ssprint_r
          10a400           10a400     1218     1                 _svfiprintf_r
          10b620           10b620      124    16         ../lib/libc.a(libc_a-memmove.o):(.text)
          10b620           10b620      124     1                 memmove
          10b750           10b750      12d    16         ../lib/libc.a(libc_a-memcpy.o):(.text)
          10b750           10b750        0     1                 memcpy
          10b775           10b775        0     1                 quadword_aligned
          10b790           10b790        0     1                 loop
          10b857           10b857        0     1                 byte_copy
          10b85d           10b85d        0     1                 quadword_copy
          10b880           10b880      53a    16         ../lib/libc.a(libc_a-reallocr.o):(.text)
          10b880           10b880      53a     1                 _realloc_r
          10bdc0           10bdc0       c5    16         ../lib/libc.a(libc_a-memchr.o):(.text)
          10bdc0           10bdc0       c5     1                 memchr
          10be90           10be90     1636    16         ../lib/libc.a(libc_a-dtoa.o):(.text)
          10be90           10be90      19c     1                 quorem
          10c030           10c030     1496     1                 _dtoa_r
          10d4d0           10d4d0     10ba    16         ../lib/libc.a(libc_a-mprec.o):(.text)
          10d4d0           10d4d0       9e     1                 _Balloc
          10d570           10d570       1f     1                 _Bfree
          10d590           10d590      101     1                 __multadd
          10d6a0           10d6a0      139     1                 __s2b
          10d7e0           10d7e0       56     1                 __hi0bits
          10d840           10d840       8f     1                 __lo0bits
          10d8d0           10d8d0       a4     1                 __i2b
          10d980           10d980      241     1                 __multiply
          10dbd0           10dbd0      12e     1                 __pow5mult
          10dd00           10dd00      158     1                 __lshift
          10de60           10de60       4e     1                 __mcmp
          10deb0           10deb0      217     1                 __mdiff
          10e0d0           10e0d0       7d     1                 __ulp
          10e150           10e150       fc     1                 __b2d
          10e250           10e250      158     1                 __d2b
          10e3b0           10e3b0       c0     1                 __ratio
          10e470           10e470       40     1                 _mprec_log10
          10e4b0           10e4b0       60     1                 __copybits
          10e510           10e510       7a     1                 __any_on
          10e590           10e590       c6    16         ../lib/libc.a(libc_a-callocr.o):(.text)
          10e590           10e590       c6     1                 _calloc_r
          10e660           10e660        c    16         ../lib/libc.a(libc_a-errno.o):(.text)
          10e660           10e660        c     1                 __errno
          10e670           10e670       74    16         ../lib/libc.a(libc_a-assert.o):(.text)
          10e670           10e670       54     1                 __assert_func
          10e6d0           10e6d0       14     1                 __assert
          10e6f0           10e6f0      178    16         ../lib/libc.a(libc_a-fiprintf.o):(.text)
          10e6f0           10e6f0       b0     1                 _fiprintf_r
          10e7a0           10e7a0       c8     1                 fiprintf
          10e870           10e870     1750    16         ../lib/libc.a(libc_a-vfiprintf.o):(.text)
          10e870           10e870       d7     1                 __sprint_r.part.0
          10e950           10e950       1a     1                 __sprint_r
          10e970           10e970     154f     1                 _vfiprintf_r
          10fec0           10fec0       19     1                 vfiprintf
          10fee0           10fee0       e0     1                 __sbprintf
          10ffc0           10ffc0      1b9    16         ../lib/libc.a(libc_a-fputwc.o):(.text)
          10ffc0           10ffc0      119     1                 __fputwc
          1100e0           1100e0       23     1                 _fputwc_r
          110110           110110       69     1                 fputwc
          110180           110180      112    16         ../lib/libc.a(libc_a-wcrtomb.o):(.text)
          110180           110180       7c     1                 _wcrtomb_r
          110200           110200       92     1                 wcrtomb
          1102a0           1102a0      135    16         ../lib/libc.a(libc_a-wbuf.o):(.text)
          1102a0           1102a0      112     1                 __swbuf_r
          1103c0           1103c0       15     1                 __swbuf
          1103e0           1103e0      143    16         ../lib/libc.a(libc_a-wsetup.o):(.text)
          1103e0           1103e0      143     1                 __swsetup_r
          110530           110530      1e6    16         ../lib/libc.a(libc_a-makebuf.o):(.text)
          110530           110530      139     1                 __smakebuf_r
          110670           110670       a6     1                 __swhatbuf_r
          110720           110720       36    16         ../lib/libc.a(libc_a-fstatr.o):(.text)
          110720           110720       36     1                 _fstat_r
          110760           110760       2e    16         ../lib/libc.a(libc_a-isattyr.o):(.text)
          110760           110760       2e     1                 _isatty_r
          110790           110790      55c    16         ../lib/libc.a(libc_a-fvwrite.o):(.text)
          110790           110790      55c     1                 __sfvwrite_r
          110cf0           110cf0       1e    16         ../lib/libc.a(libc_a-abort.o):(.text)
          110cf0           110cf0       1e     1                 abort
          110d10           110d10      211    16         ../lib/libc.a(libc_a-sprintf.o):(.text)
          110d10           110d10       fc     1                 _sprintf_r
          110e10           110e10      111     1                 sprintf
          110f30           110f30       a3    16         asmfunc.o:(.text)
          110f30           110f30        0     1                 IoOut32
          110f37           110f37        0     1                 IoIn32
          110f3c           110f3c        0     1                 IoIn16
          110f42           110f42        0     1                 IoOut8
          110f4a           110f4a        0     1                 IoIn8
          110f4f           110f4f        0     1                 call_kernel_main
          110f5f           110f5f        0     1                 _hlt
          110f62           110f62        0     1                 LoadGDT
          110f7c           110f7c        0     1                 SetDSAll
          110f85           110f85        0     1                 SetCSSS
          110f99           110f99        0     1                 SetCSSS.next
          110f9e           110f9e        0     1                 SetCSSS.stop
          110fa1           110fa1        0     1                 GetCS
          110fa7           110fa7        0     1                 LoadIDT
          110fc1           110fc1        0     1                 SetCR3
          110fc5           110fc5        0     1                 NotifyEndOfInterrupt
          110fe0           110fe0      809    16         pci.o:(.text)
          110fe0           110fe0       4f     1                 MakeAddr(unsigned char, unsigned char, unsigned char, unsigned char)
          111030           111030       1e     1                 WriteAddr(unsigned int)
          111050           111050       1e     1                 WriteData(unsigned int)
          111070           111070       10     1                 ReadData()
          111080           111080       4a     1                 ReadVendorId(unsigned char, unsigned char, unsigned char)
          1110d0           1110d0       67     1                 ReadVendorId(Device)
          111140           111140       50     1                 ReadHeaderType(unsigned char, unsigned char, unsigned char)
          111190           111190       70     1                 ReadBar(Device, int)
          111200           111200       71     1                 ReadClassCode(unsigned char, unsigned char, unsigned char)
          111280           111280       45     1                 ReadBusNumbers(unsigned char, unsigned char, unsigned char)
          1112d0           1112d0       af     1                 AddDevice(unsigned char, unsigned char, unsigned char, unsigned char)
          111380           111380       28     1                 IsSingleFunctionDevice(unsigned char)
          1113b0           1113b0      13f     1                 ScanAllBus()
          1114f0           1114f0       b7     1                 ScanBus(unsigned char)
          1115b0           1115b0      126     1                 ScanDevice(unsigned char, unsigned char)
          1116e0           1116e0      109     1                 ScanFunction(unsigned char, unsigned char, unsigned char)
          1117f0           1117f0      1ff    16         memory_map.o:(.text)
          1117f0           1117f0       83     1                 show_memdesc(int)
          111880           111880       a4     1                 show_memory_map()
          111930           111930       bf     1                 search_mem_type(unsigned long)
          1119ef           1119ef      1c5     1         newlib.o:(.text)
          1119ef           1119ef       6f     1                 sbrk
          111a5e           111a5e       29     1                 read
          111a87           111a87       35     1                 write
          111abc           111abc       21     1                 _exit
          111add           111add       28     1                 lseek
          111b05           111b05       21     1                 close
          111b26           111b26       2e     1                 kill
          111b54           111b54       1a     1                 getpid
          111b6e           111b6e       25     1                 fstat
          111b93           111b93       21     1                 isatty
          111bc0           111bc0      348    16         segment.o:(.text)
          111bc0           111bc0      21d     1                 SetCodeSegment(SegmentDescriptor*, DescriptorType, unsigned int, unsigned int, unsigned int)
          111de0           111de0       77     1                 SetDataSegment(SegmentDescriptor*, DescriptorType, unsigned int, unsigned int, unsigned int)
          111e60           111e60       67     1                 SetupSegments()
          111ed0           111ed0       38     1                 InitializeSegment(unsigned short, unsigned short)
          111f10           111f10      bb5    16         interrupt.o:(.text)
          111f10           111f10      19e     1                 BreakpointInterrupt(InterruptFrame*)
          1120b0           1120b0      186     1                 SegFaultInterrupt(InterruptFrame*)
          112240           112240      186     1                 PageFaultInterrupt(InterruptFrame*)
          1123d0           1123d0      186     1                 GeneralProtectionInterrupt(InterruptFrame*)
          112560           112560      203     1                 KeyboardInterrupt(InterruptFrame*)
          112770           112770       5e     1                 DefaultInterrupt(InterruptFrame*)
          1127d0           1127d0       7a     1                 SetIDTEntry(InterruptDescriptor*, InterruptDescriptorAttribute, unsigned long, unsigned long)
          112850           112850       ba     1                 InitializePIC()
          112910           112910      1b5     1                 InitializeInterrupt()
          112ad0           112ad0       60    16         interrupt.o:(.text._Z10isAlphabetc)
          112ad0           112ad0       60     1                 isAlphabet(char)
          112b30           112b30       af    16         interrupt.o:(.text._Z11MakeIDTAttr14DescriptorTypehbh)
          112b30           112b30       af     1                 MakeIDTAttr(DescriptorType, unsigned char, bool, unsigned char)
          112be0           112be0      118    16         paging.o:(.text)
          112be0           112be0      118     1                 SetupIdentityPageTable()
          112d00           112d00       25    16         paging.o:(.text._ZNSt3__15arrayImLm512EEixEm)
          112d00           112d00       25     1                 std::__1::array<unsigned long, 512ul>::operator[](unsigned long)
          112d30           112d30       14    16         paging.o:(.text._ZNKSt3__15arrayINS0_ImLm512EEELm64EE4sizeEv)
          112d30           112d30       14     1                 std::__1::array<std::__1::array<unsigned long, 512ul>, 64ul>::size() const
          112d50           112d50       25    16         paging.o:(.text._ZNSt3__15arrayINS0_ImLm512EEELm64EEixEm)
          112d50           112d50       25     1                 std::__1::array<std::__1::array<unsigned long, 512ul>, 64ul>::operator[](unsigned long)
          112d80           112d80       62    16         keyboard.o:(.text)
          112d80           112d80       62     1                 InitializeKeycode()
          112df0           112df0      319    16         input.o:(.text)
          112df0           112df0       82     1                 InputBuffer::add(char)
          112e80           112e80       76     1                 InputBuffer::isEnter()
          112f00           112f00       76     1                 InputBuffer::pop()
          112f80           112f80       5a     1                 InputBuffer::allprint()
          112fe0           112fe0       9b     1                 InputBuffer::allpop(char*)
          113080           113080       89     1                 GetString(char*)
          113110           113110       27    16         input.o:(.text._ZN11InputBuffer7isInputEv)
          113110           113110       27     1                 InputBuffer::isInput()
          113140           113140      187    16         command.o:(.text)
          113140           113140      187     1                 command(char*)
          1132d0           1132d0       2b    16         command.o:(.text.startup)
          1132d0           1132d0       1a     1                 __cxx_global_var_init
          1132f0           1132f0        b     1                 _GLOBAL__sub_I_command.cpp
          113300           113300      26e    16         ../lib/libc.a(libc_a-strtol.o):(.text)
          113300           113300      1bd     1                 _strtol_l.part.0
          1134c0           1134c0       2e     1                 _strtol_r
          1134f0           1134f0       3e     1                 strtol_l
          113530           113530       3e     1                 strtol
          113570           113570      68e    16         memory_manager.o:(.text)
          113570           113570       4f     1                 BitmapMemoryManager::BitmapMemoryManager()
          113570           113570       4f     1                 BitmapMemoryManager::BitmapMemoryManager()
          1135c0           1135c0      15d     1                 BitmapMemoryManager::Allocate(unsigned long)
          113720           113720       6e     1                 BitmapMemoryManager::GetBit(FrameID) const
          113790           113790       74     1                 BitmapMemoryManager::MarkAllocated(FrameID, unsigned long)
          113810           113810       90     1                 BitmapMemoryManager::Free(FrameID, unsigned long)
          1138a0           1138a0       a8     1                 BitmapMemoryManager::SetBit(FrameID, bool)
          113950           113950       34     1                 BitmapMemoryManager::SetMemoryRange(FrameID, FrameID)
          113990           113990       48     1                 BitmapMemoryManager::IsAvailable(unsigned long)
          1139e0           1139e0      167     1                 InitializeMemoryManager(BitmapMemoryManager*, MemoryMap*)
          113b50           113b50       ae     1                 InitializeHeap(BitmapMemoryManager&)
          113c00           113c00       2b    16         memory_manager.o:(.text.startup)
          113c00           113c00       1a     1                 __cxx_global_var_init
          113c20           113c20        b     1                 _GLOBAL__sub_I_memory_manager.cpp
          113c30           113c30       16    16         memory_manager.o:(.text._ZNK7FrameID2IDEv)
          113c30           113c30       16     1                 FrameID::ID() const
          113c50           113c50       33    16         memory_manager.o:(.text._ZN5ErrorC2ENS_4CodeEPKci)
          113c50           113c50       33     1                 Error::Error(Error::Code, char const*, int)
          113c90           113c90       27    16         memory_manager.o:(.text._Z16AddressToFrameIDm)
          113c90           113c90       27     1                 AddressToFrameID(unsigned long)
          113cc0           113cc0       25    16         memory_manager.o:(.text._ZNKSt3__15arrayImLm524288EEixEm)
          113cc0           113cc0       25     1                 std::__1::array<unsigned long, 524288ul>::operator[](unsigned long) const
          113cf0           113cf0       25    16         memory_manager.o:(.text._ZNSt3__15arrayImLm524288EEixEm)
          113cf0           113cf0       25     1                 std::__1::array<unsigned long, 524288ul>::operator[](unsigned long)
          113d20           113d20       3e    16         memory_manager.o:(.text._Z11IsAvailable10MemoryType)
          113d20           113d20       3e     1                 IsAvailable(MemoryType)
          114d60           114d60       20     8 .init_array
          114d60           114d60        8     8         kernel.o:(.init_array)
          114d68           114d68        8     8         ../lib/libc.a(libc_a-stack_protector.o):(.init_array)
          114d70           114d70        8     8         command.o:(.init_array)
          114d78           114d78        8     8         memory_manager.o:(.init_array)
          114d80           114d80      cb0    32 .data
          114d80           114d80        0     1         ../lib/libc.a(libc_a-strcpy.o):(.data)
          114d80           114d80        0     1         ../lib/libc.a(libc_a-strcat.o):(.data)
          114d80           114d80        0     1         ../lib/libc.a(libc_a-strlen.o):(.data)
          114d80           114d80        0     1         ../lib/libc.a(libc_a-vsprintf.o):(.data)
          114d80           114d80        0     1         ../lib/libc.a(libc_a-impure.o):(.data)
          114d80           114d80        8     8         ../lib/libc.a(libc_a-impure.o):(.data.rel.local)
          114d80           114d80        8     1                 _impure_ptr
          114da0           114da0      158    32         ../lib/libc.a(libc_a-impure.o):(.data.rel)
          114da0           114da0      158     1                 _impure_data
          114ef8           114ef8        0     1         ../lib/libc.a(libc_a-findfp.o):(.data)
          114f00           114f00       18    16         ../lib/libc.a(libc_a-findfp.o):(.data.rel.local)
          114f00           114f00       18     1                 __sglue
          114f18           114f18        0     1         ../lib/libc.a(libc_a-fclose.o):(.data)
          114f18           114f18        0     1         ../lib/libc.a(libc_a-fflush.o):(.data)
          114f18           114f18        0     1         ../lib/libc.a(libc_a-freer.o):(.data)
          114f18           114f18        0     1         ../lib/libc.a(libc_a-mlock.o):(.data)
          114f18           114f18       10     8         ../lib/libc.a(libc_a-mallocr.o):(.data)
          114f18           114f18        8     1                 __malloc_sbrk_base
          114f20           114f20        8     1                 __malloc_trim_threshold
          114f40           114f40      810    32         ../lib/libc.a(libc_a-mallocr.o):(.data.rel.local)
          114f40           114f40      810     1                 __malloc_av_
          115750           115750        0     1         ../lib/libc.a(libc_a-sbrkr.o):(.data)
          115750           115750        0     1         ../lib/libc.a(libc_a-reent.o):(.data)
          115750           115750        0     1         ../lib/libc.a(libc_a-fwalk.o):(.data)
          115750           115750        0     1         ../lib/libc.a(libc_a-memset.o):(.data)
          115750           115750        0     1         ../lib/libc.a(libc_a-stdio.o):(.data)
          115750           115750        0     1         ../lib/libc.a(libc_a-readr.o):(.data)
          115750           115750        0     1         ../lib/libc.a(libc_a-writer.o):(.data)
          115750           115750        0     1         ../lib/libc.a(libc_a-lseekr.o):(.data)
          115750           115750        0     1         ../lib/libc.a(libc_a-closer.o):(.data)
          115750           115750        0     1         ../lib/libc.a(libc_a-svfprintf.o):(.data)
          115750           115750        0     1         ../lib/libc.a(libc_a-localeconv.o):(.data)
          115750           115750        0     1         ../lib/libc.a(libc_a-locale.o):(.data)
          115760           115760      1a8    32         ../lib/libc.a(libc_a-locale.o):(.data.rel)
          115760           115760      1a8     1                 __global_locale
          115908           115908        0     1         ../lib/libc.a(libc_a-strcmp.o):(.data)
          115908           115908        0     1         ../lib/libc.a(libc_a-wctomb_r.o):(.data)
          115908           115908        0     1         ../lib/libc.a(libc_a-mbtowc_r.o):(.data)
          115908           115908        0     1         ../lib/libc.a(libc_a-stack_protector.o):(.data)
          115908           115908        0     1         ../lib/libc.a(libc_a-signal.o):(.data)
          115908           115908        0     1         ../lib/libc.a(libc_a-signalr.o):(.data)
          115908           115908        0     1         ../lib/libc.a(libc_a-ctype_.o):(.data)
          115908           115908        0     1         ../lib/libc.a(libc_a-svfiprintf.o):(.data)
          115908           115908        0     1         ../lib/libc.a(libc_a-memmove.o):(.data)
          115908           115908        0     1         ../lib/libc.a(libc_a-memcpy.o):(.data)
          115908           115908        0     1         ../lib/libc.a(libc_a-reallocr.o):(.data)
          115908           115908        0     1         ../lib/libc.a(libc_a-memchr.o):(.data)
          115908           115908        0     1         ../lib/libc.a(libc_a-dtoa.o):(.data)
          115908           115908        0     1         ../lib/libc.a(libc_a-mprec.o):(.data)
          115908           115908        0     1         ../lib/libc.a(libc_a-callocr.o):(.data)
          115908           115908        0     1         ../lib/libc.a(libc_a-errno.o):(.data)
          115908           115908        0     1         ../lib/libc.a(libc_a-assert.o):(.data)
          115908           115908        0     1         ../lib/libc.a(libc_a-fiprintf.o):(.data)
          115908           115908        0     1         ../lib/libc.a(libc_a-vfiprintf.o):(.data)
          115908           115908        0     1         ../lib/libc.a(libc_a-fputwc.o):(.data)
          115908           115908        0     1         ../lib/libc.a(libc_a-wcrtomb.o):(.data)
          115908           115908        0     1         ../lib/libc.a(libc_a-wbuf.o):(.data)
          115908           115908        0     1         ../lib/libc.a(libc_a-wsetup.o):(.data)
          115908           115908        0     1         ../lib/libc.a(libc_a-makebuf.o):(.data)
          115908           115908        0     1         ../lib/libc.a(libc_a-fstatr.o):(.data)
          115908           115908        0     1         ../lib/libc.a(libc_a-isattyr.o):(.data)
          115908           115908        0     1         ../lib/libc.a(libc_a-fvwrite.o):(.data)
          115908           115908        0     1         ../lib/libc.a(libc_a-abort.o):(.data)
          115908           115908        0     1         ../lib/libc.a(libc_a-sprintf.o):(.data)
          115908           115908        0     1         newlib.o:(.data)
          115910           115910       18    16         segment.o:(.data)
          115910           115910       18     1                 gdt
          115928           115928        8     4         interrupt.o:(.data)
          115928           115928        8     1                 InterruptMessagePosition
          115930           115930      100    16         keyboard.o:(.data)
          115930           115930      100     1                 keycode
          115a30           115a30        0     1         ../lib/libc.a(libc_a-strtol.o):(.data)
          115a30           115a30       18     8 .got.plt
          115a30           115a30       18     8         <internal>:(.got.plt)
          116000           116000   549010  4096 .bss
          116000           116000   500428    16         kernel.o:(.bss)
          116000           116000        8     1                 kNullFrame
          116010           116010   100000     1                 kernel_main_stack
          216010           216010      400     1                 Input_Buffer
          216410           216410   400010     1                 memory_manager_buf
          616420           616420        8     1                 memory_manager
          616430           616430     5434    16         frame.o:(.bss)
          616430           616430        8     1                 vinfo
          616438           616438        8     1                 ascii_font
          616440           616440        4     1                 line_queue_head
          616444           616444        4     1                 line_queue_end
          616448           616448        4     1                 max_line
          616450           616450     4e20     1                 line_queue
          61b270           61b270        4     1                 Print::y
          61b280           61b280      3e8     1                 Print::line
          61b668           61b668        4     1                 Print::debug
          61b670           61b670      1f4     1                 Printf::str_for_Printf
          61b864           61b864        0     1         ../lib/libc.a(libc_a-strcpy.o):(.bss)
          61b864           61b864        0     1         ../lib/libc.a(libc_a-strcat.o):(.bss)
          61b864           61b864        0     1         ../lib/libc.a(libc_a-strlen.o):(.bss)
          61b864           61b864        0     1         ../lib/libc.a(libc_a-vsprintf.o):(.bss)
          61b864           61b864        0     1         ../lib/libc.a(libc_a-impure.o):(.bss)
          61b880           61b880      218    32         ../lib/libc.a(libc_a-findfp.o):(.bss)
          61b880           61b880      210     1                 __sf
          61ba90           61ba90        8     1                 __stdio_exit_handler
          61ba98           61ba98        0     1         ../lib/libc.a(libc_a-fclose.o):(.bss)
          61ba98           61ba98        0     1         ../lib/libc.a(libc_a-fflush.o):(.bss)
          61ba98           61ba98        0     1         ../lib/libc.a(libc_a-freer.o):(.bss)
          61ba98           61ba98        0     1         ../lib/libc.a(libc_a-mlock.o):(.bss)
          61baa0           61baa0       40    32         ../lib/libc.a(libc_a-mallocr.o):(.bss)
          61baa0           61baa0       28     1                 __malloc_current_mallinfo
          61bac8           61bac8        8     1                 __malloc_max_total_mem
          61bad0           61bad0        8     1                 __malloc_max_sbrked_mem
          61bad8           61bad8        8     1                 __malloc_top_pad
          61bae0           61bae0        0     1         ../lib/libc.a(libc_a-sbrkr.o):(.bss)
          61bae0           61bae0        4     4         ../lib/libc.a(libc_a-reent.o):(.bss)
          61bae0           61bae0        4     1                 errno
          61bae4           61bae4        0     1         ../lib/libc.a(libc_a-fwalk.o):(.bss)
          61bae4           61bae4        0     1         ../lib/libc.a(libc_a-memset.o):(.bss)
          61bae4           61bae4        0     1         ../lib/libc.a(libc_a-stdio.o):(.bss)
          61bae4           61bae4        0     1         ../lib/libc.a(libc_a-readr.o):(.bss)
          61bae4           61bae4        0     1         ../lib/libc.a(libc_a-writer.o):(.bss)
          61bae4           61bae4        0     1         ../lib/libc.a(libc_a-lseekr.o):(.bss)
          61bae4           61bae4        0     1         ../lib/libc.a(libc_a-closer.o):(.bss)
          61bae4           61bae4        0     1         ../lib/libc.a(libc_a-svfprintf.o):(.bss)
          61bae4           61bae4        0     1         ../lib/libc.a(libc_a-localeconv.o):(.bss)
          61bae8           61bae8        8     8         ../lib/libc.a(libc_a-locale.o):(.bss)
          61bae8           61bae8        8     1                 _PathLocale
          61baf0           61baf0        0     1         ../lib/libc.a(libc_a-strcmp.o):(.bss)
          61baf0           61baf0        0     1         ../lib/libc.a(libc_a-wctomb_r.o):(.bss)
          61baf0           61baf0        0     1         ../lib/libc.a(libc_a-mbtowc_r.o):(.bss)
          61baf0           61baf0        8     8         ../lib/libc.a(libc_a-stack_protector.o):(.bss)
          61baf0           61baf0        8     1                 __stack_chk_guard
          61baf8           61baf8        0     1         ../lib/libc.a(libc_a-signal.o):(.bss)
          61baf8           61baf8        0     1         ../lib/libc.a(libc_a-signalr.o):(.bss)
          61baf8           61baf8        0     1         ../lib/libc.a(libc_a-ctype_.o):(.bss)
          61baf8           61baf8        0     1         ../lib/libc.a(libc_a-svfiprintf.o):(.bss)
          61baf8           61baf8        0     1         ../lib/libc.a(libc_a-memmove.o):(.bss)
          61baf8           61baf8        0     1         ../lib/libc.a(libc_a-memcpy.o):(.bss)
          61baf8           61baf8        0     1         ../lib/libc.a(libc_a-reallocr.o):(.bss)
          61baf8           61baf8        0     1         ../lib/libc.a(libc_a-memchr.o):(.bss)
          61baf8           61baf8        0     1         ../lib/libc.a(libc_a-dtoa.o):(.bss)
          61baf8           61baf8        0     1         ../lib/libc.a(libc_a-mprec.o):(.bss)
          61baf8           61baf8        0     1         ../lib/libc.a(libc_a-callocr.o):(.bss)
          61baf8           61baf8        0     1         ../lib/libc.a(libc_a-errno.o):(.bss)
          61baf8           61baf8        0     1         ../lib/libc.a(libc_a-assert.o):(.bss)
          61baf8           61baf8        0     1         ../lib/libc.a(libc_a-fiprintf.o):(.bss)
          61baf8           61baf8        0     1         ../lib/libc.a(libc_a-vfiprintf.o):(.bss)
          61baf8           61baf8        0     1         ../lib/libc.a(libc_a-fputwc.o):(.bss)
          61baf8           61baf8        0     1         ../lib/libc.a(libc_a-wcrtomb.o):(.bss)
          61baf8           61baf8        0     1         ../lib/libc.a(libc_a-wbuf.o):(.bss)
          61baf8           61baf8        0     1         ../lib/libc.a(libc_a-wsetup.o):(.bss)
          61baf8           61baf8        0     1         ../lib/libc.a(libc_a-makebuf.o):(.bss)
          61baf8           61baf8        0     1         ../lib/libc.a(libc_a-fstatr.o):(.bss)
          61baf8           61baf8        0     1         ../lib/libc.a(libc_a-isattyr.o):(.bss)
          61baf8           61baf8        0     1         ../lib/libc.a(libc_a-fvwrite.o):(.bss)
          61baf8           61baf8        0     1         ../lib/libc.a(libc_a-abort.o):(.bss)
          61baf8           61baf8        0     1         ../lib/libc.a(libc_a-sprintf.o):(.bss)
          61bb00           61bb00       f0    16         pci.o:(.bss)
          61bb00           61bb00        4     1                 num_device
          61bb04           61bb04        4     1                 invdev
          61bb10           61bb10       e0     1                 devices
          61bbf0           61bbf0        8     8         memory_map.o:(.bss)
          61bbf0           61bbf0        8     1                 mmap
          61bbf8           61bbf8       10     8         newlib.o:(.bss)
          61bbf8           61bbf8        8     1                 program_break
          61bc00           61bc00        8     1                 program_break_end
          61bc10           61bc10     1001    16         interrupt.o:(.bss)
          61bc10           61bc10     1000     1                 idt
          61cc10           61cc10        1     1                 KeyboardInterrupt(InterruptFrame*)::isShift
          61d000           61d000    42000  4096         paging.o:(.bss)
          61d000           61d000     1000     1                 (anonymous namespace)::pdp_table
          61e000           61e000     1000     1                 (anonymous namespace)::pml4_table
          61f000           61f000    40000     1                 (anonymous namespace)::page_directory
          65f000           65f000        8     8         command.o:(.bss)
          65f000           65f000        8     1                 kNullFrame
          65f008           65f008        0     1         ../lib/libc.a(libc_a-strtol.o):(.bss)
          65f008           65f008        8     8         memory_manager.o:(.bss)
          65f008           65f008        8     1                 kNullFrame
               0                0     8ac8     1 .debug_abbrev
               0                0      4bc     1         kernel.o:(.debug_abbrev)
             4bc              4bc      1b6     1         frame.o:(.debug_abbrev)
             672              672       97     1         ../lib/libc.a(libc_a-strcpy.o):(.debug_abbrev)
             709              709       ce     1         ../lib/libc.a(libc_a-strcat.o):(.debug_abbrev)
             7d7              7d7       90     1         ../lib/libc.a(libc_a-strlen.o):(.debug_abbrev)
             867              867      2aa     1         ../lib/libc.a(libc_a-vsprintf.o):(.debug_abbrev)
             b11              b11      18d     1         ../lib/libc.a(libc_a-impure.o):(.debug_abbrev)
             c9e              c9e      44d     1         ../lib/libc.a(libc_a-findfp.o):(.debug_abbrev)
            10eb             10eb      2ed     1         ../lib/libc.a(libc_a-fclose.o):(.debug_abbrev)
            13d8             13d8      333     1         ../lib/libc.a(libc_a-fflush.o):(.debug_abbrev)
            170b             170b      290     1         ../lib/libc.a(libc_a-freer.o):(.debug_abbrev)
            199b             199b      1ce     1         ../lib/libc.a(libc_a-mlock.o):(.debug_abbrev)
            1b69             1b69      2d7     1         ../lib/libc.a(libc_a-mallocr.o):(.debug_abbrev)
            1e40             1e40      202     1         ../lib/libc.a(libc_a-sbrkr.o):(.debug_abbrev)
            2042             2042      230     1         ../lib/libc.a(libc_a-reent.o):(.debug_abbrev)
            2272             2272      1d9     1         ../lib/libc.a(libc_a-fwalk.o):(.debug_abbrev)
            244b             244b       14     1         ../lib/libc.a(libc_a-memset.o):(.debug_abbrev)
            245f             245f      24f     1         ../lib/libc.a(libc_a-stdio.o):(.debug_abbrev)
            26ae             26ae      1ec     1         ../lib/libc.a(libc_a-readr.o):(.debug_abbrev)
            289a             289a      1f1     1         ../lib/libc.a(libc_a-writer.o):(.debug_abbrev)
            2a8b             2a8b      200     1         ../lib/libc.a(libc_a-lseekr.o):(.debug_abbrev)
            2c8b             2c8b      1ec     1         ../lib/libc.a(libc_a-closer.o):(.debug_abbrev)
            2e77             2e77      404     1         ../lib/libc.a(libc_a-svfprintf.o):(.debug_abbrev)
            327b             327b      264     1         ../lib/libc.a(libc_a-localeconv.o):(.debug_abbrev)
            34df             34df      2f4     1         ../lib/libc.a(libc_a-locale.o):(.debug_abbrev)
            37d3             37d3       83     1         ../lib/libc.a(libc_a-strcmp.o):(.debug_abbrev)
            3856             3856      253     1         ../lib/libc.a(libc_a-wctomb_r.o):(.debug_abbrev)
            3aa9             3aa9      25e     1         ../lib/libc.a(libc_a-mbtowc_r.o):(.debug_abbrev)
            3d07             3d07      133     1         ../lib/libc.a(libc_a-stack_protector.o):(.debug_abbrev)
            3e3a             3e3a      315     1         ../lib/libc.a(libc_a-signal.o):(.debug_abbrev)
            414f             414f      239     1         ../lib/libc.a(libc_a-signalr.o):(.debug_abbrev)
            4388             4388       69     1         ../lib/libc.a(libc_a-ctype_.o):(.debug_abbrev)
            43f1             43f1      329     1         ../lib/libc.a(libc_a-svfiprintf.o):(.debug_abbrev)
            471a             471a       b2     1         ../lib/libc.a(libc_a-memmove.o):(.debug_abbrev)
            47cc             47cc       14     1         ../lib/libc.a(libc_a-memcpy.o):(.debug_abbrev)
            47e0             47e0      29a     1         ../lib/libc.a(libc_a-reallocr.o):(.debug_abbrev)
            4a7a             4a7a       c7     1         ../lib/libc.a(libc_a-memchr.o):(.debug_abbrev)
            4b41             4b41      346     1         ../lib/libc.a(libc_a-dtoa.o):(.debug_abbrev)
            4e87             4e87      4ef     1         ../lib/libc.a(libc_a-mprec.o):(.debug_abbrev)
            5376             5376      25b     1         ../lib/libc.a(libc_a-callocr.o):(.debug_abbrev)
            55d1             55d1      19a     1         ../lib/libc.a(libc_a-errno.o):(.debug_abbrev)
            576b             576b      226     1         ../lib/libc.a(libc_a-assert.o):(.debug_abbrev)
            5991             5991      24b     1         ../lib/libc.a(libc_a-fiprintf.o):(.debug_abbrev)
            5bdc             5bdc      45e     1         ../lib/libc.a(libc_a-vfiprintf.o):(.debug_abbrev)
            603a             603a      363     1         ../lib/libc.a(libc_a-fputwc.o):(.debug_abbrev)
            639d             639d      25d     1         ../lib/libc.a(libc_a-wcrtomb.o):(.debug_abbrev)
            65fa             65fa      272     1         ../lib/libc.a(libc_a-wbuf.o):(.debug_abbrev)
            686c             686c      21e     1         ../lib/libc.a(libc_a-wsetup.o):(.debug_abbrev)
            6a8a             6a8a      2fb     1         ../lib/libc.a(libc_a-makebuf.o):(.debug_abbrev)
            6d85             6d85      1ff     1         ../lib/libc.a(libc_a-fstatr.o):(.debug_abbrev)
            6f84             6f84      1ec     1         ../lib/libc.a(libc_a-isattyr.o):(.debug_abbrev)
            7170             7170      254     1         ../lib/libc.a(libc_a-fvwrite.o):(.debug_abbrev)
            73c4             73c4       99     1         ../lib/libc.a(libc_a-abort.o):(.debug_abbrev)
            745d             745d      251     1         ../lib/libc.a(libc_a-sprintf.o):(.debug_abbrev)
            76ae             76ae      108     1         pci.o:(.debug_abbrev)
            77b6             77b6       f3     1         memory_map.o:(.debug_abbrev)
            78a9             78a9      193     1         newlib.o:(.debug_abbrev)
            7a3c             7a3c       f8     1         segment.o:(.debug_abbrev)
            7b34             7b34      145     1         interrupt.o:(.debug_abbrev)
            7c79             7c79      23c     1         paging.o:(.debug_abbrev)
            7eb5             7eb5       7c     1         keyboard.o:(.debug_abbrev)
            7f31             7f31       cf     1         input.o:(.debug_abbrev)
            8000             8000      2e8     1         command.o:(.debug_abbrev)
            82e8             82e8      324     1         ../lib/libc.a(libc_a-strtol.o):(.debug_abbrev)
            860c             860c      4bc     1         memory_manager.o:(.debug_abbrev)
               0                0    267a8     1 .debug_info
               0                0     1917     1         kernel.o:(.debug_info)
            1917             1917      696     1         frame.o:(.debug_info)
            1fad             1fad      136     1         ../lib/libc.a(libc_a-strcpy.o):(.debug_info)
            20e3             20e3      14c     1         ../lib/libc.a(libc_a-strcat.o):(.debug_info)
            222f             222f       fb     1         ../lib/libc.a(libc_a-strlen.o):(.debug_info)
            232a             232a      963     1         ../lib/libc.a(libc_a-vsprintf.o):(.debug_info)
            2c8d             2c8d      732     1         ../lib/libc.a(libc_a-impure.o):(.debug_info)
            33bf             33bf      f8c     1         ../lib/libc.a(libc_a-findfp.o):(.debug_info)
            434b             434b      91d     1         ../lib/libc.a(libc_a-fclose.o):(.debug_info)
            4c68             4c68      aaf     1         ../lib/libc.a(libc_a-fflush.o):(.debug_info)
            5717             5717      b73     1         ../lib/libc.a(libc_a-freer.o):(.debug_info)
            628a             628a      749     1         ../lib/libc.a(libc_a-mlock.o):(.debug_info)
            69d3             69d3      d17     1         ../lib/libc.a(libc_a-mallocr.o):(.debug_info)
            76ea             76ea      79c     1         ../lib/libc.a(libc_a-sbrkr.o):(.debug_info)
            7e86             7e86      823     1         ../lib/libc.a(libc_a-reent.o):(.debug_info)
            86a9             86a9      7f6     1         ../lib/libc.a(libc_a-fwalk.o):(.debug_info)
            8e9f             8e9f       29     1         ../lib/libc.a(libc_a-memset.o):(.debug_info)
            8ec8             8ec8      aaf     1         ../lib/libc.a(libc_a-stdio.o):(.debug_info)
            9977             9977      7d3     1         ../lib/libc.a(libc_a-readr.o):(.debug_info)
            a14a             a14a      7d9     1         ../lib/libc.a(libc_a-writer.o):(.debug_info)
            a923             a923      7d4     1         ../lib/libc.a(libc_a-lseekr.o):(.debug_info)
            b0f7             b0f7      77d     1         ../lib/libc.a(libc_a-closer.o):(.debug_info)
            b874             b874     185b     1         ../lib/libc.a(libc_a-svfprintf.o):(.debug_info)
            d0cf             d0cf      a40     1         ../lib/libc.a(libc_a-localeconv.o):(.debug_info)
            db0f             db0f      cc4     1         ../lib/libc.a(libc_a-locale.o):(.debug_info)
            e7d3             e7d3       fb     1         ../lib/libc.a(libc_a-strcmp.o):(.debug_info)
            e8ce             e8ce      a7b     1         ../lib/libc.a(libc_a-wctomb_r.o):(.debug_info)
            f349             f349      aef     1         ../lib/libc.a(libc_a-mbtowc_r.o):(.debug_info)
            fe38             fe38      20c     1         ../lib/libc.a(libc_a-stack_protector.o):(.debug_info)
           10044            10044      ef1     1         ../lib/libc.a(libc_a-signal.o):(.debug_info)
           10f35            10f35      810     1         ../lib/libc.a(libc_a-signalr.o):(.debug_info)
           11745            11745       f6     1         ../lib/libc.a(libc_a-ctype_.o):(.debug_info)
           1183b            1183b     124f     1         ../lib/libc.a(libc_a-svfiprintf.o):(.debug_info)
           12a8a            12a8a      15d     1         ../lib/libc.a(libc_a-memmove.o):(.debug_info)
           12be7            12be7       29     1         ../lib/libc.a(libc_a-memcpy.o):(.debug_info)
           12c10            12c10      bfa     1         ../lib/libc.a(libc_a-reallocr.o):(.debug_info)
           1380a            1380a      15a     1         ../lib/libc.a(libc_a-memchr.o):(.debug_info)
           13964            13964     170e     1         ../lib/libc.a(libc_a-dtoa.o):(.debug_info)
           15072            15072     200f     1         ../lib/libc.a(libc_a-mprec.o):(.debug_info)
           17081            17081      8e7     1         ../lib/libc.a(libc_a-callocr.o):(.debug_info)
           17968            17968      71e     1         ../lib/libc.a(libc_a-errno.o):(.debug_info)
           18086            18086      84b     1         ../lib/libc.a(libc_a-assert.o):(.debug_info)
           188d1            188d1      8df     1         ../lib/libc.a(libc_a-fiprintf.o):(.debug_info)
           191b0            191b0     194f     1         ../lib/libc.a(libc_a-vfiprintf.o):(.debug_info)
           1aaff            1aaff      a7d     1         ../lib/libc.a(libc_a-fputwc.o):(.debug_info)
           1b57c            1b57c      b79     1         ../lib/libc.a(libc_a-wcrtomb.o):(.debug_info)
           1c0f5            1c0f5      89f     1         ../lib/libc.a(libc_a-wbuf.o):(.debug_info)
           1c994            1c994      7ea     1         ../lib/libc.a(libc_a-wsetup.o):(.debug_info)
           1d17e            1d17e      c71     1         ../lib/libc.a(libc_a-makebuf.o):(.debug_info)
           1ddef            1ddef      990     1         ../lib/libc.a(libc_a-fstatr.o):(.debug_info)
           1e77f            1e77f      77d     1         ../lib/libc.a(libc_a-isattyr.o):(.debug_info)
           1eefc            1eefc      bae     1         ../lib/libc.a(libc_a-fvwrite.o):(.debug_info)
           1faaa            1faaa       f0     1         ../lib/libc.a(libc_a-abort.o):(.debug_info)
           1fb9a            1fb9a      91a     1         ../lib/libc.a(libc_a-sprintf.o):(.debug_info)
           204b4            204b4      487     1         pci.o:(.debug_info)
           2093b            2093b      1bb     1         memory_map.o:(.debug_info)
           20af6            20af6      56a     1         newlib.o:(.debug_info)
           21060            21060      227     1         segment.o:(.debug_info)
           21287            21287      351     1         interrupt.o:(.debug_info)
           215d8            215d8      f40     1         paging.o:(.debug_info)
           22518            22518       67     1         keyboard.o:(.debug_info)
           2257f            2257f      19a     1         input.o:(.debug_info)
           22719            22719     12e5     1         command.o:(.debug_info)
           239fe            239fe      ed2     1         ../lib/libc.a(libc_a-strtol.o):(.debug_info)
           248d0            248d0     1ed8     1         memory_manager.o:(.debug_info)
               0                0      828     1 .debug_rnglists
               0                0       46     1         kernel.o:(.debug_rnglists)
              46               46       20     1         frame.o:(.debug_rnglists)
              66               66       6b     1         ../lib/libc.a(libc_a-findfp.o):(.debug_rnglists)
              d1               d1       1f     1         ../lib/libc.a(libc_a-fclose.o):(.debug_rnglists)
              f0               f0       54     1         ../lib/libc.a(libc_a-fflush.o):(.debug_rnglists)
             144              144       3a     1         ../lib/libc.a(libc_a-mallocr.o):(.debug_rnglists)
             17e              17e       f8     1         ../lib/libc.a(libc_a-svfprintf.o):(.debug_rnglists)
             276              276       21     1         ../lib/libc.a(libc_a-locale.o):(.debug_rnglists)
             297              297       22     1         ../lib/libc.a(libc_a-stack_protector.o):(.debug_rnglists)
             2b9              2b9       b6     1         ../lib/libc.a(libc_a-signal.o):(.debug_rnglists)
             36f              36f       36     1         ../lib/libc.a(libc_a-svfiprintf.o):(.debug_rnglists)
             3a5              3a5       a4     1         ../lib/libc.a(libc_a-reallocr.o):(.debug_rnglists)
             449              449       31     1         ../lib/libc.a(libc_a-dtoa.o):(.debug_rnglists)
             47a              47a       b9     1         ../lib/libc.a(libc_a-mprec.o):(.debug_rnglists)
             533              533       24     1         ../lib/libc.a(libc_a-callocr.o):(.debug_rnglists)
             557              557       cd     1         ../lib/libc.a(libc_a-vfiprintf.o):(.debug_rnglists)
             624              624       32     1         ../lib/libc.a(libc_a-fputwc.o):(.debug_rnglists)
             656              656       18     1         ../lib/libc.a(libc_a-wbuf.o):(.debug_rnglists)
             66e              66e       18     1         ../lib/libc.a(libc_a-wsetup.o):(.debug_rnglists)
             686              686       23     1         ../lib/libc.a(libc_a-makebuf.o):(.debug_rnglists)
             6a9              6a9       30     1         ../lib/libc.a(libc_a-fvwrite.o):(.debug_rnglists)
             6d9              6d9       57     1         pci.o:(.debug_rnglists)
             730              730       23     1         interrupt.o:(.debug_rnglists)
             753              753       1e     1         paging.o:(.debug_rnglists)
             771              771       18     1         input.o:(.debug_rnglists)
             789              789       26     1         command.o:(.debug_rnglists)
             7af              7af       2d     1         ../lib/libc.a(libc_a-strtol.o):(.debug_rnglists)
             7dc              7dc       4c     1         memory_manager.o:(.debug_rnglists)
               0                0     1d10     1 .debug_str_offsets
               0                0      68c     1         kernel.o:(.debug_str_offsets)
             68c              68c      1e0     1         frame.o:(.debug_str_offsets)
             86c              86c      12c     1         pci.o:(.debug_str_offsets)
             998              998       b8     1         memory_map.o:(.debug_str_offsets)
             a50              a50       e4     1         segment.o:(.debug_str_offsets)
             b34              b34      154     1         interrupt.o:(.debug_str_offsets)
             c88              c88      3d0     1         paging.o:(.debug_str_offsets)
            1058             1058       30     1         keyboard.o:(.debug_str_offsets)
            1088             1088       6c     1         input.o:(.debug_str_offsets)
            10f4             10f4      460     1         command.o:(.debug_str_offsets)
            1554             1554      7bc     1         memory_manager.o:(.debug_str_offsets)
               0                0     4cb1     1 .debug_str
               0                0     4cb1     1         <internal>:(.debug_str)
               0                0      508     1 .debug_addr
               0                0       98     1         kernel.o:(.debug_addr)
              98               98      100     1         frame.o:(.debug_addr)
             198              198       c0     1         pci.o:(.debug_addr)
             258              258       28     1         memory_map.o:(.debug_addr)
             280              280       30     1         segment.o:(.debug_addr)
             2b0              2b0       80     1         interrupt.o:(.debug_addr)
             330              330       50     1         paging.o:(.debug_addr)
             380              380       20     1         keyboard.o:(.debug_addr)
             3a0              3a0       40     1         input.o:(.debug_addr)
             3e0              3e0       40     1         command.o:(.debug_addr)
             420              420       e8     1         memory_manager.o:(.debug_addr)
               0                0       6b     1 .comment
               0                0       6b     1         <internal>:(.comment)
               0                0     cd22     1 .debug_line
               0                0      2d9     1         kernel.o:(.debug_line)
             2d9              2d9      6f8     1         frame.o:(.debug_line)
             9d1              9d1       cf     1         ../lib/libc.a(libc_a-strcpy.o):(.debug_line)
             aa0              aa0       a7     1         ../lib/libc.a(libc_a-strcat.o):(.debug_line)
             b47              b47       bc     1         ../lib/libc.a(libc_a-strlen.o):(.debug_line)
             c03              c03      117     1         ../lib/libc.a(libc_a-vsprintf.o):(.debug_line)
             d1a              d1a       56     1         ../lib/libc.a(libc_a-impure.o):(.debug_line)
             d70              d70      415     1         ../lib/libc.a(libc_a-findfp.o):(.debug_line)
            1185             1185      15c     1         ../lib/libc.a(libc_a-fclose.o):(.debug_line)
            12e1             12e1      38b     1         ../lib/libc.a(libc_a-fflush.o):(.debug_line)
            166c             166c      460     1         ../lib/libc.a(libc_a-freer.o):(.debug_line)
            1acc             1acc       74     1         ../lib/libc.a(libc_a-mlock.o):(.debug_line)
            1b40             1b40      76f     1         ../lib/libc.a(libc_a-mallocr.o):(.debug_line)
            22af             22af       a9     1         ../lib/libc.a(libc_a-sbrkr.o):(.debug_line)
            2358             2358      11b     1         ../lib/libc.a(libc_a-reent.o):(.debug_line)
            2473             2473       df     1         ../lib/libc.a(libc_a-fwalk.o):(.debug_line)
            2552             2552       82     1         ../lib/libc.a(libc_a-memset.o):(.debug_line)
            25d4             25d4      15f     1         ../lib/libc.a(libc_a-stdio.o):(.debug_line)
            2733             2733       b4     1         ../lib/libc.a(libc_a-readr.o):(.debug_line)
            27e7             27e7       b4     1         ../lib/libc.a(libc_a-writer.o):(.debug_line)
            289b             289b       b6     1         ../lib/libc.a(libc_a-lseekr.o):(.debug_line)
            2951             2951       ad     1         ../lib/libc.a(libc_a-closer.o):(.debug_line)
            29fe             29fe     1746     1         ../lib/libc.a(libc_a-svfprintf.o):(.debug_line)
            4144             4144       a7     1         ../lib/libc.a(libc_a-localeconv.o):(.debug_line)
            41eb             41eb      161     1         ../lib/libc.a(libc_a-locale.o):(.debug_line)
            434c             434c       d7     1         ../lib/libc.a(libc_a-strcmp.o):(.debug_line)
            4423             4423       d9     1         ../lib/libc.a(libc_a-wctomb_r.o):(.debug_line)
            44fc             44fc       db     1         ../lib/libc.a(libc_a-mbtowc_r.o):(.debug_line)
            45d7             45d7       d2     1         ../lib/libc.a(libc_a-stack_protector.o):(.debug_line)
            46a9             46a9      581     1         ../lib/libc.a(libc_a-signal.o):(.debug_line)
            4c2a             4c2a       c6     1         ../lib/libc.a(libc_a-signalr.o):(.debug_line)
            4cf0             4cf0       48     1         ../lib/libc.a(libc_a-ctype_.o):(.debug_line)
            4d38             4d38      dfa     1         ../lib/libc.a(libc_a-svfiprintf.o):(.debug_line)
            5b32             5b32      15e     1         ../lib/libc.a(libc_a-memmove.o):(.debug_line)
            5c90             5c90       97     1         ../lib/libc.a(libc_a-memcpy.o):(.debug_line)
            5d27             5d27      634     1         ../lib/libc.a(libc_a-reallocr.o):(.debug_line)
            635b             635b      12d     1         ../lib/libc.a(libc_a-memchr.o):(.debug_line)
            6488             6488     1380     1         ../lib/libc.a(libc_a-dtoa.o):(.debug_line)
            7808             7808     158c     1         ../lib/libc.a(libc_a-mprec.o):(.debug_line)
            8d94             8d94      177     1         ../lib/libc.a(libc_a-callocr.o):(.debug_line)
            8f0b             8f0b       72     1         ../lib/libc.a(libc_a-errno.o):(.debug_line)
            8f7d             8f7d       bc     1         ../lib/libc.a(libc_a-assert.o):(.debug_line)
            9039             9039       d8     1         ../lib/libc.a(libc_a-fiprintf.o):(.debug_line)
            9111             9111     107c     1         ../lib/libc.a(libc_a-vfiprintf.o):(.debug_line)
            a18d             a18d      21f     1         ../lib/libc.a(libc_a-fputwc.o):(.debug_line)
            a3ac             a3ac      151     1         ../lib/libc.a(libc_a-wcrtomb.o):(.debug_line)
            a4fd             a4fd      1d2     1         ../lib/libc.a(libc_a-wbuf.o):(.debug_line)
            a6cf             a6cf      20d     1         ../lib/libc.a(libc_a-wsetup.o):(.debug_line)
            a8dc             a8dc      22d     1         ../lib/libc.a(libc_a-makebuf.o):(.debug_line)
            ab09             ab09       c6     1         ../lib/libc.a(libc_a-fstatr.o):(.debug_line)
            abcf             abcf       ad     1         ../lib/libc.a(libc_a-isattyr.o):(.debug_line)
            ac7c             ac7c      535     1         ../lib/libc.a(libc_a-fvwrite.o):(.debug_line)
            b1b1             b1b1       72     1         ../lib/libc.a(libc_a-abort.o):(.debug_line)
            b223             b223      12b     1         ../lib/libc.a(libc_a-sprintf.o):(.debug_line)
            b34e             b34e      428     1         pci.o:(.debug_line)
            b776             b776      11c     1         memory_map.o:(.debug_line)
            b892             b892      12e     1         newlib.o:(.debug_line)
            b9c0             b9c0      1db     1         segment.o:(.debug_line)
            bb9b             bb9b      343     1         interrupt.o:(.debug_line)
            bede             bede      173     1         paging.o:(.debug_line)
            c051             c051       7e     1         keyboard.o:(.debug_line)
            c0cf             c0cf      1f5     1         input.o:(.debug_line)
            c2c4             c2c4      1e2     1         command.o:(.debug_line)
            c4a6             c4a6      2e4     1         ../lib/libc.a(libc_a-strtol.o):(.debug_line)
            c78a             c78a      598     1         memory_manager.o:(.debug_line)
               0                0      e6f     1 .debug_line_str
               0                0      e6f     1         <internal>:(.debug_line_str)
               0                0     d8b1     1 .debug_loclists
               0                0       3c     1         frame.o:(.debug_loclists)
              3c               3c       d1     1         ../lib/libc.a(libc_a-strcpy.o):(.debug_loclists)
             10d              10d       52     1         ../lib/libc.a(libc_a-strcat.o):(.debug_loclists)
             15f              15f       39     1         ../lib/libc.a(libc_a-strlen.o):(.debug_loclists)
             198              198      118     1         ../lib/libc.a(libc_a-vsprintf.o):(.debug_loclists)
             2b0              2b0      1d2     1         ../lib/libc.a(libc_a-findfp.o):(.debug_loclists)
             482              482      112     1         ../lib/libc.a(libc_a-fclose.o):(.debug_loclists)
             594              594      2bb     1         ../lib/libc.a(libc_a-fflush.o):(.debug_loclists)
             84f              84f      4c7     1         ../lib/libc.a(libc_a-freer.o):(.debug_loclists)
             d16              d16      9aa     1         ../lib/libc.a(libc_a-mallocr.o):(.debug_loclists)
            16c0             16c0       50     1         ../lib/libc.a(libc_a-sbrkr.o):(.debug_loclists)
            1710             1710       8c     1         ../lib/libc.a(libc_a-reent.o):(.debug_loclists)
            179c             179c       94     1         ../lib/libc.a(libc_a-fwalk.o):(.debug_loclists)
            1830             1830      256     1         ../lib/libc.a(libc_a-stdio.o):(.debug_loclists)
            1a86             1a86       82     1         ../lib/libc.a(libc_a-readr.o):(.debug_loclists)
            1b08             1b08       82     1         ../lib/libc.a(libc_a-writer.o):(.debug_loclists)
            1b8a             1b8a       82     1         ../lib/libc.a(libc_a-lseekr.o):(.debug_loclists)
            1c0c             1c0c       50     1         ../lib/libc.a(libc_a-closer.o):(.debug_loclists)
            1c5c             1c5c     1fce     1         ../lib/libc.a(libc_a-svfprintf.o):(.debug_loclists)
            3c2a             3c2a       1e     1         ../lib/libc.a(libc_a-localeconv.o):(.debug_loclists)
            3c48             3c48      189     1         ../lib/libc.a(libc_a-locale.o):(.debug_loclists)
            3dd1             3dd1       60     1         ../lib/libc.a(libc_a-strcmp.o):(.debug_loclists)
            3e31             3e31       5c     1         ../lib/libc.a(libc_a-wctomb_r.o):(.debug_loclists)
            3e8d             3e8d      107     1         ../lib/libc.a(libc_a-mbtowc_r.o):(.debug_loclists)
            3f94             3f94      813     1         ../lib/libc.a(libc_a-signal.o):(.debug_loclists)
            47a7             47a7       7b     1         ../lib/libc.a(libc_a-signalr.o):(.debug_loclists)
            4822             4822      ffd     1         ../lib/libc.a(libc_a-svfiprintf.o):(.debug_loclists)
            581f             581f      3ae     1         ../lib/libc.a(libc_a-memmove.o):(.debug_loclists)
            5bcd             5bcd      b7b     1         ../lib/libc.a(libc_a-reallocr.o):(.debug_loclists)
            6748             6748      154     1         ../lib/libc.a(libc_a-memchr.o):(.debug_loclists)
            689c             689c     23c9     1         ../lib/libc.a(libc_a-dtoa.o):(.debug_loclists)
            8c65             8c65     1900     1         ../lib/libc.a(libc_a-mprec.o):(.debug_loclists)
            a565             a565      190     1         ../lib/libc.a(libc_a-callocr.o):(.debug_loclists)
            a6f5             a6f5       d3     1         ../lib/libc.a(libc_a-assert.o):(.debug_loclists)
            a7c8             a7c8       9d     1         ../lib/libc.a(libc_a-fiprintf.o):(.debug_loclists)
            a865             a865     1b20     1         ../lib/libc.a(libc_a-vfiprintf.o):(.debug_loclists)
            c385             c385      1e7     1         ../lib/libc.a(libc_a-fputwc.o):(.debug_loclists)
            c56c             c56c      184     1         ../lib/libc.a(libc_a-wcrtomb.o):(.debug_loclists)
            c6f0             c6f0      131     1         ../lib/libc.a(libc_a-wbuf.o):(.debug_loclists)
            c821             c821       5f     1         ../lib/libc.a(libc_a-wsetup.o):(.debug_loclists)
            c880             c880      217     1         ../lib/libc.a(libc_a-makebuf.o):(.debug_loclists)
            ca97             ca97       69     1         ../lib/libc.a(libc_a-fstatr.o):(.debug_loclists)
            cb00             cb00       50     1         ../lib/libc.a(libc_a-isattyr.o):(.debug_loclists)
            cb50             cb50      548     1         ../lib/libc.a(libc_a-fvwrite.o):(.debug_loclists)
            d098             d098       b3     1         ../lib/libc.a(libc_a-sprintf.o):(.debug_loclists)
            d14b             d14b      766     1         ../lib/libc.a(libc_a-strtol.o):(.debug_loclists)
               0                0      a10    16 .debug_aranges
               0                0       30     1         ../lib/libc.a(libc_a-strcpy.o):(.debug_aranges)
              30               30       30     1         ../lib/libc.a(libc_a-strcat.o):(.debug_aranges)
              60               60       30     1         ../lib/libc.a(libc_a-strlen.o):(.debug_aranges)
              90               90       30     1         ../lib/libc.a(libc_a-vsprintf.o):(.debug_aranges)
              c0               c0       20     1         ../lib/libc.a(libc_a-impure.o):(.debug_aranges)
              e0               e0       30     1         ../lib/libc.a(libc_a-findfp.o):(.debug_aranges)
             110              110       30     1         ../lib/libc.a(libc_a-fclose.o):(.debug_aranges)
             140              140       30     1         ../lib/libc.a(libc_a-fflush.o):(.debug_aranges)
             170              170       30     1         ../lib/libc.a(libc_a-freer.o):(.debug_aranges)
             1a0              1a0       30     1         ../lib/libc.a(libc_a-mlock.o):(.debug_aranges)
             1d0              1d0       30     1         ../lib/libc.a(libc_a-mallocr.o):(.debug_aranges)
             200              200       30     1         ../lib/libc.a(libc_a-sbrkr.o):(.debug_aranges)
             230              230       30     1         ../lib/libc.a(libc_a-reent.o):(.debug_aranges)
             260              260       30     1         ../lib/libc.a(libc_a-fwalk.o):(.debug_aranges)
             290              290       30    16         ../lib/libc.a(libc_a-memset.o):(.debug_aranges)
             2c0              2c0       30     1         ../lib/libc.a(libc_a-stdio.o):(.debug_aranges)
             2f0              2f0       30     1         ../lib/libc.a(libc_a-readr.o):(.debug_aranges)
             320              320       30     1         ../lib/libc.a(libc_a-writer.o):(.debug_aranges)
             350              350       30     1         ../lib/libc.a(libc_a-lseekr.o):(.debug_aranges)
             380              380       30     1         ../lib/libc.a(libc_a-closer.o):(.debug_aranges)
             3b0              3b0       30     1         ../lib/libc.a(libc_a-svfprintf.o):(.debug_aranges)
             3e0              3e0       30     1         ../lib/libc.a(libc_a-localeconv.o):(.debug_aranges)
             410              410       30     1         ../lib/libc.a(libc_a-locale.o):(.debug_aranges)
             440              440       30     1         ../lib/libc.a(libc_a-strcmp.o):(.debug_aranges)
             470              470       30     1         ../lib/libc.a(libc_a-wctomb_r.o):(.debug_aranges)
             4a0              4a0       30     1         ../lib/libc.a(libc_a-mbtowc_r.o):(.debug_aranges)
             4d0              4d0       40     1         ../lib/libc.a(libc_a-stack_protector.o):(.debug_aranges)
             510              510       30     1         ../lib/libc.a(libc_a-signal.o):(.debug_aranges)
             540              540       30     1         ../lib/libc.a(libc_a-signalr.o):(.debug_aranges)
             570              570       20     1         ../lib/libc.a(libc_a-ctype_.o):(.debug_aranges)
             590              590       30     1         ../lib/libc.a(libc_a-svfiprintf.o):(.debug_aranges)
             5c0              5c0       30     1         ../lib/libc.a(libc_a-memmove.o):(.debug_aranges)
             5f0              5f0       30    16         ../lib/libc.a(libc_a-memcpy.o):(.debug_aranges)
             620              620       30     1         ../lib/libc.a(libc_a-reallocr.o):(.debug_aranges)
             650              650       30     1         ../lib/libc.a(libc_a-memchr.o):(.debug_aranges)
             680              680       30     1         ../lib/libc.a(libc_a-dtoa.o):(.debug_aranges)
             6b0              6b0       30     1         ../lib/libc.a(libc_a-mprec.o):(.debug_aranges)
             6e0              6e0       30     1         ../lib/libc.a(libc_a-callocr.o):(.debug_aranges)
             710              710       30     1         ../lib/libc.a(libc_a-errno.o):(.debug_aranges)
             740              740       30     1         ../lib/libc.a(libc_a-assert.o):(.debug_aranges)
             770              770       30     1         ../lib/libc.a(libc_a-fiprintf.o):(.debug_aranges)
             7a0              7a0       30     1         ../lib/libc.a(libc_a-vfiprintf.o):(.debug_aranges)
             7d0              7d0       30     1         ../lib/libc.a(libc_a-fputwc.o):(.debug_aranges)
             800              800       30     1         ../lib/libc.a(libc_a-wcrtomb.o):(.debug_aranges)
             830              830       30     1         ../lib/libc.a(libc_a-wbuf.o):(.debug_aranges)
             860              860       30     1         ../lib/libc.a(libc_a-wsetup.o):(.debug_aranges)
             890              890       30     1         ../lib/libc.a(libc_a-makebuf.o):(.debug_aranges)
             8c0              8c0       30     1         ../lib/libc.a(libc_a-fstatr.o):(.debug_aranges)
             8f0              8f0       30     1         ../lib/libc.a(libc_a-isattyr.o):(.debug_aranges)
             920              920       30     1         ../lib/libc.a(libc_a-fvwrite.o):(.debug_aranges)
             950              950       30     1         ../lib/libc.a(libc_a-abort.o):(.debug_aranges)
             980              980       30     1         ../lib/libc.a(libc_a-sprintf.o):(.debug_aranges)
             9b0              9b0       30     1         newlib.o:(.debug_aranges)
             9e0              9e0       30     1         ../lib/libc.a(libc_a-strtol.o):(.debug_aranges)
               0                0     2388     8 .symtab
               0                0     2388     8         <internal>:(.symtab)
               0                0       eb     1 .shstrtab
               0                0       eb     1         <internal>:(.shstrtab)
               0                0     1689     1 .strtab
               0                0     1689     1         <internal>:(.strtab)
