             VMA              LMA     Size Align Out     In      Symbol
          100160           100160      f57    32 .rodata
          100160           100160      51b     1         <internal>:(.rodata)
          10067b           10067b        2     1         ../lib/libc++.a(new.cpp.o):(.rodata)
          10067b           10067b        1     1                 std::__1::(anonymous namespace)::ignore
          10067c           10067c        1     1                 std::nothrow
          100680           100680       40    16         <internal>:(.rodata)
          1006c0           1006c0       68     8         <internal>:(.rodata)
          100730           100730      190    16         ../lib/libc.a(libc_a-svfprintf.o):(.rodata)
          1008a0           1008a0       10     1                 zeroes.0
          1008b0           1008b0       10     1                 blanks.1
          1008c0           1008c0      2a0    32         ../lib/libc.a(libc_a-ctype_.o):(.rodata)
          1008c0           1008c0      101     1                 _ctype_
          1009e0           1009e0      180     1                 _ctype_b
          100b60           100b60      190    16         ../lib/libc.a(libc_a-svfiprintf.o):(.rodata)
          100cd0           100cd0       10     1                 zeroes.0
          100ce0           100ce0       10     1                 blanks.1
          100d00           100d00      168    32         ../lib/libc.a(libc_a-mprec.o):(.rodata)
          100d00           100d00        c     1                 p05.0
          100d20           100d20       28     1                 __mprec_tinytens
          100d60           100d60       28     1                 __mprec_bigtens
          100da0           100da0       c8     1                 __mprec_tens
          100e68           100e68       2f     8         <internal>:(.rodata)
          100ea0           100ea0      190    16         ../lib/libc.a(libc_a-vfiprintf.o):(.rodata)
          101010           101010       10     1                 zeroes.0
          101020           101020       10     1                 blanks.1
          101030           101030       87     1         newlib.o:(.rodata)
          1010b8           1010b8     261c     8 .eh_frame
          1010b8           1010b8       d4     1         kernel.o:(.eh_frame+0x0)
          101190           101190       3c     1         kernel.o:(.eh_frame+0xd4)
          1011d0           1011d0       80     1         kernel.o:(.eh_frame+0x110)
          101250           101250       14     1         ../lib/libc.a(libc_a-malloc.o):(.eh_frame+0x18)
          101268           101268       14     1         ../lib/libc.a(libc_a-malloc.o):(.eh_frame+0x2c)
          101280           101280       14     1         ../lib/libc.a(libc_a-findfp.o):(.eh_frame+0x18)
          101298           101298       14     1         ../lib/libc.a(libc_a-findfp.o):(.eh_frame+0x2c)
          1012b0           1012b0       34     1         ../lib/libc.a(libc_a-findfp.o):(.eh_frame+0x40)
          1012e8           1012e8       3c     1         ../lib/libc.a(libc_a-findfp.o):(.eh_frame+0x74)
          101328           101328       44     1         ../lib/libc.a(libc_a-findfp.o):(.eh_frame+0xb0)
          101370           101370       14     1         ../lib/libc.a(libc_a-findfp.o):(.eh_frame+0xf4)
          101388           101388       14     1         ../lib/libc.a(libc_a-findfp.o):(.eh_frame+0x108)
          1013a0           1013a0       14     1         ../lib/libc.a(libc_a-findfp.o):(.eh_frame+0x11c)
          1013b8           1013b8       18     1         ../lib/libc.a(libc_a-findfp.o):(.eh_frame+0x130)
          1013d0           1013d0       3c     1         ../lib/libc.a(libc_a-fclose.o):(.eh_frame+0x18)
          101410           101410       14     1         ../lib/libc.a(libc_a-fclose.o):(.eh_frame+0x54)
          101428           101428       90     1         ../lib/libc.a(libc_a-fflush.o):(.eh_frame+0x18)
          1014b8           1014b8       3c     1         ../lib/libc.a(libc_a-freer.o):(.eh_frame+0x18)
          1014f8           1014f8       5c     1         ../lib/libc.a(libc_a-freer.o):(.eh_frame+0x54)
          101558           101558       14     1         ../lib/libc.a(libc_a-mlock.o):(.eh_frame+0x18)
          101570           101570       14     1         ../lib/libc.a(libc_a-mlock.o):(.eh_frame+0x2c)
          101588           101588       80     1         ../lib/libc.a(libc_a-mallocr.o):(.eh_frame+0x18)
          101608           101608       20     1         ../lib/libc.a(libc_a-sbrkr.o):(.eh_frame+0x18)
          101628           101628       40     1         ../lib/libc.a(libc_a-reent.o):(.eh_frame+0x18)
          101668           101668       48     1         ../lib/libc.a(libc_a-fwalk.o):(.eh_frame+0x18)
          1016b0           1016b0       34     1         ../lib/libc.a(libc_a-stdio.o):(.eh_frame+0x18)
          1016e8           1016e8       34     1         ../lib/libc.a(libc_a-stdio.o):(.eh_frame+0x4c)
          101720           101720       38     1         ../lib/libc.a(libc_a-stdio.o):(.eh_frame+0x80)
          101758           101758       20     1         ../lib/libc.a(libc_a-readr.o):(.eh_frame+0x18)
          101778           101778       20     1         ../lib/libc.a(libc_a-writer.o):(.eh_frame+0x18)
          101798           101798       20     1         ../lib/libc.a(libc_a-lseekr.o):(.eh_frame+0x18)
          1017b8           1017b8       20     1         ../lib/libc.a(libc_a-closer.o):(.eh_frame+0x18)
          1017d8           1017d8       5c     1         ../lib/libc++.a(new.cpp.o):(.eh_frame+0x18)
          101838           101838      284     1         ../lib/libc++.a(new.cpp.o):(.eh_frame+0x74)
          101ac0           101ac0       20     1         ../lib/libc.a(libc_a-abort.o):(.eh_frame+0x18)
          101ae0           101ae0       4c     1         ../lib/libc.a(libc_a-signal.o):(.eh_frame+0x18)
          101b30           101b30      184     1         ../lib/libc.a(libc_a-signal.o):(.eh_frame+0x64)
          101cb8           101cb8       38     1         ../lib/libc.a(libc_a-signalr.o):(.eh_frame+0x18)
          101cf0           101cf0       14     1         ../lib/libc.a(libc_a-stack_protector.o):(.eh_frame+0x18)
          101d08           101d08       1c     1         ../lib/libc.a(libc_a-stack_protector.o):(.eh_frame+0x2c)
          101d28           101d28       20     1         ../lib/libc.a(libc_a-stack_protector.o):(.eh_frame+0x48)
          101d48           101d48       18     1         ../lib/libc.a(libc_a-strlen.o):(.eh_frame+0x18)
          101d60           101d60      200     1         frame.o:(.eh_frame+0x18)
          101f60           101f60       18     1         ../lib/libc.a(libc_a-strcpy.o):(.eh_frame+0x18)
          101f78           101f78       20     1         ../lib/libc.a(libc_a-strcat.o):(.eh_frame+0x18)
          101f98           101f98       1c     1         ../lib/libc.a(libc_a-vsprintf.o):(.eh_frame+0x18)
          101fb8           101fb8       1c     1         ../lib/libc.a(libc_a-vsprintf.o):(.eh_frame+0x34)
          101fd8           101fd8       50     1         ../lib/libc.a(libc_a-svfprintf.o):(.eh_frame+0x18)
          102028           102028       14     1         ../lib/libc.a(libc_a-localeconv.o):(.eh_frame+0x18)
          102040           102040       14     1         ../lib/libc.a(libc_a-localeconv.o):(.eh_frame+0x2c)
          102058           102058       18     1         ../lib/libc.a(libc_a-localeconv.o):(.eh_frame+0x40)
          102070           102070       24     1         ../lib/libc.a(libc_a-locale.o):(.eh_frame+0x18)
          102098           102098       14     1         ../lib/libc.a(libc_a-locale.o):(.eh_frame+0x3c)
          1020b0           1020b0       28     1         ../lib/libc.a(libc_a-locale.o):(.eh_frame+0x50)
          1020d8           1020d8       18     1         ../lib/libc.a(libc_a-strcmp.o):(.eh_frame+0x18)
          1020f0           1020f0       14     1         ../lib/libc.a(libc_a-wctomb_r.o):(.eh_frame+0x18)
          102108           102108       14     1         ../lib/libc.a(libc_a-wctomb_r.o):(.eh_frame+0x2c)
          102120           102120       14     1         ../lib/libc.a(libc_a-mbtowc_r.o):(.eh_frame+0x18)
          102138           102138       1c     1         ../lib/libc.a(libc_a-mbtowc_r.o):(.eh_frame+0x2c)
          102158           102158       4c     1         ../lib/libc.a(libc_a-svfiprintf.o):(.eh_frame+0x18)
          1021a8           1021a8       54     1         ../lib/libc.a(libc_a-svfiprintf.o):(.eh_frame+0x64)
          102200           102200       18     1         ../lib/libc.a(libc_a-memmove.o):(.eh_frame+0x18)
          102218           102218       68     1         ../lib/libc.a(libc_a-reallocr.o):(.eh_frame+0x18)
          102280           102280       18     1         ../lib/libc.a(libc_a-memchr.o):(.eh_frame+0x18)
          102298           102298       4c     1         ../lib/libc.a(libc_a-dtoa.o):(.eh_frame+0x18)
          1022e8           1022e8       4c     1         ../lib/libc.a(libc_a-dtoa.o):(.eh_frame+0x64)
          102338           102338       2c     1         ../lib/libc.a(libc_a-mprec.o):(.eh_frame+0x18)
          102368           102368       14     1         ../lib/libc.a(libc_a-mprec.o):(.eh_frame+0x44)
          102380           102380       8c     1         ../lib/libc.a(libc_a-mprec.o):(.eh_frame+0x58)
          102410           102410       14     1         ../lib/libc.a(libc_a-mprec.o):(.eh_frame+0xe4)
          102428           102428       14     1         ../lib/libc.a(libc_a-mprec.o):(.eh_frame+0xf8)
          102440           102440       24     1         ../lib/libc.a(libc_a-mprec.o):(.eh_frame+0x10c)
          102468           102468       4c     1         ../lib/libc.a(libc_a-mprec.o):(.eh_frame+0x130)
          1024b8           1024b8       3c     1         ../lib/libc.a(libc_a-mprec.o):(.eh_frame+0x17c)
          1024f8           1024f8       4c     1         ../lib/libc.a(libc_a-mprec.o):(.eh_frame+0x1b8)
          102548           102548       14     1         ../lib/libc.a(libc_a-mprec.o):(.eh_frame+0x204)
          102560           102560       64     1         ../lib/libc.a(libc_a-mprec.o):(.eh_frame+0x218)
          1025c8           1025c8       14     1         ../lib/libc.a(libc_a-mprec.o):(.eh_frame+0x27c)
          1025e0           1025e0       34     1         ../lib/libc.a(libc_a-mprec.o):(.eh_frame+0x290)
          102618           102618       34     1         ../lib/libc.a(libc_a-mprec.o):(.eh_frame+0x2c4)
          102650           102650       14     1         ../lib/libc.a(libc_a-mprec.o):(.eh_frame+0x2f8)
          102668           102668       14     1         ../lib/libc.a(libc_a-mprec.o):(.eh_frame+0x30c)
          102680           102680       18     1         ../lib/libc.a(libc_a-mprec.o):(.eh_frame+0x320)
          102698           102698       28     1         ../lib/libc.a(libc_a-callocr.o):(.eh_frame+0x18)
          1026c0           1026c0       18     1         ../lib/libc.a(libc_a-errno.o):(.eh_frame+0x18)
          1026d8           1026d8       24     1         ../lib/libc.a(libc_a-assert.o):(.eh_frame+0x18)
          102700           102700       1c     1         ../lib/libc.a(libc_a-assert.o):(.eh_frame+0x3c)
          102720           102720       1c     1         ../lib/libc.a(libc_a-fiprintf.o):(.eh_frame+0x18)
          102740           102740       1c     1         ../lib/libc.a(libc_a-fiprintf.o):(.eh_frame+0x34)
          102760           102760       4c     1         ../lib/libc.a(libc_a-vfiprintf.o):(.eh_frame+0x18)
          1027b0           1027b0       14     1         ../lib/libc.a(libc_a-vfiprintf.o):(.eh_frame+0x64)
          1027c8           1027c8       7c     1         ../lib/libc.a(libc_a-vfiprintf.o):(.eh_frame+0x78)
          102848           102848       3c     1         ../lib/libc.a(libc_a-vfiprintf.o):(.eh_frame+0xf4)
          102888           102888       44     1         ../lib/libc.a(libc_a-fputwc.o):(.eh_frame+0x18)
          1028d0           1028d0       14     1         ../lib/libc.a(libc_a-fputwc.o):(.eh_frame+0x5c)
          1028e8           1028e8       28     1         ../lib/libc.a(libc_a-fputwc.o):(.eh_frame+0x70)
          102910           102910       2c     1         ../lib/libc.a(libc_a-wcrtomb.o):(.eh_frame+0x18)
          102940           102940       2c     1         ../lib/libc.a(libc_a-wcrtomb.o):(.eh_frame+0x44)
          102970           102970       3c     1         ../lib/libc.a(libc_a-wbuf.o):(.eh_frame+0x18)
          1029b0           1029b0       14     1         ../lib/libc.a(libc_a-wbuf.o):(.eh_frame+0x54)
          1029c8           1029c8       30     1         ../lib/libc.a(libc_a-wsetup.o):(.eh_frame+0x18)
          1029f8           1029f8       44     1         ../lib/libc.a(libc_a-makebuf.o):(.eh_frame+0x18)
          102a40           102a40       34     1         ../lib/libc.a(libc_a-makebuf.o):(.eh_frame+0x5c)
          102a78           102a78       20     1         ../lib/libc.a(libc_a-fstatr.o):(.eh_frame+0x18)
          102a98           102a98       20     1         ../lib/libc.a(libc_a-isattyr.o):(.eh_frame+0x18)
          102ab8           102ab8       78     1         ../lib/libc.a(libc_a-fvwrite.o):(.eh_frame+0x18)
          102b30           102b30       1c     1         ../lib/libc.a(libc_a-sprintf.o):(.eh_frame+0x18)
          102b50           102b50       24     1         ../lib/libc.a(libc_a-sprintf.o):(.eh_frame+0x34)
          102b78           102b78      200     1         pci.o:(.eh_frame+0x18)
          102d78           102d78       60     1         memory_map.o:(.eh_frame+0x18)
          102dd8           102dd8       3c     1         newlib.o:(.eh_frame+0x18)
          102e18           102e18       1c     1         newlib.o:(.eh_frame+0x54)
          102e38           102e38       1c     1         newlib.o:(.eh_frame+0x70)
          102e58           102e58       1c     1         newlib.o:(.eh_frame+0x8c)
          102e78           102e78       1c     1         newlib.o:(.eh_frame+0xa8)
          102e98           102e98       1c     1         newlib.o:(.eh_frame+0xc4)
          102eb8           102eb8       1c     1         newlib.o:(.eh_frame+0xe0)
          102ed8           102ed8       1c     1         newlib.o:(.eh_frame+0xfc)
          102ef8           102ef8       20     1         newlib.o:(.eh_frame+0x118)
          102f18           102f18       80     1         segment.o:(.eh_frame+0x18)
          102f98           102f98       54     1         interrupt.o:(.eh_frame+0x18)
          102ff0           102ff0       54     1         interrupt.o:(.eh_frame+0x6c)
          103048           103048       54     1         interrupt.o:(.eh_frame+0xc0)
          1030a0           1030a0       54     1         interrupt.o:(.eh_frame+0x114)
          1030f8           1030f8       54     1         interrupt.o:(.eh_frame+0x168)
          103150           103150       c4     1         interrupt.o:(.eh_frame+0x1bc)
          103218           103218       80     1         paging.o:(.eh_frame+0x18)
          103298           103298       20     1         keyboard.o:(.eh_frame+0x18)
          1032b8           1032b8       c4     1         input.o:(.eh_frame+0x18)
          103380           103380       24     1         input.o:(.eh_frame+0xdc)
          1033a8           1033a8       20     1         command.o:(.eh_frame+0x18)
          1033c8           1033c8       20     1         command.o:(.eh_frame+0x78)
          1033e8           1033e8       20     1         command.o:(.eh_frame+0xb8)
          103408           103408       88     1         ../lib/libc.a(libc_a-strtol.o):(.eh_frame+0x18)
          103490           103490       20     1         memory_manager.o:(.eh_frame+0x18)
          1034b0           1034b0      200     1         memory_manager.o:(.eh_frame+0x78)
          1036b0           1036b0       20     1         memory_manager.o:(.eh_frame+0x2b8)
          1046e0           1046e0     ffae    16 .text
          1046e0           1046e0      2ae    16         kernel.o:(.text)
          1046e0           1046e0        f     1                 stop()
          1046f0           1046f0       29     1                 entry_point
          104720           104720      26e     1                 kernel_main
          104990           104990       50    16         kernel.o:(.text.startup)
          104990           104990       1a     1                 __cxx_global_var_init
          1049b0           1049b0       12     1                 __cxx_global_var_init.1
          1049d0           1049d0       10     1                 _GLOBAL__sub_I_kernel.cpp
          1049e0           1049e0        b    16         kernel.o:(.text._ZNSt3__114numeric_limitsImE3maxEv)
          1049e0           1049e0        b     1                 std::__1::numeric_limits<unsigned long>::max()
          1049f0           1049f0       21    16         kernel.o:(.text._ZN7FrameIDC2Em)
          1049f0           1049f0       21     1                 FrameID::FrameID(unsigned long)
          104a20           104a20       4c    16         kernel.o:(.text._ZN11InputBufferC2Ev)
          104a20           104a20       4c     1                 InputBuffer::InputBuffer()
          104a70           104a70       1e    16         kernel.o:(.text._ZNK5ErrorcvbEv)
          104a70           104a70       1e     1                 Error::operator bool() const
          104a90           104a90       22    16         kernel.o:(.text._ZNK5Error4NameEv)
          104a90           104a90       22     1                 Error::Name() const
          104ac0           104ac0        d    16         kernel.o:(.text._ZNSt3__123__libcpp_numeric_limitsImLb1EE3maxEv)
          104ac0           104ac0        d     1                 std::__1::__libcpp_numeric_limits<unsigned long, true>::max()
          104ad0           104ad0       33    16         ../lib/libc.a(libc_a-malloc.o):(.text)
          104ad0           104ad0       13     1                 malloc
          104af0           104af0       13     1                 free
          104b03           104b03        0     1         ../lib/libc.a(libc_a-impure.o):(.text)
          104b10           104b10      469    16         ../lib/libc.a(libc_a-findfp.o):(.text)
          104b10           104b10        7     1                 __fp_lock
          104b20           104b20       1e     1                 stdio_exit_handler
          104b40           104b40       52     1                 cleanup_stdio
          104ba0           104ba0        7     1                 __fp_unlock
          104bb0           104bb0      1d1     1                 global_stdio_init.part.0
          104d90           104d90      156     1                 __sfp
          104ef0           104ef0       2a     1                 __sinit
          104f20           104f20        5     1                 __sfp_lock_acquire
          104f30           104f30        5     1                 __sfp_lock_release
          104f40           104f40       19     1                 __fp_lock_all
          104f60           104f60       19     1                 __fp_unlock_all
          104f80           104f80       f3    16         ../lib/libc.a(libc_a-fclose.o):(.text)
          104f80           104f80       de     1                 _fclose_r
          105060           105060       13     1                 fclose
          105080           105080      321    16         ../lib/libc.a(libc_a-fflush.o):(.text)
          105080           105080      225     1                 __sflush_r
          1052b0           1052b0       5f     1                 _fflush_r
          105310           105310       91     1                 fflush
          1053b0           1053b0      47e    16         ../lib/libc.a(libc_a-freer.o):(.text)
          1053b0           1053b0       e7     1                 _malloc_trim_r
          1054a0           1054a0      38e     1                 _free_r
          105830           105830       15    16         ../lib/libc.a(libc_a-mlock.o):(.text)
          105830           105830        5     1                 __malloc_lock
          105840           105840        5     1                 __malloc_unlock
          105850           105850      8d4    16         ../lib/libc.a(libc_a-mallocr.o):(.text)
          105850           105850      8d4     1                 _malloc_r
          106130           106130       36    16         ../lib/libc.a(libc_a-sbrkr.o):(.text)
          106130           106130       36     1                 _sbrk_r
          106170           106170       9e    16         ../lib/libc.a(libc_a-reent.o):(.text)
          106170           106170       9e     1                 _reclaim_reent
          106210           106210       89    16         ../lib/libc.a(libc_a-fwalk.o):(.text)
          106210           106210       89     1                 _fwalk_sglue
          1062a0           1062a0       e0    16         ../lib/libc.a(libc_a-memset.o):(.text)
          1062a0           1062a0        0     1                 memset
          1062ce           1062ce        0     1                 quadword_aligned
          1062f0           1062f0        0     1                 loop
          10635b           10635b        0     1                 byte_set
          106361           106361        0     1                 quadword_set
          106380           106380       ed    16         ../lib/libc.a(libc_a-stdio.o):(.text)
          106380           106380       30     1                 __sread
          1063b0           1063b0        7     1                 __seofread
          1063c0           1063c0       60     1                 __swrite
          106420           106420       38     1                 __sseek
          106460           106460        d     1                 __sclose
          106470           106470       41    16         ../lib/libc.a(libc_a-readr.o):(.text)
          106470           106470       41     1                 _read_r
          1064c0           1064c0       41    16         ../lib/libc.a(libc_a-writer.o):(.text)
          1064c0           1064c0       41     1                 _write_r
          106510           106510       3e    16         ../lib/libc.a(libc_a-lseekr.o):(.text)
          106510           106510       3e     1                 _lseek_r
          106550           106550       2e    16         ../lib/libc.a(libc_a-closer.o):(.text)
          106550           106550       2e     1                 _close_r
          10657e           10657e      455     1         ../lib/libc++.a(new.cpp.o):(.text)
          10657e           10657e       36     1                 std::set_new_handler(void (*)())
          1065b4           1065b4       23     1                 std::get_new_handler()
          1065d7           1065d7        d     1                 std::__throw_bad_alloc()
          1065e4           1065e4       5c     1                 operator new(unsigned long)
          106640           106640       32     1                 operator new(unsigned long, std::nothrow_t const&)
          106672           106672       1e     1                 operator new[](unsigned long)
          106690           106690       32     1                 operator new[](unsigned long, std::nothrow_t const&)
          1066c2           1066c2       1f     1                 operator delete(void*)
          1066e1           1066e1       23     1                 operator delete(void*, std::nothrow_t const&)
          106704           106704       23     1                 operator delete(void*, unsigned long)
          106727           106727       1f     1                 operator delete[](void*)
          106746           106746       23     1                 operator delete[](void*, std::nothrow_t const&)
          106769           106769       23     1                 operator delete[](void*, unsigned long)
          10678c           10678c       9f     1                 operator new(unsigned long, std::align_val_t)
          10682b           10682b       3d     1                 operator new(unsigned long, std::align_val_t, std::nothrow_t const&)
          106868           106868       29     1                 operator new[](unsigned long, std::align_val_t)
          106891           106891       3d     1                 operator new[](unsigned long, std::align_val_t, std::nothrow_t const&)
          1068ce           1068ce       23     1                 operator delete(void*, std::align_val_t)
          1068f1           1068f1       2e     1                 operator delete(void*, std::align_val_t, std::nothrow_t const&)
          10691f           10691f       2e     1                 operator delete(void*, unsigned long, std::align_val_t)
          10694d           10694d       2a     1                 operator delete[](void*, std::align_val_t)
          106977           106977       2e     1                 operator delete[](void*, std::align_val_t, std::nothrow_t const&)
          1069a5           1069a5       2e     1                 operator delete[](void*, unsigned long, std::align_val_t)
          1069e0           1069e0       1e    16         ../lib/libc.a(libc_a-abort.o):(.text)
          1069e0           1069e0       1e     1                 abort
          106a00           106a00      50e    16         ../lib/libc.a(libc_a-signal.o):(.text)
          106a00           106a00       59     1                 _init_signal_r
          106a60           106a60       98     1                 _signal_r
          106b00           106b00       ad     1                 _raise_r
          106bb0           106bb0       ca     1                 __sigtramp_r
          106c80           106c80       b7     1                 raise
          106d40           106d40       98     1                 signal
          106de0           106de0       59     1                 _init_signal
          106e40           106e40       ce     1                 __sigtramp
          106f10           106f10       49    16         ../lib/libc.a(libc_a-signalr.o):(.text)
          106f10           106f10       36     1                 _kill_r
          106f50           106f50        9     1                 _getpid_r
          106f60           106f60       8f    16         ../lib/libc.a(libc_a-stack_protector.o):(.text)
          106f60           106f60       7d     1                 __stack_chk_fail
          106fe0           106fe0        f     1                 __stack_chk_fail_local
          106ff0           106ff0       19    16         ../lib/libc.a(libc_a-stack_protector.o):(.text.startup)
          106ff0           106ff0       19     1                 __stack_chk_init
          107010           107010       7d    16         ../lib/libc.a(libc_a-strlen.o):(.text)
          107010           107010       7d     1                 strlen
          107090           107090      ebe    16         frame.o:(.text)
          107090           107090       42     1                 InitializeFrame(bootinfo_t*)
          1070e0           1070e0       3d     1                 HashtoColor(unsigned char)
          107120           107120      191     1                 HSVtoRGB(int)
          1072c0           1072c0       e9     1                 WritePixel(Color, int, int)
          1073b0           1073b0       f1     1                 WriteAscii(char, Color, int, int)
          1074b0           1074b0      132     1                 WriteSquare(Vector, Vector, Color)
          1075f0           1075f0      11b     1                 PrintLine(char const*, Vector, Color)
          107710           107710       7e     1                 RegisterLine(char const*)
          107790           107790      46b     1                 Print
          107c00           107c00       b3     1                 Printf
          107cc0           107cc0       6c     1                 dPrint(char*, int)
          107d30           107d30       6c     1                 udPrint(char*, unsigned int)
          107da0           107da0       6c     1                 uxdPrint(char*, unsigned int)
          107e10           107e10       be     1                 WriteMandelbrot(int)
          107ed0           107ed0       7e     1                 clear()
          107f50           107f50      1ad    16         frame.o:(.text._Z14CalcMandelbrotiii)
          107f50           107f50      1ad     1                 CalcMandelbrot(int, int, int)
          108100           108100       85    16         ../lib/libc.a(libc_a-strcpy.o):(.text)
          108100           108100       85     1                 strcpy
          108190           108190       6c    16         ../lib/libc.a(libc_a-strcat.o):(.text)
          108190           108190       6c     1                 strcat
          108200           108200       ed    16         ../lib/libc.a(libc_a-vsprintf.o):(.text)
          108200           108200       7d     1                 vsprintf
          108280           108280       6d     1                 _vsprintf_r
          1082f0           1082f0     2557    16         ../lib/libc.a(libc_a-svfprintf.o):(.text)
          1082f0           1082f0     2557     1                 _svfprintf_r
          10a850           10a850       2c    16         ../lib/libc.a(libc_a-localeconv.o):(.text)
          10a850           10a850        c     1                 __localeconv_l
          10a860           10a860        c     1                 _localeconv_r
          10a870           10a870        c     1                 localeconv
          10a880           10a880       ea    16         ../lib/libc.a(libc_a-locale.o):(.text)
          10a880           10a880       6a     1                 _setlocale_r
          10a8f0           10a8f0        c     1                 __locale_mb_cur_max
          10a900           10a900       6a     1                 setlocale
          10a970           10a970       83    16         ../lib/libc.a(libc_a-strcmp.o):(.text)
          10a970           10a970       83     1                 strcmp
          10aa00           10aa00       43    16         ../lib/libc.a(libc_a-wctomb_r.o):(.text)
          10aa00           10aa00        a     1                 _wctomb_r
          10aa10           10aa10       33     1                 __ascii_wctomb
          10aa50           10aa50       70    16         ../lib/libc.a(libc_a-mbtowc_r.o):(.text)
          10aa50           10aa50        a     1                 _mbtowc_r
          10aa60           10aa60       60     1                 __ascii_mbtowc
          10aac0           10aac0        0     1         ../lib/libc.a(libc_a-ctype_.o):(.text)
          10aac0           10aac0     1408    16         ../lib/libc.a(libc_a-svfiprintf.o):(.text)
          10aac0           10aac0      1e9     1                 __ssprint_r
          10acb0           10acb0     1218     1                 _svfiprintf_r
          10bed0           10bed0      124    16         ../lib/libc.a(libc_a-memmove.o):(.text)
          10bed0           10bed0      124     1                 memmove
          10c000           10c000      12d    16         ../lib/libc.a(libc_a-memcpy.o):(.text)
          10c000           10c000        0     1                 memcpy
          10c025           10c025        0     1                 quadword_aligned
          10c040           10c040        0     1                 loop
          10c107           10c107        0     1                 byte_copy
          10c10d           10c10d        0     1                 quadword_copy
          10c130           10c130      53a    16         ../lib/libc.a(libc_a-reallocr.o):(.text)
          10c130           10c130      53a     1                 _realloc_r
          10c670           10c670       c5    16         ../lib/libc.a(libc_a-memchr.o):(.text)
          10c670           10c670       c5     1                 memchr
          10c740           10c740     1636    16         ../lib/libc.a(libc_a-dtoa.o):(.text)
          10c740           10c740      19c     1                 quorem
          10c8e0           10c8e0     1496     1                 _dtoa_r
          10dd80           10dd80     10ba    16         ../lib/libc.a(libc_a-mprec.o):(.text)
          10dd80           10dd80       9e     1                 _Balloc
          10de20           10de20       1f     1                 _Bfree
          10de40           10de40      101     1                 __multadd
          10df50           10df50      139     1                 __s2b
          10e090           10e090       56     1                 __hi0bits
          10e0f0           10e0f0       8f     1                 __lo0bits
          10e180           10e180       a4     1                 __i2b
          10e230           10e230      241     1                 __multiply
          10e480           10e480      12e     1                 __pow5mult
          10e5b0           10e5b0      158     1                 __lshift
          10e710           10e710       4e     1                 __mcmp
          10e760           10e760      217     1                 __mdiff
          10e980           10e980       7d     1                 __ulp
          10ea00           10ea00       fc     1                 __b2d
          10eb00           10eb00      158     1                 __d2b
          10ec60           10ec60       c0     1                 __ratio
          10ed20           10ed20       40     1                 _mprec_log10
          10ed60           10ed60       60     1                 __copybits
          10edc0           10edc0       7a     1                 __any_on
          10ee40           10ee40       c6    16         ../lib/libc.a(libc_a-callocr.o):(.text)
          10ee40           10ee40       c6     1                 _calloc_r
          10ef10           10ef10        c    16         ../lib/libc.a(libc_a-errno.o):(.text)
          10ef10           10ef10        c     1                 __errno
          10ef20           10ef20       74    16         ../lib/libc.a(libc_a-assert.o):(.text)
          10ef20           10ef20       54     1                 __assert_func
          10ef80           10ef80       14     1                 __assert
          10efa0           10efa0      178    16         ../lib/libc.a(libc_a-fiprintf.o):(.text)
          10efa0           10efa0       b0     1                 _fiprintf_r
          10f050           10f050       c8     1                 fiprintf
          10f120           10f120     1750    16         ../lib/libc.a(libc_a-vfiprintf.o):(.text)
          10f120           10f120       d7     1                 __sprint_r.part.0
          10f200           10f200       1a     1                 __sprint_r
          10f220           10f220     154f     1                 _vfiprintf_r
          110770           110770       19     1                 vfiprintf
          110790           110790       e0     1                 __sbprintf
          110870           110870      1b9    16         ../lib/libc.a(libc_a-fputwc.o):(.text)
          110870           110870      119     1                 __fputwc
          110990           110990       23     1                 _fputwc_r
          1109c0           1109c0       69     1                 fputwc
          110a30           110a30      112    16         ../lib/libc.a(libc_a-wcrtomb.o):(.text)
          110a30           110a30       7c     1                 _wcrtomb_r
          110ab0           110ab0       92     1                 wcrtomb
          110b50           110b50      135    16         ../lib/libc.a(libc_a-wbuf.o):(.text)
          110b50           110b50      112     1                 __swbuf_r
          110c70           110c70       15     1                 __swbuf
          110c90           110c90      143    16         ../lib/libc.a(libc_a-wsetup.o):(.text)
          110c90           110c90      143     1                 __swsetup_r
          110de0           110de0      1e6    16         ../lib/libc.a(libc_a-makebuf.o):(.text)
          110de0           110de0      139     1                 __smakebuf_r
          110f20           110f20       a6     1                 __swhatbuf_r
          110fd0           110fd0       36    16         ../lib/libc.a(libc_a-fstatr.o):(.text)
          110fd0           110fd0       36     1                 _fstat_r
          111010           111010       2e    16         ../lib/libc.a(libc_a-isattyr.o):(.text)
          111010           111010       2e     1                 _isatty_r
          111040           111040      55c    16         ../lib/libc.a(libc_a-fvwrite.o):(.text)
          111040           111040      55c     1                 __sfvwrite_r
          1115a0           1115a0      211    16         ../lib/libc.a(libc_a-sprintf.o):(.text)
          1115a0           1115a0       fc     1                 _sprintf_r
          1116a0           1116a0      111     1                 sprintf
          1117c0           1117c0       a3    16         asmfunc.o:(.text)
          1117c0           1117c0        0     1                 IoOut32
          1117c7           1117c7        0     1                 IoIn32
          1117cc           1117cc        0     1                 IoIn16
          1117d2           1117d2        0     1                 IoOut8
          1117da           1117da        0     1                 IoIn8
          1117df           1117df        0     1                 call_kernel_main
          1117ef           1117ef        0     1                 _hlt
          1117f2           1117f2        0     1                 LoadGDT
          11180c           11180c        0     1                 SetDSAll
          111815           111815        0     1                 SetCSSS
          111829           111829        0     1                 SetCSSS.next
          11182e           11182e        0     1                 SetCSSS.stop
          111831           111831        0     1                 GetCS
          111837           111837        0     1                 LoadIDT
          111851           111851        0     1                 SetCR3
          111855           111855        0     1                 NotifyEndOfInterrupt
          111870           111870      809    16         pci.o:(.text)
          111870           111870       4f     1                 MakeAddr(unsigned char, unsigned char, unsigned char, unsigned char)
          1118c0           1118c0       1e     1                 WriteAddr(unsigned int)
          1118e0           1118e0       1e     1                 WriteData(unsigned int)
          111900           111900       10     1                 ReadData()
          111910           111910       4a     1                 ReadVendorId(unsigned char, unsigned char, unsigned char)
          111960           111960       67     1                 ReadVendorId(Device)
          1119d0           1119d0       50     1                 ReadHeaderType(unsigned char, unsigned char, unsigned char)
          111a20           111a20       70     1                 ReadBar(Device, int)
          111a90           111a90       71     1                 ReadClassCode(unsigned char, unsigned char, unsigned char)
          111b10           111b10       45     1                 ReadBusNumbers(unsigned char, unsigned char, unsigned char)
          111b60           111b60       af     1                 AddDevice(unsigned char, unsigned char, unsigned char, unsigned char)
          111c10           111c10       28     1                 IsSingleFunctionDevice(unsigned char)
          111c40           111c40      13f     1                 ScanAllBus()
          111d80           111d80       b7     1                 ScanBus(unsigned char)
          111e40           111e40      126     1                 ScanDevice(unsigned char, unsigned char)
          111f70           111f70      109     1                 ScanFunction(unsigned char, unsigned char, unsigned char)
          112080           112080      27f    16         memory_map.o:(.text)
          112080           112080       83     1                 show_memdesc(int)
          112110           112110      12d     1                 show_memory_map()
          112240           112240       bf     1                 search_mem_type(unsigned long)
          1122ff           1122ff      1c5     1         newlib.o:(.text)
          1122ff           1122ff       6f     1                 sbrk
          11236e           11236e       29     1                 read
          112397           112397       35     1                 write
          1123cc           1123cc       21     1                 _exit
          1123ed           1123ed       28     1                 lseek
          112415           112415       21     1                 close
          112436           112436       2e     1                 kill
          112464           112464       1a     1                 getpid
          11247e           11247e       25     1                 fstat
          1124a3           1124a3       21     1                 isatty
          1124d0           1124d0      348    16         segment.o:(.text)
          1124d0           1124d0      21d     1                 SetCodeSegment(SegmentDescriptor*, DescriptorType, unsigned int, unsigned int, unsigned int)
          1126f0           1126f0       77     1                 SetDataSegment(SegmentDescriptor*, DescriptorType, unsigned int, unsigned int, unsigned int)
          112770           112770       67     1                 SetupSegments()
          1127e0           1127e0       38     1                 InitializeSegment(unsigned short, unsigned short)
          112820           112820      bb5    16         interrupt.o:(.text)
          112820           112820      19e     1                 BreakpointInterrupt(InterruptFrame*)
          1129c0           1129c0      186     1                 SegFaultInterrupt(InterruptFrame*)
          112b50           112b50      186     1                 PageFaultInterrupt(InterruptFrame*)
          112ce0           112ce0      186     1                 GeneralProtectionInterrupt(InterruptFrame*)
          112e70           112e70      203     1                 KeyboardInterrupt(InterruptFrame*)
          113080           113080       5e     1                 DefaultInterrupt(InterruptFrame*)
          1130e0           1130e0       7a     1                 SetIDTEntry(InterruptDescriptor*, InterruptDescriptorAttribute, unsigned long, unsigned long)
          113160           113160       ba     1                 InitializePIC()
          113220           113220      1b5     1                 InitializeInterrupt()
          1133e0           1133e0       60    16         interrupt.o:(.text._Z10isAlphabetc)
          1133e0           1133e0       60     1                 isAlphabet(char)
          113440           113440       af    16         interrupt.o:(.text._Z11MakeIDTAttr14DescriptorTypehbh)
          113440           113440       af     1                 MakeIDTAttr(DescriptorType, unsigned char, bool, unsigned char)
          1134f0           1134f0      118    16         paging.o:(.text)
          1134f0           1134f0      118     1                 SetupIdentityPageTable()
          113610           113610       25    16         paging.o:(.text._ZNSt3__15arrayImLm512EEixEm)
          113610           113610       25     1                 std::__1::array<unsigned long, 512ul>::operator[](unsigned long)
          113640           113640       14    16         paging.o:(.text._ZNKSt3__15arrayINS0_ImLm512EEELm64EE4sizeEv)
          113640           113640       14     1                 std::__1::array<std::__1::array<unsigned long, 512ul>, 64ul>::size() const
          113660           113660       25    16         paging.o:(.text._ZNSt3__15arrayINS0_ImLm512EEELm64EEixEm)
          113660           113660       25     1                 std::__1::array<std::__1::array<unsigned long, 512ul>, 64ul>::operator[](unsigned long)
          113690           113690       62    16         keyboard.o:(.text)
          113690           113690       62     1                 InitializeKeycode()
          113700           113700      319    16         input.o:(.text)
          113700           113700       82     1                 InputBuffer::add(char)
          113790           113790       76     1                 InputBuffer::isEnter()
          113810           113810       76     1                 InputBuffer::pop()
          113890           113890       5a     1                 InputBuffer::allprint()
          1138f0           1138f0       9b     1                 InputBuffer::allpop(char*)
          113990           113990       89     1                 GetString(char*)
          113a20           113a20       27    16         input.o:(.text._ZN11InputBuffer7isInputEv)
          113a20           113a20       27     1                 InputBuffer::isInput()
          113a50           113a50      187    16         command.o:(.text)
          113a50           113a50      187     1                 command(char*)
          113be0           113be0       2b    16         command.o:(.text.startup)
          113be0           113be0       1a     1                 __cxx_global_var_init
          113c00           113c00        b     1                 _GLOBAL__sub_I_command.cpp
          113c10           113c10      26e    16         ../lib/libc.a(libc_a-strtol.o):(.text)
          113c10           113c10      1bd     1                 _strtol_l.part.0
          113dd0           113dd0       2e     1                 _strtol_r
          113e00           113e00       3e     1                 strtol_l
          113e40           113e40       3e     1                 strtol
          113e80           113e80      6ae    16         memory_manager.o:(.text)
          113e80           113e80       4f     1                 BitmapMemoryManager::BitmapMemoryManager()
          113e80           113e80       4f     1                 BitmapMemoryManager::BitmapMemoryManager()
          113ed0           113ed0      15d     1                 BitmapMemoryManager::Allocate(unsigned long)
          114030           114030       6e     1                 BitmapMemoryManager::GetBit(FrameID) const
          1140a0           1140a0       74     1                 BitmapMemoryManager::MarkAllocated(FrameID, unsigned long)
          114120           114120       90     1                 BitmapMemoryManager::Free(FrameID, unsigned long)
          1141b0           1141b0       a8     1                 BitmapMemoryManager::SetBit(FrameID, bool)
          114260           114260       34     1                 BitmapMemoryManager::SetMemoryRange(FrameID, FrameID)
          1142a0           1142a0       48     1                 BitmapMemoryManager::IsAvailable(unsigned long)
          1142f0           1142f0      167     1                 InitializeMemoryManager(BitmapMemoryManager*, MemoryMap*)
          114460           114460       ce     1                 InitializeHeap(BitmapMemoryManager&)
          114530           114530       2b    16         memory_manager.o:(.text.startup)
          114530           114530       1a     1                 __cxx_global_var_init
          114550           114550        b     1                 _GLOBAL__sub_I_memory_manager.cpp
          114560           114560       16    16         memory_manager.o:(.text._ZNK7FrameID2IDEv)
          114560           114560       16     1                 FrameID::ID() const
          114580           114580       33    16         memory_manager.o:(.text._ZN5ErrorC2ENS_4CodeEPKci)
          114580           114580       33     1                 Error::Error(Error::Code, char const*, int)
          1145c0           1145c0       27    16         memory_manager.o:(.text._Z16AddressToFrameIDm)
          1145c0           1145c0       27     1                 AddressToFrameID(unsigned long)
          1145f0           1145f0       25    16         memory_manager.o:(.text._ZNKSt3__15arrayImLm524288EEixEm)
          1145f0           1145f0       25     1                 std::__1::array<unsigned long, 524288ul>::operator[](unsigned long) const
          114620           114620       25    16         memory_manager.o:(.text._ZNSt3__15arrayImLm524288EEixEm)
          114620           114620       25     1                 std::__1::array<unsigned long, 524288ul>::operator[](unsigned long)
          114650           114650       3e    16         memory_manager.o:(.text._Z11IsAvailable10MemoryType)
          114650           114650       3e     1                 IsAvailable(MemoryType)
          115690           115690       a0    16 .data.rel.ro
          115690           115690       a0    16         kernel.o:(.data.rel.ro)
          115730           115730       20     8 .init_array
          115730           115730        8     8         kernel.o:(.init_array)
          115738           115738        8     8         ../lib/libc.a(libc_a-stack_protector.o):(.init_array)
          115740           115740        8     8         command.o:(.init_array)
          115748           115748        8     8         memory_manager.o:(.init_array)
          115760           115760      cb0    32 .data
          115760           115760        0     1         ../lib/libc.a(libc_a-malloc.o):(.data)
          115760           115760        0     1         ../lib/libc.a(libc_a-impure.o):(.data)
          115760           115760        8     8         ../lib/libc.a(libc_a-impure.o):(.data.rel.local)
          115760           115760        8     1                 _impure_ptr
          115780           115780      158    32         ../lib/libc.a(libc_a-impure.o):(.data.rel)
          115780           115780      158     1                 _impure_data
          1158d8           1158d8        0     1         ../lib/libc.a(libc_a-findfp.o):(.data)
          1158e0           1158e0       18    16         ../lib/libc.a(libc_a-findfp.o):(.data.rel.local)
          1158e0           1158e0       18     1                 __sglue
          1158f8           1158f8        0     1         ../lib/libc.a(libc_a-fclose.o):(.data)
          1158f8           1158f8        0     1         ../lib/libc.a(libc_a-fflush.o):(.data)
          1158f8           1158f8        0     1         ../lib/libc.a(libc_a-freer.o):(.data)
          1158f8           1158f8        0     1         ../lib/libc.a(libc_a-mlock.o):(.data)
          1158f8           1158f8       10     8         ../lib/libc.a(libc_a-mallocr.o):(.data)
          1158f8           1158f8        8     1                 __malloc_sbrk_base
          115900           115900        8     1                 __malloc_trim_threshold
          115920           115920      810    32         ../lib/libc.a(libc_a-mallocr.o):(.data.rel.local)
          115920           115920      810     1                 __malloc_av_
          116130           116130        0     1         ../lib/libc.a(libc_a-sbrkr.o):(.data)
          116130           116130        0     1         ../lib/libc.a(libc_a-reent.o):(.data)
          116130           116130        0     1         ../lib/libc.a(libc_a-fwalk.o):(.data)
          116130           116130        0     1         ../lib/libc.a(libc_a-memset.o):(.data)
          116130           116130        0     1         ../lib/libc.a(libc_a-stdio.o):(.data)
          116130           116130        0     1         ../lib/libc.a(libc_a-readr.o):(.data)
          116130           116130        0     1         ../lib/libc.a(libc_a-writer.o):(.data)
          116130           116130        0     1         ../lib/libc.a(libc_a-lseekr.o):(.data)
          116130           116130        0     1         ../lib/libc.a(libc_a-closer.o):(.data)
          116130           116130        0     1         ../lib/libc++.a(new.cpp.o):(.data)
          116130           116130        0     1         ../lib/libc.a(libc_a-abort.o):(.data)
          116130           116130        0     1         ../lib/libc.a(libc_a-signal.o):(.data)
          116130           116130        0     1         ../lib/libc.a(libc_a-signalr.o):(.data)
          116130           116130        0     1         ../lib/libc.a(libc_a-stack_protector.o):(.data)
          116130           116130        0     1         ../lib/libc.a(libc_a-strlen.o):(.data)
          116130           116130        0     1         ../lib/libc.a(libc_a-strcpy.o):(.data)
          116130           116130        0     1         ../lib/libc.a(libc_a-strcat.o):(.data)
          116130           116130        0     1         ../lib/libc.a(libc_a-vsprintf.o):(.data)
          116130           116130        0     1         ../lib/libc.a(libc_a-svfprintf.o):(.data)
          116130           116130        0     1         ../lib/libc.a(libc_a-localeconv.o):(.data)
          116130           116130        0     1         ../lib/libc.a(libc_a-locale.o):(.data)
          116140           116140      1a8    32         ../lib/libc.a(libc_a-locale.o):(.data.rel)
          116140           116140      1a8     1                 __global_locale
          1162e8           1162e8        0     1         ../lib/libc.a(libc_a-strcmp.o):(.data)
          1162e8           1162e8        0     1         ../lib/libc.a(libc_a-wctomb_r.o):(.data)
          1162e8           1162e8        0     1         ../lib/libc.a(libc_a-mbtowc_r.o):(.data)
          1162e8           1162e8        0     1         ../lib/libc.a(libc_a-ctype_.o):(.data)
          1162e8           1162e8        0     1         ../lib/libc.a(libc_a-svfiprintf.o):(.data)
          1162e8           1162e8        0     1         ../lib/libc.a(libc_a-memmove.o):(.data)
          1162e8           1162e8        0     1         ../lib/libc.a(libc_a-memcpy.o):(.data)
          1162e8           1162e8        0     1         ../lib/libc.a(libc_a-reallocr.o):(.data)
          1162e8           1162e8        0     1         ../lib/libc.a(libc_a-memchr.o):(.data)
          1162e8           1162e8        0     1         ../lib/libc.a(libc_a-dtoa.o):(.data)
          1162e8           1162e8        0     1         ../lib/libc.a(libc_a-mprec.o):(.data)
          1162e8           1162e8        0     1         ../lib/libc.a(libc_a-callocr.o):(.data)
          1162e8           1162e8        0     1         ../lib/libc.a(libc_a-errno.o):(.data)
          1162e8           1162e8        0     1         ../lib/libc.a(libc_a-assert.o):(.data)
          1162e8           1162e8        0     1         ../lib/libc.a(libc_a-fiprintf.o):(.data)
          1162e8           1162e8        0     1         ../lib/libc.a(libc_a-vfiprintf.o):(.data)
          1162e8           1162e8        0     1         ../lib/libc.a(libc_a-fputwc.o):(.data)
          1162e8           1162e8        0     1         ../lib/libc.a(libc_a-wcrtomb.o):(.data)
          1162e8           1162e8        0     1         ../lib/libc.a(libc_a-wbuf.o):(.data)
          1162e8           1162e8        0     1         ../lib/libc.a(libc_a-wsetup.o):(.data)
          1162e8           1162e8        0     1         ../lib/libc.a(libc_a-makebuf.o):(.data)
          1162e8           1162e8        0     1         ../lib/libc.a(libc_a-fstatr.o):(.data)
          1162e8           1162e8        0     1         ../lib/libc.a(libc_a-isattyr.o):(.data)
          1162e8           1162e8        0     1         ../lib/libc.a(libc_a-fvwrite.o):(.data)
          1162e8           1162e8        0     1         ../lib/libc.a(libc_a-sprintf.o):(.data)
          1162e8           1162e8        0     1         newlib.o:(.data)
          1162f0           1162f0       18    16         segment.o:(.data)
          1162f0           1162f0       18     1                 gdt
          116308           116308        8     4         interrupt.o:(.data)
          116308           116308        8     1                 InterruptMessagePosition
          116310           116310      100    16         keyboard.o:(.data)
          116310           116310      100     1                 keycode
          116410           116410        0     1         ../lib/libc.a(libc_a-strtol.o):(.data)
          116410           116410       18     8 .got.plt
          116410           116410       18     8         <internal>:(.got.plt)
          117000           117000   549010  4096 .bss
          117000           117000   500428    16         kernel.o:(.bss)
          117000           117000        8     1                 kNullFrame
          117010           117010   100000     1                 kernel_main_stack
          217010           217010      400     1                 Input_Buffer
          217410           217410   400010     1                 memory_manager_buf
          617420           617420        8     1                 memory_manager
          617428           617428        0     1         ../lib/libc.a(libc_a-malloc.o):(.bss)
          617428           617428        0     1         ../lib/libc.a(libc_a-impure.o):(.bss)
          617440           617440      218    32         ../lib/libc.a(libc_a-findfp.o):(.bss)
          617440           617440      210     1                 __sf
          617650           617650        8     1                 __stdio_exit_handler
          617658           617658        0     1         ../lib/libc.a(libc_a-fclose.o):(.bss)
          617658           617658        0     1         ../lib/libc.a(libc_a-fflush.o):(.bss)
          617658           617658        0     1         ../lib/libc.a(libc_a-freer.o):(.bss)
          617658           617658        0     1         ../lib/libc.a(libc_a-mlock.o):(.bss)
          617660           617660       40    32         ../lib/libc.a(libc_a-mallocr.o):(.bss)
          617660           617660       28     1                 __malloc_current_mallinfo
          617688           617688        8     1                 __malloc_max_total_mem
          617690           617690        8     1                 __malloc_max_sbrked_mem
          617698           617698        8     1                 __malloc_top_pad
          6176a0           6176a0        0     1         ../lib/libc.a(libc_a-sbrkr.o):(.bss)
          6176a0           6176a0        4     4         ../lib/libc.a(libc_a-reent.o):(.bss)
          6176a0           6176a0        4     1                 errno
          6176a4           6176a4        0     1         ../lib/libc.a(libc_a-fwalk.o):(.bss)
          6176a4           6176a4        0     1         ../lib/libc.a(libc_a-memset.o):(.bss)
          6176a4           6176a4        0     1         ../lib/libc.a(libc_a-stdio.o):(.bss)
          6176a4           6176a4        0     1         ../lib/libc.a(libc_a-readr.o):(.bss)
          6176a4           6176a4        0     1         ../lib/libc.a(libc_a-writer.o):(.bss)
          6176a4           6176a4        0     1         ../lib/libc.a(libc_a-lseekr.o):(.bss)
          6176a4           6176a4        0     1         ../lib/libc.a(libc_a-closer.o):(.bss)
          6176a8           6176a8        8     8         ../lib/libc++.a(new.cpp.o):(.bss)
          6176a8           6176a8        8     1                 std::__new_handler
          6176b0           6176b0        0     1         ../lib/libc.a(libc_a-abort.o):(.bss)
          6176b0           6176b0        0     1         ../lib/libc.a(libc_a-signal.o):(.bss)
          6176b0           6176b0        0     1         ../lib/libc.a(libc_a-signalr.o):(.bss)
          6176b0           6176b0        8     8         ../lib/libc.a(libc_a-stack_protector.o):(.bss)
          6176b0           6176b0        8     1                 __stack_chk_guard
          6176b8           6176b8        0     1         ../lib/libc.a(libc_a-strlen.o):(.bss)
          6176c0           6176c0     5434    16         frame.o:(.bss)
          6176c0           6176c0        8     1                 vinfo
          6176c8           6176c8        8     1                 ascii_font
          6176d0           6176d0        4     1                 line_queue_head
          6176d4           6176d4        4     1                 line_queue_end
          6176d8           6176d8        4     1                 max_line
          6176e0           6176e0     4e20     1                 line_queue
          61c500           61c500        4     1                 Print::y
          61c510           61c510      3e8     1                 Print::line
          61c8f8           61c8f8        4     1                 Print::debug
          61c900           61c900      1f4     1                 Printf::str_for_Printf
          61caf4           61caf4        0     1         ../lib/libc.a(libc_a-strcpy.o):(.bss)
          61caf4           61caf4        0     1         ../lib/libc.a(libc_a-strcat.o):(.bss)
          61caf4           61caf4        0     1         ../lib/libc.a(libc_a-vsprintf.o):(.bss)
          61caf4           61caf4        0     1         ../lib/libc.a(libc_a-svfprintf.o):(.bss)
          61caf4           61caf4        0     1         ../lib/libc.a(libc_a-localeconv.o):(.bss)
          61caf8           61caf8        8     8         ../lib/libc.a(libc_a-locale.o):(.bss)
          61caf8           61caf8        8     1                 _PathLocale
          61cb00           61cb00        0     1         ../lib/libc.a(libc_a-strcmp.o):(.bss)
          61cb00           61cb00        0     1         ../lib/libc.a(libc_a-wctomb_r.o):(.bss)
          61cb00           61cb00        0     1         ../lib/libc.a(libc_a-mbtowc_r.o):(.bss)
          61cb00           61cb00        0     1         ../lib/libc.a(libc_a-ctype_.o):(.bss)
          61cb00           61cb00        0     1         ../lib/libc.a(libc_a-svfiprintf.o):(.bss)
          61cb00           61cb00        0     1         ../lib/libc.a(libc_a-memmove.o):(.bss)
          61cb00           61cb00        0     1         ../lib/libc.a(libc_a-memcpy.o):(.bss)
          61cb00           61cb00        0     1         ../lib/libc.a(libc_a-reallocr.o):(.bss)
          61cb00           61cb00        0     1         ../lib/libc.a(libc_a-memchr.o):(.bss)
          61cb00           61cb00        0     1         ../lib/libc.a(libc_a-dtoa.o):(.bss)
          61cb00           61cb00        0     1         ../lib/libc.a(libc_a-mprec.o):(.bss)
          61cb00           61cb00        0     1         ../lib/libc.a(libc_a-callocr.o):(.bss)
          61cb00           61cb00        0     1         ../lib/libc.a(libc_a-errno.o):(.bss)
          61cb00           61cb00        0     1         ../lib/libc.a(libc_a-assert.o):(.bss)
          61cb00           61cb00        0     1         ../lib/libc.a(libc_a-fiprintf.o):(.bss)
          61cb00           61cb00        0     1         ../lib/libc.a(libc_a-vfiprintf.o):(.bss)
          61cb00           61cb00        0     1         ../lib/libc.a(libc_a-fputwc.o):(.bss)
          61cb00           61cb00        0     1         ../lib/libc.a(libc_a-wcrtomb.o):(.bss)
          61cb00           61cb00        0     1         ../lib/libc.a(libc_a-wbuf.o):(.bss)
          61cb00           61cb00        0     1         ../lib/libc.a(libc_a-wsetup.o):(.bss)
          61cb00           61cb00        0     1         ../lib/libc.a(libc_a-makebuf.o):(.bss)
          61cb00           61cb00        0     1         ../lib/libc.a(libc_a-fstatr.o):(.bss)
          61cb00           61cb00        0     1         ../lib/libc.a(libc_a-isattyr.o):(.bss)
          61cb00           61cb00        0     1         ../lib/libc.a(libc_a-fvwrite.o):(.bss)
          61cb00           61cb00        0     1         ../lib/libc.a(libc_a-sprintf.o):(.bss)
          61cb00           61cb00       f0    16         pci.o:(.bss)
          61cb00           61cb00        4     1                 num_device
          61cb04           61cb04        4     1                 invdev
          61cb10           61cb10       e0     1                 devices
          61cbf0           61cbf0        8     8         memory_map.o:(.bss)
          61cbf0           61cbf0        8     1                 mmap
          61cbf8           61cbf8       10     8         newlib.o:(.bss)
          61cbf8           61cbf8        8     1                 program_break
          61cc00           61cc00        8     1                 program_break_end
          61cc10           61cc10     1001    16         interrupt.o:(.bss)
          61cc10           61cc10     1000     1                 idt
          61dc10           61dc10        1     1                 KeyboardInterrupt(InterruptFrame*)::isShift
          61e000           61e000    42000  4096         paging.o:(.bss)
          61e000           61e000     1000     1                 (anonymous namespace)::pdp_table
          61f000           61f000     1000     1                 (anonymous namespace)::pml4_table
          620000           620000    40000     1                 (anonymous namespace)::page_directory
          660000           660000        8     8         command.o:(.bss)
          660000           660000        8     1                 kNullFrame
          660008           660008        0     1         ../lib/libc.a(libc_a-strtol.o):(.bss)
          660008           660008        8     8         memory_manager.o:(.bss)
          660008           660008        8     1                 kNullFrame
               0                0     8c76     1 .debug_abbrev
               0                0      476     1         kernel.o:(.debug_abbrev)
             476              476      20b     1         ../lib/libc.a(libc_a-malloc.o):(.debug_abbrev)
             681              681      18d     1         ../lib/libc.a(libc_a-impure.o):(.debug_abbrev)
             80e              80e      44d     1         ../lib/libc.a(libc_a-findfp.o):(.debug_abbrev)
             c5b              c5b      2ed     1         ../lib/libc.a(libc_a-fclose.o):(.debug_abbrev)
             f48              f48      333     1         ../lib/libc.a(libc_a-fflush.o):(.debug_abbrev)
            127b             127b      290     1         ../lib/libc.a(libc_a-freer.o):(.debug_abbrev)
            150b             150b      1ce     1         ../lib/libc.a(libc_a-mlock.o):(.debug_abbrev)
            16d9             16d9      2d7     1         ../lib/libc.a(libc_a-mallocr.o):(.debug_abbrev)
            19b0             19b0      202     1         ../lib/libc.a(libc_a-sbrkr.o):(.debug_abbrev)
            1bb2             1bb2      230     1         ../lib/libc.a(libc_a-reent.o):(.debug_abbrev)
            1de2             1de2      1d9     1         ../lib/libc.a(libc_a-fwalk.o):(.debug_abbrev)
            1fbb             1fbb       14     1         ../lib/libc.a(libc_a-memset.o):(.debug_abbrev)
            1fcf             1fcf      24f     1         ../lib/libc.a(libc_a-stdio.o):(.debug_abbrev)
            221e             221e      1ec     1         ../lib/libc.a(libc_a-readr.o):(.debug_abbrev)
            240a             240a      1f1     1         ../lib/libc.a(libc_a-writer.o):(.debug_abbrev)
            25fb             25fb      200     1         ../lib/libc.a(libc_a-lseekr.o):(.debug_abbrev)
            27fb             27fb      1ec     1         ../lib/libc.a(libc_a-closer.o):(.debug_abbrev)
            29e7             29e7       99     1         ../lib/libc.a(libc_a-abort.o):(.debug_abbrev)
            2a80             2a80      315     1         ../lib/libc.a(libc_a-signal.o):(.debug_abbrev)
            2d95             2d95      239     1         ../lib/libc.a(libc_a-signalr.o):(.debug_abbrev)
            2fce             2fce      133     1         ../lib/libc.a(libc_a-stack_protector.o):(.debug_abbrev)
            3101             3101       90     1         ../lib/libc.a(libc_a-strlen.o):(.debug_abbrev)
            3191             3191      1b6     1         frame.o:(.debug_abbrev)
            3347             3347       97     1         ../lib/libc.a(libc_a-strcpy.o):(.debug_abbrev)
            33de             33de       ce     1         ../lib/libc.a(libc_a-strcat.o):(.debug_abbrev)
            34ac             34ac      2aa     1         ../lib/libc.a(libc_a-vsprintf.o):(.debug_abbrev)
            3756             3756      404     1         ../lib/libc.a(libc_a-svfprintf.o):(.debug_abbrev)
            3b5a             3b5a      264     1         ../lib/libc.a(libc_a-localeconv.o):(.debug_abbrev)
            3dbe             3dbe      2f4     1         ../lib/libc.a(libc_a-locale.o):(.debug_abbrev)
            40b2             40b2       83     1         ../lib/libc.a(libc_a-strcmp.o):(.debug_abbrev)
            4135             4135      253     1         ../lib/libc.a(libc_a-wctomb_r.o):(.debug_abbrev)
            4388             4388      25e     1         ../lib/libc.a(libc_a-mbtowc_r.o):(.debug_abbrev)
            45e6             45e6       69     1         ../lib/libc.a(libc_a-ctype_.o):(.debug_abbrev)
            464f             464f      329     1         ../lib/libc.a(libc_a-svfiprintf.o):(.debug_abbrev)
            4978             4978       b2     1         ../lib/libc.a(libc_a-memmove.o):(.debug_abbrev)
            4a2a             4a2a       14     1         ../lib/libc.a(libc_a-memcpy.o):(.debug_abbrev)
            4a3e             4a3e      29a     1         ../lib/libc.a(libc_a-reallocr.o):(.debug_abbrev)
            4cd8             4cd8       c7     1         ../lib/libc.a(libc_a-memchr.o):(.debug_abbrev)
            4d9f             4d9f      346     1         ../lib/libc.a(libc_a-dtoa.o):(.debug_abbrev)
            50e5             50e5      4ef     1         ../lib/libc.a(libc_a-mprec.o):(.debug_abbrev)
            55d4             55d4      25b     1         ../lib/libc.a(libc_a-callocr.o):(.debug_abbrev)
            582f             582f      19a     1         ../lib/libc.a(libc_a-errno.o):(.debug_abbrev)
            59c9             59c9      226     1         ../lib/libc.a(libc_a-assert.o):(.debug_abbrev)
            5bef             5bef      24b     1         ../lib/libc.a(libc_a-fiprintf.o):(.debug_abbrev)
            5e3a             5e3a      45e     1         ../lib/libc.a(libc_a-vfiprintf.o):(.debug_abbrev)
            6298             6298      363     1         ../lib/libc.a(libc_a-fputwc.o):(.debug_abbrev)
            65fb             65fb      25d     1         ../lib/libc.a(libc_a-wcrtomb.o):(.debug_abbrev)
            6858             6858      272     1         ../lib/libc.a(libc_a-wbuf.o):(.debug_abbrev)
            6aca             6aca      21e     1         ../lib/libc.a(libc_a-wsetup.o):(.debug_abbrev)
            6ce8             6ce8      2fb     1         ../lib/libc.a(libc_a-makebuf.o):(.debug_abbrev)
            6fe3             6fe3      1ff     1         ../lib/libc.a(libc_a-fstatr.o):(.debug_abbrev)
            71e2             71e2      1ec     1         ../lib/libc.a(libc_a-isattyr.o):(.debug_abbrev)
            73ce             73ce      254     1         ../lib/libc.a(libc_a-fvwrite.o):(.debug_abbrev)
            7622             7622      251     1         ../lib/libc.a(libc_a-sprintf.o):(.debug_abbrev)
            7873             7873      108     1         pci.o:(.debug_abbrev)
            797b             797b       f3     1         memory_map.o:(.debug_abbrev)
            7a6e             7a6e      193     1         newlib.o:(.debug_abbrev)
            7c01             7c01       f8     1         segment.o:(.debug_abbrev)
            7cf9             7cf9      145     1         interrupt.o:(.debug_abbrev)
            7e3e             7e3e      23c     1         paging.o:(.debug_abbrev)
            807a             807a       7c     1         keyboard.o:(.debug_abbrev)
            80f6             80f6       cf     1         input.o:(.debug_abbrev)
            81c5             81c5      2e8     1         command.o:(.debug_abbrev)
            84ad             84ad      324     1         ../lib/libc.a(libc_a-strtol.o):(.debug_abbrev)
            87d1             87d1      4a5     1         memory_manager.o:(.debug_abbrev)
               0                0    26acb     1 .debug_info
               0                0     1691     1         kernel.o:(.debug_info)
            1691             1691      7c7     1         ../lib/libc.a(libc_a-malloc.o):(.debug_info)
            1e58             1e58      732     1         ../lib/libc.a(libc_a-impure.o):(.debug_info)
            258a             258a      f8c     1         ../lib/libc.a(libc_a-findfp.o):(.debug_info)
            3516             3516      91d     1         ../lib/libc.a(libc_a-fclose.o):(.debug_info)
            3e33             3e33      aaf     1         ../lib/libc.a(libc_a-fflush.o):(.debug_info)
            48e2             48e2      b73     1         ../lib/libc.a(libc_a-freer.o):(.debug_info)
            5455             5455      749     1         ../lib/libc.a(libc_a-mlock.o):(.debug_info)
            5b9e             5b9e      d17     1         ../lib/libc.a(libc_a-mallocr.o):(.debug_info)
            68b5             68b5      79c     1         ../lib/libc.a(libc_a-sbrkr.o):(.debug_info)
            7051             7051      823     1         ../lib/libc.a(libc_a-reent.o):(.debug_info)
            7874             7874      7f6     1         ../lib/libc.a(libc_a-fwalk.o):(.debug_info)
            806a             806a       29     1         ../lib/libc.a(libc_a-memset.o):(.debug_info)
            8093             8093      aaf     1         ../lib/libc.a(libc_a-stdio.o):(.debug_info)
            8b42             8b42      7d3     1         ../lib/libc.a(libc_a-readr.o):(.debug_info)
            9315             9315      7d9     1         ../lib/libc.a(libc_a-writer.o):(.debug_info)
            9aee             9aee      7d4     1         ../lib/libc.a(libc_a-lseekr.o):(.debug_info)
            a2c2             a2c2      77d     1         ../lib/libc.a(libc_a-closer.o):(.debug_info)
            aa3f             aa3f       f0     1         ../lib/libc.a(libc_a-abort.o):(.debug_info)
            ab2f             ab2f      ef1     1         ../lib/libc.a(libc_a-signal.o):(.debug_info)
            ba20             ba20      810     1         ../lib/libc.a(libc_a-signalr.o):(.debug_info)
            c230             c230      20c     1         ../lib/libc.a(libc_a-stack_protector.o):(.debug_info)
            c43c             c43c       fb     1         ../lib/libc.a(libc_a-strlen.o):(.debug_info)
            c537             c537      697     1         frame.o:(.debug_info)
            cbce             cbce      136     1         ../lib/libc.a(libc_a-strcpy.o):(.debug_info)
            cd04             cd04      14c     1         ../lib/libc.a(libc_a-strcat.o):(.debug_info)
            ce50             ce50      963     1         ../lib/libc.a(libc_a-vsprintf.o):(.debug_info)
            d7b3             d7b3     185b     1         ../lib/libc.a(libc_a-svfprintf.o):(.debug_info)
            f00e             f00e      a40     1         ../lib/libc.a(libc_a-localeconv.o):(.debug_info)
            fa4e             fa4e      cc4     1         ../lib/libc.a(libc_a-locale.o):(.debug_info)
           10712            10712       fb     1         ../lib/libc.a(libc_a-strcmp.o):(.debug_info)
           1080d            1080d      a7b     1         ../lib/libc.a(libc_a-wctomb_r.o):(.debug_info)
           11288            11288      aef     1         ../lib/libc.a(libc_a-mbtowc_r.o):(.debug_info)
           11d77            11d77       f6     1         ../lib/libc.a(libc_a-ctype_.o):(.debug_info)
           11e6d            11e6d     124f     1         ../lib/libc.a(libc_a-svfiprintf.o):(.debug_info)
           130bc            130bc      15d     1         ../lib/libc.a(libc_a-memmove.o):(.debug_info)
           13219            13219       29     1         ../lib/libc.a(libc_a-memcpy.o):(.debug_info)
           13242            13242      bfa     1         ../lib/libc.a(libc_a-reallocr.o):(.debug_info)
           13e3c            13e3c      15a     1         ../lib/libc.a(libc_a-memchr.o):(.debug_info)
           13f96            13f96     170e     1         ../lib/libc.a(libc_a-dtoa.o):(.debug_info)
           156a4            156a4     200f     1         ../lib/libc.a(libc_a-mprec.o):(.debug_info)
           176b3            176b3      8e7     1         ../lib/libc.a(libc_a-callocr.o):(.debug_info)
           17f9a            17f9a      71e     1         ../lib/libc.a(libc_a-errno.o):(.debug_info)
           186b8            186b8      84b     1         ../lib/libc.a(libc_a-assert.o):(.debug_info)
           18f03            18f03      8df     1         ../lib/libc.a(libc_a-fiprintf.o):(.debug_info)
           197e2            197e2     194f     1         ../lib/libc.a(libc_a-vfiprintf.o):(.debug_info)
           1b131            1b131      a7d     1         ../lib/libc.a(libc_a-fputwc.o):(.debug_info)
           1bbae            1bbae      b79     1         ../lib/libc.a(libc_a-wcrtomb.o):(.debug_info)
           1c727            1c727      89f     1         ../lib/libc.a(libc_a-wbuf.o):(.debug_info)
           1cfc6            1cfc6      7ea     1         ../lib/libc.a(libc_a-wsetup.o):(.debug_info)
           1d7b0            1d7b0      c71     1         ../lib/libc.a(libc_a-makebuf.o):(.debug_info)
           1e421            1e421      990     1         ../lib/libc.a(libc_a-fstatr.o):(.debug_info)
           1edb1            1edb1      77d     1         ../lib/libc.a(libc_a-isattyr.o):(.debug_info)
           1f52e            1f52e      bae     1         ../lib/libc.a(libc_a-fvwrite.o):(.debug_info)
           200dc            200dc      91a     1         ../lib/libc.a(libc_a-sprintf.o):(.debug_info)
           209f6            209f6      487     1         pci.o:(.debug_info)
           20e7d            20e7d      1c7     1         memory_map.o:(.debug_info)
           21044            21044      56a     1         newlib.o:(.debug_info)
           215ae            215ae      227     1         segment.o:(.debug_info)
           217d5            217d5      351     1         interrupt.o:(.debug_info)
           21b26            21b26      f40     1         paging.o:(.debug_info)
           22a66            22a66       67     1         keyboard.o:(.debug_info)
           22acd            22acd      19a     1         input.o:(.debug_info)
           22c67            22c67     12e5     1         command.o:(.debug_info)
           23f4c            23f4c      ed2     1         ../lib/libc.a(libc_a-strtol.o):(.debug_info)
           24e1e            24e1e     1cad     1         memory_manager.o:(.debug_info)
               0                0      814     1 .debug_rnglists
               0                0       32     1         kernel.o:(.debug_rnglists)
              32               32       6b     1         ../lib/libc.a(libc_a-findfp.o):(.debug_rnglists)
              9d               9d       1f     1         ../lib/libc.a(libc_a-fclose.o):(.debug_rnglists)
              bc               bc       54     1         ../lib/libc.a(libc_a-fflush.o):(.debug_rnglists)
             110              110       3a     1         ../lib/libc.a(libc_a-mallocr.o):(.debug_rnglists)
             14a              14a       b6     1         ../lib/libc.a(libc_a-signal.o):(.debug_rnglists)
             200              200       22     1         ../lib/libc.a(libc_a-stack_protector.o):(.debug_rnglists)
             222              222       20     1         frame.o:(.debug_rnglists)
             242              242       f8     1         ../lib/libc.a(libc_a-svfprintf.o):(.debug_rnglists)
             33a              33a       21     1         ../lib/libc.a(libc_a-locale.o):(.debug_rnglists)
[...]
             8c0              8c0       bc     1         memory_map.o:(.debug_str_offsets)
             97c              97c       e4     1         segment.o:(.debug_str_offsets)
             a60              a60      154     1         interrupt.o:(.debug_str_offsets)
             bb4              bb4      3d0     1         paging.o:(.debug_str_offsets)
             f84              f84       30     1         keyboard.o:(.debug_str_offsets)
             fb4              fb4       6c     1         input.o:(.debug_str_offsets)
            1020             1020      460     1         command.o:(.debug_str_offsets)
            1480             1480      748     1         memory_manager.o:(.debug_str_offsets)
               0                0     48e8     1 .debug_str
               0                0     48e8     1         <internal>:(.debug_str)
               0                0      500     1 .debug_addr
               0                0       90     1         kernel.o:(.debug_addr)
              90               90      100     1         frame.o:(.debug_addr)
             190              190       c0     1         pci.o:(.debug_addr)
             250              250       28     1         memory_map.o:(.debug_addr)
             278              278       30     1         segment.o:(.debug_addr)
             2a8              2a8       80     1         interrupt.o:(.debug_addr)
             328              328       50     1         paging.o:(.debug_addr)
             378              378       20     1         keyboard.o:(.debug_addr)
             398              398       40     1         input.o:(.debug_addr)
             3d8              3d8       40     1         command.o:(.debug_addr)
             418              418       e8     1         memory_manager.o:(.debug_addr)
               0                0       6b     1 .comment
               0                0       6b     1         <internal>:(.comment)
               0                0     ce2e     1 .debug_line
               0                0      2f8     1         kernel.o:(.debug_line)
             2f8              2f8       a0     1         ../lib/libc.a(libc_a-malloc.o):(.debug_line)
             398              398       56     1         ../lib/libc.a(libc_a-impure.o):(.debug_line)
             3ee              3ee      415     1         ../lib/libc.a(libc_a-findfp.o):(.debug_line)
             803              803      15c     1         ../lib/libc.a(libc_a-fclose.o):(.debug_line)
             95f              95f      38b     1         ../lib/libc.a(libc_a-fflush.o):(.debug_line)
             cea              cea      460     1         ../lib/libc.a(libc_a-freer.o):(.debug_line)
            114a             114a       74     1         ../lib/libc.a(libc_a-mlock.o):(.debug_line)
            11be             11be      76f     1         ../lib/libc.a(libc_a-mallocr.o):(.debug_line)
            192d             192d       a9     1         ../lib/libc.a(libc_a-sbrkr.o):(.debug_line)
            19d6             19d6      11b     1         ../lib/libc.a(libc_a-reent.o):(.debug_line)
            1af1             1af1       df     1         ../lib/libc.a(libc_a-fwalk.o):(.debug_line)
            1bd0             1bd0       82     1         ../lib/libc.a(libc_a-memset.o):(.debug_line)
            1c52             1c52      15f     1         ../lib/libc.a(libc_a-stdio.o):(.debug_line)
            1db1             1db1       b4     1         ../lib/libc.a(libc_a-readr.o):(.debug_line)
            1e65             1e65       b4     1         ../lib/libc.a(libc_a-writer.o):(.debug_line)
            1f19             1f19       b6     1         ../lib/libc.a(libc_a-lseekr.o):(.debug_line)
            1fcf             1fcf       ad     1         ../lib/libc.a(libc_a-closer.o):(.debug_line)
            207c             207c       72     1         ../lib/libc.a(libc_a-abort.o):(.debug_line)
            20ee             20ee      581     1         ../lib/libc.a(libc_a-signal.o):(.debug_line)
            266f             266f       c6     1         ../lib/libc.a(libc_a-signalr.o):(.debug_line)
            2735             2735       d2     1         ../lib/libc.a(libc_a-stack_protector.o):(.debug_line)
            2807             2807       bc     1         ../lib/libc.a(libc_a-strlen.o):(.debug_line)
            28c3             28c3      6fa     1         frame.o:(.debug_line)
            2fbd             2fbd       cf     1         ../lib/libc.a(libc_a-strcpy.o):(.debug_line)
            308c             308c       a7     1         ../lib/libc.a(libc_a-strcat.o):(.debug_line)
            3133             3133      117     1         ../lib/libc.a(libc_a-vsprintf.o):(.debug_line)
            324a             324a     1746     1         ../lib/libc.a(libc_a-svfprintf.o):(.debug_line)
            4990             4990       a7     1         ../lib/libc.a(libc_a-localeconv.o):(.debug_line)
            4a37             4a37      161     1         ../lib/libc.a(libc_a-locale.o):(.debug_line)
            4b98             4b98       d7     1         ../lib/libc.a(libc_a-strcmp.o):(.debug_line)
            4c6f             4c6f       d9     1         ../lib/libc.a(libc_a-wctomb_r.o):(.debug_line)
            4d48             4d48       db     1         ../lib/libc.a(libc_a-mbtowc_r.o):(.debug_line)
            4e23             4e23       48     1         ../lib/libc.a(libc_a-ctype_.o):(.debug_line)
            4e6b             4e6b      dfa     1         ../lib/libc.a(libc_a-svfiprintf.o):(.debug_line)
            5c65             5c65      15e     1         ../lib/libc.a(libc_a-memmove.o):(.debug_line)
            5dc3             5dc3       97     1         ../lib/libc.a(libc_a-memcpy.o):(.debug_line)
            5e5a             5e5a      634     1         ../lib/libc.a(libc_a-reallocr.o):(.debug_line)
            648e             648e      12d     1         ../lib/libc.a(libc_a-memchr.o):(.debug_line)
            65bb             65bb     1380     1         ../lib/libc.a(libc_a-dtoa.o):(.debug_line)
            793b             793b     158c     1         ../lib/libc.a(libc_a-mprec.o):(.debug_line)
            8ec7             8ec7      177     1         ../lib/libc.a(libc_a-callocr.o):(.debug_line)
            903e             903e       72     1         ../lib/libc.a(libc_a-errno.o):(.debug_line)
            90b0             90b0       bc     1         ../lib/libc.a(libc_a-assert.o):(.debug_line)
            916c             916c       d8     1         ../lib/libc.a(libc_a-fiprintf.o):(.debug_line)
            9244             9244     107c     1         ../lib/libc.a(libc_a-vfiprintf.o):(.debug_line)
            a2c0             a2c0      21f     1         ../lib/libc.a(libc_a-fputwc.o):(.debug_line)
            a4df             a4df      151     1         ../lib/libc.a(libc_a-wcrtomb.o):(.debug_line)
            a630             a630      1d2     1         ../lib/libc.a(libc_a-wbuf.o):(.debug_line)
            a802             a802      20d     1         ../lib/libc.a(libc_a-wsetup.o):(.debug_line)
            aa0f             aa0f      22d     1         ../lib/libc.a(libc_a-makebuf.o):(.debug_line)
            ac3c             ac3c       c6     1         ../lib/libc.a(libc_a-fstatr.o):(.debug_line)
            ad02             ad02       ad     1         ../lib/libc.a(libc_a-isattyr.o):(.debug_line)
            adaf             adaf      535     1         ../lib/libc.a(libc_a-fvwrite.o):(.debug_line)
            b2e4             b2e4      12b     1         ../lib/libc.a(libc_a-sprintf.o):(.debug_line)
            b40f             b40f      428     1         pci.o:(.debug_line)
            b837             b837      14d     1         memory_map.o:(.debug_line)
            b984             b984      12e     1         newlib.o:(.debug_line)
            bab2             bab2      1db     1         segment.o:(.debug_line)
            bc8d             bc8d      343     1         interrupt.o:(.debug_line)
            bfd0             bfd0      173     1         paging.o:(.debug_line)
            c143             c143       7e     1         keyboard.o:(.debug_line)
            c1c1             c1c1      1f5     1         input.o:(.debug_line)
            c3b6             c3b6      1e2     1         command.o:(.debug_line)
            c598             c598      2e4     1         ../lib/libc.a(libc_a-strtol.o):(.debug_line)
            c87c             c87c      5b2     1         memory_manager.o:(.debug_line)
               0                0      ea0     1 .debug_line_str
               0                0      ea0     1         <internal>:(.debug_line_str)
               0                0     d8ef     1 .debug_loclists
               0                0       3e     1         ../lib/libc.a(libc_a-malloc.o):(.debug_loclists)
              3e               3e      1d2     1         ../lib/libc.a(libc_a-findfp.o):(.debug_loclists)
             210              210      112     1         ../lib/libc.a(libc_a-fclose.o):(.debug_loclists)
             322              322      2bb     1         ../lib/libc.a(libc_a-fflush.o):(.debug_loclists)
             5dd              5dd      4c7     1         ../lib/libc.a(libc_a-freer.o):(.debug_loclists)
             aa4              aa4      9aa     1         ../lib/libc.a(libc_a-mallocr.o):(.debug_loclists)
            144e             144e       50     1         ../lib/libc.a(libc_a-sbrkr.o):(.debug_loclists)
            149e             149e       8c     1         ../lib/libc.a(libc_a-reent.o):(.debug_loclists)
            152a             152a       94     1         ../lib/libc.a(libc_a-fwalk.o):(.debug_loclists)
            15be             15be      256     1         ../lib/libc.a(libc_a-stdio.o):(.debug_loclists)
            1814             1814       82     1         ../lib/libc.a(libc_a-readr.o):(.debug_loclists)
            1896             1896       82     1         ../lib/libc.a(libc_a-writer.o):(.debug_loclists)
            1918             1918       82     1         ../lib/libc.a(libc_a-lseekr.o):(.debug_loclists)
            199a             199a       50     1         ../lib/libc.a(libc_a-closer.o):(.debug_loclists)
            19ea             19ea      813     1         ../lib/libc.a(libc_a-signal.o):(.debug_loclists)
            21fd             21fd       7b     1         ../lib/libc.a(libc_a-signalr.o):(.debug_loclists)
            2278             2278       39     1         ../lib/libc.a(libc_a-strlen.o):(.debug_loclists)
            22b1             22b1       3c     1         frame.o:(.debug_loclists)
            22ed             22ed       d1     1         ../lib/libc.a(libc_a-strcpy.o):(.debug_loclists)
            23be             23be       52     1         ../lib/libc.a(libc_a-strcat.o):(.debug_loclists)
            2410             2410      118     1         ../lib/libc.a(libc_a-vsprintf.o):(.debug_loclists)
            2528             2528     1fce     1         ../lib/libc.a(libc_a-svfprintf.o):(.debug_loclists)
            44f6             44f6       1e     1         ../lib/libc.a(libc_a-localeconv.o):(.debug_loclists)
            4514             4514      189     1         ../lib/libc.a(libc_a-locale.o):(.debug_loclists)
            469d             469d       60     1         ../lib/libc.a(libc_a-strcmp.o):(.debug_loclists)
            46fd             46fd       5c     1         ../lib/libc.a(libc_a-wctomb_r.o):(.debug_loclists)
            4759             4759      107     1         ../lib/libc.a(libc_a-mbtowc_r.o):(.debug_loclists)
            4860             4860      ffd     1         ../lib/libc.a(libc_a-svfiprintf.o):(.debug_loclists)
            585d             585d      3ae     1         ../lib/libc.a(libc_a-memmove.o):(.debug_loclists)
            5c0b             5c0b      b7b     1         ../lib/libc.a(libc_a-reallocr.o):(.debug_loclists)
            6786             6786      154     1         ../lib/libc.a(libc_a-memchr.o):(.debug_loclists)
            68da             68da     23c9     1         ../lib/libc.a(libc_a-dtoa.o):(.debug_loclists)
            8ca3             8ca3     1900     1         ../lib/libc.a(libc_a-mprec.o):(.debug_loclists)
            a5a3             a5a3      190     1         ../lib/libc.a(libc_a-callocr.o):(.debug_loclists)
            a733             a733       d3     1         ../lib/libc.a(libc_a-assert.o):(.debug_loclists)
            a806             a806       9d     1         ../lib/libc.a(libc_a-fiprintf.o):(.debug_loclists)
            a8a3             a8a3     1b20     1         ../lib/libc.a(libc_a-vfiprintf.o):(.debug_loclists)
            c3c3             c3c3      1e7     1         ../lib/libc.a(libc_a-fputwc.o):(.debug_loclists)
            c5aa             c5aa      184     1         ../lib/libc.a(libc_a-wcrtomb.o):(.debug_loclists)
            c72e             c72e      131     1         ../lib/libc.a(libc_a-wbuf.o):(.debug_loclists)
            c85f             c85f       5f     1         ../lib/libc.a(libc_a-wsetup.o):(.debug_loclists)
            c8be             c8be      217     1         ../lib/libc.a(libc_a-makebuf.o):(.debug_loclists)
            cad5             cad5       69     1         ../lib/libc.a(libc_a-fstatr.o):(.debug_loclists)
            cb3e             cb3e       50     1         ../lib/libc.a(libc_a-isattyr.o):(.debug_loclists)
            cb8e             cb8e      548     1         ../lib/libc.a(libc_a-fvwrite.o):(.debug_loclists)
            d0d6             d0d6       b3     1         ../lib/libc.a(libc_a-sprintf.o):(.debug_loclists)
            d189             d189      766     1         ../lib/libc.a(libc_a-strtol.o):(.debug_loclists)
               0                0      a40    16 .debug_aranges
               0                0       30     1         ../lib/libc.a(libc_a-malloc.o):(.debug_aranges)
              30               30       20     1         ../lib/libc.a(libc_a-impure.o):(.debug_aranges)
              50               50       30     1         ../lib/libc.a(libc_a-findfp.o):(.debug_aranges)
              80               80       30     1         ../lib/libc.a(libc_a-fclose.o):(.debug_aranges)
              b0               b0       30     1         ../lib/libc.a(libc_a-fflush.o):(.debug_aranges)
              e0               e0       30     1         ../lib/libc.a(libc_a-freer.o):(.debug_aranges)
             110              110       30     1         ../lib/libc.a(libc_a-mlock.o):(.debug_aranges)
             140              140       30     1         ../lib/libc.a(libc_a-mallocr.o):(.debug_aranges)
             170              170       30     1         ../lib/libc.a(libc_a-sbrkr.o):(.debug_aranges)
             1a0              1a0       30     1         ../lib/libc.a(libc_a-reent.o):(.debug_aranges)
             1d0              1d0       30     1         ../lib/libc.a(libc_a-fwalk.o):(.debug_aranges)
             200              200       30    16         ../lib/libc.a(libc_a-memset.o):(.debug_aranges)
             230              230       30     1         ../lib/libc.a(libc_a-stdio.o):(.debug_aranges)
             260              260       30     1         ../lib/libc.a(libc_a-readr.o):(.debug_aranges)
             290              290       30     1         ../lib/libc.a(libc_a-writer.o):(.debug_aranges)
             2c0              2c0       30     1         ../lib/libc.a(libc_a-lseekr.o):(.debug_aranges)
             2f0              2f0       30     1         ../lib/libc.a(libc_a-closer.o):(.debug_aranges)
             320              320       30     1         ../lib/libc.a(libc_a-abort.o):(.debug_aranges)
             350              350       30     1         ../lib/libc.a(libc_a-signal.o):(.debug_aranges)
             380              380       30     1         ../lib/libc.a(libc_a-signalr.o):(.debug_aranges)
             3b0              3b0       40     1         ../lib/libc.a(libc_a-stack_protector.o):(.debug_aranges)
             3f0              3f0       30     1         ../lib/libc.a(libc_a-strlen.o):(.debug_aranges)
             420              420       30     1         ../lib/libc.a(libc_a-strcpy.o):(.debug_aranges)
             450              450       30     1         ../lib/libc.a(libc_a-strcat.o):(.debug_aranges)
             480              480       30     1         ../lib/libc.a(libc_a-vsprintf.o):(.debug_aranges)
             4b0              4b0       30     1         ../lib/libc.a(libc_a-svfprintf.o):(.debug_aranges)
             4e0              4e0       30     1         ../lib/libc.a(libc_a-localeconv.o):(.debug_aranges)
             510              510       30     1         ../lib/libc.a(libc_a-locale.o):(.debug_aranges)
             540              540       30     1         ../lib/libc.a(libc_a-strcmp.o):(.debug_aranges)
             570              570       30     1         ../lib/libc.a(libc_a-wctomb_r.o):(.debug_aranges)
             5a0              5a0       30     1         ../lib/libc.a(libc_a-mbtowc_r.o):(.debug_aranges)
             5d0              5d0       20     1         ../lib/libc.a(libc_a-ctype_.o):(.debug_aranges)
             5f0              5f0       30     1         ../lib/libc.a(libc_a-svfiprintf.o):(.debug_aranges)
             620              620       30     1         ../lib/libc.a(libc_a-memmove.o):(.debug_aranges)
             650              650       30    16         ../lib/libc.a(libc_a-memcpy.o):(.debug_aranges)
             680              680       30     1         ../lib/libc.a(libc_a-reallocr.o):(.debug_aranges)
             6b0              6b0       30     1         ../lib/libc.a(libc_a-memchr.o):(.debug_aranges)
             6e0              6e0       30     1         ../lib/libc.a(libc_a-dtoa.o):(.debug_aranges)
             710              710       30     1         ../lib/libc.a(libc_a-mprec.o):(.debug_aranges)
             740              740       30     1         ../lib/libc.a(libc_a-callocr.o):(.debug_aranges)
             770              770       30     1         ../lib/libc.a(libc_a-errno.o):(.debug_aranges)
             7a0              7a0       30     1         ../lib/libc.a(libc_a-assert.o):(.debug_aranges)
             7d0              7d0       30     1         ../lib/libc.a(libc_a-fiprintf.o):(.debug_aranges)
             800              800       30     1         ../lib/libc.a(libc_a-vfiprintf.o):(.debug_aranges)
             830              830       30     1         ../lib/libc.a(libc_a-fputwc.o):(.debug_aranges)
             860              860       30     1         ../lib/libc.a(libc_a-wcrtomb.o):(.debug_aranges)
             890              890       30     1         ../lib/libc.a(libc_a-wbuf.o):(.debug_aranges)
             8c0              8c0       30     1         ../lib/libc.a(libc_a-wsetup.o):(.debug_aranges)
             8f0              8f0       30     1         ../lib/libc.a(libc_a-makebuf.o):(.debug_aranges)
             920              920       30     1         ../lib/libc.a(libc_a-fstatr.o):(.debug_aranges)
             950              950       30     1         ../lib/libc.a(libc_a-isattyr.o):(.debug_aranges)
             980              980       30     1         ../lib/libc.a(libc_a-fvwrite.o):(.debug_aranges)
             9b0              9b0       30     1         ../lib/libc.a(libc_a-sprintf.o):(.debug_aranges)
             9e0              9e0       30     1         newlib.o:(.debug_aranges)
             a10              a10       30     1         ../lib/libc.a(libc_a-strtol.o):(.debug_aranges)
               0                0     2640     8 .symtab
               0                0     2640     8         <internal>:(.symtab)
               0                0       f8     1 .shstrtab
               0                0       f8     1         <internal>:(.shstrtab)
               0                0     189a     1 .strtab
               0                0     189a     1         <internal>:(.strtab)
