             VMA              LMA     Size Align Out     In      Symbol
          100160           100160      dd7    32 .rodata
          100160           100160      396     1         <internal>:(.rodata)
          1004f8           1004f8       68     8         <internal>:(.rodata)
          100560           100560      190    16         ../lib/libc.a(libc_a-svfprintf.o):(.rodata)
          1006d0           1006d0       10     1                 zeroes.0
          1006e0           1006e0       10     1                 blanks.1
          1006f0           1006f0       40    16         <internal>:(.rodata)
          100740           100740      2a0    32         ../lib/libc.a(libc_a-ctype_.o):(.rodata)
          100740           100740      101     1                 _ctype_
          100860           100860      180     1                 _ctype_b
          1009e0           1009e0      190    16         ../lib/libc.a(libc_a-svfiprintf.o):(.rodata)
          100b50           100b50       10     1                 zeroes.0
          100b60           100b60       10     1                 blanks.1
          100b80           100b80      168    32         ../lib/libc.a(libc_a-mprec.o):(.rodata)
          100b80           100b80        c     1                 p05.0
          100ba0           100ba0       28     1                 __mprec_tinytens
          100be0           100be0       28     1                 __mprec_bigtens
          100c20           100c20       c8     1                 __mprec_tens
          100ce8           100ce8       2f     8         <internal>:(.rodata)
          100d20           100d20      190    16         ../lib/libc.a(libc_a-vfiprintf.o):(.rodata)
          100e90           100e90       10     1                 zeroes.0
          100ea0           100ea0       10     1                 blanks.1
          100eb0           100eb0       87     1         newlib.o:(.rodata)
          100f38           100f38     2304     8 .eh_frame
          100f38           100f38       d4     1         kernel.o:(.eh_frame+0x0)
          101010           101010       3c     1         kernel.o:(.eh_frame+0xd4)
          101050           101050       80     1         kernel.o:(.eh_frame+0x110)
          1010d0           1010d0      200     1         frame.o:(.eh_frame+0x18)
          1012d0           1012d0       18     1         ../lib/libc.a(libc_a-strcpy.o):(.eh_frame+0x18)
          1012e8           1012e8       20     1         ../lib/libc.a(libc_a-strcat.o):(.eh_frame+0x18)
          101308           101308       18     1         ../lib/libc.a(libc_a-strlen.o):(.eh_frame+0x18)
          101320           101320       1c     1         ../lib/libc.a(libc_a-vsprintf.o):(.eh_frame+0x18)
          101340           101340       1c     1         ../lib/libc.a(libc_a-vsprintf.o):(.eh_frame+0x34)
          101360           101360       14     1         ../lib/libc.a(libc_a-findfp.o):(.eh_frame+0x18)
          101378           101378       14     1         ../lib/libc.a(libc_a-findfp.o):(.eh_frame+0x2c)
          101390           101390       34     1         ../lib/libc.a(libc_a-findfp.o):(.eh_frame+0x40)
          1013c8           1013c8       3c     1         ../lib/libc.a(libc_a-findfp.o):(.eh_frame+0x74)
          101408           101408       44     1         ../lib/libc.a(libc_a-findfp.o):(.eh_frame+0xb0)
          101450           101450       14     1         ../lib/libc.a(libc_a-findfp.o):(.eh_frame+0xf4)
          101468           101468       14     1         ../lib/libc.a(libc_a-findfp.o):(.eh_frame+0x108)
          101480           101480       14     1         ../lib/libc.a(libc_a-findfp.o):(.eh_frame+0x11c)
          101498           101498       18     1         ../lib/libc.a(libc_a-findfp.o):(.eh_frame+0x130)
          1014b0           1014b0       3c     1         ../lib/libc.a(libc_a-fclose.o):(.eh_frame+0x18)
          1014f0           1014f0       14     1         ../lib/libc.a(libc_a-fclose.o):(.eh_frame+0x54)
          101508           101508       90     1         ../lib/libc.a(libc_a-fflush.o):(.eh_frame+0x18)
          101598           101598       3c     1         ../lib/libc.a(libc_a-freer.o):(.eh_frame+0x18)
          1015d8           1015d8       5c     1         ../lib/libc.a(libc_a-freer.o):(.eh_frame+0x54)
          101638           101638       14     1         ../lib/libc.a(libc_a-mlock.o):(.eh_frame+0x18)
          101650           101650       14     1         ../lib/libc.a(libc_a-mlock.o):(.eh_frame+0x2c)
          101668           101668       80     1         ../lib/libc.a(libc_a-mallocr.o):(.eh_frame+0x18)
          1016e8           1016e8       20     1         ../lib/libc.a(libc_a-sbrkr.o):(.eh_frame+0x18)
          101708           101708       40     1         ../lib/libc.a(libc_a-reent.o):(.eh_frame+0x18)
          101748           101748       48     1         ../lib/libc.a(libc_a-fwalk.o):(.eh_frame+0x18)
          101790           101790       34     1         ../lib/libc.a(libc_a-stdio.o):(.eh_frame+0x18)
          1017c8           1017c8       34     1         ../lib/libc.a(libc_a-stdio.o):(.eh_frame+0x4c)
          101800           101800       38     1         ../lib/libc.a(libc_a-stdio.o):(.eh_frame+0x80)
          101838           101838       20     1         ../lib/libc.a(libc_a-readr.o):(.eh_frame+0x18)
          101858           101858       20     1         ../lib/libc.a(libc_a-writer.o):(.eh_frame+0x18)
          101878           101878       20     1         ../lib/libc.a(libc_a-lseekr.o):(.eh_frame+0x18)
          101898           101898       20     1         ../lib/libc.a(libc_a-closer.o):(.eh_frame+0x18)
          1018b8           1018b8       50     1         ../lib/libc.a(libc_a-svfprintf.o):(.eh_frame+0x18)
          101908           101908       14     1         ../lib/libc.a(libc_a-localeconv.o):(.eh_frame+0x18)
          101920           101920       14     1         ../lib/libc.a(libc_a-localeconv.o):(.eh_frame+0x2c)
          101938           101938       18     1         ../lib/libc.a(libc_a-localeconv.o):(.eh_frame+0x40)
          101950           101950       24     1         ../lib/libc.a(libc_a-locale.o):(.eh_frame+0x18)
          101978           101978       14     1         ../lib/libc.a(libc_a-locale.o):(.eh_frame+0x3c)
          101990           101990       28     1         ../lib/libc.a(libc_a-locale.o):(.eh_frame+0x50)
          1019b8           1019b8       18     1         ../lib/libc.a(libc_a-strcmp.o):(.eh_frame+0x18)
          1019d0           1019d0       14     1         ../lib/libc.a(libc_a-wctomb_r.o):(.eh_frame+0x18)
          1019e8           1019e8       14     1         ../lib/libc.a(libc_a-wctomb_r.o):(.eh_frame+0x2c)
          101a00           101a00       14     1         ../lib/libc.a(libc_a-mbtowc_r.o):(.eh_frame+0x18)
          101a18           101a18       1c     1         ../lib/libc.a(libc_a-mbtowc_r.o):(.eh_frame+0x2c)
          101a38           101a38       14     1         ../lib/libc.a(libc_a-stack_protector.o):(.eh_frame+0x18)
          101a50           101a50       1c     1         ../lib/libc.a(libc_a-stack_protector.o):(.eh_frame+0x2c)
          101a70           101a70       20     1         ../lib/libc.a(libc_a-stack_protector.o):(.eh_frame+0x48)
          101a90           101a90       4c     1         ../lib/libc.a(libc_a-signal.o):(.eh_frame+0x18)
          101ae0           101ae0      184     1         ../lib/libc.a(libc_a-signal.o):(.eh_frame+0x64)
          101c68           101c68       38     1         ../lib/libc.a(libc_a-signalr.o):(.eh_frame+0x18)
          101ca0           101ca0       4c     1         ../lib/libc.a(libc_a-svfiprintf.o):(.eh_frame+0x18)
          101cf0           101cf0       54     1         ../lib/libc.a(libc_a-svfiprintf.o):(.eh_frame+0x64)
          101d48           101d48       18     1         ../lib/libc.a(libc_a-memmove.o):(.eh_frame+0x18)
          101d60           101d60       68     1         ../lib/libc.a(libc_a-reallocr.o):(.eh_frame+0x18)
          101dc8           101dc8       18     1         ../lib/libc.a(libc_a-memchr.o):(.eh_frame+0x18)
          101de0           101de0       4c     1         ../lib/libc.a(libc_a-dtoa.o):(.eh_frame+0x18)
          101e30           101e30       4c     1         ../lib/libc.a(libc_a-dtoa.o):(.eh_frame+0x64)
          101e80           101e80       2c     1         ../lib/libc.a(libc_a-mprec.o):(.eh_frame+0x18)
          101eb0           101eb0       14     1         ../lib/libc.a(libc_a-mprec.o):(.eh_frame+0x44)
          101ec8           101ec8       8c     1         ../lib/libc.a(libc_a-mprec.o):(.eh_frame+0x58)
          101f58           101f58       14     1         ../lib/libc.a(libc_a-mprec.o):(.eh_frame+0xe4)
          101f70           101f70       14     1         ../lib/libc.a(libc_a-mprec.o):(.eh_frame+0xf8)
          101f88           101f88       24     1         ../lib/libc.a(libc_a-mprec.o):(.eh_frame+0x10c)
          101fb0           101fb0       4c     1         ../lib/libc.a(libc_a-mprec.o):(.eh_frame+0x130)
          102000           102000       3c     1         ../lib/libc.a(libc_a-mprec.o):(.eh_frame+0x17c)
          102040           102040       4c     1         ../lib/libc.a(libc_a-mprec.o):(.eh_frame+0x1b8)
          102090           102090       14     1         ../lib/libc.a(libc_a-mprec.o):(.eh_frame+0x204)
          1020a8           1020a8       64     1         ../lib/libc.a(libc_a-mprec.o):(.eh_frame+0x218)
          102110           102110       14     1         ../lib/libc.a(libc_a-mprec.o):(.eh_frame+0x27c)
          102128           102128       34     1         ../lib/libc.a(libc_a-mprec.o):(.eh_frame+0x290)
          102160           102160       34     1         ../lib/libc.a(libc_a-mprec.o):(.eh_frame+0x2c4)
          102198           102198       14     1         ../lib/libc.a(libc_a-mprec.o):(.eh_frame+0x2f8)
          1021b0           1021b0       14     1         ../lib/libc.a(libc_a-mprec.o):(.eh_frame+0x30c)
          1021c8           1021c8       18     1         ../lib/libc.a(libc_a-mprec.o):(.eh_frame+0x320)
          1021e0           1021e0       28     1         ../lib/libc.a(libc_a-callocr.o):(.eh_frame+0x18)
          102208           102208       18     1         ../lib/libc.a(libc_a-errno.o):(.eh_frame+0x18)
          102220           102220       24     1         ../lib/libc.a(libc_a-assert.o):(.eh_frame+0x18)
          102248           102248       1c     1         ../lib/libc.a(libc_a-assert.o):(.eh_frame+0x3c)
          102268           102268       1c     1         ../lib/libc.a(libc_a-fiprintf.o):(.eh_frame+0x18)
          102288           102288       1c     1         ../lib/libc.a(libc_a-fiprintf.o):(.eh_frame+0x34)
          1022a8           1022a8       4c     1         ../lib/libc.a(libc_a-vfiprintf.o):(.eh_frame+0x18)
          1022f8           1022f8       14     1         ../lib/libc.a(libc_a-vfiprintf.o):(.eh_frame+0x64)
          102310           102310       7c     1         ../lib/libc.a(libc_a-vfiprintf.o):(.eh_frame+0x78)
          102390           102390       3c     1         ../lib/libc.a(libc_a-vfiprintf.o):(.eh_frame+0xf4)
          1023d0           1023d0       44     1         ../lib/libc.a(libc_a-fputwc.o):(.eh_frame+0x18)
          102418           102418       14     1         ../lib/libc.a(libc_a-fputwc.o):(.eh_frame+0x5c)
          102430           102430       28     1         ../lib/libc.a(libc_a-fputwc.o):(.eh_frame+0x70)
          102458           102458       2c     1         ../lib/libc.a(libc_a-wcrtomb.o):(.eh_frame+0x18)
          102488           102488       2c     1         ../lib/libc.a(libc_a-wcrtomb.o):(.eh_frame+0x44)
          1024b8           1024b8       3c     1         ../lib/libc.a(libc_a-wbuf.o):(.eh_frame+0x18)
          1024f8           1024f8       14     1         ../lib/libc.a(libc_a-wbuf.o):(.eh_frame+0x54)
          102510           102510       30     1         ../lib/libc.a(libc_a-wsetup.o):(.eh_frame+0x18)
          102540           102540       44     1         ../lib/libc.a(libc_a-makebuf.o):(.eh_frame+0x18)
          102588           102588       34     1         ../lib/libc.a(libc_a-makebuf.o):(.eh_frame+0x5c)
          1025c0           1025c0       20     1         ../lib/libc.a(libc_a-fstatr.o):(.eh_frame+0x18)
          1025e0           1025e0       20     1         ../lib/libc.a(libc_a-isattyr.o):(.eh_frame+0x18)
          102600           102600       78     1         ../lib/libc.a(libc_a-fvwrite.o):(.eh_frame+0x18)
          102678           102678       20     1         ../lib/libc.a(libc_a-abort.o):(.eh_frame+0x18)
          102698           102698       1c     1         ../lib/libc.a(libc_a-sprintf.o):(.eh_frame+0x18)
          1026b8           1026b8       24     1         ../lib/libc.a(libc_a-sprintf.o):(.eh_frame+0x34)
          1026e0           1026e0      200     1         pci.o:(.eh_frame+0x18)
          1028e0           1028e0       60     1         memory_map.o:(.eh_frame+0x18)
          102940           102940       3c     1         newlib.o:(.eh_frame+0x18)
          102980           102980       1c     1         newlib.o:(.eh_frame+0x54)
          1029a0           1029a0       1c     1         newlib.o:(.eh_frame+0x70)
          1029c0           1029c0       1c     1         newlib.o:(.eh_frame+0x8c)
          1029e0           1029e0       1c     1         newlib.o:(.eh_frame+0xa8)
          102a00           102a00       1c     1         newlib.o:(.eh_frame+0xc4)
          102a20           102a20       1c     1         newlib.o:(.eh_frame+0xe0)
          102a40           102a40       1c     1         newlib.o:(.eh_frame+0xfc)
          102a60           102a60       20     1         newlib.o:(.eh_frame+0x118)
          102a80           102a80       80     1         segment.o:(.eh_frame+0x18)
          102b00           102b00       54     1         interrupt.o:(.eh_frame+0x18)
          102b58           102b58       54     1         interrupt.o:(.eh_frame+0x6c)
          102bb0           102bb0       54     1         interrupt.o:(.eh_frame+0xc0)
          102c08           102c08       54     1         interrupt.o:(.eh_frame+0x114)
          102c60           102c60       54     1         interrupt.o:(.eh_frame+0x168)
          102cb8           102cb8       c4     1         interrupt.o:(.eh_frame+0x1bc)
          102d80           102d80       80     1         paging.o:(.eh_frame+0x18)
          102e00           102e00       20     1         keyboard.o:(.eh_frame+0x18)
          102e20           102e20       c4     1         input.o:(.eh_frame+0x18)
          102ee8           102ee8       24     1         input.o:(.eh_frame+0xdc)
          102f10           102f10       20     1         command.o:(.eh_frame+0x18)
          102f30           102f30       20     1         command.o:(.eh_frame+0x78)
          102f50           102f50       20     1         command.o:(.eh_frame+0xb8)
          102f70           102f70       88     1         ../lib/libc.a(libc_a-strtol.o):(.eh_frame+0x18)
          102ff8           102ff8       20     1         memory_manager.o:(.eh_frame+0x18)
          103018           103018      200     1         memory_manager.o:(.eh_frame+0x78)
          103218           103218       20     1         memory_manager.o:(.eh_frame+0x2b8)
          104240           104240     f97e    16 .text
          104240           104240      22d    16         kernel.o:(.text)
          104240           104240        f     1                 stop()
          104250           104250       29     1                 entry_point
          104280           104280      1ed     1                 kernel_main
          104470           104470       50    16         kernel.o:(.text.startup)
          104470           104470       1a     1                 __cxx_global_var_init
          104490           104490       12     1                 __cxx_global_var_init.1
          1044b0           1044b0       10     1                 _GLOBAL__sub_I_kernel.cpp
          1044c0           1044c0        b    16         kernel.o:(.text._ZNSt3__114numeric_limitsImE3maxEv)
          1044c0           1044c0        b     1                 std::__1::numeric_limits<unsigned long>::max()
          1044d0           1044d0       21    16         kernel.o:(.text._ZN7FrameIDC2Em)
          1044d0           1044d0       21     1                 FrameID::FrameID(unsigned long)
          104500           104500       4c    16         kernel.o:(.text._ZN11InputBufferC2Ev)
          104500           104500       4c     1                 InputBuffer::InputBuffer()
          104550           104550       1e    16         kernel.o:(.text._ZNK5ErrorcvbEv)
          104550           104550       1e     1                 Error::operator bool() const
          104570           104570       15    16         kernel.o:(.text._ZNK5Error5CauseEv)
          104570           104570       15     1                 Error::Cause() const
          104590           104590        d    16         kernel.o:(.text._ZNSt3__123__libcpp_numeric_limitsImLb1EE3maxEv)
          104590           104590        d     1                 std::__1::__libcpp_numeric_limits<unsigned long, true>::max()
          1045a0           1045a0      e5e    16         frame.o:(.text)
          1045a0           1045a0       42     1                 InitializeFrame(bootinfo_t*)
          1045f0           1045f0       3d     1                 HashtoColor(unsigned char)
          104630           104630      191     1                 HSVtoRGB(int)
          1047d0           1047d0       e9     1                 WritePixel(Color, int, int)
          1048c0           1048c0       f1     1                 WriteAscii(char, Color, int, int)
          1049c0           1049c0      132     1                 WriteSquare(Vector, Vector, Color)
          104b00           104b00      11b     1                 PrintLine(char const*, Vector, Color)
          104c20           104c20       7e     1                 RegisterLine(char const*)
          104ca0           104ca0      402     1                 Print
          1050b0           1050b0       b3     1                 Printf
          105170           105170       6c     1                 dPrint(char*, int)
          1051e0           1051e0       6c     1                 udPrint(char*, unsigned int)
          105250           105250       6c     1                 uxdPrint(char*, unsigned int)
          1052c0           1052c0       be     1                 WriteMandelbrot(int)
          105380           105380       7e     1                 clear()
          105400           105400      1ad    16         frame.o:(.text._Z14CalcMandelbrotiii)
          105400           105400      1ad     1                 CalcMandelbrot(int, int, int)
          1055b0           1055b0       85    16         ../lib/libc.a(libc_a-strcpy.o):(.text)
          1055b0           1055b0       85     1                 strcpy
          105640           105640       6c    16         ../lib/libc.a(libc_a-strcat.o):(.text)
          105640           105640       6c     1                 strcat
          1056b0           1056b0       7d    16         ../lib/libc.a(libc_a-strlen.o):(.text)
          1056b0           1056b0       7d     1                 strlen
          105730           105730       ed    16         ../lib/libc.a(libc_a-vsprintf.o):(.text)
          105730           105730       7d     1                 vsprintf
          1057b0           1057b0       6d     1                 _vsprintf_r
          10581d           10581d        0     1         ../lib/libc.a(libc_a-impure.o):(.text)
          105820           105820      469    16         ../lib/libc.a(libc_a-findfp.o):(.text)
          105820           105820        7     1                 __fp_lock
          105830           105830       1e     1                 stdio_exit_handler
          105850           105850       52     1                 cleanup_stdio
          1058b0           1058b0        7     1                 __fp_unlock
          1058c0           1058c0      1d1     1                 global_stdio_init.part.0
          105aa0           105aa0      156     1                 __sfp
          105c00           105c00       2a     1                 __sinit
          105c30           105c30        5     1                 __sfp_lock_acquire
          105c40           105c40        5     1                 __sfp_lock_release
          105c50           105c50       19     1                 __fp_lock_all
          105c70           105c70       19     1                 __fp_unlock_all
          105c90           105c90       f3    16         ../lib/libc.a(libc_a-fclose.o):(.text)
          105c90           105c90       de     1                 _fclose_r
          105d70           105d70       13     1                 fclose
          105d90           105d90      321    16         ../lib/libc.a(libc_a-fflush.o):(.text)
          105d90           105d90      225     1                 __sflush_r
          105fc0           105fc0       5f     1                 _fflush_r
          106020           106020       91     1                 fflush
          1060c0           1060c0      47e    16         ../lib/libc.a(libc_a-freer.o):(.text)
          1060c0           1060c0       e7     1                 _malloc_trim_r
          1061b0           1061b0      38e     1                 _free_r
          106540           106540       15    16         ../lib/libc.a(libc_a-mlock.o):(.text)
          106540           106540        5     1                 __malloc_lock
          106550           106550        5     1                 __malloc_unlock
          106560           106560      8d4    16         ../lib/libc.a(libc_a-mallocr.o):(.text)
          106560           106560      8d4     1                 _malloc_r
          106e40           106e40       36    16         ../lib/libc.a(libc_a-sbrkr.o):(.text)
          106e40           106e40       36     1                 _sbrk_r
          106e80           106e80       9e    16         ../lib/libc.a(libc_a-reent.o):(.text)
          106e80           106e80       9e     1                 _reclaim_reent
          106f20           106f20       89    16         ../lib/libc.a(libc_a-fwalk.o):(.text)
          106f20           106f20       89     1                 _fwalk_sglue
          106fb0           106fb0       e0    16         ../lib/libc.a(libc_a-memset.o):(.text)
          106fb0           106fb0        0     1                 memset
          106fde           106fde        0     1                 quadword_aligned
          107000           107000        0     1                 loop
          10706b           10706b        0     1                 byte_set
          107071           107071        0     1                 quadword_set
          107090           107090       ed    16         ../lib/libc.a(libc_a-stdio.o):(.text)
          107090           107090       30     1                 __sread
          1070c0           1070c0        7     1                 __seofread
          1070d0           1070d0       60     1                 __swrite
          107130           107130       38     1                 __sseek
          107170           107170        d     1                 __sclose
          107180           107180       41    16         ../lib/libc.a(libc_a-readr.o):(.text)
          107180           107180       41     1                 _read_r
          1071d0           1071d0       41    16         ../lib/libc.a(libc_a-writer.o):(.text)
          1071d0           1071d0       41     1                 _write_r
          107220           107220       3e    16         ../lib/libc.a(libc_a-lseekr.o):(.text)
          107220           107220       3e     1                 _lseek_r
          107260           107260       2e    16         ../lib/libc.a(libc_a-closer.o):(.text)
          107260           107260       2e     1                 _close_r
          107290           107290     2557    16         ../lib/libc.a(libc_a-svfprintf.o):(.text)
          107290           107290     2557     1                 _svfprintf_r
          1097f0           1097f0       2c    16         ../lib/libc.a(libc_a-localeconv.o):(.text)
          1097f0           1097f0        c     1                 __localeconv_l
          109800           109800        c     1                 _localeconv_r
          109810           109810        c     1                 localeconv
          109820           109820       ea    16         ../lib/libc.a(libc_a-locale.o):(.text)
          109820           109820       6a     1                 _setlocale_r
          109890           109890        c     1                 __locale_mb_cur_max
          1098a0           1098a0       6a     1                 setlocale
          109910           109910       83    16         ../lib/libc.a(libc_a-strcmp.o):(.text)
          109910           109910       83     1                 strcmp
          1099a0           1099a0       43    16         ../lib/libc.a(libc_a-wctomb_r.o):(.text)
          1099a0           1099a0        a     1                 _wctomb_r
          1099b0           1099b0       33     1                 __ascii_wctomb
          1099f0           1099f0       70    16         ../lib/libc.a(libc_a-mbtowc_r.o):(.text)
          1099f0           1099f0        a     1                 _mbtowc_r
          109a00           109a00       60     1                 __ascii_mbtowc
          109a60           109a60       8f    16         ../lib/libc.a(libc_a-stack_protector.o):(.text)
          109a60           109a60       7d     1                 __stack_chk_fail
          109ae0           109ae0        f     1                 __stack_chk_fail_local
          109af0           109af0       19    16         ../lib/libc.a(libc_a-stack_protector.o):(.text.startup)
          109af0           109af0       19     1                 __stack_chk_init
          109b10           109b10      50e    16         ../lib/libc.a(libc_a-signal.o):(.text)
          109b10           109b10       59     1                 _init_signal_r
          109b70           109b70       98     1                 _signal_r
          109c10           109c10       ad     1                 _raise_r
          109cc0           109cc0       ca     1                 __sigtramp_r
          109d90           109d90       b7     1                 raise
          109e50           109e50       98     1                 signal
          109ef0           109ef0       59     1                 _init_signal
          109f50           109f50       ce     1                 __sigtramp
          10a020           10a020       49    16         ../lib/libc.a(libc_a-signalr.o):(.text)
          10a020           10a020       36     1                 _kill_r
          10a060           10a060        9     1                 _getpid_r
          10a069           10a069        0     1         ../lib/libc.a(libc_a-ctype_.o):(.text)
          10a070           10a070     1408    16         ../lib/libc.a(libc_a-svfiprintf.o):(.text)
          10a070           10a070      1e9     1                 __ssprint_r
          10a260           10a260     1218     1                 _svfiprintf_r
          10b480           10b480      124    16         ../lib/libc.a(libc_a-memmove.o):(.text)
          10b480           10b480      124     1                 memmove
          10b5b0           10b5b0      12d    16         ../lib/libc.a(libc_a-memcpy.o):(.text)
          10b5b0           10b5b0        0     1                 memcpy
          10b5d5           10b5d5        0     1                 quadword_aligned
          10b5f0           10b5f0        0     1                 loop
          10b6b7           10b6b7        0     1                 byte_copy
          10b6bd           10b6bd        0     1                 quadword_copy
          10b6e0           10b6e0      53a    16         ../lib/libc.a(libc_a-reallocr.o):(.text)
          10b6e0           10b6e0      53a     1                 _realloc_r
          10bc20           10bc20       c5    16         ../lib/libc.a(libc_a-memchr.o):(.text)
          10bc20           10bc20       c5     1                 memchr
          10bcf0           10bcf0     1636    16         ../lib/libc.a(libc_a-dtoa.o):(.text)
          10bcf0           10bcf0      19c     1                 quorem
          10be90           10be90     1496     1                 _dtoa_r
          10d330           10d330     10ba    16         ../lib/libc.a(libc_a-mprec.o):(.text)
          10d330           10d330       9e     1                 _Balloc
          10d3d0           10d3d0       1f     1                 _Bfree
          10d3f0           10d3f0      101     1                 __multadd
          10d500           10d500      139     1                 __s2b
          10d640           10d640       56     1                 __hi0bits
          10d6a0           10d6a0       8f     1                 __lo0bits
          10d730           10d730       a4     1                 __i2b
          10d7e0           10d7e0      241     1                 __multiply
          10da30           10da30      12e     1                 __pow5mult
          10db60           10db60      158     1                 __lshift
          10dcc0           10dcc0       4e     1                 __mcmp
          10dd10           10dd10      217     1                 __mdiff
          10df30           10df30       7d     1                 __ulp
          10dfb0           10dfb0       fc     1                 __b2d
          10e0b0           10e0b0      158     1                 __d2b
          10e210           10e210       c0     1                 __ratio
          10e2d0           10e2d0       40     1                 _mprec_log10
          10e310           10e310       60     1                 __copybits
          10e370           10e370       7a     1                 __any_on
          10e3f0           10e3f0       c6    16         ../lib/libc.a(libc_a-callocr.o):(.text)
          10e3f0           10e3f0       c6     1                 _calloc_r
          10e4c0           10e4c0        c    16         ../lib/libc.a(libc_a-errno.o):(.text)
          10e4c0           10e4c0        c     1                 __errno
          10e4d0           10e4d0       74    16         ../lib/libc.a(libc_a-assert.o):(.text)
          10e4d0           10e4d0       54     1                 __assert_func
          10e530           10e530       14     1                 __assert
          10e550           10e550      178    16         ../lib/libc.a(libc_a-fiprintf.o):(.text)
          10e550           10e550       b0     1                 _fiprintf_r
          10e600           10e600       c8     1                 fiprintf
          10e6d0           10e6d0     1750    16         ../lib/libc.a(libc_a-vfiprintf.o):(.text)
          10e6d0           10e6d0       d7     1                 __sprint_r.part.0
          10e7b0           10e7b0       1a     1                 __sprint_r
          10e7d0           10e7d0     154f     1                 _vfiprintf_r
          10fd20           10fd20       19     1                 vfiprintf
          10fd40           10fd40       e0     1                 __sbprintf
          10fe20           10fe20      1b9    16         ../lib/libc.a(libc_a-fputwc.o):(.text)
          10fe20           10fe20      119     1                 __fputwc
          10ff40           10ff40       23     1                 _fputwc_r
          10ff70           10ff70       69     1                 fputwc
          10ffe0           10ffe0      112    16         ../lib/libc.a(libc_a-wcrtomb.o):(.text)
          10ffe0           10ffe0       7c     1                 _wcrtomb_r
          110060           110060       92     1                 wcrtomb
          110100           110100      135    16         ../lib/libc.a(libc_a-wbuf.o):(.text)
          110100           110100      112     1                 __swbuf_r
          110220           110220       15     1                 __swbuf
          110240           110240      143    16         ../lib/libc.a(libc_a-wsetup.o):(.text)
          110240           110240      143     1                 __swsetup_r
          110390           110390      1e6    16         ../lib/libc.a(libc_a-makebuf.o):(.text)
          110390           110390      139     1                 __smakebuf_r
          1104d0           1104d0       a6     1                 __swhatbuf_r
          110580           110580       36    16         ../lib/libc.a(libc_a-fstatr.o):(.text)
          110580           110580       36     1                 _fstat_r
          1105c0           1105c0       2e    16         ../lib/libc.a(libc_a-isattyr.o):(.text)
          1105c0           1105c0       2e     1                 _isatty_r
          1105f0           1105f0      55c    16         ../lib/libc.a(libc_a-fvwrite.o):(.text)
          1105f0           1105f0      55c     1                 __sfvwrite_r
          110b50           110b50       1e    16         ../lib/libc.a(libc_a-abort.o):(.text)
          110b50           110b50       1e     1                 abort
          110b70           110b70      211    16         ../lib/libc.a(libc_a-sprintf.o):(.text)
          110b70           110b70       fc     1                 _sprintf_r
          110c70           110c70      111     1                 sprintf
          110d90           110d90       a3    16         asmfunc.o:(.text)
          110d90           110d90        0     1                 IoOut32
          110d97           110d97        0     1                 IoIn32
          110d9c           110d9c        0     1                 IoIn16
          110da2           110da2        0     1                 IoOut8
          110daa           110daa        0     1                 IoIn8
          110daf           110daf        0     1                 call_kernel_main
          110dbf           110dbf        0     1                 _hlt
          110dc2           110dc2        0     1                 LoadGDT
          110ddc           110ddc        0     1                 SetDSAll
          110de5           110de5        0     1                 SetCSSS
          110df9           110df9        0     1                 SetCSSS.next
          110dfe           110dfe        0     1                 SetCSSS.stop
          110e01           110e01        0     1                 GetCS
          110e07           110e07        0     1                 LoadIDT
          110e21           110e21        0     1                 SetCR3
          110e25           110e25        0     1                 NotifyEndOfInterrupt
          110e40           110e40      809    16         pci.o:(.text)
          110e40           110e40       4f     1                 MakeAddr(unsigned char, unsigned char, unsigned char, unsigned char)
          110e90           110e90       1e     1                 WriteAddr(unsigned int)
          110eb0           110eb0       1e     1                 WriteData(unsigned int)
          110ed0           110ed0       10     1                 ReadData()
          110ee0           110ee0       4a     1                 ReadVendorId(unsigned char, unsigned char, unsigned char)
          110f30           110f30       67     1                 ReadVendorId(Device)
          110fa0           110fa0       50     1                 ReadHeaderType(unsigned char, unsigned char, unsigned char)
          110ff0           110ff0       70     1                 ReadBar(Device, int)
          111060           111060       71     1                 ReadClassCode(unsigned char, unsigned char, unsigned char)
          1110e0           1110e0       45     1                 ReadBusNumbers(unsigned char, unsigned char, unsigned char)
          111130           111130       af     1                 AddDevice(unsigned char, unsigned char, unsigned char, unsigned char)
          1111e0           1111e0       28     1                 IsSingleFunctionDevice(unsigned char)
          111210           111210      13f     1                 ScanAllBus()
          111350           111350       b7     1                 ScanBus(unsigned char)
          111410           111410      126     1                 ScanDevice(unsigned char, unsigned char)
          111540           111540      109     1                 ScanFunction(unsigned char, unsigned char, unsigned char)
          111650           111650      1ff    16         memory_map.o:(.text)
          111650           111650       83     1                 show_memdesc(int)
          1116e0           1116e0       a4     1                 show_memory_map()
          111790           111790       bf     1                 search_mem_type(unsigned long)
          11184f           11184f      1c5     1         newlib.o:(.text)
          11184f           11184f       6f     1                 sbrk
          1118be           1118be       29     1                 read
          1118e7           1118e7       35     1                 write
          11191c           11191c       21     1                 _exit
          11193d           11193d       28     1                 lseek
          111965           111965       21     1                 close
          111986           111986       2e     1                 kill
          1119b4           1119b4       1a     1                 getpid
          1119ce           1119ce       25     1                 fstat
          1119f3           1119f3       21     1                 isatty
          111a20           111a20      348    16         segment.o:(.text)
          111a20           111a20      21d     1                 SetCodeSegment(SegmentDescriptor*, DescriptorType, unsigned int, unsigned int, unsigned int)
          111c40           111c40       77     1                 SetDataSegment(SegmentDescriptor*, DescriptorType, unsigned int, unsigned int, unsigned int)
          111cc0           111cc0       67     1                 SetupSegments()
          111d30           111d30       38     1                 InitializeSegment(unsigned short, unsigned short)
          111d70           111d70      bb5    16         interrupt.o:(.text)
          111d70           111d70      19e     1                 BreakpointInterrupt(InterruptFrame*)
          111f10           111f10      186     1                 SegFaultInterrupt(InterruptFrame*)
          1120a0           1120a0      186     1                 PageFaultInterrupt(InterruptFrame*)
          112230           112230      186     1                 GeneralProtectionInterrupt(InterruptFrame*)
          1123c0           1123c0      203     1                 KeyboardInterrupt(InterruptFrame*)
          1125d0           1125d0       5e     1                 DefaultInterrupt(InterruptFrame*)
          112630           112630       7a     1                 SetIDTEntry(InterruptDescriptor*, InterruptDescriptorAttribute, unsigned long, unsigned long)
          1126b0           1126b0       ba     1                 InitializePIC()
          112770           112770      1b5     1                 InitializeInterrupt()
          112930           112930       60    16         interrupt.o:(.text._Z10isAlphabetc)
          112930           112930       60     1                 isAlphabet(char)
          112990           112990       af    16         interrupt.o:(.text._Z11MakeIDTAttr14DescriptorTypehbh)
          112990           112990       af     1                 MakeIDTAttr(DescriptorType, unsigned char, bool, unsigned char)
          112a40           112a40      118    16         paging.o:(.text)
          112a40           112a40      118     1                 SetupIdentityPageTable()
          112b60           112b60       25    16         paging.o:(.text._ZNSt3__15arrayImLm512EEixEm)
          112b60           112b60       25     1                 std::__1::array<unsigned long, 512ul>::operator[](unsigned long)
          112b90           112b90       14    16         paging.o:(.text._ZNKSt3__15arrayINS0_ImLm512EEELm64EE4sizeEv)
          112b90           112b90       14     1                 std::__1::array<std::__1::array<unsigned long, 512ul>, 64ul>::size() const
          112bb0           112bb0       25    16         paging.o:(.text._ZNSt3__15arrayINS0_ImLm512EEELm64EEixEm)
          112bb0           112bb0       25     1                 std::__1::array<std::__1::array<unsigned long, 512ul>, 64ul>::operator[](unsigned long)
          112be0           112be0       62    16         keyboard.o:(.text)
          112be0           112be0       62     1                 InitializeKeycode()
          112c50           112c50      319    16         input.o:(.text)
          112c50           112c50       82     1                 InputBuffer::add(char)
          112ce0           112ce0       76     1                 InputBuffer::isEnter()
          112d60           112d60       76     1                 InputBuffer::pop()
          112de0           112de0       5a     1                 InputBuffer::allprint()
          112e40           112e40       9b     1                 InputBuffer::allpop(char*)
          112ee0           112ee0       89     1                 GetString(char*)
          112f70           112f70       27    16         input.o:(.text._ZN11InputBuffer7isInputEv)
          112f70           112f70       27     1                 InputBuffer::isInput()
          112fa0           112fa0      187    16         command.o:(.text)
          112fa0           112fa0      187     1                 command(char*)
          113130           113130       2b    16         command.o:(.text.startup)
          113130           113130       1a     1                 __cxx_global_var_init
          113150           113150        b     1                 _GLOBAL__sub_I_command.cpp
          113160           113160      26e    16         ../lib/libc.a(libc_a-strtol.o):(.text)
          113160           113160      1bd     1                 _strtol_l.part.0
          113320           113320       2e     1                 _strtol_r
          113350           113350       3e     1                 strtol_l
          113390           113390       3e     1                 strtol
          1133d0           1133d0      68e    16         memory_manager.o:(.text)
          1133d0           1133d0       4f     1                 BitmapMemoryManager::BitmapMemoryManager()
          1133d0           1133d0       4f     1                 BitmapMemoryManager::BitmapMemoryManager()
          113420           113420      15d     1                 BitmapMemoryManager::Allocate(unsigned long)
          113580           113580       6e     1                 BitmapMemoryManager::GetBit(FrameID) const
          1135f0           1135f0       74     1                 BitmapMemoryManager::MarkAllocated(FrameID, unsigned long)
          113670           113670       90     1                 BitmapMemoryManager::Free(FrameID, unsigned long)
          113700           113700       a8     1                 BitmapMemoryManager::SetBit(FrameID, bool)
          1137b0           1137b0       34     1                 BitmapMemoryManager::SetMemoryRange(FrameID, FrameID)
          1137f0           1137f0       48     1                 BitmapMemoryManager::IsAvailable(unsigned long)
          113840           113840      167     1                 InitializeMemoryManager(BitmapMemoryManager*, MemoryMap*)
          1139b0           1139b0       ae     1                 InitializeHeap(BitmapMemoryManager&)
          113a60           113a60       2b    16         memory_manager.o:(.text.startup)
          113a60           113a60       1a     1                 __cxx_global_var_init
          113a80           113a80        b     1                 _GLOBAL__sub_I_memory_manager.cpp
          113a90           113a90       16    16         memory_manager.o:(.text._ZNK7FrameID2IDEv)
          113a90           113a90       16     1                 FrameID::ID() const
          113ab0           113ab0       33    16         memory_manager.o:(.text._ZN5ErrorC2ENS_4CodeEPKci)
          113ab0           113ab0       33     1                 Error::Error(Error::Code, char const*, int)
          113af0           113af0       27    16         memory_manager.o:(.text._Z16AddressToFrameIDm)
          113af0           113af0       27     1                 AddressToFrameID(unsigned long)
          113b20           113b20       25    16         memory_manager.o:(.text._ZNKSt3__15arrayImLm524288EEixEm)
          113b20           113b20       25     1                 std::__1::array<unsigned long, 524288ul>::operator[](unsigned long) const
          113b50           113b50       25    16         memory_manager.o:(.text._ZNSt3__15arrayImLm524288EEixEm)
          113b50           113b50       25     1                 std::__1::array<unsigned long, 524288ul>::operator[](unsigned long)
          113b80           113b80       3e    16         memory_manager.o:(.text._Z11IsAvailable10MemoryType)
          113b80           113b80       3e     1                 IsAvailable(MemoryType)
          114bc0           114bc0       20     8 .init_array
          114bc0           114bc0        8     8         kernel.o:(.init_array)
          114bc8           114bc8        8     8         ../lib/libc.a(libc_a-stack_protector.o):(.init_array)
          114bd0           114bd0        8     8         command.o:(.init_array)
          114bd8           114bd8        8     8         memory_manager.o:(.init_array)
          114be0           114be0      cb0    32 .data
          114be0           114be0        0     1         ../lib/libc.a(libc_a-strcpy.o):(.data)
          114be0           114be0        0     1         ../lib/libc.a(libc_a-strcat.o):(.data)
          114be0           114be0        0     1         ../lib/libc.a(libc_a-strlen.o):(.data)
          114be0           114be0        0     1         ../lib/libc.a(libc_a-vsprintf.o):(.data)
          114be0           114be0        0     1         ../lib/libc.a(libc_a-impure.o):(.data)
          114be0           114be0        8     8         ../lib/libc.a(libc_a-impure.o):(.data.rel.local)
          114be0           114be0        8     1                 _impure_ptr
          114c00           114c00      158    32         ../lib/libc.a(libc_a-impure.o):(.data.rel)
          114c00           114c00      158     1                 _impure_data
          114d58           114d58        0     1         ../lib/libc.a(libc_a-findfp.o):(.data)
          114d60           114d60       18    16         ../lib/libc.a(libc_a-findfp.o):(.data.rel.local)
          114d60           114d60       18     1                 __sglue
          114d78           114d78        0     1         ../lib/libc.a(libc_a-fclose.o):(.data)
          114d78           114d78        0     1         ../lib/libc.a(libc_a-fflush.o):(.data)
          114d78           114d78        0     1         ../lib/libc.a(libc_a-freer.o):(.data)
          114d78           114d78        0     1         ../lib/libc.a(libc_a-mlock.o):(.data)
          114d78           114d78       10     8         ../lib/libc.a(libc_a-mallocr.o):(.data)
          114d78           114d78        8     1                 __malloc_sbrk_base
          114d80           114d80        8     1                 __malloc_trim_threshold
          114da0           114da0      810    32         ../lib/libc.a(libc_a-mallocr.o):(.data.rel.local)
          114da0           114da0      810     1                 __malloc_av_
          1155b0           1155b0        0     1         ../lib/libc.a(libc_a-sbrkr.o):(.data)
          1155b0           1155b0        0     1         ../lib/libc.a(libc_a-reent.o):(.data)
          1155b0           1155b0        0     1         ../lib/libc.a(libc_a-fwalk.o):(.data)
          1155b0           1155b0        0     1         ../lib/libc.a(libc_a-memset.o):(.data)
          1155b0           1155b0        0     1         ../lib/libc.a(libc_a-stdio.o):(.data)
          1155b0           1155b0        0     1         ../lib/libc.a(libc_a-readr.o):(.data)
          1155b0           1155b0        0     1         ../lib/libc.a(libc_a-writer.o):(.data)
          1155b0           1155b0        0     1         ../lib/libc.a(libc_a-lseekr.o):(.data)
          1155b0           1155b0        0     1         ../lib/libc.a(libc_a-closer.o):(.data)
          1155b0           1155b0        0     1         ../lib/libc.a(libc_a-svfprintf.o):(.data)
          1155b0           1155b0        0     1         ../lib/libc.a(libc_a-localeconv.o):(.data)
          1155b0           1155b0        0     1         ../lib/libc.a(libc_a-locale.o):(.data)
          1155c0           1155c0      1a8    32         ../lib/libc.a(libc_a-locale.o):(.data.rel)
          1155c0           1155c0      1a8     1                 __global_locale
          115768           115768        0     1         ../lib/libc.a(libc_a-strcmp.o):(.data)
          115768           115768        0     1         ../lib/libc.a(libc_a-wctomb_r.o):(.data)
          115768           115768        0     1         ../lib/libc.a(libc_a-mbtowc_r.o):(.data)
          115768           115768        0     1         ../lib/libc.a(libc_a-stack_protector.o):(.data)
          115768           115768        0     1         ../lib/libc.a(libc_a-signal.o):(.data)
          115768           115768        0     1         ../lib/libc.a(libc_a-signalr.o):(.data)
          115768           115768        0     1         ../lib/libc.a(libc_a-ctype_.o):(.data)
          115768           115768        0     1         ../lib/libc.a(libc_a-svfiprintf.o):(.data)
          115768           115768        0     1         ../lib/libc.a(libc_a-memmove.o):(.data)
          115768           115768        0     1         ../lib/libc.a(libc_a-memcpy.o):(.data)
          115768           115768        0     1         ../lib/libc.a(libc_a-reallocr.o):(.data)
          115768           115768        0     1         ../lib/libc.a(libc_a-memchr.o):(.data)
          115768           115768        0     1         ../lib/libc.a(libc_a-dtoa.o):(.data)
          115768           115768        0     1         ../lib/libc.a(libc_a-mprec.o):(.data)
          115768           115768        0     1         ../lib/libc.a(libc_a-callocr.o):(.data)
          115768           115768        0     1         ../lib/libc.a(libc_a-errno.o):(.data)
          115768           115768        0     1         ../lib/libc.a(libc_a-assert.o):(.data)
          115768           115768        0     1         ../lib/libc.a(libc_a-fiprintf.o):(.data)
          115768           115768        0     1         ../lib/libc.a(libc_a-vfiprintf.o):(.data)
          115768           115768        0     1         ../lib/libc.a(libc_a-fputwc.o):(.data)
          115768           115768        0     1         ../lib/libc.a(libc_a-wcrtomb.o):(.data)
          115768           115768        0     1         ../lib/libc.a(libc_a-wbuf.o):(.data)
          115768           115768        0     1         ../lib/libc.a(libc_a-wsetup.o):(.data)
          115768           115768        0     1         ../lib/libc.a(libc_a-makebuf.o):(.data)
          115768           115768        0     1         ../lib/libc.a(libc_a-fstatr.o):(.data)
          115768           115768        0     1         ../lib/libc.a(libc_a-isattyr.o):(.data)
          115768           115768        0     1         ../lib/libc.a(libc_a-fvwrite.o):(.data)
          115768           115768        0     1         ../lib/libc.a(libc_a-abort.o):(.data)
          115768           115768        0     1         ../lib/libc.a(libc_a-sprintf.o):(.data)
          115768           115768        0     1         newlib.o:(.data)
          115770           115770       18    16         segment.o:(.data)
          115770           115770       18     1                 gdt
          115788           115788        8     4         interrupt.o:(.data)
          115788           115788        8     1                 InterruptMessagePosition
          115790           115790      100    16         keyboard.o:(.data)
          115790           115790      100     1                 keycode
          115890           115890        0     1         ../lib/libc.a(libc_a-strtol.o):(.data)
          115890           115890       18     8 .got.plt
          115890           115890       18     8         <internal>:(.got.plt)
          116000           116000   549010  4096 .bss
          116000           116000   500428    16         kernel.o:(.bss)
          116000           116000        8     1                 kNullFrame
          116010           116010   100000     1                 kernel_main_stack
          216010           216010      400     1                 Input_Buffer
          216410           216410   400010     1                 memory_manager_buf
          616420           616420        8     1                 memory_manager
          616430           616430     5434    16         frame.o:(.bss)
          616430           616430        8     1                 vinfo
          616438           616438        8     1                 ascii_font
          616440           616440        4     1                 line_queue_head
          616444           616444        4     1                 line_queue_end
          616448           616448        4     1                 max_line
          616450           616450     4e20     1                 line_queue
          61b270           61b270        4     1                 Print::y
          61b280           61b280      3e8     1                 Print::line
          61b668           61b668        4     1                 Print::debug
          61b670           61b670      1f4     1                 Printf::str_for_Printf
          61b864           61b864        0     1         ../lib/libc.a(libc_a-strcpy.o):(.bss)
          61b864           61b864        0     1         ../lib/libc.a(libc_a-strcat.o):(.bss)
          61b864           61b864        0     1         ../lib/libc.a(libc_a-strlen.o):(.bss)
          61b864           61b864        0     1         ../lib/libc.a(libc_a-vsprintf.o):(.bss)
          61b864           61b864        0     1         ../lib/libc.a(libc_a-impure.o):(.bss)
          61b880           61b880      218    32         ../lib/libc.a(libc_a-findfp.o):(.bss)
          61b880           61b880      210     1                 __sf
          61ba90           61ba90        8     1                 __stdio_exit_handler
          61ba98           61ba98        0     1         ../lib/libc.a(libc_a-fclose.o):(.bss)
          61ba98           61ba98        0     1         ../lib/libc.a(libc_a-fflush.o):(.bss)
          61ba98           61ba98        0     1         ../lib/libc.a(libc_a-freer.o):(.bss)
          61ba98           61ba98        0     1         ../lib/libc.a(libc_a-mlock.o):(.bss)
          61baa0           61baa0       40    32         ../lib/libc.a(libc_a-mallocr.o):(.bss)
          61baa0           61baa0       28     1                 __malloc_current_mallinfo
          61bac8           61bac8        8     1                 __malloc_max_total_mem
          61bad0           61bad0        8     1                 __malloc_max_sbrked_mem
          61bad8           61bad8        8     1                 __malloc_top_pad
          61bae0           61bae0        0     1         ../lib/libc.a(libc_a-sbrkr.o):(.bss)
          61bae0           61bae0        4     4         ../lib/libc.a(libc_a-reent.o):(.bss)
          61bae0           61bae0        4     1                 errno
          61bae4           61bae4        0     1         ../lib/libc.a(libc_a-fwalk.o):(.bss)
          61bae4           61bae4        0     1         ../lib/libc.a(libc_a-memset.o):(.bss)
          61bae4           61bae4        0     1         ../lib/libc.a(libc_a-stdio.o):(.bss)
          61bae4           61bae4        0     1         ../lib/libc.a(libc_a-readr.o):(.bss)
          61bae4           61bae4        0     1         ../lib/libc.a(libc_a-writer.o):(.bss)
          61bae4           61bae4        0     1         ../lib/libc.a(libc_a-lseekr.o):(.bss)
          61bae4           61bae4        0     1         ../lib/libc.a(libc_a-closer.o):(.bss)
          61bae4           61bae4        0     1         ../lib/libc.a(libc_a-svfprintf.o):(.bss)
          61bae4           61bae4        0     1         ../lib/libc.a(libc_a-localeconv.o):(.bss)
          61bae8           61bae8        8     8         ../lib/libc.a(libc_a-locale.o):(.bss)
          61bae8           61bae8        8     1                 _PathLocale
          61baf0           61baf0        0     1         ../lib/libc.a(libc_a-strcmp.o):(.bss)
          61baf0           61baf0        0     1         ../lib/libc.a(libc_a-wctomb_r.o):(.bss)
          61baf0           61baf0        0     1         ../lib/libc.a(libc_a-mbtowc_r.o):(.bss)
          61baf0           61baf0        8     8         ../lib/libc.a(libc_a-stack_protector.o):(.bss)
          61baf0           61baf0        8     1                 __stack_chk_guard
          61baf8           61baf8        0     1         ../lib/libc.a(libc_a-signal.o):(.bss)
          61baf8           61baf8        0     1         ../lib/libc.a(libc_a-signalr.o):(.bss)
          61baf8           61baf8        0     1         ../lib/libc.a(libc_a-ctype_.o):(.bss)
          61baf8           61baf8        0     1         ../lib/libc.a(libc_a-svfiprintf.o):(.bss)
          61baf8           61baf8        0     1         ../lib/libc.a(libc_a-memmove.o):(.bss)
          61baf8           61baf8        0     1         ../lib/libc.a(libc_a-memcpy.o):(.bss)
          61baf8           61baf8        0     1         ../lib/libc.a(libc_a-reallocr.o):(.bss)
          61baf8           61baf8        0     1         ../lib/libc.a(libc_a-memchr.o):(.bss)
          61baf8           61baf8        0     1         ../lib/libc.a(libc_a-dtoa.o):(.bss)
          61baf8           61baf8        0     1         ../lib/libc.a(libc_a-mprec.o):(.bss)
          61baf8           61baf8        0     1         ../lib/libc.a(libc_a-callocr.o):(.bss)
          61baf8           61baf8        0     1         ../lib/libc.a(libc_a-errno.o):(.bss)
          61baf8           61baf8        0     1         ../lib/libc.a(libc_a-assert.o):(.bss)
          61baf8           61baf8        0     1         ../lib/libc.a(libc_a-fiprintf.o):(.bss)
          61baf8           61baf8        0     1         ../lib/libc.a(libc_a-vfiprintf.o):(.bss)
          61baf8           61baf8        0     1         ../lib/libc.a(libc_a-fputwc.o):(.bss)
          61baf8           61baf8        0     1         ../lib/libc.a(libc_a-wcrtomb.o):(.bss)
          61baf8           61baf8        0     1         ../lib/libc.a(libc_a-wbuf.o):(.bss)
          61baf8           61baf8        0     1         ../lib/libc.a(libc_a-wsetup.o):(.bss)
          61baf8           61baf8        0     1         ../lib/libc.a(libc_a-makebuf.o):(.bss)
          61baf8           61baf8        0     1         ../lib/libc.a(libc_a-fstatr.o):(.bss)
          61baf8           61baf8        0     1         ../lib/libc.a(libc_a-isattyr.o):(.bss)
          61baf8           61baf8        0     1         ../lib/libc.a(libc_a-fvwrite.o):(.bss)
          61baf8           61baf8        0     1         ../lib/libc.a(libc_a-abort.o):(.bss)
          61baf8           61baf8        0     1         ../lib/libc.a(libc_a-sprintf.o):(.bss)
          61bb00           61bb00       f0    16         pci.o:(.bss)
          61bb00           61bb00        4     1                 num_device
          61bb04           61bb04        4     1                 invdev
          61bb10           61bb10       e0     1                 devices
          61bbf0           61bbf0        8     8         memory_map.o:(.bss)
          61bbf0           61bbf0        8     1                 mmap
          61bbf8           61bbf8       10     8         newlib.o:(.bss)
          61bbf8           61bbf8        8     1                 program_break
          61bc00           61bc00        8     1                 program_break_end
          61bc10           61bc10     1001    16         interrupt.o:(.bss)
          61bc10           61bc10     1000     1                 idt
          61cc10           61cc10        1     1                 KeyboardInterrupt(InterruptFrame*)::isShift
          61d000           61d000    42000  4096         paging.o:(.bss)
          61d000           61d000     1000     1                 (anonymous namespace)::pdp_table
          61e000           61e000     1000     1                 (anonymous namespace)::pml4_table
          61f000           61f000    40000     1                 (anonymous namespace)::page_directory
          65f000           65f000        8     8         command.o:(.bss)
          65f000           65f000        8     1                 kNullFrame
          65f008           65f008        0     1         ../lib/libc.a(libc_a-strtol.o):(.bss)
          65f008           65f008        8     8         memory_manager.o:(.bss)
          65f008           65f008        8     1                 kNullFrame
               0                0     8a80     1 .debug_abbrev
               0                0      474     1         kernel.o:(.debug_abbrev)
             474              474      1b6     1         frame.o:(.debug_abbrev)
             62a              62a       97     1         ../lib/libc.a(libc_a-strcpy.o):(.debug_abbrev)
             6c1              6c1       ce     1         ../lib/libc.a(libc_a-strcat.o):(.debug_abbrev)
             78f              78f       90     1         ../lib/libc.a(libc_a-strlen.o):(.debug_abbrev)
             81f              81f      2aa     1         ../lib/libc.a(libc_a-vsprintf.o):(.debug_abbrev)
             ac9              ac9      18d     1         ../lib/libc.a(libc_a-impure.o):(.debug_abbrev)
             c56              c56      44d     1         ../lib/libc.a(libc_a-findfp.o):(.debug_abbrev)
            10a3             10a3      2ed     1         ../lib/libc.a(libc_a-fclose.o):(.debug_abbrev)
            1390             1390      333     1         ../lib/libc.a(libc_a-fflush.o):(.debug_abbrev)
            16c3             16c3      290     1         ../lib/libc.a(libc_a-freer.o):(.debug_abbrev)
            1953             1953      1ce     1         ../lib/libc.a(libc_a-mlock.o):(.debug_abbrev)
            1b21             1b21      2d7     1         ../lib/libc.a(libc_a-mallocr.o):(.debug_abbrev)
            1df8             1df8      202     1         ../lib/libc.a(libc_a-sbrkr.o):(.debug_abbrev)
            1ffa             1ffa      230     1         ../lib/libc.a(libc_a-reent.o):(.debug_abbrev)
            222a             222a      1d9     1         ../lib/libc.a(libc_a-fwalk.o):(.debug_abbrev)
            2403             2403       14     1         ../lib/libc.a(libc_a-memset.o):(.debug_abbrev)
            2417             2417      24f     1         ../lib/libc.a(libc_a-stdio.o):(.debug_abbrev)
            2666             2666      1ec     1         ../lib/libc.a(libc_a-readr.o):(.debug_abbrev)
            2852             2852      1f1     1         ../lib/libc.a(libc_a-writer.o):(.debug_abbrev)
            2a43             2a43      200     1         ../lib/libc.a(libc_a-lseekr.o):(.debug_abbrev)
            2c43             2c43      1ec     1         ../lib/libc.a(libc_a-closer.o):(.debug_abbrev)
            2e2f             2e2f      404     1         ../lib/libc.a(libc_a-svfprintf.o):(.debug_abbrev)
            3233             3233      264     1         ../lib/libc.a(libc_a-localeconv.o):(.debug_abbrev)
            3497             3497      2f4     1         ../lib/libc.a(libc_a-locale.o):(.debug_abbrev)
            378b             378b       83     1         ../lib/libc.a(libc_a-strcmp.o):(.debug_abbrev)
            380e             380e      253     1         ../lib/libc.a(libc_a-wctomb_r.o):(.debug_abbrev)
            3a61             3a61      25e     1         ../lib/libc.a(libc_a-mbtowc_r.o):(.debug_abbrev)
            3cbf             3cbf      133     1         ../lib/libc.a(libc_a-stack_protector.o):(.debug_abbrev)
            3df2             3df2      315     1         ../lib/libc.a(libc_a-signal.o):(.debug_abbrev)
            4107             4107      239     1         ../lib/libc.a(libc_a-signalr.o):(.debug_abbrev)
            4340             4340       69     1         ../lib/libc.a(libc_a-ctype_.o):(.debug_abbrev)
            43a9             43a9      329     1         ../lib/libc.a(libc_a-svfiprintf.o):(.debug_abbrev)
            46d2             46d2       b2     1         ../lib/libc.a(libc_a-memmove.o):(.debug_abbrev)
            4784             4784       14     1         ../lib/libc.a(libc_a-memcpy.o):(.debug_abbrev)
            4798             4798      29a     1         ../lib/libc.a(libc_a-reallocr.o):(.debug_abbrev)
            4a32             4a32       c7     1         ../lib/libc.a(libc_a-memchr.o):(.debug_abbrev)
            4af9             4af9      346     1         ../lib/libc.a(libc_a-dtoa.o):(.debug_abbrev)
            4e3f             4e3f      4ef     1         ../lib/libc.a(libc_a-mprec.o):(.debug_abbrev)
            532e             532e      25b     1         ../lib/libc.a(libc_a-callocr.o):(.debug_abbrev)
            5589             5589      19a     1         ../lib/libc.a(libc_a-errno.o):(.debug_abbrev)
            5723             5723      226     1         ../lib/libc.a(libc_a-assert.o):(.debug_abbrev)
            5949             5949      24b     1         ../lib/libc.a(libc_a-fiprintf.o):(.debug_abbrev)
            5b94             5b94      45e     1         ../lib/libc.a(libc_a-vfiprintf.o):(.debug_abbrev)
            5ff2             5ff2      363     1         ../lib/libc.a(libc_a-fputwc.o):(.debug_abbrev)
            6355             6355      25d     1         ../lib/libc.a(libc_a-wcrtomb.o):(.debug_abbrev)
            65b2             65b2      272     1         ../lib/libc.a(libc_a-wbuf.o):(.debug_abbrev)
            6824             6824      21e     1         ../lib/libc.a(libc_a-wsetup.o):(.debug_abbrev)
            6a42             6a42      2fb     1         ../lib/libc.a(libc_a-makebuf.o):(.debug_abbrev)
            6d3d             6d3d      1ff     1         ../lib/libc.a(libc_a-fstatr.o):(.debug_abbrev)
            6f3c             6f3c      1ec     1         ../lib/libc.a(libc_a-isattyr.o):(.debug_abbrev)
            7128             7128      254     1         ../lib/libc.a(libc_a-fvwrite.o):(.debug_abbrev)
            737c             737c       99     1         ../lib/libc.a(libc_a-abort.o):(.debug_abbrev)
            7415             7415      251     1         ../lib/libc.a(libc_a-sprintf.o):(.debug_abbrev)
            7666             7666      108     1         pci.o:(.debug_abbrev)
            776e             776e       f3     1         memory_map.o:(.debug_abbrev)
            7861             7861      193     1         newlib.o:(.debug_abbrev)
            79f4             79f4       f8     1         segment.o:(.debug_abbrev)
            7aec             7aec      145     1         interrupt.o:(.debug_abbrev)
            7c31             7c31      23c     1         paging.o:(.debug_abbrev)
            7e6d             7e6d       7c     1         keyboard.o:(.debug_abbrev)
            7ee9             7ee9       cf     1         input.o:(.debug_abbrev)
            7fb8             7fb8      2e8     1         command.o:(.debug_abbrev)
            82a0             82a0      324     1         ../lib/libc.a(libc_a-strtol.o):(.debug_abbrev)
            85c4             85c4      4bc     1         memory_manager.o:(.debug_abbrev)
               0                0    264f4     1 .debug_info
               0                0     1663     1         kernel.o:(.debug_info)
            1663             1663      696     1         frame.o:(.debug_info)
            1cf9             1cf9      136     1         ../lib/libc.a(libc_a-strcpy.o):(.debug_info)
            1e2f             1e2f      14c     1         ../lib/libc.a(libc_a-strcat.o):(.debug_info)
            1f7b             1f7b       fb     1         ../lib/libc.a(libc_a-strlen.o):(.debug_info)
            2076             2076      963     1         ../lib/libc.a(libc_a-vsprintf.o):(.debug_info)
            29d9             29d9      732     1         ../lib/libc.a(libc_a-impure.o):(.debug_info)
            310b             310b      f8c     1         ../lib/libc.a(libc_a-findfp.o):(.debug_info)
            4097             4097      91d     1         ../lib/libc.a(libc_a-fclose.o):(.debug_info)
            49b4             49b4      aaf     1         ../lib/libc.a(libc_a-fflush.o):(.debug_info)
            5463             5463      b73     1         ../lib/libc.a(libc_a-freer.o):(.debug_info)
            5fd6             5fd6      749     1         ../lib/libc.a(libc_a-mlock.o):(.debug_info)
            671f             671f      d17     1         ../lib/libc.a(libc_a-mallocr.o):(.debug_info)
            7436             7436      79c     1         ../lib/libc.a(libc_a-sbrkr.o):(.debug_info)
            7bd2             7bd2      823     1         ../lib/libc.a(libc_a-reent.o):(.debug_info)
            83f5             83f5      7f6     1         ../lib/libc.a(libc_a-fwalk.o):(.debug_info)
            8beb             8beb       29     1         ../lib/libc.a(libc_a-memset.o):(.debug_info)
            8c14             8c14      aaf     1         ../lib/libc.a(libc_a-stdio.o):(.debug_info)
            96c3             96c3      7d3     1         ../lib/libc.a(libc_a-readr.o):(.debug_info)
            9e96             9e96      7d9     1         ../lib/libc.a(libc_a-writer.o):(.debug_info)
            a66f             a66f      7d4     1         ../lib/libc.a(libc_a-lseekr.o):(.debug_info)
            ae43             ae43      77d     1         ../lib/libc.a(libc_a-closer.o):(.debug_info)
            b5c0             b5c0     185b     1         ../lib/libc.a(libc_a-svfprintf.o):(.debug_info)
            ce1b             ce1b      a40     1         ../lib/libc.a(libc_a-localeconv.o):(.debug_info)
            d85b             d85b      cc4     1         ../lib/libc.a(libc_a-locale.o):(.debug_info)
            e51f             e51f       fb     1         ../lib/libc.a(libc_a-strcmp.o):(.debug_info)
            e61a             e61a      a7b     1         ../lib/libc.a(libc_a-wctomb_r.o):(.debug_info)
            f095             f095      aef     1         ../lib/libc.a(libc_a-mbtowc_r.o):(.debug_info)
            fb84             fb84      20c     1         ../lib/libc.a(libc_a-stack_protector.o):(.debug_info)
            fd90             fd90      ef1     1         ../lib/libc.a(libc_a-signal.o):(.debug_info)
           10c81            10c81      810     1         ../lib/libc.a(libc_a-signalr.o):(.debug_info)
           11491            11491       f6     1         ../lib/libc.a(libc_a-ctype_.o):(.debug_info)
           11587            11587     124f     1         ../lib/libc.a(libc_a-svfiprintf.o):(.debug_info)
           127d6            127d6      15d     1         ../lib/libc.a(libc_a-memmove.o):(.debug_info)
           12933            12933       29     1         ../lib/libc.a(libc_a-memcpy.o):(.debug_info)
           1295c            1295c      bfa     1         ../lib/libc.a(libc_a-reallocr.o):(.debug_info)
           13556            13556      15a     1         ../lib/libc.a(libc_a-memchr.o):(.debug_info)
           136b0            136b0     170e     1         ../lib/libc.a(libc_a-dtoa.o):(.debug_info)
           14dbe            14dbe     200f     1         ../lib/libc.a(libc_a-mprec.o):(.debug_info)
           16dcd            16dcd      8e7     1         ../lib/libc.a(libc_a-callocr.o):(.debug_info)
           176b4            176b4      71e     1         ../lib/libc.a(libc_a-errno.o):(.debug_info)
           17dd2            17dd2      84b     1         ../lib/libc.a(libc_a-assert.o):(.debug_info)
           1861d            1861d      8df     1         ../lib/libc.a(libc_a-fiprintf.o):(.debug_info)
           18efc            18efc     194f     1         ../lib/libc.a(libc_a-vfiprintf.o):(.debug_info)
           1a84b            1a84b      a7d     1         ../lib/libc.a(libc_a-fputwc.o):(.debug_info)
           1b2c8            1b2c8      b79     1         ../lib/libc.a(libc_a-wcrtomb.o):(.debug_info)
           1be41            1be41      89f     1         ../lib/libc.a(libc_a-wbuf.o):(.debug_info)
           1c6e0            1c6e0      7ea     1         ../lib/libc.a(libc_a-wsetup.o):(.debug_info)
           1ceca            1ceca      c71     1         ../lib/libc.a(libc_a-makebuf.o):(.debug_info)
           1db3b            1db3b      990     1         ../lib/libc.a(libc_a-fstatr.o):(.debug_info)
           1e4cb            1e4cb      77d     1         ../lib/libc.a(libc_a-isattyr.o):(.debug_info)
           1ec48            1ec48      bae     1         ../lib/libc.a(libc_a-fvwrite.o):(.debug_info)
           1f7f6            1f7f6       f0     1         ../lib/libc.a(libc_a-abort.o):(.debug_info)
           1f8e6            1f8e6      91a     1         ../lib/libc.a(libc_a-sprintf.o):(.debug_info)
           20200            20200      487     1         pci.o:(.debug_info)
           20687            20687      1bb     1         memory_map.o:(.debug_info)
           20842            20842      56a     1         newlib.o:(.debug_info)
           20dac            20dac      227     1         segment.o:(.debug_info)
           20fd3            20fd3      351     1         interrupt.o:(.debug_info)
           21324            21324      f40     1         paging.o:(.debug_info)
           22264            22264       67     1         keyboard.o:(.debug_info)
           222cb            222cb      19a     1         input.o:(.debug_info)
           22465            22465     12e5     1         command.o:(.debug_info)
           2374a            2374a      ed2     1         ../lib/libc.a(libc_a-strtol.o):(.debug_info)
           2461c            2461c     1ed8     1         memory_manager.o:(.debug_info)
               0                0      825     1 .debug_rnglists
               0                0       43     1         kernel.o:(.debug_rnglists)
              43               43       20     1         frame.o:(.debug_rnglists)
              63               63       6b     1         ../lib/libc.a(libc_a-findfp.o):(.debug_rnglists)
              ce               ce       1f     1         ../lib/libc.a(libc_a-fclose.o):(.debug_rnglists)
              ed               ed       54     1         ../lib/libc.a(libc_a-fflush.o):(.debug_rnglists)
             141              141       3a     1         ../lib/libc.a(libc_a-mallocr.o):(.debug_rnglists)
             17b              17b       f8     1         ../lib/libc.a(libc_a-svfprintf.o):(.debug_rnglists)
             273              273       21     1         ../lib/libc.a(libc_a-locale.o):(.debug_rnglists)
             294              294       22     1         ../lib/libc.a(libc_a-stack_protector.o):(.debug_rnglists)
             2b6              2b6       b6     1         ../lib/libc.a(libc_a-signal.o):(.debug_rnglists)
             36c              36c       36     1         ../lib/libc.a(libc_a-svfiprintf.o):(.debug_rnglists)
             3a2              3a2       a4     1         ../lib/libc.a(libc_a-reallocr.o):(.debug_rnglists)
             446              446       31     1         ../lib/libc.a(libc_a-dtoa.o):(.debug_rnglists)
             477              477       b9     1         ../lib/libc.a(libc_a-mprec.o):(.debug_rnglists)
             530              530       24     1         ../lib/libc.a(libc_a-callocr.o):(.debug_rnglists)
             554              554       cd     1         ../lib/libc.a(libc_a-vfiprintf.o):(.debug_rnglists)
             621              621       32     1         ../lib/libc.a(libc_a-fputwc.o):(.debug_rnglists)
             653              653       18     1         ../lib/libc.a(libc_a-wbuf.o):(.debug_rnglists)
             66b              66b       18     1         ../lib/libc.a(libc_a-wsetup.o):(.debug_rnglists)
             683              683       23     1         ../lib/libc.a(libc_a-makebuf.o):(.debug_rnglists)
             6a6              6a6       30     1         ../lib/libc.a(libc_a-fvwrite.o):(.debug_rnglists)
             6d6              6d6       57     1         pci.o:(.debug_rnglists)
             72d              72d       23     1         interrupt.o:(.debug_rnglists)
             750              750       1e     1         paging.o:(.debug_rnglists)
             76e              76e       18     1         input.o:(.debug_rnglists)
             786              786       26     1         command.o:(.debug_rnglists)
             7ac              7ac       2d     1         ../lib/libc.a(libc_a-strtol.o):(.debug_rnglists)
             7d9              7d9       4c     1         memory_manager.o:(.debug_rnglists)
               0                0     1c24     1 .debug_str_offsets
               0                0      5a0     1         kernel.o:(.debug_str_offsets)
             5a0              5a0      1e0     1         frame.o:(.debug_str_offsets)
             780              780      12c     1         pci.o:(.debug_str_offsets)
             8ac              8ac       b8     1         memory_map.o:(.debug_str_offsets)
             964              964       e4     1         segment.o:(.debug_str_offsets)
             a48              a48      154     1         interrupt.o:(.debug_str_offsets)
             b9c              b9c      3d0     1         paging.o:(.debug_str_offsets)
             f6c              f6c       30     1         keyboard.o:(.debug_str_offsets)
             f9c              f9c       6c     1         input.o:(.debug_str_offsets)
            1008             1008      460     1         command.o:(.debug_str_offsets)
            1468             1468      7bc     1         memory_manager.o:(.debug_str_offsets)
               0                0     4cb1     1 .debug_str
               0                0     4cb1     1         <internal>:(.debug_str)
               0                0      500     1 .debug_addr
               0                0       90     1         kernel.o:(.debug_addr)
              90               90      100     1         frame.o:(.debug_addr)
             190              190       c0     1         pci.o:(.debug_addr)
             250              250       28     1         memory_map.o:(.debug_addr)
             278              278       30     1         segment.o:(.debug_addr)
             2a8              2a8       80     1         interrupt.o:(.debug_addr)
             328              328       50     1         paging.o:(.debug_addr)
             378              378       20     1         keyboard.o:(.debug_addr)
             398              398       40     1         input.o:(.debug_addr)
             3d8              3d8       40     1         command.o:(.debug_addr)
             418              418       e8     1         memory_manager.o:(.debug_addr)
               0                0       6b     1 .comment
               0                0       6b     1         <internal>:(.comment)
               0                0     ccf7     1 .debug_line
               0                0      2ae     1         kernel.o:(.debug_line)
             2ae              2ae      6f8     1         frame.o:(.debug_line)
             9a6              9a6       cf     1         ../lib/libc.a(libc_a-strcpy.o):(.debug_line)
             a75              a75       a7     1         ../lib/libc.a(libc_a-strcat.o):(.debug_line)
             b1c              b1c       bc     1         ../lib/libc.a(libc_a-strlen.o):(.debug_line)
             bd8              bd8      117     1         ../lib/libc.a(libc_a-vsprintf.o):(.debug_line)
             cef              cef       56     1         ../lib/libc.a(libc_a-impure.o):(.debug_line)
             d45              d45      415     1         ../lib/libc.a(libc_a-findfp.o):(.debug_line)
            115a             115a      15c     1         ../lib/libc.a(libc_a-fclose.o):(.debug_line)
            12b6             12b6      38b     1         ../lib/libc.a(libc_a-fflush.o):(.debug_line)
            1641             1641      460     1         ../lib/libc.a(libc_a-freer.o):(.debug_line)
            1aa1             1aa1       74     1         ../lib/libc.a(libc_a-mlock.o):(.debug_line)
            1b15             1b15      76f     1         ../lib/libc.a(libc_a-mallocr.o):(.debug_line)
            2284             2284       a9     1         ../lib/libc.a(libc_a-sbrkr.o):(.debug_line)
            232d             232d      11b     1         ../lib/libc.a(libc_a-reent.o):(.debug_line)
            2448             2448       df     1         ../lib/libc.a(libc_a-fwalk.o):(.debug_line)
            2527             2527       82     1         ../lib/libc.a(libc_a-memset.o):(.debug_line)
            25a9             25a9      15f     1         ../lib/libc.a(libc_a-stdio.o):(.debug_line)
            2708             2708       b4     1         ../lib/libc.a(libc_a-readr.o):(.debug_line)
            27bc             27bc       b4     1         ../lib/libc.a(libc_a-writer.o):(.debug_line)
            2870             2870       b6     1         ../lib/libc.a(libc_a-lseekr.o):(.debug_line)
            2926             2926       ad     1         ../lib/libc.a(libc_a-closer.o):(.debug_line)
            29d3             29d3     1746     1         ../lib/libc.a(libc_a-svfprintf.o):(.debug_line)
            4119             4119       a7     1         ../lib/libc.a(libc_a-localeconv.o):(.debug_line)
            41c0             41c0      161     1         ../lib/libc.a(libc_a-locale.o):(.debug_line)
            4321             4321       d7     1         ../lib/libc.a(libc_a-strcmp.o):(.debug_line)
            43f8             43f8       d9     1         ../lib/libc.a(libc_a-wctomb_r.o):(.debug_line)
            44d1             44d1       db     1         ../lib/libc.a(libc_a-mbtowc_r.o):(.debug_line)
            45ac             45ac       d2     1         ../lib/libc.a(libc_a-stack_protector.o):(.debug_line)
            467e             467e      581     1         ../lib/libc.a(libc_a-signal.o):(.debug_line)
            4bff             4bff       c6     1         ../lib/libc.a(libc_a-signalr.o):(.debug_line)
            4cc5             4cc5       48     1         ../lib/libc.a(libc_a-ctype_.o):(.debug_line)
            4d0d             4d0d      dfa     1         ../lib/libc.a(libc_a-svfiprintf.o):(.debug_line)
            5b07             5b07      15e     1         ../lib/libc.a(libc_a-memmove.o):(.debug_line)
            5c65             5c65       97     1         ../lib/libc.a(libc_a-memcpy.o):(.debug_line)
            5cfc             5cfc      634     1         ../lib/libc.a(libc_a-reallocr.o):(.debug_line)
            6330             6330      12d     1         ../lib/libc.a(libc_a-memchr.o):(.debug_line)
            645d             645d     1380     1         ../lib/libc.a(libc_a-dtoa.o):(.debug_line)
            77dd             77dd     158c     1         ../lib/libc.a(libc_a-mprec.o):(.debug_line)
            8d69             8d69      177     1         ../lib/libc.a(libc_a-callocr.o):(.debug_line)
            8ee0             8ee0       72     1         ../lib/libc.a(libc_a-errno.o):(.debug_line)
            8f52             8f52       bc     1         ../lib/libc.a(libc_a-assert.o):(.debug_line)
            900e             900e       d8     1         ../lib/libc.a(libc_a-fiprintf.o):(.debug_line)
            90e6             90e6     107c     1         ../lib/libc.a(libc_a-vfiprintf.o):(.debug_line)
            a162             a162      21f     1         ../lib/libc.a(libc_a-fputwc.o):(.debug_line)
            a381             a381      151     1         ../lib/libc.a(libc_a-wcrtomb.o):(.debug_line)
            a4d2             a4d2      1d2     1         ../lib/libc.a(libc_a-wbuf.o):(.debug_line)
            a6a4             a6a4      20d     1         ../lib/libc.a(libc_a-wsetup.o):(.debug_line)
            a8b1             a8b1      22d     1         ../lib/libc.a(libc_a-makebuf.o):(.debug_line)
            aade             aade       c6     1         ../lib/libc.a(libc_a-fstatr.o):(.debug_line)
            aba4             aba4       ad     1         ../lib/libc.a(libc_a-isattyr.o):(.debug_line)
            ac51             ac51      535     1         ../lib/libc.a(libc_a-fvwrite.o):(.debug_line)
            b186             b186       72     1         ../lib/libc.a(libc_a-abort.o):(.debug_line)
            b1f8             b1f8      12b     1         ../lib/libc.a(libc_a-sprintf.o):(.debug_line)
            b323             b323      428     1         pci.o:(.debug_line)
            b74b             b74b      11c     1         memory_map.o:(.debug_line)
            b867             b867      12e     1         newlib.o:(.debug_line)
            b995             b995      1db     1         segment.o:(.debug_line)
            bb70             bb70      343     1         interrupt.o:(.debug_line)
            beb3             beb3      173     1         paging.o:(.debug_line)
            c026             c026       7e     1         keyboard.o:(.debug_line)
            c0a4             c0a4      1f5     1         input.o:(.debug_line)
            c299             c299      1e2     1         command.o:(.debug_line)
            c47b             c47b      2e4     1         ../lib/libc.a(libc_a-strtol.o):(.debug_line)
            c75f             c75f      598     1         memory_manager.o:(.debug_line)
               0                0      e6f     1 .debug_line_str
               0                0      e6f     1         <internal>:(.debug_line_str)
               0                0     d8b1     1 .debug_loclists
               0                0       3c     1         frame.o:(.debug_loclists)
              3c               3c       d1     1         ../lib/libc.a(libc_a-strcpy.o):(.debug_loclists)
             10d              10d       52     1         ../lib/libc.a(libc_a-strcat.o):(.debug_loclists)
             15f              15f       39     1         ../lib/libc.a(libc_a-strlen.o):(.debug_loclists)
             198              198      118     1         ../lib/libc.a(libc_a-vsprintf.o):(.debug_loclists)
             2b0              2b0      1d2     1         ../lib/libc.a(libc_a-findfp.o):(.debug_loclists)
             482              482      112     1         ../lib/libc.a(libc_a-fclose.o):(.debug_loclists)
             594              594      2bb     1         ../lib/libc.a(libc_a-fflush.o):(.debug_loclists)
             84f              84f      4c7     1         ../lib/libc.a(libc_a-freer.o):(.debug_loclists)
             d16              d16      9aa     1         ../lib/libc.a(libc_a-mallocr.o):(.debug_loclists)
            16c0             16c0       50     1         ../lib/libc.a(libc_a-sbrkr.o):(.debug_loclists)
            1710             1710       8c     1         ../lib/libc.a(libc_a-reent.o):(.debug_loclists)
            179c             179c       94     1         ../lib/libc.a(libc_a-fwalk.o):(.debug_loclists)
            1830             1830      256     1         ../lib/libc.a(libc_a-stdio.o):(.debug_loclists)
            1a86             1a86       82     1         ../lib/libc.a(libc_a-readr.o):(.debug_loclists)
            1b08             1b08       82     1         ../lib/libc.a(libc_a-writer.o):(.debug_loclists)
            1b8a             1b8a       82     1         ../lib/libc.a(libc_a-lseekr.o):(.debug_loclists)
            1c0c             1c0c       50     1         ../lib/libc.a(libc_a-closer.o):(.debug_loclists)
            1c5c             1c5c     1fce     1         ../lib/libc.a(libc_a-svfprintf.o):(.debug_loclists)
            3c2a             3c2a       1e     1         ../lib/libc.a(libc_a-localeconv.o):(.debug_loclists)
            3c48             3c48      189     1         ../lib/libc.a(libc_a-locale.o):(.debug_loclists)
            3dd1             3dd1       60     1         ../lib/libc.a(libc_a-strcmp.o):(.debug_loclists)
            3e31             3e31       5c     1         ../lib/libc.a(libc_a-wctomb_r.o):(.debug_loclists)
            3e8d             3e8d      107     1         ../lib/libc.a(libc_a-mbtowc_r.o):(.debug_loclists)
            3f94             3f94      813     1         ../lib/libc.a(libc_a-signal.o):(.debug_loclists)
            47a7             47a7       7b     1         ../lib/libc.a(libc_a-signalr.o):(.debug_loclists)
            4822             4822      ffd     1         ../lib/libc.a(libc_a-svfiprintf.o):(.debug_loclists)
            581f             581f      3ae     1         ../lib/libc.a(libc_a-memmove.o):(.debug_loclists)
            5bcd             5bcd      b7b     1         ../lib/libc.a(libc_a-reallocr.o):(.debug_loclists)
            6748             6748      154     1         ../lib/libc.a(libc_a-memchr.o):(.debug_loclists)
            689c             689c     23c9     1         ../lib/libc.a(libc_a-dtoa.o):(.debug_loclists)
            8c65             8c65     1900     1         ../lib/libc.a(libc_a-mprec.o):(.debug_loclists)
            a565             a565      190     1         ../lib/libc.a(libc_a-callocr.o):(.debug_loclists)
            a6f5             a6f5       d3     1         ../lib/libc.a(libc_a-assert.o):(.debug_loclists)
            a7c8             a7c8       9d     1         ../lib/libc.a(libc_a-fiprintf.o):(.debug_loclists)
            a865             a865     1b20     1         ../lib/libc.a(libc_a-vfiprintf.o):(.debug_loclists)
            c385             c385      1e7     1         ../lib/libc.a(libc_a-fputwc.o):(.debug_loclists)
            c56c             c56c      184     1         ../lib/libc.a(libc_a-wcrtomb.o):(.debug_loclists)
            c6f0             c6f0      131     1         ../lib/libc.a(libc_a-wbuf.o):(.debug_loclists)
            c821             c821       5f     1         ../lib/libc.a(libc_a-wsetup.o):(.debug_loclists)
            c880             c880      217     1         ../lib/libc.a(libc_a-makebuf.o):(.debug_loclists)
            ca97             ca97       69     1         ../lib/libc.a(libc_a-fstatr.o):(.debug_loclists)
            cb00             cb00       50     1         ../lib/libc.a(libc_a-isattyr.o):(.debug_loclists)
            cb50             cb50      548     1         ../lib/libc.a(libc_a-fvwrite.o):(.debug_loclists)
            d098             d098       b3     1         ../lib/libc.a(libc_a-sprintf.o):(.debug_loclists)
            d14b             d14b      766     1         ../lib/libc.a(libc_a-strtol.o):(.debug_loclists)
               0                0      a10    16 .debug_aranges
               0                0       30     1         ../lib/libc.a(libc_a-strcpy.o):(.debug_aranges)
              30               30       30     1         ../lib/libc.a(libc_a-strcat.o):(.debug_aranges)
              60               60       30     1         ../lib/libc.a(libc_a-strlen.o):(.debug_aranges)
              90               90       30     1         ../lib/libc.a(libc_a-vsprintf.o):(.debug_aranges)
              c0               c0       20     1         ../lib/libc.a(libc_a-impure.o):(.debug_aranges)
              e0               e0       30     1         ../lib/libc.a(libc_a-findfp.o):(.debug_aranges)
             110              110       30     1         ../lib/libc.a(libc_a-fclose.o):(.debug_aranges)
             140              140       30     1         ../lib/libc.a(libc_a-fflush.o):(.debug_aranges)
             170              170       30     1         ../lib/libc.a(libc_a-freer.o):(.debug_aranges)
             1a0              1a0       30     1         ../lib/libc.a(libc_a-mlock.o):(.debug_aranges)
             1d0              1d0       30     1         ../lib/libc.a(libc_a-mallocr.o):(.debug_aranges)
             200              200       30     1         ../lib/libc.a(libc_a-sbrkr.o):(.debug_aranges)
             230              230       30     1         ../lib/libc.a(libc_a-reent.o):(.debug_aranges)
             260              260       30     1         ../lib/libc.a(libc_a-fwalk.o):(.debug_aranges)
             290              290       30    16         ../lib/libc.a(libc_a-memset.o):(.debug_aranges)
             2c0              2c0       30     1         ../lib/libc.a(libc_a-stdio.o):(.debug_aranges)
             2f0              2f0       30     1         ../lib/libc.a(libc_a-readr.o):(.debug_aranges)
             320              320       30     1         ../lib/libc.a(libc_a-writer.o):(.debug_aranges)
             350              350       30     1         ../lib/libc.a(libc_a-lseekr.o):(.debug_aranges)
             380              380       30     1         ../lib/libc.a(libc_a-closer.o):(.debug_aranges)
             3b0              3b0       30     1         ../lib/libc.a(libc_a-svfprintf.o):(.debug_aranges)
             3e0              3e0       30     1         ../lib/libc.a(libc_a-localeconv.o):(.debug_aranges)
             410              410       30     1         ../lib/libc.a(libc_a-locale.o):(.debug_aranges)
             440              440       30     1         ../lib/libc.a(libc_a-strcmp.o):(.debug_aranges)
             470              470       30     1         ../lib/libc.a(libc_a-wctomb_r.o):(.debug_aranges)
             4a0              4a0       30     1         ../lib/libc.a(libc_a-mbtowc_r.o):(.debug_aranges)
             4d0              4d0       40     1         ../lib/libc.a(libc_a-stack_protector.o):(.debug_aranges)
             510              510       30     1         ../lib/libc.a(libc_a-signal.o):(.debug_aranges)
             540              540       30     1         ../lib/libc.a(libc_a-signalr.o):(.debug_aranges)
             570              570       20     1         ../lib/libc.a(libc_a-ctype_.o):(.debug_aranges)
             590              590       30     1         ../lib/libc.a(libc_a-svfiprintf.o):(.debug_aranges)
             5c0              5c0       30     1         ../lib/libc.a(libc_a-memmove.o):(.debug_aranges)
             5f0              5f0       30    16         ../lib/libc.a(libc_a-memcpy.o):(.debug_aranges)
             620              620       30     1         ../lib/libc.a(libc_a-reallocr.o):(.debug_aranges)
             650              650       30     1         ../lib/libc.a(libc_a-memchr.o):(.debug_aranges)
             680              680       30     1         ../lib/libc.a(libc_a-dtoa.o):(.debug_aranges)
             6b0              6b0       30     1         ../lib/libc.a(libc_a-mprec.o):(.debug_aranges)
             6e0              6e0       30     1         ../lib/libc.a(libc_a-callocr.o):(.debug_aranges)
             710              710       30     1         ../lib/libc.a(libc_a-errno.o):(.debug_aranges)
             740              740       30     1         ../lib/libc.a(libc_a-assert.o):(.debug_aranges)
             770              770       30     1         ../lib/libc.a(libc_a-fiprintf.o):(.debug_aranges)
             7a0              7a0       30     1         ../lib/libc.a(libc_a-vfiprintf.o):(.debug_aranges)
             7d0              7d0       30     1         ../lib/libc.a(libc_a-fputwc.o):(.debug_aranges)
             800              800       30     1         ../lib/libc.a(libc_a-wcrtomb.o):(.debug_aranges)
             830              830       30     1         ../lib/libc.a(libc_a-wbuf.o):(.debug_aranges)
             860              860       30     1         ../lib/libc.a(libc_a-wsetup.o):(.debug_aranges)
             890              890       30     1         ../lib/libc.a(libc_a-makebuf.o):(.debug_aranges)
             8c0              8c0       30     1         ../lib/libc.a(libc_a-fstatr.o):(.debug_aranges)
             8f0              8f0       30     1         ../lib/libc.a(libc_a-isattyr.o):(.debug_aranges)
             920              920       30     1         ../lib/libc.a(libc_a-fvwrite.o):(.debug_aranges)
             950              950       30     1         ../lib/libc.a(libc_a-abort.o):(.debug_aranges)
             980              980       30     1         ../lib/libc.a(libc_a-sprintf.o):(.debug_aranges)
             9b0              9b0       30     1         newlib.o:(.debug_aranges)
             9e0              9e0       30     1         ../lib/libc.a(libc_a-strtol.o):(.debug_aranges)
               0                0     2358     8 .symtab
               0                0     2358     8         <internal>:(.symtab)
               0                0       eb     1 .shstrtab
               0                0       eb     1         <internal>:(.shstrtab)
               0                0     1653     1 .strtab
               0                0     1653     1         <internal>:(.strtab)
