             VMA              LMA     Size Align Out     In      Symbol
          100160           100160      fd0    32 .rodata
          100160           100160      585     1         <internal>:(.rodata)
          1006e8           1006e8       68     8         <internal>:(.rodata)
          100750           100750      190    16         ../lib/libc.a(libc_a-svfprintf.o):(.rodata)
          1008c0           1008c0       10     1                 zeroes.0
          1008d0           1008d0       10     1                 blanks.1
          1008e0           1008e0       40    16         <internal>:(.rodata)
          100920           100920      2a0    32         ../lib/libc.a(libc_a-ctype_.o):(.rodata)
          100920           100920      101     1                 _ctype_
          100a40           100a40      180     1                 _ctype_b
          100bc0           100bc0      190    16         ../lib/libc.a(libc_a-svfiprintf.o):(.rodata)
          100d30           100d30       10     1                 zeroes.0
          100d40           100d40       10     1                 blanks.1
          100d60           100d60      168    32         ../lib/libc.a(libc_a-mprec.o):(.rodata)
          100d60           100d60        c     1                 p05.0
          100d80           100d80       28     1                 __mprec_tinytens
          100dc0           100dc0       28     1                 __mprec_bigtens
          100e00           100e00       c8     1                 __mprec_tens
          100ec8           100ec8       2f     8         <internal>:(.rodata)
          100f00           100f00      190    16         ../lib/libc.a(libc_a-vfiprintf.o):(.rodata)
          101070           101070       10     1                 zeroes.0
          101080           101080       10     1                 blanks.1
          101090           101090       87     1         newlib.o:(.rodata)
          101118           101118       18     8         timer.o:(.rodata)
          101118           101118        8     1                 (anonymous namespace)::divide_config
          101120           101120        8     1                 (anonymous namespace)::lvt_timer
          101128           101128        8     1                 (anonymous namespace)::initial_count
          101130           101130     2454     8 .eh_frame
          101130           101130       d4     1         kernel.o:(.eh_frame+0x0)
          101208           101208       3c     1         kernel.o:(.eh_frame+0xd4)
          101248           101248       a0     1         kernel.o:(.eh_frame+0x110)
          1012e8           1012e8      220     1         frame.o:(.eh_frame+0x18)
          101508           101508       18     1         ../lib/libc.a(libc_a-strcpy.o):(.eh_frame+0x18)
          101520           101520       20     1         ../lib/libc.a(libc_a-strcat.o):(.eh_frame+0x18)
          101540           101540       18     1         ../lib/libc.a(libc_a-strlen.o):(.eh_frame+0x18)
          101558           101558       1c     1         ../lib/libc.a(libc_a-vsprintf.o):(.eh_frame+0x18)
          101578           101578       1c     1         ../lib/libc.a(libc_a-vsprintf.o):(.eh_frame+0x34)
          101598           101598       14     1         ../lib/libc.a(libc_a-findfp.o):(.eh_frame+0x18)
          1015b0           1015b0       14     1         ../lib/libc.a(libc_a-findfp.o):(.eh_frame+0x2c)
          1015c8           1015c8       34     1         ../lib/libc.a(libc_a-findfp.o):(.eh_frame+0x40)
          101600           101600       3c     1         ../lib/libc.a(libc_a-findfp.o):(.eh_frame+0x74)
          101640           101640       44     1         ../lib/libc.a(libc_a-findfp.o):(.eh_frame+0xb0)
          101688           101688       14     1         ../lib/libc.a(libc_a-findfp.o):(.eh_frame+0xf4)
          1016a0           1016a0       14     1         ../lib/libc.a(libc_a-findfp.o):(.eh_frame+0x108)
          1016b8           1016b8       14     1         ../lib/libc.a(libc_a-findfp.o):(.eh_frame+0x11c)
          1016d0           1016d0       18     1         ../lib/libc.a(libc_a-findfp.o):(.eh_frame+0x130)
          1016e8           1016e8       3c     1         ../lib/libc.a(libc_a-fclose.o):(.eh_frame+0x18)
          101728           101728       14     1         ../lib/libc.a(libc_a-fclose.o):(.eh_frame+0x54)
          101740           101740       90     1         ../lib/libc.a(libc_a-fflush.o):(.eh_frame+0x18)
          1017d0           1017d0       3c     1         ../lib/libc.a(libc_a-freer.o):(.eh_frame+0x18)
          101810           101810       5c     1         ../lib/libc.a(libc_a-freer.o):(.eh_frame+0x54)
          101870           101870       14     1         ../lib/libc.a(libc_a-mlock.o):(.eh_frame+0x18)
          101888           101888       14     1         ../lib/libc.a(libc_a-mlock.o):(.eh_frame+0x2c)
          1018a0           1018a0       80     1         ../lib/libc.a(libc_a-mallocr.o):(.eh_frame+0x18)
          101920           101920       20     1         ../lib/libc.a(libc_a-sbrkr.o):(.eh_frame+0x18)
          101940           101940       40     1         ../lib/libc.a(libc_a-reent.o):(.eh_frame+0x18)
          101980           101980       48     1         ../lib/libc.a(libc_a-fwalk.o):(.eh_frame+0x18)
          1019c8           1019c8       34     1         ../lib/libc.a(libc_a-stdio.o):(.eh_frame+0x18)
          101a00           101a00       34     1         ../lib/libc.a(libc_a-stdio.o):(.eh_frame+0x4c)
          101a38           101a38       38     1         ../lib/libc.a(libc_a-stdio.o):(.eh_frame+0x80)
          101a70           101a70       20     1         ../lib/libc.a(libc_a-readr.o):(.eh_frame+0x18)
          101a90           101a90       20     1         ../lib/libc.a(libc_a-writer.o):(.eh_frame+0x18)
          101ab0           101ab0       20     1         ../lib/libc.a(libc_a-lseekr.o):(.eh_frame+0x18)
          101ad0           101ad0       20     1         ../lib/libc.a(libc_a-closer.o):(.eh_frame+0x18)
          101af0           101af0       50     1         ../lib/libc.a(libc_a-svfprintf.o):(.eh_frame+0x18)
          101b40           101b40       14     1         ../lib/libc.a(libc_a-localeconv.o):(.eh_frame+0x18)
          101b58           101b58       14     1         ../lib/libc.a(libc_a-localeconv.o):(.eh_frame+0x2c)
          101b70           101b70       18     1         ../lib/libc.a(libc_a-localeconv.o):(.eh_frame+0x40)
          101b88           101b88       24     1         ../lib/libc.a(libc_a-locale.o):(.eh_frame+0x18)
          101bb0           101bb0       14     1         ../lib/libc.a(libc_a-locale.o):(.eh_frame+0x3c)
          101bc8           101bc8       28     1         ../lib/libc.a(libc_a-locale.o):(.eh_frame+0x50)
          101bf0           101bf0       18     1         ../lib/libc.a(libc_a-strcmp.o):(.eh_frame+0x18)
          101c08           101c08       14     1         ../lib/libc.a(libc_a-wctomb_r.o):(.eh_frame+0x18)
          101c20           101c20       14     1         ../lib/libc.a(libc_a-wctomb_r.o):(.eh_frame+0x2c)
          101c38           101c38       14     1         ../lib/libc.a(libc_a-mbtowc_r.o):(.eh_frame+0x18)
          101c50           101c50       1c     1         ../lib/libc.a(libc_a-mbtowc_r.o):(.eh_frame+0x2c)
          101c70           101c70       14     1         ../lib/libc.a(libc_a-stack_protector.o):(.eh_frame+0x18)
          101c88           101c88       1c     1         ../lib/libc.a(libc_a-stack_protector.o):(.eh_frame+0x2c)
          101ca8           101ca8       20     1         ../lib/libc.a(libc_a-stack_protector.o):(.eh_frame+0x48)
          101cc8           101cc8       4c     1         ../lib/libc.a(libc_a-signal.o):(.eh_frame+0x18)
          101d18           101d18      184     1         ../lib/libc.a(libc_a-signal.o):(.eh_frame+0x64)
          101ea0           101ea0       38     1         ../lib/libc.a(libc_a-signalr.o):(.eh_frame+0x18)
          101ed8           101ed8       4c     1         ../lib/libc.a(libc_a-svfiprintf.o):(.eh_frame+0x18)
          101f28           101f28       54     1         ../lib/libc.a(libc_a-svfiprintf.o):(.eh_frame+0x64)
          101f80           101f80       18     1         ../lib/libc.a(libc_a-memmove.o):(.eh_frame+0x18)
          101f98           101f98       68     1         ../lib/libc.a(libc_a-reallocr.o):(.eh_frame+0x18)
          102000           102000       18     1         ../lib/libc.a(libc_a-memchr.o):(.eh_frame+0x18)
          102018           102018       4c     1         ../lib/libc.a(libc_a-dtoa.o):(.eh_frame+0x18)
          102068           102068       4c     1         ../lib/libc.a(libc_a-dtoa.o):(.eh_frame+0x64)
          1020b8           1020b8       2c     1         ../lib/libc.a(libc_a-mprec.o):(.eh_frame+0x18)
          1020e8           1020e8       14     1         ../lib/libc.a(libc_a-mprec.o):(.eh_frame+0x44)
          102100           102100       8c     1         ../lib/libc.a(libc_a-mprec.o):(.eh_frame+0x58)
          102190           102190       14     1         ../lib/libc.a(libc_a-mprec.o):(.eh_frame+0xe4)
          1021a8           1021a8       14     1         ../lib/libc.a(libc_a-mprec.o):(.eh_frame+0xf8)
          1021c0           1021c0       24     1         ../lib/libc.a(libc_a-mprec.o):(.eh_frame+0x10c)
          1021e8           1021e8       4c     1         ../lib/libc.a(libc_a-mprec.o):(.eh_frame+0x130)
          102238           102238       3c     1         ../lib/libc.a(libc_a-mprec.o):(.eh_frame+0x17c)
          102278           102278       4c     1         ../lib/libc.a(libc_a-mprec.o):(.eh_frame+0x1b8)
          1022c8           1022c8       14     1         ../lib/libc.a(libc_a-mprec.o):(.eh_frame+0x204)
          1022e0           1022e0       64     1         ../lib/libc.a(libc_a-mprec.o):(.eh_frame+0x218)
          102348           102348       14     1         ../lib/libc.a(libc_a-mprec.o):(.eh_frame+0x27c)
          102360           102360       34     1         ../lib/libc.a(libc_a-mprec.o):(.eh_frame+0x290)
          102398           102398       34     1         ../lib/libc.a(libc_a-mprec.o):(.eh_frame+0x2c4)
          1023d0           1023d0       14     1         ../lib/libc.a(libc_a-mprec.o):(.eh_frame+0x2f8)
          1023e8           1023e8       14     1         ../lib/libc.a(libc_a-mprec.o):(.eh_frame+0x30c)
          102400           102400       18     1         ../lib/libc.a(libc_a-mprec.o):(.eh_frame+0x320)
          102418           102418       28     1         ../lib/libc.a(libc_a-callocr.o):(.eh_frame+0x18)
          102440           102440       18     1         ../lib/libc.a(libc_a-errno.o):(.eh_frame+0x18)
          102458           102458       24     1         ../lib/libc.a(libc_a-assert.o):(.eh_frame+0x18)
          102480           102480       1c     1         ../lib/libc.a(libc_a-assert.o):(.eh_frame+0x3c)
          1024a0           1024a0       1c     1         ../lib/libc.a(libc_a-fiprintf.o):(.eh_frame+0x18)
          1024c0           1024c0       1c     1         ../lib/libc.a(libc_a-fiprintf.o):(.eh_frame+0x34)
          1024e0           1024e0       4c     1         ../lib/libc.a(libc_a-vfiprintf.o):(.eh_frame+0x18)
          102530           102530       14     1         ../lib/libc.a(libc_a-vfiprintf.o):(.eh_frame+0x64)
          102548           102548       7c     1         ../lib/libc.a(libc_a-vfiprintf.o):(.eh_frame+0x78)
          1025c8           1025c8       3c     1         ../lib/libc.a(libc_a-vfiprintf.o):(.eh_frame+0xf4)
          102608           102608       44     1         ../lib/libc.a(libc_a-fputwc.o):(.eh_frame+0x18)
          102650           102650       14     1         ../lib/libc.a(libc_a-fputwc.o):(.eh_frame+0x5c)
          102668           102668       28     1         ../lib/libc.a(libc_a-fputwc.o):(.eh_frame+0x70)
          102690           102690       2c     1         ../lib/libc.a(libc_a-wcrtomb.o):(.eh_frame+0x18)
          1026c0           1026c0       2c     1         ../lib/libc.a(libc_a-wcrtomb.o):(.eh_frame+0x44)
          1026f0           1026f0       3c     1         ../lib/libc.a(libc_a-wbuf.o):(.eh_frame+0x18)
          102730           102730       14     1         ../lib/libc.a(libc_a-wbuf.o):(.eh_frame+0x54)
          102748           102748       30     1         ../lib/libc.a(libc_a-wsetup.o):(.eh_frame+0x18)
          102778           102778       44     1         ../lib/libc.a(libc_a-makebuf.o):(.eh_frame+0x18)
          1027c0           1027c0       34     1         ../lib/libc.a(libc_a-makebuf.o):(.eh_frame+0x5c)
          1027f8           1027f8       20     1         ../lib/libc.a(libc_a-fstatr.o):(.eh_frame+0x18)
          102818           102818       20     1         ../lib/libc.a(libc_a-isattyr.o):(.eh_frame+0x18)
          102838           102838       78     1         ../lib/libc.a(libc_a-fvwrite.o):(.eh_frame+0x18)
          1028b0           1028b0       20     1         ../lib/libc.a(libc_a-abort.o):(.eh_frame+0x18)
          1028d0           1028d0       1c     1         ../lib/libc.a(libc_a-sprintf.o):(.eh_frame+0x18)
          1028f0           1028f0       24     1         ../lib/libc.a(libc_a-sprintf.o):(.eh_frame+0x34)
          102918           102918      200     1         pci.o:(.eh_frame+0x18)
          102b18           102b18       60     1         memory_map.o:(.eh_frame+0x18)
          102b78           102b78       3c     1         newlib.o:(.eh_frame+0x18)
          102bb8           102bb8       1c     1         newlib.o:(.eh_frame+0x54)
          102bd8           102bd8       1c     1         newlib.o:(.eh_frame+0x70)
          102bf8           102bf8       1c     1         newlib.o:(.eh_frame+0x8c)
          102c18           102c18       1c     1         newlib.o:(.eh_frame+0xa8)
          102c38           102c38       1c     1         newlib.o:(.eh_frame+0xc4)
          102c58           102c58       1c     1         newlib.o:(.eh_frame+0xe0)
          102c78           102c78       1c     1         newlib.o:(.eh_frame+0xfc)
          102c98           102c98       20     1         newlib.o:(.eh_frame+0x118)
          102cb8           102cb8       80     1         segment.o:(.eh_frame+0x18)
          102d38           102d38       54     1         interrupt.o:(.eh_frame+0x18)
          102d90           102d90       54     1         interrupt.o:(.eh_frame+0x6c)
          102de8           102de8       54     1         interrupt.o:(.eh_frame+0xc0)
          102e40           102e40       54     1         interrupt.o:(.eh_frame+0x114)
          102e98           102e98       54     1         interrupt.o:(.eh_frame+0x168)
          102ef0           102ef0       74     1         interrupt.o:(.eh_frame+0x1bc)
          102f68           102f68       a0     1         interrupt.o:(.eh_frame+0x230)
          103008           103008       80     1         paging.o:(.eh_frame+0x18)
          103088           103088       c4     1         input.o:(.eh_frame+0x18)
          103150           103150       24     1         input.o:(.eh_frame+0xdc)
          103178           103178       20     1         command.o:(.eh_frame+0x18)
          103198           103198       a0     1         command.o:(.eh_frame+0x78)
          103238           103238       20     1         command.o:(.eh_frame+0x138)
          103258           103258       14     1         ../lib/libc.a(libc_a-malloc.o):(.eh_frame+0x18)
          103270           103270       14     1         ../lib/libc.a(libc_a-malloc.o):(.eh_frame+0x2c)
          103288           103288       88     1         ../lib/libc.a(libc_a-strtol.o):(.eh_frame+0x18)
          103310           103310       30     1         ../lib/libc.a(libc_a-atoi.o):(.eh_frame+0x18)
          103340           103340       20     1         memory_manager.o:(.eh_frame+0x18)
          103360           103360      200     1         memory_manager.o:(.eh_frame+0x78)
          103560           103560       20     1         memory_manager.o:(.eh_frame+0x2b8)
          104590           104590    104b3    16 .text
          104590           104590      231    16         kernel.o:(.text)
          104590           104590        f     1                 stop()
          1045a0           1045a0       29     1                 entry_point
          1045d0           1045d0      1f1     1                 kernel_main
          1047d0           1047d0       50    16         kernel.o:(.text.startup)
          1047d0           1047d0       1a     1                 __cxx_global_var_init
          1047f0           1047f0       12     1                 __cxx_global_var_init.1
          104810           104810       10     1                 _GLOBAL__sub_I_kernel.cpp
          104820           104820        b    16         kernel.o:(.text._ZNSt3__114numeric_limitsImE3maxEv)
          104820           104820        b     1                 std::__1::numeric_limits<unsigned long>::max()
          104830           104830       21    16         kernel.o:(.text._ZN7FrameIDC2Em)
          104830           104830       21     1                 FrameID::FrameID(unsigned long)
          104860           104860       4c    16         kernel.o:(.text._ZN11InputBufferC2Ev)
          104860           104860       4c     1                 InputBuffer::InputBuffer()
          1048b0           1048b0       1e    16         kernel.o:(.text._ZNK5ErrorcvbEv)
          1048b0           1048b0       1e     1                 Error::operator bool() const
          1048d0           1048d0       29    16         kernel.o:(.text._ZNK5Error4NameEv)
          1048d0           1048d0       29     1                 Error::Name() const
          104900           104900        d    16         kernel.o:(.text._ZNSt3__123__libcpp_numeric_limitsImLb1EE3maxEv)
          104900           104900        d     1                 std::__1::__libcpp_numeric_limits<unsigned long, true>::max()
          104910           104910       25    16         kernel.o:(.text._ZNKSt3__15arrayIPKcLm20EEixEm)
          104910           104910       25     1                 std::__1::array<char const*, 20ul>::operator[](unsigned long) const
          104940           104940      ece    16         frame.o:(.text)
          104940           104940       9a     1                 InitializeFrame(bootinfo_t*)
          1049e0           1049e0       7f     1                 WritePixelRGB(Color, int, int)
          104a60           104a60       7f     1                 WritePixelBGR(Color, int, int)
          104ae0           104ae0       3d     1                 HashtoColor(unsigned char)
          104b20           104b20      191     1                 HSVtoRGB(int)
          104cc0           104cc0       f5     1                 WriteAscii(char, Color, int, int)
          104dc0           104dc0      136     1                 WriteSquare(Vector, Vector, Color)
          104f00           104f00      11b     1                 PrintLine(char const*, Vector, Color)
          105020           105020       7e     1                 RegisterLine(char const*)
          1050a0           1050a0      402     1                 Print
          1054b0           1054b0       b3     1                 Printf
          105570           105570       6c     1                 dPrint(char*, int)
          1055e0           1055e0       6c     1                 udPrint(char*, unsigned int)
          105650           105650       6c     1                 uxdPrint(char*, unsigned int)
          1056c0           1056c0       c2     1                 WriteMandelbrot(int)
          105790           105790       7e     1                 clear()
          105810           105810      1ad    16         frame.o:(.text._Z14CalcMandelbrotiii)
          105810           105810      1ad     1                 CalcMandelbrot(int, int, int)
          1059c0           1059c0       85    16         ../lib/libc.a(libc_a-strcpy.o):(.text)
          1059c0           1059c0       85     1                 strcpy
          105a50           105a50       6c    16         ../lib/libc.a(libc_a-strcat.o):(.text)
          105a50           105a50       6c     1                 strcat
          105ac0           105ac0       7d    16         ../lib/libc.a(libc_a-strlen.o):(.text)
          105ac0           105ac0       7d     1                 strlen
          105b40           105b40       ed    16         ../lib/libc.a(libc_a-vsprintf.o):(.text)
          105b40           105b40       7d     1                 vsprintf
          105bc0           105bc0       6d     1                 _vsprintf_r
          105c2d           105c2d        0     1         ../lib/libc.a(libc_a-impure.o):(.text)
          105c30           105c30      469    16         ../lib/libc.a(libc_a-findfp.o):(.text)
          105c30           105c30        7     1                 __fp_lock
          105c40           105c40       1e     1                 stdio_exit_handler
          105c60           105c60       52     1                 cleanup_stdio
          105cc0           105cc0        7     1                 __fp_unlock
          105cd0           105cd0      1d1     1                 global_stdio_init.part.0
          105eb0           105eb0      156     1                 __sfp
          106010           106010       2a     1                 __sinit
          106040           106040        5     1                 __sfp_lock_acquire
          106050           106050        5     1                 __sfp_lock_release
          106060           106060       19     1                 __fp_lock_all
          106080           106080       19     1                 __fp_unlock_all
          1060a0           1060a0       f3    16         ../lib/libc.a(libc_a-fclose.o):(.text)
          1060a0           1060a0       de     1                 _fclose_r
          106180           106180       13     1                 fclose
          1061a0           1061a0      321    16         ../lib/libc.a(libc_a-fflush.o):(.text)
          1061a0           1061a0      225     1                 __sflush_r
          1063d0           1063d0       5f     1                 _fflush_r
          106430           106430       91     1                 fflush
          1064d0           1064d0      47e    16         ../lib/libc.a(libc_a-freer.o):(.text)
          1064d0           1064d0       e7     1                 _malloc_trim_r
          1065c0           1065c0      38e     1                 _free_r
          106950           106950       15    16         ../lib/libc.a(libc_a-mlock.o):(.text)
          106950           106950        5     1                 __malloc_lock
          106960           106960        5     1                 __malloc_unlock
          106970           106970      8d4    16         ../lib/libc.a(libc_a-mallocr.o):(.text)
          106970           106970      8d4     1                 _malloc_r
          107250           107250       36    16         ../lib/libc.a(libc_a-sbrkr.o):(.text)
          107250           107250       36     1                 _sbrk_r
          107290           107290       9e    16         ../lib/libc.a(libc_a-reent.o):(.text)
          107290           107290       9e     1                 _reclaim_reent
          107330           107330       89    16         ../lib/libc.a(libc_a-fwalk.o):(.text)
          107330           107330       89     1                 _fwalk_sglue
          1073c0           1073c0       e0    16         ../lib/libc.a(libc_a-memset.o):(.text)
          1073c0           1073c0        0     1                 memset
          1073ee           1073ee        0     1                 quadword_aligned
          107410           107410        0     1                 loop
          10747b           10747b        0     1                 byte_set
          107481           107481        0     1                 quadword_set
          1074a0           1074a0       ed    16         ../lib/libc.a(libc_a-stdio.o):(.text)
          1074a0           1074a0       30     1                 __sread
          1074d0           1074d0        7     1                 __seofread
          1074e0           1074e0       60     1                 __swrite
          107540           107540       38     1                 __sseek
          107580           107580        d     1                 __sclose
          107590           107590       41    16         ../lib/libc.a(libc_a-readr.o):(.text)
          107590           107590       41     1                 _read_r
          1075e0           1075e0       41    16         ../lib/libc.a(libc_a-writer.o):(.text)
          1075e0           1075e0       41     1                 _write_r
          107630           107630       3e    16         ../lib/libc.a(libc_a-lseekr.o):(.text)
          107630           107630       3e     1                 _lseek_r
          107670           107670       2e    16         ../lib/libc.a(libc_a-closer.o):(.text)
          107670           107670       2e     1                 _close_r
          1076a0           1076a0     2557    16         ../lib/libc.a(libc_a-svfprintf.o):(.text)
          1076a0           1076a0     2557     1                 _svfprintf_r
          109c00           109c00       2c    16         ../lib/libc.a(libc_a-localeconv.o):(.text)
          109c00           109c00        c     1                 __localeconv_l
          109c10           109c10        c     1                 _localeconv_r
          109c20           109c20        c     1                 localeconv
          109c30           109c30       ea    16         ../lib/libc.a(libc_a-locale.o):(.text)
          109c30           109c30       6a     1                 _setlocale_r
          109ca0           109ca0        c     1                 __locale_mb_cur_max
          109cb0           109cb0       6a     1                 setlocale
          109d20           109d20       83    16         ../lib/libc.a(libc_a-strcmp.o):(.text)
          109d20           109d20       83     1                 strcmp
          109db0           109db0       43    16         ../lib/libc.a(libc_a-wctomb_r.o):(.text)
          109db0           109db0        a     1                 _wctomb_r
          109dc0           109dc0       33     1                 __ascii_wctomb
          109e00           109e00       70    16         ../lib/libc.a(libc_a-mbtowc_r.o):(.text)
          109e00           109e00        a     1                 _mbtowc_r
          109e10           109e10       60     1                 __ascii_mbtowc
          109e70           109e70       8f    16         ../lib/libc.a(libc_a-stack_protector.o):(.text)
          109e70           109e70       7d     1                 __stack_chk_fail
          109ef0           109ef0        f     1                 __stack_chk_fail_local
          109f00           109f00       19    16         ../lib/libc.a(libc_a-stack_protector.o):(.text.startup)
          109f00           109f00       19     1                 __stack_chk_init
          109f20           109f20      50e    16         ../lib/libc.a(libc_a-signal.o):(.text)
          109f20           109f20       59     1                 _init_signal_r
          109f80           109f80       98     1                 _signal_r
          10a020           10a020       ad     1                 _raise_r
          10a0d0           10a0d0       ca     1                 __sigtramp_r
          10a1a0           10a1a0       b7     1                 raise
          10a260           10a260       98     1                 signal
          10a300           10a300       59     1                 _init_signal
          10a360           10a360       ce     1                 __sigtramp
          10a430           10a430       49    16         ../lib/libc.a(libc_a-signalr.o):(.text)
          10a430           10a430       36     1                 _kill_r
          10a470           10a470        9     1                 _getpid_r
          10a479           10a479        0     1         ../lib/libc.a(libc_a-ctype_.o):(.text)
          10a480           10a480     1408    16         ../lib/libc.a(libc_a-svfiprintf.o):(.text)
          10a480           10a480      1e9     1                 __ssprint_r
          10a670           10a670     1218     1                 _svfiprintf_r
          10b890           10b890      124    16         ../lib/libc.a(libc_a-memmove.o):(.text)
          10b890           10b890      124     1                 memmove
          10b9c0           10b9c0      12d    16         ../lib/libc.a(libc_a-memcpy.o):(.text)
          10b9c0           10b9c0        0     1                 memcpy
          10b9e5           10b9e5        0     1                 quadword_aligned
          10ba00           10ba00        0     1                 loop
          10bac7           10bac7        0     1                 byte_copy
          10bacd           10bacd        0     1                 quadword_copy
          10baf0           10baf0      53a    16         ../lib/libc.a(libc_a-reallocr.o):(.text)
          10baf0           10baf0      53a     1                 _realloc_r
          10c030           10c030       c5    16         ../lib/libc.a(libc_a-memchr.o):(.text)
          10c030           10c030       c5     1                 memchr
          10c100           10c100     1636    16         ../lib/libc.a(libc_a-dtoa.o):(.text)
          10c100           10c100      19c     1                 quorem
          10c2a0           10c2a0     1496     1                 _dtoa_r
          10d740           10d740     10ba    16         ../lib/libc.a(libc_a-mprec.o):(.text)
          10d740           10d740       9e     1                 _Balloc
          10d7e0           10d7e0       1f     1                 _Bfree
          10d800           10d800      101     1                 __multadd
          10d910           10d910      139     1                 __s2b
          10da50           10da50       56     1                 __hi0bits
          10dab0           10dab0       8f     1                 __lo0bits
          10db40           10db40       a4     1                 __i2b
          10dbf0           10dbf0      241     1                 __multiply
          10de40           10de40      12e     1                 __pow5mult
          10df70           10df70      158     1                 __lshift
          10e0d0           10e0d0       4e     1                 __mcmp
          10e120           10e120      217     1                 __mdiff
          10e340           10e340       7d     1                 __ulp
          10e3c0           10e3c0       fc     1                 __b2d
          10e4c0           10e4c0      158     1                 __d2b
          10e620           10e620       c0     1                 __ratio
          10e6e0           10e6e0       40     1                 _mprec_log10
          10e720           10e720       60     1                 __copybits
          10e780           10e780       7a     1                 __any_on
          10e800           10e800       c6    16         ../lib/libc.a(libc_a-callocr.o):(.text)
          10e800           10e800       c6     1                 _calloc_r
          10e8d0           10e8d0        c    16         ../lib/libc.a(libc_a-errno.o):(.text)
          10e8d0           10e8d0        c     1                 __errno
          10e8e0           10e8e0       74    16         ../lib/libc.a(libc_a-assert.o):(.text)
          10e8e0           10e8e0       54     1                 __assert_func
          10e940           10e940       14     1                 __assert
          10e960           10e960      178    16         ../lib/libc.a(libc_a-fiprintf.o):(.text)
          10e960           10e960       b0     1                 _fiprintf_r
          10ea10           10ea10       c8     1                 fiprintf
          10eae0           10eae0     1750    16         ../lib/libc.a(libc_a-vfiprintf.o):(.text)
          10eae0           10eae0       d7     1                 __sprint_r.part.0
          10ebc0           10ebc0       1a     1                 __sprint_r
          10ebe0           10ebe0     154f     1                 _vfiprintf_r
          110130           110130       19     1                 vfiprintf
          110150           110150       e0     1                 __sbprintf
          110230           110230      1b9    16         ../lib/libc.a(libc_a-fputwc.o):(.text)
          110230           110230      119     1                 __fputwc
          110350           110350       23     1                 _fputwc_r
          110380           110380       69     1                 fputwc
          1103f0           1103f0      112    16         ../lib/libc.a(libc_a-wcrtomb.o):(.text)
          1103f0           1103f0       7c     1                 _wcrtomb_r
          110470           110470       92     1                 wcrtomb
          110510           110510      135    16         ../lib/libc.a(libc_a-wbuf.o):(.text)
          110510           110510      112     1                 __swbuf_r
          110630           110630       15     1                 __swbuf
          110650           110650      143    16         ../lib/libc.a(libc_a-wsetup.o):(.text)
          110650           110650      143     1                 __swsetup_r
          1107a0           1107a0      1e6    16         ../lib/libc.a(libc_a-makebuf.o):(.text)
          1107a0           1107a0      139     1                 __smakebuf_r
          1108e0           1108e0       a6     1                 __swhatbuf_r
          110990           110990       36    16         ../lib/libc.a(libc_a-fstatr.o):(.text)
          110990           110990       36     1                 _fstat_r
          1109d0           1109d0       2e    16         ../lib/libc.a(libc_a-isattyr.o):(.text)
          1109d0           1109d0       2e     1                 _isatty_r
          110a00           110a00      55c    16         ../lib/libc.a(libc_a-fvwrite.o):(.text)
          110a00           110a00      55c     1                 __sfvwrite_r
          110f60           110f60       1e    16         ../lib/libc.a(libc_a-abort.o):(.text)
          110f60           110f60       1e     1                 abort
          110f80           110f80      211    16         ../lib/libc.a(libc_a-sprintf.o):(.text)
          110f80           110f80       fc     1                 _sprintf_r
          111080           111080      111     1                 sprintf
          1111a0           1111a0       a3    16         asmfunc.o:(.text)
          1111a0           1111a0        0     1                 IoOut32
          1111a7           1111a7        0     1                 IoIn32
          1111ac           1111ac        0     1                 IoIn16
          1111b2           1111b2        0     1                 IoOut8
          1111ba           1111ba        0     1                 IoIn8
          1111bf           1111bf        0     1                 call_kernel_main
          1111cf           1111cf        0     1                 _hlt
          1111d2           1111d2        0     1                 LoadGDT
          1111ec           1111ec        0     1                 SetDSAll
          1111f5           1111f5        0     1                 SetCSSS
          111209           111209        0     1                 SetCSSS.next
          11120e           11120e        0     1                 SetCSSS.stop
          111211           111211        0     1                 GetCS
          111217           111217        0     1                 LoadIDT
          111231           111231        0     1                 SetCR3
          111235           111235        0     1                 NotifyEndOfInterrupt
          111250           111250      809    16         pci.o:(.text)
          111250           111250       4f     1                 MakeAddr(unsigned char, unsigned char, unsigned char, unsigned char)
          1112a0           1112a0       1e     1                 WriteAddr(unsigned int)
          1112c0           1112c0       1e     1                 WriteData(unsigned int)
          1112e0           1112e0       10     1                 ReadData()
          1112f0           1112f0       4a     1                 ReadVendorId(unsigned char, unsigned char, unsigned char)
          111340           111340       67     1                 ReadVendorId(Device)
          1113b0           1113b0       50     1                 ReadHeaderType(unsigned char, unsigned char, unsigned char)
          111400           111400       70     1                 ReadBar(Device, int)
          111470           111470       71     1                 ReadClassCode(unsigned char, unsigned char, unsigned char)
          1114f0           1114f0       45     1                 ReadBusNumbers(unsigned char, unsigned char, unsigned char)
          111540           111540       af     1                 AddDevice(unsigned char, unsigned char, unsigned char, unsigned char)
          1115f0           1115f0       28     1                 IsSingleFunctionDevice(unsigned char)
          111620           111620      13f     1                 ScanAllBus()
          111760           111760       b7     1                 ScanBus(unsigned char)
          111820           111820      126     1                 ScanDevice(unsigned char, unsigned char)
          111950           111950      109     1                 ScanFunction(unsigned char, unsigned char, unsigned char)
          111a60           111a60      27f    16         memory_map.o:(.text)
          111a60           111a60       83     1                 show_memdesc(int)
          111af0           111af0      12d     1                 show_memory_map()
          111c20           111c20       bf     1                 search_mem_type(unsigned long)
          111cdf           111cdf      1c5     1         newlib.o:(.text)
          111cdf           111cdf       6f     1                 sbrk
          111d4e           111d4e       29     1                 read
          111d77           111d77       35     1                 write
          111dac           111dac       21     1                 _exit
          111dcd           111dcd       28     1                 lseek
          111df5           111df5       21     1                 close
          111e16           111e16       2e     1                 kill
          111e44           111e44       1a     1                 getpid
          111e5e           111e5e       25     1                 fstat
          111e83           111e83       21     1                 isatty
          111eb0           111eb0      348    16         segment.o:(.text)
          111eb0           111eb0      21d     1                 SetCodeSegment(SegmentDescriptor*, DescriptorType, unsigned int, unsigned int, unsigned int)
          1120d0           1120d0       77     1                 SetDataSegment(SegmentDescriptor*, DescriptorType, unsigned int, unsigned int, unsigned int)
          112150           112150       67     1                 SetupSegments()
          1121c0           1121c0       38     1                 InitializeSegment(unsigned short, unsigned short)
          112200           112200      dc5    16         interrupt.o:(.text)
          112200           112200      19e     1                 BreakpointInterrupt(InterruptFrame*)
          1123a0           1123a0      186     1                 SegFaultInterrupt(InterruptFrame*)
          112530           112530      186     1                 PageFaultInterrupt(InterruptFrame*)
          1126c0           1126c0      186     1                 GeneralProtectionInterrupt(InterruptFrame*)
          112850           112850      203     1                 KeyboardInterrupt(InterruptFrame*)
          112a60           112a60      163     1                 ShowKeycodeInterrupt(InterruptFrame*)
          112bd0           112bd0       f9     1                 DefaultInterrupt(InterruptFrame*)
          112cd0           112cd0       7a     1                 SetIDTEntry(InterruptDescriptor*, InterruptDescriptorAttribute, unsigned long, unsigned long)
          112d50           112d50       ba     1                 InitializePIC()
          112e10           112e10      1b5     1                 InitializeInterrupt()
          112fd0           112fd0       60    16         interrupt.o:(.text._Z10isAlphabetc)
          112fd0           112fd0       60     1                 isAlphabet(char)
          113030           113030       af    16         interrupt.o:(.text._Z11MakeIDTAttr14DescriptorTypehbh)
          113030           113030       af     1                 MakeIDTAttr(DescriptorType, unsigned char, bool, unsigned char)
          1130e0           1130e0      118    16         paging.o:(.text)
          1130e0           1130e0      118     1                 SetupIdentityPageTable()
          113200           113200       25    16         paging.o:(.text._ZNSt3__15arrayImLm512EEixEm)
          113200           113200       25     1                 std::__1::array<unsigned long, 512ul>::operator[](unsigned long)
          113230           113230       14    16         paging.o:(.text._ZNKSt3__15arrayINS0_ImLm512EEELm64EE4sizeEv)
          113230           113230       14     1                 std::__1::array<std::__1::array<unsigned long, 512ul>, 64ul>::size() const
          113250           113250       25    16         paging.o:(.text._ZNSt3__15arrayINS0_ImLm512EEELm64EEixEm)
          113250           113250       25     1                 std::__1::array<std::__1::array<unsigned long, 512ul>, 64ul>::operator[](unsigned long)
          113280           113280       62    16         keyboard.o:(.text)
          113280           113280       62     1                 InitializeKeycode()
          1132f0           1132f0      3d9    16         input.o:(.text)
          1132f0           1132f0      148     1                 InputBuffer::add(char)
          113440           113440       76     1                 InputBuffer::isEnter()
          1134c0           1134c0       76     1                 InputBuffer::pop()
          113540           113540       5a     1                 InputBuffer::allprint()
          1135a0           1135a0       9b     1                 InputBuffer::allpop(char*)
          113640           113640       89     1                 GetString(char*)
          1136d0           1136d0       27    16         input.o:(.text._ZN11InputBuffer7isInputEv)
          1136d0           1136d0       27     1                 InputBuffer::isInput()
          113700           113700      79a    16         command.o:(.text)
          113700           113700      27d     1                 tokenize(char*)
          113980           113980       4b     1                 free_token(char**)
          1139d0           1139d0       97     1                 show_token(char**)
          113a70           113a70      187     1                 command(char*)
          113c00           113c00      29a     1                 command(char**)
          113ea0           113ea0       2b    16         command.o:(.text.startup)
          113ea0           113ea0       1a     1                 __cxx_global_var_init
          113ec0           113ec0        b     1                 _GLOBAL__sub_I_command.cpp
          113ed0           113ed0       33    16         ../lib/libc.a(libc_a-malloc.o):(.text)
          113ed0           113ed0       13     1                 malloc
          113ef0           113ef0       13     1                 free
          113f10           113f10      26e    16         ../lib/libc.a(libc_a-strtol.o):(.text)
          113f10           113f10      1bd     1                 _strtol_l.part.0
          1140d0           1140d0       2e     1                 _strtol_r
          114100           114100       3e     1                 strtol_l
          114140           114140       3e     1                 strtol
          114180           114180       39    16         ../lib/libc.a(libc_a-atoi.o):(.text)
          114180           114180       19     1                 atoi
          1141a0           1141a0       19     1                 _atoi_r
          1141c0           1141c0      6ae    16         memory_manager.o:(.text)
          1141c0           1141c0       4f     1                 BitmapMemoryManager::BitmapMemoryManager()
          1141c0           1141c0       4f     1                 BitmapMemoryManager::BitmapMemoryManager()
          114210           114210      15d     1                 BitmapMemoryManager::Allocate(unsigned long)
          114370           114370       6e     1                 BitmapMemoryManager::GetBit(FrameID) const
          1143e0           1143e0       74     1                 BitmapMemoryManager::MarkAllocated(FrameID, unsigned long)
          114460           114460       90     1                 BitmapMemoryManager::Free(FrameID, unsigned long)
          1144f0           1144f0       a8     1                 BitmapMemoryManager::SetBit(FrameID, bool)
          1145a0           1145a0       34     1                 BitmapMemoryManager::SetMemoryRange(FrameID, FrameID)
          1145e0           1145e0       48     1                 BitmapMemoryManager::IsAvailable(unsigned long)
          114630           114630      167     1                 InitializeMemoryManager(BitmapMemoryManager*, MemoryMap*)
          1147a0           1147a0       ce     1                 InitializeHeap(BitmapMemoryManager&)
          114870           114870       2b    16         memory_manager.o:(.text.startup)
          114870           114870       1a     1                 __cxx_global_var_init
          114890           114890        b     1                 _GLOBAL__sub_I_memory_manager.cpp
          1148a0           1148a0       16    16         memory_manager.o:(.text._ZNK7FrameID2IDEv)
          1148a0           1148a0       16     1                 FrameID::ID() const
          1148c0           1148c0       33    16         memory_manager.o:(.text._ZN5ErrorC2ENS_4CodeEPKci)
          1148c0           1148c0       33     1                 Error::Error(Error::Code, char const*, int)
          114900           114900       27    16         memory_manager.o:(.text._Z16AddressToFrameIDm)
          114900           114900       27     1                 AddressToFrameID(unsigned long)
          114930           114930       25    16         memory_manager.o:(.text._ZNKSt3__15arrayImLm524288EEixEm)
          114930           114930       25     1                 std::__1::array<unsigned long, 524288ul>::operator[](unsigned long) const
          114960           114960       25    16         memory_manager.o:(.text._ZNSt3__15arrayImLm524288EEixEm)
          114960           114960       25     1                 std::__1::array<unsigned long, 524288ul>::operator[](unsigned long)
          114990           114990       3e    16         memory_manager.o:(.text._Z11IsAvailable10MemoryType)
          114990           114990       3e     1                 IsAvailable(MemoryType)
          1149d0           1149d0       73    16         timer.o:(.text)
          1149d0           1149d0       20     1                 InitializeLAPICTimer()
          1149f0           1149f0       13     1                 StartLAPICTimer()
          114a10           114a10       14     1                 LAPICTimer()
          114a30           114a30       13     1                 StopLAPICTimer()
          115a48           115a48       a0     8 .data.rel.ro
          115a48           115a48       a0     8         kernel.o:(.data.rel.ro._ZN5Error11code_names_E)
          115a48           115a48       a0     1                 Error::code_names_
          115ae8           115ae8       20     8 .init_array
          115ae8           115ae8        8     8         kernel.o:(.init_array)
          115af0           115af0        8     8         ../lib/libc.a(libc_a-stack_protector.o):(.init_array)
          115af8           115af8        8     8         command.o:(.init_array)
          115b00           115b00        8     8         memory_manager.o:(.init_array)
          115b20           115b20      cb0    32 .data
          115b20           115b20        0     1         ../lib/libc.a(libc_a-strcpy.o):(.data)
          115b20           115b20        0     1         ../lib/libc.a(libc_a-strcat.o):(.data)
          115b20           115b20        0     1         ../lib/libc.a(libc_a-strlen.o):(.data)
          115b20           115b20        0     1         ../lib/libc.a(libc_a-vsprintf.o):(.data)
          115b20           115b20        0     1         ../lib/libc.a(libc_a-impure.o):(.data)
          115b20           115b20        8     8         ../lib/libc.a(libc_a-impure.o):(.data.rel.local)
          115b20           115b20        8     1                 _impure_ptr
          115b40           115b40      158    32         ../lib/libc.a(libc_a-impure.o):(.data.rel)
          115b40           115b40      158     1                 _impure_data
          115c98           115c98        0     1         ../lib/libc.a(libc_a-findfp.o):(.data)
          115ca0           115ca0       18    16         ../lib/libc.a(libc_a-findfp.o):(.data.rel.local)
          115ca0           115ca0       18     1                 __sglue
          115cb8           115cb8        0     1         ../lib/libc.a(libc_a-fclose.o):(.data)
          115cb8           115cb8        0     1         ../lib/libc.a(libc_a-fflush.o):(.data)
          115cb8           115cb8        0     1         ../lib/libc.a(libc_a-freer.o):(.data)
          115cb8           115cb8        0     1         ../lib/libc.a(libc_a-mlock.o):(.data)
          115cb8           115cb8       10     8         ../lib/libc.a(libc_a-mallocr.o):(.data)
          115cb8           115cb8        8     1                 __malloc_sbrk_base
          115cc0           115cc0        8     1                 __malloc_trim_threshold
          115ce0           115ce0      810    32         ../lib/libc.a(libc_a-mallocr.o):(.data.rel.local)
          115ce0           115ce0      810     1                 __malloc_av_
          1164f0           1164f0        0     1         ../lib/libc.a(libc_a-sbrkr.o):(.data)
          1164f0           1164f0        0     1         ../lib/libc.a(libc_a-reent.o):(.data)
          1164f0           1164f0        0     1         ../lib/libc.a(libc_a-fwalk.o):(.data)
          1164f0           1164f0        0     1         ../lib/libc.a(libc_a-memset.o):(.data)
          1164f0           1164f0        0     1         ../lib/libc.a(libc_a-stdio.o):(.data)
          1164f0           1164f0        0     1         ../lib/libc.a(libc_a-readr.o):(.data)
          1164f0           1164f0        0     1         ../lib/libc.a(libc_a-writer.o):(.data)
          1164f0           1164f0        0     1         ../lib/libc.a(libc_a-lseekr.o):(.data)
          1164f0           1164f0        0     1         ../lib/libc.a(libc_a-closer.o):(.data)
          1164f0           1164f0        0     1         ../lib/libc.a(libc_a-svfprintf.o):(.data)
          1164f0           1164f0        0     1         ../lib/libc.a(libc_a-localeconv.o):(.data)
          1164f0           1164f0        0     1         ../lib/libc.a(libc_a-locale.o):(.data)
          116500           116500      1a8    32         ../lib/libc.a(libc_a-locale.o):(.data.rel)
          116500           116500      1a8     1                 __global_locale
          1166a8           1166a8        0     1         ../lib/libc.a(libc_a-strcmp.o):(.data)
          1166a8           1166a8        0     1         ../lib/libc.a(libc_a-wctomb_r.o):(.data)
          1166a8           1166a8        0     1         ../lib/libc.a(libc_a-mbtowc_r.o):(.data)
          1166a8           1166a8        0     1         ../lib/libc.a(libc_a-stack_protector.o):(.data)
          1166a8           1166a8        0     1         ../lib/libc.a(libc_a-signal.o):(.data)
          1166a8           1166a8        0     1         ../lib/libc.a(libc_a-signalr.o):(.data)
          1166a8           1166a8        0     1         ../lib/libc.a(libc_a-ctype_.o):(.data)
          1166a8           1166a8        0     1         ../lib/libc.a(libc_a-svfiprintf.o):(.data)
          1166a8           1166a8        0     1         ../lib/libc.a(libc_a-memmove.o):(.data)
          1166a8           1166a8        0     1         ../lib/libc.a(libc_a-memcpy.o):(.data)
          1166a8           1166a8        0     1         ../lib/libc.a(libc_a-reallocr.o):(.data)
          1166a8           1166a8        0     1         ../lib/libc.a(libc_a-memchr.o):(.data)
          1166a8           1166a8        0     1         ../lib/libc.a(libc_a-dtoa.o):(.data)
          1166a8           1166a8        0     1         ../lib/libc.a(libc_a-mprec.o):(.data)
          1166a8           1166a8        0     1         ../lib/libc.a(libc_a-callocr.o):(.data)
          1166a8           1166a8        0     1         ../lib/libc.a(libc_a-errno.o):(.data)
          1166a8           1166a8        0     1         ../lib/libc.a(libc_a-assert.o):(.data)
          1166a8           1166a8        0     1         ../lib/libc.a(libc_a-fiprintf.o):(.data)
          1166a8           1166a8        0     1         ../lib/libc.a(libc_a-vfiprintf.o):(.data)
          1166a8           1166a8        0     1         ../lib/libc.a(libc_a-fputwc.o):(.data)
          1166a8           1166a8        0     1         ../lib/libc.a(libc_a-wcrtomb.o):(.data)
          1166a8           1166a8        0     1         ../lib/libc.a(libc_a-wbuf.o):(.data)
          1166a8           1166a8        0     1         ../lib/libc.a(libc_a-wsetup.o):(.data)
          1166a8           1166a8        0     1         ../lib/libc.a(libc_a-makebuf.o):(.data)
          1166a8           1166a8        0     1         ../lib/libc.a(libc_a-fstatr.o):(.data)
          1166a8           1166a8        0     1         ../lib/libc.a(libc_a-isattyr.o):(.data)
          1166a8           1166a8        0     1         ../lib/libc.a(libc_a-fvwrite.o):(.data)
          1166a8           1166a8        0     1         ../lib/libc.a(libc_a-abort.o):(.data)
          1166a8           1166a8        0     1         ../lib/libc.a(libc_a-sprintf.o):(.data)
          1166a8           1166a8        0     1         newlib.o:(.data)
          1166b0           1166b0       18    16         segment.o:(.data)
          1166b0           1166b0       18     1                 gdt
          1166c8           1166c8        8     4         interrupt.o:(.data)
          1166c8           1166c8        8     1                 InterruptMessagePosition
          1166d0           1166d0      100    16         keyboard.o:(.data)
          1166d0           1166d0      100     1                 keycode
          1167d0           1167d0        0     1         ../lib/libc.a(libc_a-malloc.o):(.data)
          1167d0           1167d0        0     1         ../lib/libc.a(libc_a-strtol.o):(.data)
          1167d0           1167d0        0     1         ../lib/libc.a(libc_a-atoi.o):(.data)
          1167d0           1167d0       18     8 .got.plt
          1167d0           1167d0       18     8         <internal>:(.got.plt)
          117000           117000   549010  4096 .bss
          117000           117000   500428    16         kernel.o:(.bss)
          117000           117000        8     1                 kNullFrame
          117010           117010   100000     1                 kernel_main_stack
          217010           217010      400     1                 Input_Buffer
          217410           217410   400010     1                 memory_manager_buf
          617420           617420        8     1                 memory_manager
          617430           617430     5628    16         frame.o:(.bss)
          617430           617430        8     1                 vinfo
          617438           617438        8     1                 ascii_font
          617440           617440        4     1                 line_queue_head
          617444           617444        4     1                 line_queue_end
          617448           617448        4     1                 max_line
          617450           617450     4e20     1                 line_queue
          61c270           61c270        8     1                 WritePixel
          61c278           61c278        4     1                 Print::y
          61c280           61c280      3e8     1                 Print::line
          61c668           61c668        4     1                 Print::debug
          61c670           61c670      3e8     1                 Printf::str_for_Printf
          61ca58           61ca58        0     1         ../lib/libc.a(libc_a-strcpy.o):(.bss)
          61ca58           61ca58        0     1         ../lib/libc.a(libc_a-strcat.o):(.bss)
          61ca58           61ca58        0     1         ../lib/libc.a(libc_a-strlen.o):(.bss)
          61ca58           61ca58        0     1         ../lib/libc.a(libc_a-vsprintf.o):(.bss)
          61ca58           61ca58        0     1         ../lib/libc.a(libc_a-impure.o):(.bss)
          61ca60           61ca60      218    32         ../lib/libc.a(libc_a-findfp.o):(.bss)
          61ca60           61ca60      210     1                 __sf
          61cc70           61cc70        8     1                 __stdio_exit_handler
          61cc78           61cc78        0     1         ../lib/libc.a(libc_a-fclose.o):(.bss)
          61cc78           61cc78        0     1         ../lib/libc.a(libc_a-fflush.o):(.bss)
          61cc78           61cc78        0     1         ../lib/libc.a(libc_a-freer.o):(.bss)
          61cc78           61cc78        0     1         ../lib/libc.a(libc_a-mlock.o):(.bss)
          61cc80           61cc80       40    32         ../lib/libc.a(libc_a-mallocr.o):(.bss)
          61cc80           61cc80       28     1                 __malloc_current_mallinfo
          61cca8           61cca8        8     1                 __malloc_max_total_mem
          61ccb0           61ccb0        8     1                 __malloc_max_sbrked_mem
          61ccb8           61ccb8        8     1                 __malloc_top_pad
          61ccc0           61ccc0        0     1         ../lib/libc.a(libc_a-sbrkr.o):(.bss)
          61ccc0           61ccc0        4     4         ../lib/libc.a(libc_a-reent.o):(.bss)
          61ccc0           61ccc0        4     1                 errno
          61ccc4           61ccc4        0     1         ../lib/libc.a(libc_a-fwalk.o):(.bss)
          61ccc4           61ccc4        0     1         ../lib/libc.a(libc_a-memset.o):(.bss)
          61ccc4           61ccc4        0     1         ../lib/libc.a(libc_a-stdio.o):(.bss)
          61ccc4           61ccc4        0     1         ../lib/libc.a(libc_a-readr.o):(.bss)
          61ccc4           61ccc4        0     1         ../lib/libc.a(libc_a-writer.o):(.bss)
          61ccc4           61ccc4        0     1         ../lib/libc.a(libc_a-lseekr.o):(.bss)
          61ccc4           61ccc4        0     1         ../lib/libc.a(libc_a-closer.o):(.bss)
          61ccc4           61ccc4        0     1         ../lib/libc.a(libc_a-svfprintf.o):(.bss)
          61ccc4           61ccc4        0     1         ../lib/libc.a(libc_a-localeconv.o):(.bss)
          61ccc8           61ccc8        8     8         ../lib/libc.a(libc_a-locale.o):(.bss)
          61ccc8           61ccc8        8     1                 _PathLocale
          61ccd0           61ccd0        0     1         ../lib/libc.a(libc_a-strcmp.o):(.bss)
          61ccd0           61ccd0        0     1         ../lib/libc.a(libc_a-wctomb_r.o):(.bss)
          61ccd0           61ccd0        0     1         ../lib/libc.a(libc_a-mbtowc_r.o):(.bss)
          61ccd0           61ccd0        8     8         ../lib/libc.a(libc_a-stack_protector.o):(.bss)
          61ccd0           61ccd0        8     1                 __stack_chk_guard
          61ccd8           61ccd8        0     1         ../lib/libc.a(libc_a-signal.o):(.bss)
          61ccd8           61ccd8        0     1         ../lib/libc.a(libc_a-signalr.o):(.bss)
          61ccd8           61ccd8        0     1         ../lib/libc.a(libc_a-ctype_.o):(.bss)
          61ccd8           61ccd8        0     1         ../lib/libc.a(libc_a-svfiprintf.o):(.bss)
          61ccd8           61ccd8        0     1         ../lib/libc.a(libc_a-memmove.o):(.bss)
          61ccd8           61ccd8        0     1         ../lib/libc.a(libc_a-memcpy.o):(.bss)
          61ccd8           61ccd8        0     1         ../lib/libc.a(libc_a-reallocr.o):(.bss)
          61ccd8           61ccd8        0     1         ../lib/libc.a(libc_a-memchr.o):(.bss)
          61ccd8           61ccd8        0     1         ../lib/libc.a(libc_a-dtoa.o):(.bss)
          61ccd8           61ccd8        0     1         ../lib/libc.a(libc_a-mprec.o):(.bss)
          61ccd8           61ccd8        0     1         ../lib/libc.a(libc_a-callocr.o):(.bss)
          61ccd8           61ccd8        0     1         ../lib/libc.a(libc_a-errno.o):(.bss)
          61ccd8           61ccd8        0     1         ../lib/libc.a(libc_a-assert.o):(.bss)
          61ccd8           61ccd8        0     1         ../lib/libc.a(libc_a-fiprintf.o):(.bss)
          61ccd8           61ccd8        0     1         ../lib/libc.a(libc_a-vfiprintf.o):(.bss)
          61ccd8           61ccd8        0     1         ../lib/libc.a(libc_a-fputwc.o):(.bss)
          61ccd8           61ccd8        0     1         ../lib/libc.a(libc_a-wcrtomb.o):(.bss)
          61ccd8           61ccd8        0     1         ../lib/libc.a(libc_a-wbuf.o):(.bss)
          61ccd8           61ccd8        0     1         ../lib/libc.a(libc_a-wsetup.o):(.bss)
          61ccd8           61ccd8        0     1         ../lib/libc.a(libc_a-makebuf.o):(.bss)
          61ccd8           61ccd8        0     1         ../lib/libc.a(libc_a-fstatr.o):(.bss)
          61ccd8           61ccd8        0     1         ../lib/libc.a(libc_a-isattyr.o):(.bss)
          61ccd8           61ccd8        0     1         ../lib/libc.a(libc_a-fvwrite.o):(.bss)
          61ccd8           61ccd8        0     1         ../lib/libc.a(libc_a-abort.o):(.bss)
          61ccd8           61ccd8        0     1         ../lib/libc.a(libc_a-sprintf.o):(.bss)
          61cce0           61cce0       f0    16         pci.o:(.bss)
          61cce0           61cce0        4     1                 num_device
          61cce4           61cce4        4     1                 invdev
          61ccf0           61ccf0       e0     1                 devices
          61cdd0           61cdd0        8     8         memory_map.o:(.bss)
          61cdd0           61cdd0        8     1                 mmap
          61cdd8           61cdd8       10     8         newlib.o:(.bss)
          61cdd8           61cdd8        8     1                 program_break
          61cde0           61cde0        8     1                 program_break_end
          61cdf0           61cdf0     1001    16         interrupt.o:(.bss)
          61cdf0           61cdf0     1000     1                 idt
          61ddf0           61ddf0        1     1                 KeyboardInterrupt(InterruptFrame*)::isShift
          61e000           61e000    42000  4096         paging.o:(.bss)
          61e000           61e000     1000     1                 (anonymous namespace)::pdp_table
          61f000           61f000     1000     1                 (anonymous namespace)::pml4_table
          620000           620000    40000     1                 (anonymous namespace)::page_directory
          660000           660000        8     8         command.o:(.bss)
          660000           660000        8     1                 kNullFrame
          660008           660008        0     1         ../lib/libc.a(libc_a-malloc.o):(.bss)
          660008           660008        0     1         ../lib/libc.a(libc_a-strtol.o):(.bss)
          660008           660008        0     1         ../lib/libc.a(libc_a-atoi.o):(.bss)
          660008           660008        8     8         memory_manager.o:(.bss)
          660008           660008        8     1                 kNullFrame
               0                0     901a     1 .debug_abbrev
               0                0      4f1     1         kernel.o:(.debug_abbrev)
             4f1              4f1      1c4     1         frame.o:(.debug_abbrev)
             6b5              6b5       97     1         ../lib/libc.a(libc_a-strcpy.o):(.debug_abbrev)
             74c              74c       ce     1         ../lib/libc.a(libc_a-strcat.o):(.debug_abbrev)
             81a              81a       90     1         ../lib/libc.a(libc_a-strlen.o):(.debug_abbrev)
             8aa              8aa      2aa     1         ../lib/libc.a(libc_a-vsprintf.o):(.debug_abbrev)
             b54              b54      18d     1         ../lib/libc.a(libc_a-impure.o):(.debug_abbrev)
             ce1              ce1      44d     1         ../lib/libc.a(libc_a-findfp.o):(.debug_abbrev)
            112e             112e      2ed     1         ../lib/libc.a(libc_a-fclose.o):(.debug_abbrev)
            141b             141b      333     1         ../lib/libc.a(libc_a-fflush.o):(.debug_abbrev)
            174e             174e      290     1         ../lib/libc.a(libc_a-freer.o):(.debug_abbrev)
            19de             19de      1ce     1         ../lib/libc.a(libc_a-mlock.o):(.debug_abbrev)
            1bac             1bac      2d7     1         ../lib/libc.a(libc_a-mallocr.o):(.debug_abbrev)
            1e83             1e83      202     1         ../lib/libc.a(libc_a-sbrkr.o):(.debug_abbrev)
            2085             2085      230     1         ../lib/libc.a(libc_a-reent.o):(.debug_abbrev)
            22b5             22b5      1d9     1         ../lib/libc.a(libc_a-fwalk.o):(.debug_abbrev)
            248e             248e       14     1         ../lib/libc.a(libc_a-memset.o):(.debug_abbrev)
            24a2             24a2      24f     1         ../lib/libc.a(libc_a-stdio.o):(.debug_abbrev)
            26f1             26f1      1ec     1         ../lib/libc.a(libc_a-readr.o):(.debug_abbrev)
            28dd             28dd      1f1     1         ../lib/libc.a(libc_a-writer.o):(.debug_abbrev)
            2ace             2ace      200     1         ../lib/libc.a(libc_a-lseekr.o):(.debug_abbrev)
            2cce             2cce      1ec     1         ../lib/libc.a(libc_a-closer.o):(.debug_abbrev)
            2eba             2eba      404     1         ../lib/libc.a(libc_a-svfprintf.o):(.debug_abbrev)
            32be             32be      264     1         ../lib/libc.a(libc_a-localeconv.o):(.debug_abbrev)
            3522             3522      2f4     1         ../lib/libc.a(libc_a-locale.o):(.debug_abbrev)
            3816             3816       83     1         ../lib/libc.a(libc_a-strcmp.o):(.debug_abbrev)
            3899             3899      253     1         ../lib/libc.a(libc_a-wctomb_r.o):(.debug_abbrev)
            3aec             3aec      25e     1         ../lib/libc.a(libc_a-mbtowc_r.o):(.debug_abbrev)
            3d4a             3d4a      133     1         ../lib/libc.a(libc_a-stack_protector.o):(.debug_abbrev)
            3e7d             3e7d      315     1         ../lib/libc.a(libc_a-signal.o):(.debug_abbrev)
            4192             4192      239     1         ../lib/libc.a(libc_a-signalr.o):(.debug_abbrev)
            43cb             43cb       69     1         ../lib/libc.a(libc_a-ctype_.o):(.debug_abbrev)
            4434             4434      329     1         ../lib/libc.a(libc_a-svfiprintf.o):(.debug_abbrev)
            475d             475d       b2     1         ../lib/libc.a(libc_a-memmove.o):(.debug_abbrev)
            480f             480f       14     1         ../lib/libc.a(libc_a-memcpy.o):(.debug_abbrev)
            4823             4823      29a     1         ../lib/libc.a(libc_a-reallocr.o):(.debug_abbrev)
            4abd             4abd       c7     1         ../lib/libc.a(libc_a-memchr.o):(.debug_abbrev)
            4b84             4b84      346     1         ../lib/libc.a(libc_a-dtoa.o):(.debug_abbrev)
            4eca             4eca      4ef     1         ../lib/libc.a(libc_a-mprec.o):(.debug_abbrev)
            53b9             53b9      25b     1         ../lib/libc.a(libc_a-callocr.o):(.debug_abbrev)
            5614             5614      19a     1         ../lib/libc.a(libc_a-errno.o):(.debug_abbrev)
            57ae             57ae      226     1         ../lib/libc.a(libc_a-assert.o):(.debug_abbrev)
            59d4             59d4      24b     1         ../lib/libc.a(libc_a-fiprintf.o):(.debug_abbrev)
            5c1f             5c1f      45e     1         ../lib/libc.a(libc_a-vfiprintf.o):(.debug_abbrev)
            607d             607d      363     1         ../lib/libc.a(libc_a-fputwc.o):(.debug_abbrev)
            63e0             63e0      25d     1         ../lib/libc.a(libc_a-wcrtomb.o):(.debug_abbrev)
            663d             663d      272     1         ../lib/libc.a(libc_a-wbuf.o):(.debug_abbrev)
            68af             68af      21e     1         ../lib/libc.a(libc_a-wsetup.o):(.debug_abbrev)
            6acd             6acd      2fb     1         ../lib/libc.a(libc_a-makebuf.o):(.debug_abbrev)
            6dc8             6dc8      1ff     1         ../lib/libc.a(libc_a-fstatr.o):(.debug_abbrev)
            6fc7             6fc7      1ec     1         ../lib/libc.a(libc_a-isattyr.o):(.debug_abbrev)
            71b3             71b3      254     1         ../lib/libc.a(libc_a-fvwrite.o):(.debug_abbrev)
            7407             7407       99     1         ../lib/libc.a(libc_a-abort.o):(.debug_abbrev)
            74a0             74a0      251     1         ../lib/libc.a(libc_a-sprintf.o):(.debug_abbrev)
            76f1             76f1      108     1         pci.o:(.debug_abbrev)
            77f9             77f9      100     1         memory_map.o:(.debug_abbrev)
            78f9             78f9      193     1         newlib.o:(.debug_abbrev)
            7a8c             7a8c      105     1         segment.o:(.debug_abbrev)
            7b91             7b91      15b     1         interrupt.o:(.debug_abbrev)
            7cec             7cec      23c     1         paging.o:(.debug_abbrev)
            7f28             7f28       7c     1         keyboard.o:(.debug_abbrev)
            7fa4             7fa4       cf     1         input.o:(.debug_abbrev)
            8073             8073      31d     1         command.o:(.debug_abbrev)
            8390             8390      20b     1         ../lib/libc.a(libc_a-malloc.o):(.debug_abbrev)
            859b             859b      324     1         ../lib/libc.a(libc_a-strtol.o):(.debug_abbrev)
            88bf             88bf      1eb     1         ../lib/libc.a(libc_a-atoi.o):(.debug_abbrev)
            8aaa             8aaa      4cd     1         memory_manager.o:(.debug_abbrev)
            8f77             8f77       a3     1         timer.o:(.debug_abbrev)
               0                0    277ca     1 .debug_info
               0                0     18ae     1         kernel.o:(.debug_info)
            18ae             18ae      6ee     1         frame.o:(.debug_info)
            1f9c             1f9c      136     1         ../lib/libc.a(libc_a-strcpy.o):(.debug_info)
            20d2             20d2      14c     1         ../lib/libc.a(libc_a-strcat.o):(.debug_info)
            221e             221e       fb     1         ../lib/libc.a(libc_a-strlen.o):(.debug_info)
            2319             2319      963     1         ../lib/libc.a(libc_a-vsprintf.o):(.debug_info)
            2c7c             2c7c      732     1         ../lib/libc.a(libc_a-impure.o):(.debug_info)
            33ae             33ae      f8c     1         ../lib/libc.a(libc_a-findfp.o):(.debug_info)
            433a             433a      91d     1         ../lib/libc.a(libc_a-fclose.o):(.debug_info)
            4c57             4c57      aaf     1         ../lib/libc.a(libc_a-fflush.o):(.debug_info)
            5706             5706      b73     1         ../lib/libc.a(libc_a-freer.o):(.debug_info)
            6279             6279      749     1         ../lib/libc.a(libc_a-mlock.o):(.debug_info)
            69c2             69c2      d17     1         ../lib/libc.a(libc_a-mallocr.o):(.debug_info)
            76d9             76d9      79c     1         ../lib/libc.a(libc_a-sbrkr.o):(.debug_info)
            7e75             7e75      823     1         ../lib/libc.a(libc_a-reent.o):(.debug_info)
            8698             8698      7f6     1         ../lib/libc.a(libc_a-fwalk.o):(.debug_info)
            8e8e             8e8e       29     1         ../lib/libc.a(libc_a-memset.o):(.debug_info)
            8eb7             8eb7      aaf     1         ../lib/libc.a(libc_a-stdio.o):(.debug_info)
            9966             9966      7d3     1         ../lib/libc.a(libc_a-readr.o):(.debug_info)
            a139             a139      7d9     1         ../lib/libc.a(libc_a-writer.o):(.debug_info)
            a912             a912      7d4     1         ../lib/libc.a(libc_a-lseekr.o):(.debug_info)
            b0e6             b0e6      77d     1         ../lib/libc.a(libc_a-closer.o):(.debug_info)
            b863             b863     185b     1         ../lib/libc.a(libc_a-svfprintf.o):(.debug_info)
            d0be             d0be      a40     1         ../lib/libc.a(libc_a-localeconv.o):(.debug_info)
            dafe             dafe      cc4     1         ../lib/libc.a(libc_a-locale.o):(.debug_info)
            e7c2             e7c2       fb     1         ../lib/libc.a(libc_a-strcmp.o):(.debug_info)
            e8bd             e8bd      a7b     1         ../lib/libc.a(libc_a-wctomb_r.o):(.debug_info)
            f338             f338      aef     1         ../lib/libc.a(libc_a-mbtowc_r.o):(.debug_info)
            fe27             fe27      20c     1         ../lib/libc.a(libc_a-stack_protector.o):(.debug_info)
           10033            10033      ef1     1         ../lib/libc.a(libc_a-signal.o):(.debug_info)
           10f24            10f24      810     1         ../lib/libc.a(libc_a-signalr.o):(.debug_info)
           11734            11734       f6     1         ../lib/libc.a(libc_a-ctype_.o):(.debug_info)
           1182a            1182a     124f     1         ../lib/libc.a(libc_a-svfiprintf.o):(.debug_info)
           12a79            12a79      15d     1         ../lib/libc.a(libc_a-memmove.o):(.debug_info)
           12bd6            12bd6       29     1         ../lib/libc.a(libc_a-memcpy.o):(.debug_info)
           12bff            12bff      bfa     1         ../lib/libc.a(libc_a-reallocr.o):(.debug_info)
           137f9            137f9      15a     1         ../lib/libc.a(libc_a-memchr.o):(.debug_info)
           13953            13953     170e     1         ../lib/libc.a(libc_a-dtoa.o):(.debug_info)
           15061            15061     200f     1         ../lib/libc.a(libc_a-mprec.o):(.debug_info)
           17070            17070      8e7     1         ../lib/libc.a(libc_a-callocr.o):(.debug_info)
           17957            17957      71e     1         ../lib/libc.a(libc_a-errno.o):(.debug_info)
           18075            18075      84b     1         ../lib/libc.a(libc_a-assert.o):(.debug_info)
           188c0            188c0      8df     1         ../lib/libc.a(libc_a-fiprintf.o):(.debug_info)
           1919f            1919f     194f     1         ../lib/libc.a(libc_a-vfiprintf.o):(.debug_info)
           1aaee            1aaee      a7d     1         ../lib/libc.a(libc_a-fputwc.o):(.debug_info)
           1b56b            1b56b      b79     1         ../lib/libc.a(libc_a-wcrtomb.o):(.debug_info)
           1c0e4            1c0e4      89f     1         ../lib/libc.a(libc_a-wbuf.o):(.debug_info)
           1c983            1c983      7ea     1         ../lib/libc.a(libc_a-wsetup.o):(.debug_info)
           1d16d            1d16d      c71     1         ../lib/libc.a(libc_a-makebuf.o):(.debug_info)
           1ddde            1ddde      990     1         ../lib/libc.a(libc_a-fstatr.o):(.debug_info)
           1e76e            1e76e      77d     1         ../lib/libc.a(libc_a-isattyr.o):(.debug_info)
           1eeeb            1eeeb      bae     1         ../lib/libc.a(libc_a-fvwrite.o):(.debug_info)
           1fa99            1fa99       f0     1         ../lib/libc.a(libc_a-abort.o):(.debug_info)
           1fb89            1fb89      91a     1         ../lib/libc.a(libc_a-sprintf.o):(.debug_info)
           204a3            204a3      46f     1         pci.o:(.debug_info)
           20912            20912      1d8     1         memory_map.o:(.debug_info)
           20aea            20aea      56a     1         newlib.o:(.debug_info)
           21054            21054      210     1         segment.o:(.debug_info)
           21264            21264      38f     1         interrupt.o:(.debug_info)
           215f3            215f3      ede     1         paging.o:(.debug_info)
           224d1            224d1       67     1         keyboard.o:(.debug_info)
           22538            22538      19a     1         input.o:(.debug_info)
           226d2            226d2     134b     1         command.o:(.debug_info)
           23a1d            23a1d      7c7     1         ../lib/libc.a(libc_a-malloc.o):(.debug_info)
           241e4            241e4      ed2     1         ../lib/libc.a(libc_a-strtol.o):(.debug_info)
           250b6            250b6      7fa     1         ../lib/libc.a(libc_a-atoi.o):(.debug_info)
           258b0            258b0     1e6c     1         memory_manager.o:(.debug_info)
           2771c            2771c       ae     1         timer.o:(.debug_info)
               0                0      817     1 .debug_rnglists
               0                0       35     1         kernel.o:(.debug_rnglists)
              35               35       20     1         frame.o:(.debug_rnglists)
              55               55       6b     1         ../lib/libc.a(libc_a-findfp.o):(.debug_rnglists)
              c0               c0       1f     1         ../lib/libc.a(libc_a-fclose.o):(.debug_rnglists)
              df               df       54     1         ../lib/libc.a(libc_a-fflush.o):(.debug_rnglists)
             133              133       3a     1         ../lib/libc.a(libc_a-mallocr.o):(.debug_rnglists)
             16d              16d       f8     1         ../lib/libc.a(libc_a-svfprintf.o):(.debug_rnglists)
             265              265       21     1         ../lib/libc.a(libc_a-locale.o):(.debug_rnglists)
             286              286       22     1         ../lib/libc.a(libc_a-stack_protector.o):(.debug_rnglists)
             2a8              2a8       b6     1         ../lib/libc.a(libc_a-signal.o):(.debug_rnglists)
             35e              35e       36     1         ../lib/libc.a(libc_a-svfiprintf.o):(.debug_rnglists)
             394              394       a4     1         ../lib/libc.a(libc_a-reallocr.o):(.debug_rnglists)
             438              438       31     1         ../lib/libc.a(libc_a-dtoa.o):(.debug_rnglists)
             469              469       b9     1         ../lib/libc.a(libc_a-mprec.o):(.debug_rnglists)
             522              522       24     1         ../lib/libc.a(libc_a-callocr.o):(.debug_rnglists)
             546              546       cd     1         ../lib/libc.a(libc_a-vfiprintf.o):(.debug_rnglists)
             613              613       32     1         ../lib/libc.a(libc_a-fputwc.o):(.debug_rnglists)
[...]
               0                0     4e8e     1 .debug_str
               0                0     4e8e     1         <internal>:(.debug_str)
               0                0      5a8     1 .debug_addr
               0                0       a0     1         kernel.o:(.debug_addr)
              a0               a0      110     1         frame.o:(.debug_addr)
             1b0              1b0       c0     1         pci.o:(.debug_addr)
             270              270       28     1         memory_map.o:(.debug_addr)
             298              298       30     1         segment.o:(.debug_addr)
             2c8              2c8       88     1         interrupt.o:(.debug_addr)
             350              350       50     1         paging.o:(.debug_addr)
             3a0              3a0       20     1         keyboard.o:(.debug_addr)
             3c0              3c0       40     1         input.o:(.debug_addr)
             400              400       80     1         command.o:(.debug_addr)
             480              480       e8     1         memory_manager.o:(.debug_addr)
             568              568       40     1         timer.o:(.debug_addr)
               0                0       6b     1 .comment
               0                0       6b     1         <internal>:(.comment)
               0                0     d2a0     1 .debug_line
               0                0      2e5     1         kernel.o:(.debug_line)
             2e5              2e5      745     1         frame.o:(.debug_line)
             a2a              a2a       cf     1         ../lib/libc.a(libc_a-strcpy.o):(.debug_line)
             af9              af9       a7     1         ../lib/libc.a(libc_a-strcat.o):(.debug_line)
             ba0              ba0       bc     1         ../lib/libc.a(libc_a-strlen.o):(.debug_line)
             c5c              c5c      117     1         ../lib/libc.a(libc_a-vsprintf.o):(.debug_line)
             d73              d73       56     1         ../lib/libc.a(libc_a-impure.o):(.debug_line)
             dc9              dc9      415     1         ../lib/libc.a(libc_a-findfp.o):(.debug_line)
            11de             11de      15c     1         ../lib/libc.a(libc_a-fclose.o):(.debug_line)
            133a             133a      38b     1         ../lib/libc.a(libc_a-fflush.o):(.debug_line)
            16c5             16c5      460     1         ../lib/libc.a(libc_a-freer.o):(.debug_line)
            1b25             1b25       74     1         ../lib/libc.a(libc_a-mlock.o):(.debug_line)
            1b99             1b99      76f     1         ../lib/libc.a(libc_a-mallocr.o):(.debug_line)
            2308             2308       a9     1         ../lib/libc.a(libc_a-sbrkr.o):(.debug_line)
            23b1             23b1      11b     1         ../lib/libc.a(libc_a-reent.o):(.debug_line)
            24cc             24cc       df     1         ../lib/libc.a(libc_a-fwalk.o):(.debug_line)
            25ab             25ab       82     1         ../lib/libc.a(libc_a-memset.o):(.debug_line)
            262d             262d      15f     1         ../lib/libc.a(libc_a-stdio.o):(.debug_line)
            278c             278c       b4     1         ../lib/libc.a(libc_a-readr.o):(.debug_line)
            2840             2840       b4     1         ../lib/libc.a(libc_a-writer.o):(.debug_line)
            28f4             28f4       b6     1         ../lib/libc.a(libc_a-lseekr.o):(.debug_line)
            29aa             29aa       ad     1         ../lib/libc.a(libc_a-closer.o):(.debug_line)
            2a57             2a57     1746     1         ../lib/libc.a(libc_a-svfprintf.o):(.debug_line)
            419d             419d       a7     1         ../lib/libc.a(libc_a-localeconv.o):(.debug_line)
            4244             4244      161     1         ../lib/libc.a(libc_a-locale.o):(.debug_line)
            43a5             43a5       d7     1         ../lib/libc.a(libc_a-strcmp.o):(.debug_line)
            447c             447c       d9     1         ../lib/libc.a(libc_a-wctomb_r.o):(.debug_line)
            4555             4555       db     1         ../lib/libc.a(libc_a-mbtowc_r.o):(.debug_line)
            4630             4630       d2     1         ../lib/libc.a(libc_a-stack_protector.o):(.debug_line)
            4702             4702      581     1         ../lib/libc.a(libc_a-signal.o):(.debug_line)
            4c83             4c83       c6     1         ../lib/libc.a(libc_a-signalr.o):(.debug_line)
            4d49             4d49       48     1         ../lib/libc.a(libc_a-ctype_.o):(.debug_line)
            4d91             4d91      dfa     1         ../lib/libc.a(libc_a-svfiprintf.o):(.debug_line)
            5b8b             5b8b      15e     1         ../lib/libc.a(libc_a-memmove.o):(.debug_line)
            5ce9             5ce9       97     1         ../lib/libc.a(libc_a-memcpy.o):(.debug_line)
            5d80             5d80      634     1         ../lib/libc.a(libc_a-reallocr.o):(.debug_line)
            63b4             63b4      12d     1         ../lib/libc.a(libc_a-memchr.o):(.debug_line)
            64e1             64e1     1380     1         ../lib/libc.a(libc_a-dtoa.o):(.debug_line)
            7861             7861     158c     1         ../lib/libc.a(libc_a-mprec.o):(.debug_line)
            8ded             8ded      177     1         ../lib/libc.a(libc_a-callocr.o):(.debug_line)
            8f64             8f64       72     1         ../lib/libc.a(libc_a-errno.o):(.debug_line)
            8fd6             8fd6       bc     1         ../lib/libc.a(libc_a-assert.o):(.debug_line)
            9092             9092       d8     1         ../lib/libc.a(libc_a-fiprintf.o):(.debug_line)
            916a             916a     107c     1         ../lib/libc.a(libc_a-vfiprintf.o):(.debug_line)
            a1e6             a1e6      21f     1         ../lib/libc.a(libc_a-fputwc.o):(.debug_line)
            a405             a405      151     1         ../lib/libc.a(libc_a-wcrtomb.o):(.debug_line)
            a556             a556      1d2     1         ../lib/libc.a(libc_a-wbuf.o):(.debug_line)
            a728             a728      20d     1         ../lib/libc.a(libc_a-wsetup.o):(.debug_line)
            a935             a935      22d     1         ../lib/libc.a(libc_a-makebuf.o):(.debug_line)
            ab62             ab62       c6     1         ../lib/libc.a(libc_a-fstatr.o):(.debug_line)
            ac28             ac28       ad     1         ../lib/libc.a(libc_a-isattyr.o):(.debug_line)
            acd5             acd5      535     1         ../lib/libc.a(libc_a-fvwrite.o):(.debug_line)
            b20a             b20a       72     1         ../lib/libc.a(libc_a-abort.o):(.debug_line)
            b27c             b27c      12b     1         ../lib/libc.a(libc_a-sprintf.o):(.debug_line)
            b3a7             b3a7      413     1         pci.o:(.debug_line)
            b7ba             b7ba      144     1         memory_map.o:(.debug_line)
            b8fe             b8fe      12e     1         newlib.o:(.debug_line)
            ba2c             ba2c      1ad     1         segment.o:(.debug_line)
            bbd9             bbd9      36c     1         interrupt.o:(.debug_line)
            bf45             bf45      169     1         paging.o:(.debug_line)
            c0ae             c0ae       7e     1         keyboard.o:(.debug_line)
            c12c             c12c      26d     1         input.o:(.debug_line)
            c399             c399      493     1         command.o:(.debug_line)
            c82c             c82c       a0     1         ../lib/libc.a(libc_a-malloc.o):(.debug_line)
            c8cc             c8cc      2e4     1         ../lib/libc.a(libc_a-strtol.o):(.debug_line)
            cbb0             cbb0       96     1         ../lib/libc.a(libc_a-atoi.o):(.debug_line)
            cc46             cc46      5a8     1         memory_manager.o:(.debug_line)
            d1ee             d1ee       b2     1         timer.o:(.debug_line)
               0                0      eb1     1 .debug_line_str
               0                0      eb1     1         <internal>:(.debug_line_str)
               0                0     d931     1 .debug_loclists
               0                0       3c     1         frame.o:(.debug_loclists)
              3c               3c       d1     1         ../lib/libc.a(libc_a-strcpy.o):(.debug_loclists)
             10d              10d       52     1         ../lib/libc.a(libc_a-strcat.o):(.debug_loclists)
             15f              15f       39     1         ../lib/libc.a(libc_a-strlen.o):(.debug_loclists)
             198              198      118     1         ../lib/libc.a(libc_a-vsprintf.o):(.debug_loclists)
             2b0              2b0      1d2     1         ../lib/libc.a(libc_a-findfp.o):(.debug_loclists)
             482              482      112     1         ../lib/libc.a(libc_a-fclose.o):(.debug_loclists)
             594              594      2bb     1         ../lib/libc.a(libc_a-fflush.o):(.debug_loclists)
             84f              84f      4c7     1         ../lib/libc.a(libc_a-freer.o):(.debug_loclists)
             d16              d16      9aa     1         ../lib/libc.a(libc_a-mallocr.o):(.debug_loclists)
            16c0             16c0       50     1         ../lib/libc.a(libc_a-sbrkr.o):(.debug_loclists)
            1710             1710       8c     1         ../lib/libc.a(libc_a-reent.o):(.debug_loclists)
            179c             179c       94     1         ../lib/libc.a(libc_a-fwalk.o):(.debug_loclists)
            1830             1830      256     1         ../lib/libc.a(libc_a-stdio.o):(.debug_loclists)
            1a86             1a86       82     1         ../lib/libc.a(libc_a-readr.o):(.debug_loclists)
            1b08             1b08       82     1         ../lib/libc.a(libc_a-writer.o):(.debug_loclists)
            1b8a             1b8a       82     1         ../lib/libc.a(libc_a-lseekr.o):(.debug_loclists)
            1c0c             1c0c       50     1         ../lib/libc.a(libc_a-closer.o):(.debug_loclists)
            1c5c             1c5c     1fce     1         ../lib/libc.a(libc_a-svfprintf.o):(.debug_loclists)
            3c2a             3c2a       1e     1         ../lib/libc.a(libc_a-localeconv.o):(.debug_loclists)
            3c48             3c48      189     1         ../lib/libc.a(libc_a-locale.o):(.debug_loclists)
            3dd1             3dd1       60     1         ../lib/libc.a(libc_a-strcmp.o):(.debug_loclists)
            3e31             3e31       5c     1         ../lib/libc.a(libc_a-wctomb_r.o):(.debug_loclists)
            3e8d             3e8d      107     1         ../lib/libc.a(libc_a-mbtowc_r.o):(.debug_loclists)
            3f94             3f94      813     1         ../lib/libc.a(libc_a-signal.o):(.debug_loclists)
            47a7             47a7       7b     1         ../lib/libc.a(libc_a-signalr.o):(.debug_loclists)
            4822             4822      ffd     1         ../lib/libc.a(libc_a-svfiprintf.o):(.debug_loclists)
            581f             581f      3ae     1         ../lib/libc.a(libc_a-memmove.o):(.debug_loclists)
            5bcd             5bcd      b7b     1         ../lib/libc.a(libc_a-reallocr.o):(.debug_loclists)
            6748             6748      154     1         ../lib/libc.a(libc_a-memchr.o):(.debug_loclists)
            689c             689c     23c9     1         ../lib/libc.a(libc_a-dtoa.o):(.debug_loclists)
            8c65             8c65     1900     1         ../lib/libc.a(libc_a-mprec.o):(.debug_loclists)
            a565             a565      190     1         ../lib/libc.a(libc_a-callocr.o):(.debug_loclists)
            a6f5             a6f5       d3     1         ../lib/libc.a(libc_a-assert.o):(.debug_loclists)
            a7c8             a7c8       9d     1         ../lib/libc.a(libc_a-fiprintf.o):(.debug_loclists)
            a865             a865     1b20     1         ../lib/libc.a(libc_a-vfiprintf.o):(.debug_loclists)
            c385             c385      1e7     1         ../lib/libc.a(libc_a-fputwc.o):(.debug_loclists)
            c56c             c56c      184     1         ../lib/libc.a(libc_a-wcrtomb.o):(.debug_loclists)
            c6f0             c6f0      131     1         ../lib/libc.a(libc_a-wbuf.o):(.debug_loclists)
            c821             c821       5f     1         ../lib/libc.a(libc_a-wsetup.o):(.debug_loclists)
            c880             c880      217     1         ../lib/libc.a(libc_a-makebuf.o):(.debug_loclists)
            ca97             ca97       69     1         ../lib/libc.a(libc_a-fstatr.o):(.debug_loclists)
            cb00             cb00       50     1         ../lib/libc.a(libc_a-isattyr.o):(.debug_loclists)
            cb50             cb50      548     1         ../lib/libc.a(libc_a-fvwrite.o):(.debug_loclists)
            d098             d098       b3     1         ../lib/libc.a(libc_a-sprintf.o):(.debug_loclists)
            d14b             d14b       3e     1         ../lib/libc.a(libc_a-malloc.o):(.debug_loclists)
            d189             d189      766     1         ../lib/libc.a(libc_a-strtol.o):(.debug_loclists)
            d8ef             d8ef       42     1         ../lib/libc.a(libc_a-atoi.o):(.debug_loclists)
               0                0      a70    16 .debug_aranges
               0                0       30     1         ../lib/libc.a(libc_a-strcpy.o):(.debug_aranges)
              30               30       30     1         ../lib/libc.a(libc_a-strcat.o):(.debug_aranges)
              60               60       30     1         ../lib/libc.a(libc_a-strlen.o):(.debug_aranges)
              90               90       30     1         ../lib/libc.a(libc_a-vsprintf.o):(.debug_aranges)
              c0               c0       20     1         ../lib/libc.a(libc_a-impure.o):(.debug_aranges)
              e0               e0       30     1         ../lib/libc.a(libc_a-findfp.o):(.debug_aranges)
             110              110       30     1         ../lib/libc.a(libc_a-fclose.o):(.debug_aranges)
             140              140       30     1         ../lib/libc.a(libc_a-fflush.o):(.debug_aranges)
             170              170       30     1         ../lib/libc.a(libc_a-freer.o):(.debug_aranges)
             1a0              1a0       30     1         ../lib/libc.a(libc_a-mlock.o):(.debug_aranges)
             1d0              1d0       30     1         ../lib/libc.a(libc_a-mallocr.o):(.debug_aranges)
             200              200       30     1         ../lib/libc.a(libc_a-sbrkr.o):(.debug_aranges)
             230              230       30     1         ../lib/libc.a(libc_a-reent.o):(.debug_aranges)
             260              260       30     1         ../lib/libc.a(libc_a-fwalk.o):(.debug_aranges)
             290              290       30    16         ../lib/libc.a(libc_a-memset.o):(.debug_aranges)
             2c0              2c0       30     1         ../lib/libc.a(libc_a-stdio.o):(.debug_aranges)
             2f0              2f0       30     1         ../lib/libc.a(libc_a-readr.o):(.debug_aranges)
             320              320       30     1         ../lib/libc.a(libc_a-writer.o):(.debug_aranges)
             350              350       30     1         ../lib/libc.a(libc_a-lseekr.o):(.debug_aranges)
             380              380       30     1         ../lib/libc.a(libc_a-closer.o):(.debug_aranges)
             3b0              3b0       30     1         ../lib/libc.a(libc_a-svfprintf.o):(.debug_aranges)
             3e0              3e0       30     1         ../lib/libc.a(libc_a-localeconv.o):(.debug_aranges)
             410              410       30     1         ../lib/libc.a(libc_a-locale.o):(.debug_aranges)
             440              440       30     1         ../lib/libc.a(libc_a-strcmp.o):(.debug_aranges)
             470              470       30     1         ../lib/libc.a(libc_a-wctomb_r.o):(.debug_aranges)
             4a0              4a0       30     1         ../lib/libc.a(libc_a-mbtowc_r.o):(.debug_aranges)
             4d0              4d0       40     1         ../lib/libc.a(libc_a-stack_protector.o):(.debug_aranges)
             510              510       30     1         ../lib/libc.a(libc_a-signal.o):(.debug_aranges)
             540              540       30     1         ../lib/libc.a(libc_a-signalr.o):(.debug_aranges)
             570              570       20     1         ../lib/libc.a(libc_a-ctype_.o):(.debug_aranges)
             590              590       30     1         ../lib/libc.a(libc_a-svfiprintf.o):(.debug_aranges)
             5c0              5c0       30     1         ../lib/libc.a(libc_a-memmove.o):(.debug_aranges)
             5f0              5f0       30    16         ../lib/libc.a(libc_a-memcpy.o):(.debug_aranges)
             620              620       30     1         ../lib/libc.a(libc_a-reallocr.o):(.debug_aranges)
             650              650       30     1         ../lib/libc.a(libc_a-memchr.o):(.debug_aranges)
             680              680       30     1         ../lib/libc.a(libc_a-dtoa.o):(.debug_aranges)
             6b0              6b0       30     1         ../lib/libc.a(libc_a-mprec.o):(.debug_aranges)
             6e0              6e0       30     1         ../lib/libc.a(libc_a-callocr.o):(.debug_aranges)
             710              710       30     1         ../lib/libc.a(libc_a-errno.o):(.debug_aranges)
             740              740       30     1         ../lib/libc.a(libc_a-assert.o):(.debug_aranges)
             770              770       30     1         ../lib/libc.a(libc_a-fiprintf.o):(.debug_aranges)
             7a0              7a0       30     1         ../lib/libc.a(libc_a-vfiprintf.o):(.debug_aranges)
             7d0              7d0       30     1         ../lib/libc.a(libc_a-fputwc.o):(.debug_aranges)
             800              800       30     1         ../lib/libc.a(libc_a-wcrtomb.o):(.debug_aranges)
             830              830       30     1         ../lib/libc.a(libc_a-wbuf.o):(.debug_aranges)
             860              860       30     1         ../lib/libc.a(libc_a-wsetup.o):(.debug_aranges)
             890              890       30     1         ../lib/libc.a(libc_a-makebuf.o):(.debug_aranges)
             8c0              8c0       30     1         ../lib/libc.a(libc_a-fstatr.o):(.debug_aranges)
             8f0              8f0       30     1         ../lib/libc.a(libc_a-isattyr.o):(.debug_aranges)
             920              920       30     1         ../lib/libc.a(libc_a-fvwrite.o):(.debug_aranges)
             950              950       30     1         ../lib/libc.a(libc_a-abort.o):(.debug_aranges)
             980              980       30     1         ../lib/libc.a(libc_a-sprintf.o):(.debug_aranges)
             9b0              9b0       30     1         newlib.o:(.debug_aranges)
             9e0              9e0       30     1         ../lib/libc.a(libc_a-malloc.o):(.debug_aranges)
             a10              a10       30     1         ../lib/libc.a(libc_a-strtol.o):(.debug_aranges)
             a40              a40       30     1         ../lib/libc.a(libc_a-atoi.o):(.debug_aranges)
               0                0       f8     8 .debug_frame
               0                0       40     8         keyboard.o:(.debug_frame)
              40               40       b8     8         timer.o:(.debug_frame)
               0                0     2580     8 .symtab
               0                0     2580     8         <internal>:(.symtab)
               0                0      105     1 .shstrtab
               0                0      105     1         <internal>:(.shstrtab)
               0                0     1802     1 .strtab
               0                0     1802     1         <internal>:(.strtab)
