             VMA              LMA     Size Align Out     In      Symbol
          100160           100160      fb7    32 .rodata
          100160           100160      569     1         <internal>:(.rodata)
          1006d0           1006d0       68     8         <internal>:(.rodata)
          100740           100740      190    16         ../lib/libc.a(libc_a-svfprintf.o):(.rodata)
          1008b0           1008b0       10     1                 zeroes.0
          1008c0           1008c0       10     1                 blanks.1
          1008d0           1008d0       40    16         <internal>:(.rodata)
          100920           100920      2a0    32         ../lib/libc.a(libc_a-ctype_.o):(.rodata)
          100920           100920      101     1                 _ctype_
          100a40           100a40      180     1                 _ctype_b
          100bc0           100bc0      190    16         ../lib/libc.a(libc_a-svfiprintf.o):(.rodata)
          100d30           100d30       10     1                 zeroes.0
          100d40           100d40       10     1                 blanks.1
          100d60           100d60      168    32         ../lib/libc.a(libc_a-mprec.o):(.rodata)
          100d60           100d60        c     1                 p05.0
          100d80           100d80       28     1                 __mprec_tinytens
          100dc0           100dc0       28     1                 __mprec_bigtens
          100e00           100e00       c8     1                 __mprec_tens
          100ec8           100ec8       2f     8         <internal>:(.rodata)
          100f00           100f00      190    16         ../lib/libc.a(libc_a-vfiprintf.o):(.rodata)
          101070           101070       10     1                 zeroes.0
          101080           101080       10     1                 blanks.1
          101090           101090       87     1         newlib.o:(.rodata)
          101118           101118     2454     8 .eh_frame
          101118           101118       d4     1         kernel.o:(.eh_frame+0x0)
          1011f0           1011f0       3c     1         kernel.o:(.eh_frame+0xd4)
          101230           101230       a0     1         kernel.o:(.eh_frame+0x110)
          1012d0           1012d0      220     1         frame.o:(.eh_frame+0x18)
          1014f0           1014f0       18     1         ../lib/libc.a(libc_a-strcpy.o):(.eh_frame+0x18)
          101508           101508       20     1         ../lib/libc.a(libc_a-strcat.o):(.eh_frame+0x18)
          101528           101528       18     1         ../lib/libc.a(libc_a-strlen.o):(.eh_frame+0x18)
          101540           101540       1c     1         ../lib/libc.a(libc_a-vsprintf.o):(.eh_frame+0x18)
          101560           101560       1c     1         ../lib/libc.a(libc_a-vsprintf.o):(.eh_frame+0x34)
          101580           101580       14     1         ../lib/libc.a(libc_a-findfp.o):(.eh_frame+0x18)
          101598           101598       14     1         ../lib/libc.a(libc_a-findfp.o):(.eh_frame+0x2c)
          1015b0           1015b0       34     1         ../lib/libc.a(libc_a-findfp.o):(.eh_frame+0x40)
          1015e8           1015e8       3c     1         ../lib/libc.a(libc_a-findfp.o):(.eh_frame+0x74)
          101628           101628       44     1         ../lib/libc.a(libc_a-findfp.o):(.eh_frame+0xb0)
          101670           101670       14     1         ../lib/libc.a(libc_a-findfp.o):(.eh_frame+0xf4)
          101688           101688       14     1         ../lib/libc.a(libc_a-findfp.o):(.eh_frame+0x108)
          1016a0           1016a0       14     1         ../lib/libc.a(libc_a-findfp.o):(.eh_frame+0x11c)
          1016b8           1016b8       18     1         ../lib/libc.a(libc_a-findfp.o):(.eh_frame+0x130)
          1016d0           1016d0       3c     1         ../lib/libc.a(libc_a-fclose.o):(.eh_frame+0x18)
          101710           101710       14     1         ../lib/libc.a(libc_a-fclose.o):(.eh_frame+0x54)
          101728           101728       90     1         ../lib/libc.a(libc_a-fflush.o):(.eh_frame+0x18)
          1017b8           1017b8       3c     1         ../lib/libc.a(libc_a-freer.o):(.eh_frame+0x18)
          1017f8           1017f8       5c     1         ../lib/libc.a(libc_a-freer.o):(.eh_frame+0x54)
          101858           101858       14     1         ../lib/libc.a(libc_a-mlock.o):(.eh_frame+0x18)
          101870           101870       14     1         ../lib/libc.a(libc_a-mlock.o):(.eh_frame+0x2c)
          101888           101888       80     1         ../lib/libc.a(libc_a-mallocr.o):(.eh_frame+0x18)
          101908           101908       20     1         ../lib/libc.a(libc_a-sbrkr.o):(.eh_frame+0x18)
          101928           101928       40     1         ../lib/libc.a(libc_a-reent.o):(.eh_frame+0x18)
          101968           101968       48     1         ../lib/libc.a(libc_a-fwalk.o):(.eh_frame+0x18)
          1019b0           1019b0       34     1         ../lib/libc.a(libc_a-stdio.o):(.eh_frame+0x18)
          1019e8           1019e8       34     1         ../lib/libc.a(libc_a-stdio.o):(.eh_frame+0x4c)
          101a20           101a20       38     1         ../lib/libc.a(libc_a-stdio.o):(.eh_frame+0x80)
          101a58           101a58       20     1         ../lib/libc.a(libc_a-readr.o):(.eh_frame+0x18)
          101a78           101a78       20     1         ../lib/libc.a(libc_a-writer.o):(.eh_frame+0x18)
          101a98           101a98       20     1         ../lib/libc.a(libc_a-lseekr.o):(.eh_frame+0x18)
          101ab8           101ab8       20     1         ../lib/libc.a(libc_a-closer.o):(.eh_frame+0x18)
          101ad8           101ad8       50     1         ../lib/libc.a(libc_a-svfprintf.o):(.eh_frame+0x18)
          101b28           101b28       14     1         ../lib/libc.a(libc_a-localeconv.o):(.eh_frame+0x18)
          101b40           101b40       14     1         ../lib/libc.a(libc_a-localeconv.o):(.eh_frame+0x2c)
          101b58           101b58       18     1         ../lib/libc.a(libc_a-localeconv.o):(.eh_frame+0x40)
          101b70           101b70       24     1         ../lib/libc.a(libc_a-locale.o):(.eh_frame+0x18)
          101b98           101b98       14     1         ../lib/libc.a(libc_a-locale.o):(.eh_frame+0x3c)
          101bb0           101bb0       28     1         ../lib/libc.a(libc_a-locale.o):(.eh_frame+0x50)
          101bd8           101bd8       18     1         ../lib/libc.a(libc_a-strcmp.o):(.eh_frame+0x18)
          101bf0           101bf0       14     1         ../lib/libc.a(libc_a-wctomb_r.o):(.eh_frame+0x18)
          101c08           101c08       14     1         ../lib/libc.a(libc_a-wctomb_r.o):(.eh_frame+0x2c)
          101c20           101c20       14     1         ../lib/libc.a(libc_a-mbtowc_r.o):(.eh_frame+0x18)
          101c38           101c38       1c     1         ../lib/libc.a(libc_a-mbtowc_r.o):(.eh_frame+0x2c)
          101c58           101c58       14     1         ../lib/libc.a(libc_a-stack_protector.o):(.eh_frame+0x18)
          101c70           101c70       1c     1         ../lib/libc.a(libc_a-stack_protector.o):(.eh_frame+0x2c)
          101c90           101c90       20     1         ../lib/libc.a(libc_a-stack_protector.o):(.eh_frame+0x48)
          101cb0           101cb0       4c     1         ../lib/libc.a(libc_a-signal.o):(.eh_frame+0x18)
          101d00           101d00      184     1         ../lib/libc.a(libc_a-signal.o):(.eh_frame+0x64)
          101e88           101e88       38     1         ../lib/libc.a(libc_a-signalr.o):(.eh_frame+0x18)
          101ec0           101ec0       4c     1         ../lib/libc.a(libc_a-svfiprintf.o):(.eh_frame+0x18)
          101f10           101f10       54     1         ../lib/libc.a(libc_a-svfiprintf.o):(.eh_frame+0x64)
          101f68           101f68       18     1         ../lib/libc.a(libc_a-memmove.o):(.eh_frame+0x18)
          101f80           101f80       68     1         ../lib/libc.a(libc_a-reallocr.o):(.eh_frame+0x18)
          101fe8           101fe8       18     1         ../lib/libc.a(libc_a-memchr.o):(.eh_frame+0x18)
          102000           102000       4c     1         ../lib/libc.a(libc_a-dtoa.o):(.eh_frame+0x18)
          102050           102050       4c     1         ../lib/libc.a(libc_a-dtoa.o):(.eh_frame+0x64)
          1020a0           1020a0       2c     1         ../lib/libc.a(libc_a-mprec.o):(.eh_frame+0x18)
          1020d0           1020d0       14     1         ../lib/libc.a(libc_a-mprec.o):(.eh_frame+0x44)
          1020e8           1020e8       8c     1         ../lib/libc.a(libc_a-mprec.o):(.eh_frame+0x58)
          102178           102178       14     1         ../lib/libc.a(libc_a-mprec.o):(.eh_frame+0xe4)
          102190           102190       14     1         ../lib/libc.a(libc_a-mprec.o):(.eh_frame+0xf8)
          1021a8           1021a8       24     1         ../lib/libc.a(libc_a-mprec.o):(.eh_frame+0x10c)
          1021d0           1021d0       4c     1         ../lib/libc.a(libc_a-mprec.o):(.eh_frame+0x130)
          102220           102220       3c     1         ../lib/libc.a(libc_a-mprec.o):(.eh_frame+0x17c)
          102260           102260       4c     1         ../lib/libc.a(libc_a-mprec.o):(.eh_frame+0x1b8)
          1022b0           1022b0       14     1         ../lib/libc.a(libc_a-mprec.o):(.eh_frame+0x204)
          1022c8           1022c8       64     1         ../lib/libc.a(libc_a-mprec.o):(.eh_frame+0x218)
          102330           102330       14     1         ../lib/libc.a(libc_a-mprec.o):(.eh_frame+0x27c)
          102348           102348       34     1         ../lib/libc.a(libc_a-mprec.o):(.eh_frame+0x290)
          102380           102380       34     1         ../lib/libc.a(libc_a-mprec.o):(.eh_frame+0x2c4)
          1023b8           1023b8       14     1         ../lib/libc.a(libc_a-mprec.o):(.eh_frame+0x2f8)
          1023d0           1023d0       14     1         ../lib/libc.a(libc_a-mprec.o):(.eh_frame+0x30c)
          1023e8           1023e8       18     1         ../lib/libc.a(libc_a-mprec.o):(.eh_frame+0x320)
          102400           102400       28     1         ../lib/libc.a(libc_a-callocr.o):(.eh_frame+0x18)
          102428           102428       18     1         ../lib/libc.a(libc_a-errno.o):(.eh_frame+0x18)
          102440           102440       24     1         ../lib/libc.a(libc_a-assert.o):(.eh_frame+0x18)
          102468           102468       1c     1         ../lib/libc.a(libc_a-assert.o):(.eh_frame+0x3c)
          102488           102488       1c     1         ../lib/libc.a(libc_a-fiprintf.o):(.eh_frame+0x18)
          1024a8           1024a8       1c     1         ../lib/libc.a(libc_a-fiprintf.o):(.eh_frame+0x34)
          1024c8           1024c8       4c     1         ../lib/libc.a(libc_a-vfiprintf.o):(.eh_frame+0x18)
          102518           102518       14     1         ../lib/libc.a(libc_a-vfiprintf.o):(.eh_frame+0x64)
          102530           102530       7c     1         ../lib/libc.a(libc_a-vfiprintf.o):(.eh_frame+0x78)
          1025b0           1025b0       3c     1         ../lib/libc.a(libc_a-vfiprintf.o):(.eh_frame+0xf4)
          1025f0           1025f0       44     1         ../lib/libc.a(libc_a-fputwc.o):(.eh_frame+0x18)
          102638           102638       14     1         ../lib/libc.a(libc_a-fputwc.o):(.eh_frame+0x5c)
          102650           102650       28     1         ../lib/libc.a(libc_a-fputwc.o):(.eh_frame+0x70)
          102678           102678       2c     1         ../lib/libc.a(libc_a-wcrtomb.o):(.eh_frame+0x18)
          1026a8           1026a8       2c     1         ../lib/libc.a(libc_a-wcrtomb.o):(.eh_frame+0x44)
          1026d8           1026d8       3c     1         ../lib/libc.a(libc_a-wbuf.o):(.eh_frame+0x18)
          102718           102718       14     1         ../lib/libc.a(libc_a-wbuf.o):(.eh_frame+0x54)
          102730           102730       30     1         ../lib/libc.a(libc_a-wsetup.o):(.eh_frame+0x18)
          102760           102760       44     1         ../lib/libc.a(libc_a-makebuf.o):(.eh_frame+0x18)
          1027a8           1027a8       34     1         ../lib/libc.a(libc_a-makebuf.o):(.eh_frame+0x5c)
          1027e0           1027e0       20     1         ../lib/libc.a(libc_a-fstatr.o):(.eh_frame+0x18)
          102800           102800       20     1         ../lib/libc.a(libc_a-isattyr.o):(.eh_frame+0x18)
          102820           102820       78     1         ../lib/libc.a(libc_a-fvwrite.o):(.eh_frame+0x18)
          102898           102898       20     1         ../lib/libc.a(libc_a-abort.o):(.eh_frame+0x18)
          1028b8           1028b8       1c     1         ../lib/libc.a(libc_a-sprintf.o):(.eh_frame+0x18)
          1028d8           1028d8       24     1         ../lib/libc.a(libc_a-sprintf.o):(.eh_frame+0x34)
          102900           102900      200     1         pci.o:(.eh_frame+0x18)
          102b00           102b00       60     1         memory_map.o:(.eh_frame+0x18)
          102b60           102b60       3c     1         newlib.o:(.eh_frame+0x18)
          102ba0           102ba0       1c     1         newlib.o:(.eh_frame+0x54)
          102bc0           102bc0       1c     1         newlib.o:(.eh_frame+0x70)
          102be0           102be0       1c     1         newlib.o:(.eh_frame+0x8c)
          102c00           102c00       1c     1         newlib.o:(.eh_frame+0xa8)
          102c20           102c20       1c     1         newlib.o:(.eh_frame+0xc4)
          102c40           102c40       1c     1         newlib.o:(.eh_frame+0xe0)
          102c60           102c60       1c     1         newlib.o:(.eh_frame+0xfc)
          102c80           102c80       20     1         newlib.o:(.eh_frame+0x118)
          102ca0           102ca0       80     1         segment.o:(.eh_frame+0x18)
          102d20           102d20       54     1         interrupt.o:(.eh_frame+0x18)
          102d78           102d78       54     1         interrupt.o:(.eh_frame+0x6c)
          102dd0           102dd0       54     1         interrupt.o:(.eh_frame+0xc0)
          102e28           102e28       54     1         interrupt.o:(.eh_frame+0x114)
          102e80           102e80       54     1         interrupt.o:(.eh_frame+0x168)
          102ed8           102ed8       74     1         interrupt.o:(.eh_frame+0x1bc)
          102f50           102f50       a0     1         interrupt.o:(.eh_frame+0x230)
          102ff0           102ff0       80     1         paging.o:(.eh_frame+0x18)
          103070           103070       c4     1         input.o:(.eh_frame+0x18)
          103138           103138       24     1         input.o:(.eh_frame+0xdc)
          103160           103160       20     1         command.o:(.eh_frame+0x18)
          103180           103180       a0     1         command.o:(.eh_frame+0x78)
          103220           103220       20     1         command.o:(.eh_frame+0x138)
          103240           103240       14     1         ../lib/libc.a(libc_a-malloc.o):(.eh_frame+0x18)
          103258           103258       14     1         ../lib/libc.a(libc_a-malloc.o):(.eh_frame+0x2c)
          103270           103270       88     1         ../lib/libc.a(libc_a-strtol.o):(.eh_frame+0x18)
          1032f8           1032f8       30     1         ../lib/libc.a(libc_a-atoi.o):(.eh_frame+0x18)
          103328           103328       20     1         memory_manager.o:(.eh_frame+0x18)
          103348           103348      200     1         memory_manager.o:(.eh_frame+0x78)
          103548           103548       20     1         memory_manager.o:(.eh_frame+0x2b8)
          104570           104570    1036e    16 .text
          104570           104570      217    16         kernel.o:(.text)
          104570           104570        f     1                 stop()
          104580           104580       29     1                 entry_point
          1045b0           1045b0      1d7     1                 kernel_main
          104790           104790       50    16         kernel.o:(.text.startup)
          104790           104790       1a     1                 __cxx_global_var_init
          1047b0           1047b0       12     1                 __cxx_global_var_init.1
          1047d0           1047d0       10     1                 _GLOBAL__sub_I_kernel.cpp
          1047e0           1047e0        b    16         kernel.o:(.text._ZNSt3__114numeric_limitsImE3maxEv)
          1047e0           1047e0        b     1                 std::__1::numeric_limits<unsigned long>::max()
          1047f0           1047f0       21    16         kernel.o:(.text._ZN7FrameIDC2Em)
          1047f0           1047f0       21     1                 FrameID::FrameID(unsigned long)
          104820           104820       4c    16         kernel.o:(.text._ZN11InputBufferC2Ev)
          104820           104820       4c     1                 InputBuffer::InputBuffer()
          104870           104870       1e    16         kernel.o:(.text._ZNK5ErrorcvbEv)
          104870           104870       1e     1                 Error::operator bool() const
          104890           104890       29    16         kernel.o:(.text._ZNK5Error4NameEv)
          104890           104890       29     1                 Error::Name() const
          1048c0           1048c0        d    16         kernel.o:(.text._ZNSt3__123__libcpp_numeric_limitsImLb1EE3maxEv)
          1048c0           1048c0        d     1                 std::__1::__libcpp_numeric_limits<unsigned long, true>::max()
          1048d0           1048d0       25    16         kernel.o:(.text._ZNKSt3__15arrayIPKcLm20EEixEm)
          1048d0           1048d0       25     1                 std::__1::array<char const*, 20ul>::operator[](unsigned long) const
          104900           104900      ece    16         frame.o:(.text)
          104900           104900       9a     1                 InitializeFrame(bootinfo_t*)
          1049a0           1049a0       7f     1                 WritePixelRGB(Color, int, int)
          104a20           104a20       7f     1                 WritePixelBGR(Color, int, int)
          104aa0           104aa0       3d     1                 HashtoColor(unsigned char)
          104ae0           104ae0      191     1                 HSVtoRGB(int)
          104c80           104c80       f5     1                 WriteAscii(char, Color, int, int)
          104d80           104d80      136     1                 WriteSquare(Vector, Vector, Color)
          104ec0           104ec0      11b     1                 PrintLine(char const*, Vector, Color)
          104fe0           104fe0       7e     1                 RegisterLine(char const*)
          105060           105060      402     1                 Print
          105470           105470       b3     1                 Printf
          105530           105530       6c     1                 dPrint(char*, int)
          1055a0           1055a0       6c     1                 udPrint(char*, unsigned int)
          105610           105610       6c     1                 uxdPrint(char*, unsigned int)
          105680           105680       c2     1                 WriteMandelbrot(int)
          105750           105750       7e     1                 clear()
          1057d0           1057d0      1ad    16         frame.o:(.text._Z14CalcMandelbrotiii)
          1057d0           1057d0      1ad     1                 CalcMandelbrot(int, int, int)
          105980           105980       85    16         ../lib/libc.a(libc_a-strcpy.o):(.text)
          105980           105980       85     1                 strcpy
          105a10           105a10       6c    16         ../lib/libc.a(libc_a-strcat.o):(.text)
          105a10           105a10       6c     1                 strcat
          105a80           105a80       7d    16         ../lib/libc.a(libc_a-strlen.o):(.text)
          105a80           105a80       7d     1                 strlen
          105b00           105b00       ed    16         ../lib/libc.a(libc_a-vsprintf.o):(.text)
          105b00           105b00       7d     1                 vsprintf
          105b80           105b80       6d     1                 _vsprintf_r
          105bed           105bed        0     1         ../lib/libc.a(libc_a-impure.o):(.text)
          105bf0           105bf0      469    16         ../lib/libc.a(libc_a-findfp.o):(.text)
          105bf0           105bf0        7     1                 __fp_lock
          105c00           105c00       1e     1                 stdio_exit_handler
          105c20           105c20       52     1                 cleanup_stdio
          105c80           105c80        7     1                 __fp_unlock
          105c90           105c90      1d1     1                 global_stdio_init.part.0
          105e70           105e70      156     1                 __sfp
          105fd0           105fd0       2a     1                 __sinit
          106000           106000        5     1                 __sfp_lock_acquire
          106010           106010        5     1                 __sfp_lock_release
          106020           106020       19     1                 __fp_lock_all
          106040           106040       19     1                 __fp_unlock_all
          106060           106060       f3    16         ../lib/libc.a(libc_a-fclose.o):(.text)
          106060           106060       de     1                 _fclose_r
          106140           106140       13     1                 fclose
          106160           106160      321    16         ../lib/libc.a(libc_a-fflush.o):(.text)
          106160           106160      225     1                 __sflush_r
          106390           106390       5f     1                 _fflush_r
          1063f0           1063f0       91     1                 fflush
          106490           106490      47e    16         ../lib/libc.a(libc_a-freer.o):(.text)
          106490           106490       e7     1                 _malloc_trim_r
          106580           106580      38e     1                 _free_r
          106910           106910       15    16         ../lib/libc.a(libc_a-mlock.o):(.text)
          106910           106910        5     1                 __malloc_lock
          106920           106920        5     1                 __malloc_unlock
          106930           106930      8d4    16         ../lib/libc.a(libc_a-mallocr.o):(.text)
          106930           106930      8d4     1                 _malloc_r
          107210           107210       36    16         ../lib/libc.a(libc_a-sbrkr.o):(.text)
          107210           107210       36     1                 _sbrk_r
          107250           107250       9e    16         ../lib/libc.a(libc_a-reent.o):(.text)
          107250           107250       9e     1                 _reclaim_reent
          1072f0           1072f0       89    16         ../lib/libc.a(libc_a-fwalk.o):(.text)
          1072f0           1072f0       89     1                 _fwalk_sglue
          107380           107380       e0    16         ../lib/libc.a(libc_a-memset.o):(.text)
          107380           107380        0     1                 memset
          1073ae           1073ae        0     1                 quadword_aligned
          1073d0           1073d0        0     1                 loop
          10743b           10743b        0     1                 byte_set
          107441           107441        0     1                 quadword_set
          107460           107460       ed    16         ../lib/libc.a(libc_a-stdio.o):(.text)
          107460           107460       30     1                 __sread
          107490           107490        7     1                 __seofread
          1074a0           1074a0       60     1                 __swrite
          107500           107500       38     1                 __sseek
          107540           107540        d     1                 __sclose
          107550           107550       41    16         ../lib/libc.a(libc_a-readr.o):(.text)
          107550           107550       41     1                 _read_r
          1075a0           1075a0       41    16         ../lib/libc.a(libc_a-writer.o):(.text)
          1075a0           1075a0       41     1                 _write_r
          1075f0           1075f0       3e    16         ../lib/libc.a(libc_a-lseekr.o):(.text)
          1075f0           1075f0       3e     1                 _lseek_r
          107630           107630       2e    16         ../lib/libc.a(libc_a-closer.o):(.text)
          107630           107630       2e     1                 _close_r
          107660           107660     2557    16         ../lib/libc.a(libc_a-svfprintf.o):(.text)
          107660           107660     2557     1                 _svfprintf_r
          109bc0           109bc0       2c    16         ../lib/libc.a(libc_a-localeconv.o):(.text)
          109bc0           109bc0        c     1                 __localeconv_l
          109bd0           109bd0        c     1                 _localeconv_r
          109be0           109be0        c     1                 localeconv
          109bf0           109bf0       ea    16         ../lib/libc.a(libc_a-locale.o):(.text)
          109bf0           109bf0       6a     1                 _setlocale_r
          109c60           109c60        c     1                 __locale_mb_cur_max
          109c70           109c70       6a     1                 setlocale
          109ce0           109ce0       83    16         ../lib/libc.a(libc_a-strcmp.o):(.text)
          109ce0           109ce0       83     1                 strcmp
          109d70           109d70       43    16         ../lib/libc.a(libc_a-wctomb_r.o):(.text)
          109d70           109d70        a     1                 _wctomb_r
          109d80           109d80       33     1                 __ascii_wctomb
          109dc0           109dc0       70    16         ../lib/libc.a(libc_a-mbtowc_r.o):(.text)
          109dc0           109dc0        a     1                 _mbtowc_r
          109dd0           109dd0       60     1                 __ascii_mbtowc
          109e30           109e30       8f    16         ../lib/libc.a(libc_a-stack_protector.o):(.text)
          109e30           109e30       7d     1                 __stack_chk_fail
          109eb0           109eb0        f     1                 __stack_chk_fail_local
          109ec0           109ec0       19    16         ../lib/libc.a(libc_a-stack_protector.o):(.text.startup)
          109ec0           109ec0       19     1                 __stack_chk_init
          109ee0           109ee0      50e    16         ../lib/libc.a(libc_a-signal.o):(.text)
          109ee0           109ee0       59     1                 _init_signal_r
          109f40           109f40       98     1                 _signal_r
          109fe0           109fe0       ad     1                 _raise_r
          10a090           10a090       ca     1                 __sigtramp_r
          10a160           10a160       b7     1                 raise
          10a220           10a220       98     1                 signal
          10a2c0           10a2c0       59     1                 _init_signal
          10a320           10a320       ce     1                 __sigtramp
          10a3f0           10a3f0       49    16         ../lib/libc.a(libc_a-signalr.o):(.text)
          10a3f0           10a3f0       36     1                 _kill_r
          10a430           10a430        9     1                 _getpid_r
          10a439           10a439        0     1         ../lib/libc.a(libc_a-ctype_.o):(.text)
          10a440           10a440     1408    16         ../lib/libc.a(libc_a-svfiprintf.o):(.text)
          10a440           10a440      1e9     1                 __ssprint_r
          10a630           10a630     1218     1                 _svfiprintf_r
          10b850           10b850      124    16         ../lib/libc.a(libc_a-memmove.o):(.text)
          10b850           10b850      124     1                 memmove
          10b980           10b980      12d    16         ../lib/libc.a(libc_a-memcpy.o):(.text)
          10b980           10b980        0     1                 memcpy
          10b9a5           10b9a5        0     1                 quadword_aligned
          10b9c0           10b9c0        0     1                 loop
          10ba87           10ba87        0     1                 byte_copy
          10ba8d           10ba8d        0     1                 quadword_copy
          10bab0           10bab0      53a    16         ../lib/libc.a(libc_a-reallocr.o):(.text)
          10bab0           10bab0      53a     1                 _realloc_r
          10bff0           10bff0       c5    16         ../lib/libc.a(libc_a-memchr.o):(.text)
          10bff0           10bff0       c5     1                 memchr
          10c0c0           10c0c0     1636    16         ../lib/libc.a(libc_a-dtoa.o):(.text)
          10c0c0           10c0c0      19c     1                 quorem
          10c260           10c260     1496     1                 _dtoa_r
          10d700           10d700     10ba    16         ../lib/libc.a(libc_a-mprec.o):(.text)
          10d700           10d700       9e     1                 _Balloc
          10d7a0           10d7a0       1f     1                 _Bfree
          10d7c0           10d7c0      101     1                 __multadd
          10d8d0           10d8d0      139     1                 __s2b
          10da10           10da10       56     1                 __hi0bits
          10da70           10da70       8f     1                 __lo0bits
          10db00           10db00       a4     1                 __i2b
          10dbb0           10dbb0      241     1                 __multiply
          10de00           10de00      12e     1                 __pow5mult
          10df30           10df30      158     1                 __lshift
          10e090           10e090       4e     1                 __mcmp
          10e0e0           10e0e0      217     1                 __mdiff
          10e300           10e300       7d     1                 __ulp
          10e380           10e380       fc     1                 __b2d
          10e480           10e480      158     1                 __d2b
          10e5e0           10e5e0       c0     1                 __ratio
          10e6a0           10e6a0       40     1                 _mprec_log10
          10e6e0           10e6e0       60     1                 __copybits
          10e740           10e740       7a     1                 __any_on
          10e7c0           10e7c0       c6    16         ../lib/libc.a(libc_a-callocr.o):(.text)
          10e7c0           10e7c0       c6     1                 _calloc_r
          10e890           10e890        c    16         ../lib/libc.a(libc_a-errno.o):(.text)
          10e890           10e890        c     1                 __errno
          10e8a0           10e8a0       74    16         ../lib/libc.a(libc_a-assert.o):(.text)
          10e8a0           10e8a0       54     1                 __assert_func
          10e900           10e900       14     1                 __assert
          10e920           10e920      178    16         ../lib/libc.a(libc_a-fiprintf.o):(.text)
          10e920           10e920       b0     1                 _fiprintf_r
          10e9d0           10e9d0       c8     1                 fiprintf
          10eaa0           10eaa0     1750    16         ../lib/libc.a(libc_a-vfiprintf.o):(.text)
          10eaa0           10eaa0       d7     1                 __sprint_r.part.0
          10eb80           10eb80       1a     1                 __sprint_r
          10eba0           10eba0     154f     1                 _vfiprintf_r
          1100f0           1100f0       19     1                 vfiprintf
          110110           110110       e0     1                 __sbprintf
          1101f0           1101f0      1b9    16         ../lib/libc.a(libc_a-fputwc.o):(.text)
          1101f0           1101f0      119     1                 __fputwc
          110310           110310       23     1                 _fputwc_r
          110340           110340       69     1                 fputwc
          1103b0           1103b0      112    16         ../lib/libc.a(libc_a-wcrtomb.o):(.text)
          1103b0           1103b0       7c     1                 _wcrtomb_r
          110430           110430       92     1                 wcrtomb
          1104d0           1104d0      135    16         ../lib/libc.a(libc_a-wbuf.o):(.text)
          1104d0           1104d0      112     1                 __swbuf_r
          1105f0           1105f0       15     1                 __swbuf
          110610           110610      143    16         ../lib/libc.a(libc_a-wsetup.o):(.text)
          110610           110610      143     1                 __swsetup_r
          110760           110760      1e6    16         ../lib/libc.a(libc_a-makebuf.o):(.text)
          110760           110760      139     1                 __smakebuf_r
          1108a0           1108a0       a6     1                 __swhatbuf_r
          110950           110950       36    16         ../lib/libc.a(libc_a-fstatr.o):(.text)
          110950           110950       36     1                 _fstat_r
          110990           110990       2e    16         ../lib/libc.a(libc_a-isattyr.o):(.text)
          110990           110990       2e     1                 _isatty_r
          1109c0           1109c0      55c    16         ../lib/libc.a(libc_a-fvwrite.o):(.text)
          1109c0           1109c0      55c     1                 __sfvwrite_r
          110f20           110f20       1e    16         ../lib/libc.a(libc_a-abort.o):(.text)
          110f20           110f20       1e     1                 abort
          110f40           110f40      211    16         ../lib/libc.a(libc_a-sprintf.o):(.text)
          110f40           110f40       fc     1                 _sprintf_r
          111040           111040      111     1                 sprintf
          111160           111160       a3    16         asmfunc.o:(.text)
          111160           111160        0     1                 IoOut32
          111167           111167        0     1                 IoIn32
          11116c           11116c        0     1                 IoIn16
          111172           111172        0     1                 IoOut8
          11117a           11117a        0     1                 IoIn8
          11117f           11117f        0     1                 call_kernel_main
          11118f           11118f        0     1                 _hlt
          111192           111192        0     1                 LoadGDT
          1111ac           1111ac        0     1                 SetDSAll
          1111b5           1111b5        0     1                 SetCSSS
          1111c9           1111c9        0     1                 SetCSSS.next
          1111ce           1111ce        0     1                 SetCSSS.stop
          1111d1           1111d1        0     1                 GetCS
          1111d7           1111d7        0     1                 LoadIDT
          1111f1           1111f1        0     1                 SetCR3
          1111f5           1111f5        0     1                 NotifyEndOfInterrupt
          111210           111210      809    16         pci.o:(.text)
          111210           111210       4f     1                 MakeAddr(unsigned char, unsigned char, unsigned char, unsigned char)
          111260           111260       1e     1                 WriteAddr(unsigned int)
          111280           111280       1e     1                 WriteData(unsigned int)
          1112a0           1112a0       10     1                 ReadData()
          1112b0           1112b0       4a     1                 ReadVendorId(unsigned char, unsigned char, unsigned char)
          111300           111300       67     1                 ReadVendorId(Device)
          111370           111370       50     1                 ReadHeaderType(unsigned char, unsigned char, unsigned char)
          1113c0           1113c0       70     1                 ReadBar(Device, int)
          111430           111430       71     1                 ReadClassCode(unsigned char, unsigned char, unsigned char)
          1114b0           1114b0       45     1                 ReadBusNumbers(unsigned char, unsigned char, unsigned char)
          111500           111500       af     1                 AddDevice(unsigned char, unsigned char, unsigned char, unsigned char)
          1115b0           1115b0       28     1                 IsSingleFunctionDevice(unsigned char)
          1115e0           1115e0      13f     1                 ScanAllBus()
          111720           111720       b7     1                 ScanBus(unsigned char)
          1117e0           1117e0      126     1                 ScanDevice(unsigned char, unsigned char)
          111910           111910      109     1                 ScanFunction(unsigned char, unsigned char, unsigned char)
          111a20           111a20      27f    16         memory_map.o:(.text)
          111a20           111a20       83     1                 show_memdesc(int)
          111ab0           111ab0      12d     1                 show_memory_map()
          111be0           111be0       bf     1                 search_mem_type(unsigned long)
          111c9f           111c9f      1c5     1         newlib.o:(.text)
          111c9f           111c9f       6f     1                 sbrk
          111d0e           111d0e       29     1                 read
          111d37           111d37       35     1                 write
          111d6c           111d6c       21     1                 _exit
          111d8d           111d8d       28     1                 lseek
          111db5           111db5       21     1                 close
          111dd6           111dd6       2e     1                 kill
          111e04           111e04       1a     1                 getpid
          111e1e           111e1e       25     1                 fstat
          111e43           111e43       21     1                 isatty
          111e70           111e70      348    16         segment.o:(.text)
          111e70           111e70      21d     1                 SetCodeSegment(SegmentDescriptor*, DescriptorType, unsigned int, unsigned int, unsigned int)
          112090           112090       77     1                 SetDataSegment(SegmentDescriptor*, DescriptorType, unsigned int, unsigned int, unsigned int)
          112110           112110       67     1                 SetupSegments()
          112180           112180       38     1                 InitializeSegment(unsigned short, unsigned short)
          1121c0           1121c0      dc5    16         interrupt.o:(.text)
          1121c0           1121c0      19e     1                 BreakpointInterrupt(InterruptFrame*)
          112360           112360      186     1                 SegFaultInterrupt(InterruptFrame*)
          1124f0           1124f0      186     1                 PageFaultInterrupt(InterruptFrame*)
          112680           112680      186     1                 GeneralProtectionInterrupt(InterruptFrame*)
          112810           112810      203     1                 KeyboardInterrupt(InterruptFrame*)
          112a20           112a20      163     1                 ShowKeycodeInterrupt(InterruptFrame*)
          112b90           112b90       f9     1                 DefaultInterrupt(InterruptFrame*)
          112c90           112c90       7a     1                 SetIDTEntry(InterruptDescriptor*, InterruptDescriptorAttribute, unsigned long, unsigned long)
          112d10           112d10       ba     1                 InitializePIC()
          112dd0           112dd0      1b5     1                 InitializeInterrupt()
          112f90           112f90       60    16         interrupt.o:(.text._Z10isAlphabetc)
          112f90           112f90       60     1                 isAlphabet(char)
          112ff0           112ff0       af    16         interrupt.o:(.text._Z11MakeIDTAttr14DescriptorTypehbh)
          112ff0           112ff0       af     1                 MakeIDTAttr(DescriptorType, unsigned char, bool, unsigned char)
          1130a0           1130a0      118    16         paging.o:(.text)
          1130a0           1130a0      118     1                 SetupIdentityPageTable()
          1131c0           1131c0       25    16         paging.o:(.text._ZNSt3__15arrayImLm512EEixEm)
          1131c0           1131c0       25     1                 std::__1::array<unsigned long, 512ul>::operator[](unsigned long)
          1131f0           1131f0       14    16         paging.o:(.text._ZNKSt3__15arrayINS0_ImLm512EEELm64EE4sizeEv)
          1131f0           1131f0       14     1                 std::__1::array<std::__1::array<unsigned long, 512ul>, 64ul>::size() const
          113210           113210       25    16         paging.o:(.text._ZNSt3__15arrayINS0_ImLm512EEELm64EEixEm)
          113210           113210       25     1                 std::__1::array<std::__1::array<unsigned long, 512ul>, 64ul>::operator[](unsigned long)
          113240           113240       62    16         keyboard.o:(.text)
          113240           113240       62     1                 InitializeKeycode()
          1132b0           1132b0      379    16         input.o:(.text)
          1132b0           1132b0       e9     1                 InputBuffer::add(char)
          1133a0           1133a0       76     1                 InputBuffer::isEnter()
          113420           113420       76     1                 InputBuffer::pop()
          1134a0           1134a0       5a     1                 InputBuffer::allprint()
          113500           113500       9b     1                 InputBuffer::allpop(char*)
          1135a0           1135a0       89     1                 GetString(char*)
          113630           113630       27    16         input.o:(.text._ZN11InputBuffer7isInputEv)
          113630           113630       27     1                 InputBuffer::isInput()
          113660           113660      741    16         command.o:(.text)
          113660           113660      27d     1                 tokenize(char*)
          1138e0           1138e0       4b     1                 free_token(char**)
          113930           113930       97     1                 show_token(char**)
          1139d0           1139d0      187     1                 command(char*)
          113b60           113b60      241     1                 command(char**)
          113db0           113db0       2b    16         command.o:(.text.startup)
          113db0           113db0       1a     1                 __cxx_global_var_init
          113dd0           113dd0        b     1                 _GLOBAL__sub_I_command.cpp
          113de0           113de0       33    16         ../lib/libc.a(libc_a-malloc.o):(.text)
          113de0           113de0       13     1                 malloc
          113e00           113e00       13     1                 free
          113e20           113e20      26e    16         ../lib/libc.a(libc_a-strtol.o):(.text)
          113e20           113e20      1bd     1                 _strtol_l.part.0
          113fe0           113fe0       2e     1                 _strtol_r
          114010           114010       3e     1                 strtol_l
          114050           114050       3e     1                 strtol
          114090           114090       39    16         ../lib/libc.a(libc_a-atoi.o):(.text)
          114090           114090       19     1                 atoi
          1140b0           1140b0       19     1                 _atoi_r
          1140d0           1140d0      6ae    16         memory_manager.o:(.text)
          1140d0           1140d0       4f     1                 BitmapMemoryManager::BitmapMemoryManager()
          1140d0           1140d0       4f     1                 BitmapMemoryManager::BitmapMemoryManager()
          114120           114120      15d     1                 BitmapMemoryManager::Allocate(unsigned long)
          114280           114280       6e     1                 BitmapMemoryManager::GetBit(FrameID) const
          1142f0           1142f0       74     1                 BitmapMemoryManager::MarkAllocated(FrameID, unsigned long)
          114370           114370       90     1                 BitmapMemoryManager::Free(FrameID, unsigned long)
          114400           114400       a8     1                 BitmapMemoryManager::SetBit(FrameID, bool)
          1144b0           1144b0       34     1                 BitmapMemoryManager::SetMemoryRange(FrameID, FrameID)
          1144f0           1144f0       48     1                 BitmapMemoryManager::IsAvailable(unsigned long)
          114540           114540      167     1                 InitializeMemoryManager(BitmapMemoryManager*, MemoryMap*)
          1146b0           1146b0       ce     1                 InitializeHeap(BitmapMemoryManager&)
          114780           114780       2b    16         memory_manager.o:(.text.startup)
          114780           114780       1a     1                 __cxx_global_var_init
          1147a0           1147a0        b     1                 _GLOBAL__sub_I_memory_manager.cpp
          1147b0           1147b0       16    16         memory_manager.o:(.text._ZNK7FrameID2IDEv)
          1147b0           1147b0       16     1                 FrameID::ID() const
          1147d0           1147d0       33    16         memory_manager.o:(.text._ZN5ErrorC2ENS_4CodeEPKci)
          1147d0           1147d0       33     1                 Error::Error(Error::Code, char const*, int)
          114810           114810       27    16         memory_manager.o:(.text._Z16AddressToFrameIDm)
          114810           114810       27     1                 AddressToFrameID(unsigned long)
          114840           114840       25    16         memory_manager.o:(.text._ZNKSt3__15arrayImLm524288EEixEm)
          114840           114840       25     1                 std::__1::array<unsigned long, 524288ul>::operator[](unsigned long) const
          114870           114870       25    16         memory_manager.o:(.text._ZNSt3__15arrayImLm524288EEixEm)
          114870           114870       25     1                 std::__1::array<unsigned long, 524288ul>::operator[](unsigned long)
          1148a0           1148a0       3e    16         memory_manager.o:(.text._Z11IsAvailable10MemoryType)
          1148a0           1148a0       3e     1                 IsAvailable(MemoryType)
          1158e0           1158e0       a0     8 .data.rel.ro
          1158e0           1158e0       a0     8         kernel.o:(.data.rel.ro._ZN5Error11code_names_E)
          1158e0           1158e0       a0     1                 Error::code_names_
          115980           115980       20     8 .init_array
          115980           115980        8     8         kernel.o:(.init_array)
          115988           115988        8     8         ../lib/libc.a(libc_a-stack_protector.o):(.init_array)
          115990           115990        8     8         command.o:(.init_array)
          115998           115998        8     8         memory_manager.o:(.init_array)
          1159a0           1159a0      cb0    32 .data
          1159a0           1159a0        0     1         ../lib/libc.a(libc_a-strcpy.o):(.data)
          1159a0           1159a0        0     1         ../lib/libc.a(libc_a-strcat.o):(.data)
          1159a0           1159a0        0     1         ../lib/libc.a(libc_a-strlen.o):(.data)
          1159a0           1159a0        0     1         ../lib/libc.a(libc_a-vsprintf.o):(.data)
          1159a0           1159a0        0     1         ../lib/libc.a(libc_a-impure.o):(.data)
          1159a0           1159a0        8     8         ../lib/libc.a(libc_a-impure.o):(.data.rel.local)
          1159a0           1159a0        8     1                 _impure_ptr
          1159c0           1159c0      158    32         ../lib/libc.a(libc_a-impure.o):(.data.rel)
          1159c0           1159c0      158     1                 _impure_data
          115b18           115b18        0     1         ../lib/libc.a(libc_a-findfp.o):(.data)
          115b20           115b20       18    16         ../lib/libc.a(libc_a-findfp.o):(.data.rel.local)
          115b20           115b20       18     1                 __sglue
          115b38           115b38        0     1         ../lib/libc.a(libc_a-fclose.o):(.data)
          115b38           115b38        0     1         ../lib/libc.a(libc_a-fflush.o):(.data)
          115b38           115b38        0     1         ../lib/libc.a(libc_a-freer.o):(.data)
          115b38           115b38        0     1         ../lib/libc.a(libc_a-mlock.o):(.data)
          115b38           115b38       10     8         ../lib/libc.a(libc_a-mallocr.o):(.data)
          115b38           115b38        8     1                 __malloc_sbrk_base
          115b40           115b40        8     1                 __malloc_trim_threshold
          115b60           115b60      810    32         ../lib/libc.a(libc_a-mallocr.o):(.data.rel.local)
          115b60           115b60      810     1                 __malloc_av_
          116370           116370        0     1         ../lib/libc.a(libc_a-sbrkr.o):(.data)
          116370           116370        0     1         ../lib/libc.a(libc_a-reent.o):(.data)
          116370           116370        0     1         ../lib/libc.a(libc_a-fwalk.o):(.data)
          116370           116370        0     1         ../lib/libc.a(libc_a-memset.o):(.data)
          116370           116370        0     1         ../lib/libc.a(libc_a-stdio.o):(.data)
          116370           116370        0     1         ../lib/libc.a(libc_a-readr.o):(.data)
          116370           116370        0     1         ../lib/libc.a(libc_a-writer.o):(.data)
          116370           116370        0     1         ../lib/libc.a(libc_a-lseekr.o):(.data)
          116370           116370        0     1         ../lib/libc.a(libc_a-closer.o):(.data)
          116370           116370        0     1         ../lib/libc.a(libc_a-svfprintf.o):(.data)
          116370           116370        0     1         ../lib/libc.a(libc_a-localeconv.o):(.data)
          116370           116370        0     1         ../lib/libc.a(libc_a-locale.o):(.data)
          116380           116380      1a8    32         ../lib/libc.a(libc_a-locale.o):(.data.rel)
          116380           116380      1a8     1                 __global_locale
          116528           116528        0     1         ../lib/libc.a(libc_a-strcmp.o):(.data)
          116528           116528        0     1         ../lib/libc.a(libc_a-wctomb_r.o):(.data)
          116528           116528        0     1         ../lib/libc.a(libc_a-mbtowc_r.o):(.data)
          116528           116528        0     1         ../lib/libc.a(libc_a-stack_protector.o):(.data)
          116528           116528        0     1         ../lib/libc.a(libc_a-signal.o):(.data)
          116528           116528        0     1         ../lib/libc.a(libc_a-signalr.o):(.data)
          116528           116528        0     1         ../lib/libc.a(libc_a-ctype_.o):(.data)
          116528           116528        0     1         ../lib/libc.a(libc_a-svfiprintf.o):(.data)
          116528           116528        0     1         ../lib/libc.a(libc_a-memmove.o):(.data)
          116528           116528        0     1         ../lib/libc.a(libc_a-memcpy.o):(.data)
          116528           116528        0     1         ../lib/libc.a(libc_a-reallocr.o):(.data)
          116528           116528        0     1         ../lib/libc.a(libc_a-memchr.o):(.data)
          116528           116528        0     1         ../lib/libc.a(libc_a-dtoa.o):(.data)
          116528           116528        0     1         ../lib/libc.a(libc_a-mprec.o):(.data)
          116528           116528        0     1         ../lib/libc.a(libc_a-callocr.o):(.data)
          116528           116528        0     1         ../lib/libc.a(libc_a-errno.o):(.data)
          116528           116528        0     1         ../lib/libc.a(libc_a-assert.o):(.data)
          116528           116528        0     1         ../lib/libc.a(libc_a-fiprintf.o):(.data)
          116528           116528        0     1         ../lib/libc.a(libc_a-vfiprintf.o):(.data)
          116528           116528        0     1         ../lib/libc.a(libc_a-fputwc.o):(.data)
          116528           116528        0     1         ../lib/libc.a(libc_a-wcrtomb.o):(.data)
          116528           116528        0     1         ../lib/libc.a(libc_a-wbuf.o):(.data)
          116528           116528        0     1         ../lib/libc.a(libc_a-wsetup.o):(.data)
          116528           116528        0     1         ../lib/libc.a(libc_a-makebuf.o):(.data)
          116528           116528        0     1         ../lib/libc.a(libc_a-fstatr.o):(.data)
          116528           116528        0     1         ../lib/libc.a(libc_a-isattyr.o):(.data)
          116528           116528        0     1         ../lib/libc.a(libc_a-fvwrite.o):(.data)
          116528           116528        0     1         ../lib/libc.a(libc_a-abort.o):(.data)
          116528           116528        0     1         ../lib/libc.a(libc_a-sprintf.o):(.data)
          116528           116528        0     1         newlib.o:(.data)
          116530           116530       18    16         segment.o:(.data)
          116530           116530       18     1                 gdt
          116548           116548        8     4         interrupt.o:(.data)
          116548           116548        8     1                 InterruptMessagePosition
          116550           116550      100    16         keyboard.o:(.data)
          116550           116550      100     1                 keycode
          116650           116650        0     1         ../lib/libc.a(libc_a-malloc.o):(.data)
          116650           116650        0     1         ../lib/libc.a(libc_a-strtol.o):(.data)
          116650           116650        0     1         ../lib/libc.a(libc_a-atoi.o):(.data)
          116650           116650       18     8 .got.plt
          116650           116650       18     8         <internal>:(.got.plt)
          117000           117000   549010  4096 .bss
          117000           117000   500428    16         kernel.o:(.bss)
          117000           117000        8     1                 kNullFrame
          117010           117010   100000     1                 kernel_main_stack
          217010           217010      400     1                 Input_Buffer
          217410           217410   400010     1                 memory_manager_buf
          617420           617420        8     1                 memory_manager
          617430           617430     5628    16         frame.o:(.bss)
          617430           617430        8     1                 vinfo
          617438           617438        8     1                 ascii_font
          617440           617440        4     1                 line_queue_head
          617444           617444        4     1                 line_queue_end
          617448           617448        4     1                 max_line
          617450           617450     4e20     1                 line_queue
          61c270           61c270        8     1                 WritePixel
          61c278           61c278        4     1                 Print::y
          61c280           61c280      3e8     1                 Print::line
          61c668           61c668        4     1                 Print::debug
          61c670           61c670      3e8     1                 Printf::str_for_Printf
          61ca58           61ca58        0     1         ../lib/libc.a(libc_a-strcpy.o):(.bss)
          61ca58           61ca58        0     1         ../lib/libc.a(libc_a-strcat.o):(.bss)
          61ca58           61ca58        0     1         ../lib/libc.a(libc_a-strlen.o):(.bss)
          61ca58           61ca58        0     1         ../lib/libc.a(libc_a-vsprintf.o):(.bss)
          61ca58           61ca58        0     1         ../lib/libc.a(libc_a-impure.o):(.bss)
          61ca60           61ca60      218    32         ../lib/libc.a(libc_a-findfp.o):(.bss)
          61ca60           61ca60      210     1                 __sf
          61cc70           61cc70        8     1                 __stdio_exit_handler
          61cc78           61cc78        0     1         ../lib/libc.a(libc_a-fclose.o):(.bss)
          61cc78           61cc78        0     1         ../lib/libc.a(libc_a-fflush.o):(.bss)
          61cc78           61cc78        0     1         ../lib/libc.a(libc_a-freer.o):(.bss)
          61cc78           61cc78        0     1         ../lib/libc.a(libc_a-mlock.o):(.bss)
          61cc80           61cc80       40    32         ../lib/libc.a(libc_a-mallocr.o):(.bss)
          61cc80           61cc80       28     1                 __malloc_current_mallinfo
          61cca8           61cca8        8     1                 __malloc_max_total_mem
          61ccb0           61ccb0        8     1                 __malloc_max_sbrked_mem
          61ccb8           61ccb8        8     1                 __malloc_top_pad
          61ccc0           61ccc0        0     1         ../lib/libc.a(libc_a-sbrkr.o):(.bss)
          61ccc0           61ccc0        4     4         ../lib/libc.a(libc_a-reent.o):(.bss)
          61ccc0           61ccc0        4     1                 errno
          61ccc4           61ccc4        0     1         ../lib/libc.a(libc_a-fwalk.o):(.bss)
          61ccc4           61ccc4        0     1         ../lib/libc.a(libc_a-memset.o):(.bss)
          61ccc4           61ccc4        0     1         ../lib/libc.a(libc_a-stdio.o):(.bss)
          61ccc4           61ccc4        0     1         ../lib/libc.a(libc_a-readr.o):(.bss)
          61ccc4           61ccc4        0     1         ../lib/libc.a(libc_a-writer.o):(.bss)
          61ccc4           61ccc4        0     1         ../lib/libc.a(libc_a-lseekr.o):(.bss)
          61ccc4           61ccc4        0     1         ../lib/libc.a(libc_a-closer.o):(.bss)
          61ccc4           61ccc4        0     1         ../lib/libc.a(libc_a-svfprintf.o):(.bss)
          61ccc4           61ccc4        0     1         ../lib/libc.a(libc_a-localeconv.o):(.bss)
          61ccc8           61ccc8        8     8         ../lib/libc.a(libc_a-locale.o):(.bss)
          61ccc8           61ccc8        8     1                 _PathLocale
          61ccd0           61ccd0        0     1         ../lib/libc.a(libc_a-strcmp.o):(.bss)
          61ccd0           61ccd0        0     1         ../lib/libc.a(libc_a-wctomb_r.o):(.bss)
          61ccd0           61ccd0        0     1         ../lib/libc.a(libc_a-mbtowc_r.o):(.bss)
          61ccd0           61ccd0        8     8         ../lib/libc.a(libc_a-stack_protector.o):(.bss)
          61ccd0           61ccd0        8     1                 __stack_chk_guard
          61ccd8           61ccd8        0     1         ../lib/libc.a(libc_a-signal.o):(.bss)
          61ccd8           61ccd8        0     1         ../lib/libc.a(libc_a-signalr.o):(.bss)
          61ccd8           61ccd8        0     1         ../lib/libc.a(libc_a-ctype_.o):(.bss)
          61ccd8           61ccd8        0     1         ../lib/libc.a(libc_a-svfiprintf.o):(.bss)
          61ccd8           61ccd8        0     1         ../lib/libc.a(libc_a-memmove.o):(.bss)
          61ccd8           61ccd8        0     1         ../lib/libc.a(libc_a-memcpy.o):(.bss)
          61ccd8           61ccd8        0     1         ../lib/libc.a(libc_a-reallocr.o):(.bss)
          61ccd8           61ccd8        0     1         ../lib/libc.a(libc_a-memchr.o):(.bss)
          61ccd8           61ccd8        0     1         ../lib/libc.a(libc_a-dtoa.o):(.bss)
          61ccd8           61ccd8        0     1         ../lib/libc.a(libc_a-mprec.o):(.bss)
          61ccd8           61ccd8        0     1         ../lib/libc.a(libc_a-callocr.o):(.bss)
          61ccd8           61ccd8        0     1         ../lib/libc.a(libc_a-errno.o):(.bss)
          61ccd8           61ccd8        0     1         ../lib/libc.a(libc_a-assert.o):(.bss)
          61ccd8           61ccd8        0     1         ../lib/libc.a(libc_a-fiprintf.o):(.bss)
          61ccd8           61ccd8        0     1         ../lib/libc.a(libc_a-vfiprintf.o):(.bss)
          61ccd8           61ccd8        0     1         ../lib/libc.a(libc_a-fputwc.o):(.bss)
          61ccd8           61ccd8        0     1         ../lib/libc.a(libc_a-wcrtomb.o):(.bss)
          61ccd8           61ccd8        0     1         ../lib/libc.a(libc_a-wbuf.o):(.bss)
          61ccd8           61ccd8        0     1         ../lib/libc.a(libc_a-wsetup.o):(.bss)
          61ccd8           61ccd8        0     1         ../lib/libc.a(libc_a-makebuf.o):(.bss)
          61ccd8           61ccd8        0     1         ../lib/libc.a(libc_a-fstatr.o):(.bss)
          61ccd8           61ccd8        0     1         ../lib/libc.a(libc_a-isattyr.o):(.bss)
          61ccd8           61ccd8        0     1         ../lib/libc.a(libc_a-fvwrite.o):(.bss)
          61ccd8           61ccd8        0     1         ../lib/libc.a(libc_a-abort.o):(.bss)
          61ccd8           61ccd8        0     1         ../lib/libc.a(libc_a-sprintf.o):(.bss)
          61cce0           61cce0       f0    16         pci.o:(.bss)
          61cce0           61cce0        4     1                 num_device
          61cce4           61cce4        4     1                 invdev
          61ccf0           61ccf0       e0     1                 devices
          61cdd0           61cdd0        8     8         memory_map.o:(.bss)
          61cdd0           61cdd0        8     1                 mmap
          61cdd8           61cdd8       10     8         newlib.o:(.bss)
          61cdd8           61cdd8        8     1                 program_break
          61cde0           61cde0        8     1                 program_break_end
          61cdf0           61cdf0     1001    16         interrupt.o:(.bss)
          61cdf0           61cdf0     1000     1                 idt
          61ddf0           61ddf0        1     1                 KeyboardInterrupt(InterruptFrame*)::isShift
          61e000           61e000    42000  4096         paging.o:(.bss)
          61e000           61e000     1000     1                 (anonymous namespace)::pdp_table
          61f000           61f000     1000     1                 (anonymous namespace)::pml4_table
          620000           620000    40000     1                 (anonymous namespace)::page_directory
          660000           660000        8     8         command.o:(.bss)
          660000           660000        8     1                 kNullFrame
          660008           660008        0     1         ../lib/libc.a(libc_a-malloc.o):(.bss)
          660008           660008        0     1         ../lib/libc.a(libc_a-strtol.o):(.bss)
          660008           660008        0     1         ../lib/libc.a(libc_a-atoi.o):(.bss)
          660008           660008        8     8         memory_manager.o:(.bss)
          660008           660008        8     1                 kNullFrame
               0                0     8f5d     1 .debug_abbrev
               0                0      4f1     1         kernel.o:(.debug_abbrev)
             4f1              4f1      1c4     1         frame.o:(.debug_abbrev)
             6b5              6b5       97     1         ../lib/libc.a(libc_a-strcpy.o):(.debug_abbrev)
             74c              74c       ce     1         ../lib/libc.a(libc_a-strcat.o):(.debug_abbrev)
             81a              81a       90     1         ../lib/libc.a(libc_a-strlen.o):(.debug_abbrev)
             8aa              8aa      2aa     1         ../lib/libc.a(libc_a-vsprintf.o):(.debug_abbrev)
             b54              b54      18d     1         ../lib/libc.a(libc_a-impure.o):(.debug_abbrev)
             ce1              ce1      44d     1         ../lib/libc.a(libc_a-findfp.o):(.debug_abbrev)
            112e             112e      2ed     1         ../lib/libc.a(libc_a-fclose.o):(.debug_abbrev)
            141b             141b      333     1         ../lib/libc.a(libc_a-fflush.o):(.debug_abbrev)
            174e             174e      290     1         ../lib/libc.a(libc_a-freer.o):(.debug_abbrev)
            19de             19de      1ce     1         ../lib/libc.a(libc_a-mlock.o):(.debug_abbrev)
            1bac             1bac      2d7     1         ../lib/libc.a(libc_a-mallocr.o):(.debug_abbrev)
            1e83             1e83      202     1         ../lib/libc.a(libc_a-sbrkr.o):(.debug_abbrev)
            2085             2085      230     1         ../lib/libc.a(libc_a-reent.o):(.debug_abbrev)
            22b5             22b5      1d9     1         ../lib/libc.a(libc_a-fwalk.o):(.debug_abbrev)
            248e             248e       14     1         ../lib/libc.a(libc_a-memset.o):(.debug_abbrev)
            24a2             24a2      24f     1         ../lib/libc.a(libc_a-stdio.o):(.debug_abbrev)
            26f1             26f1      1ec     1         ../lib/libc.a(libc_a-readr.o):(.debug_abbrev)
            28dd             28dd      1f1     1         ../lib/libc.a(libc_a-writer.o):(.debug_abbrev)
            2ace             2ace      200     1         ../lib/libc.a(libc_a-lseekr.o):(.debug_abbrev)
            2cce             2cce      1ec     1         ../lib/libc.a(libc_a-closer.o):(.debug_abbrev)
            2eba             2eba      404     1         ../lib/libc.a(libc_a-svfprintf.o):(.debug_abbrev)
            32be             32be      264     1         ../lib/libc.a(libc_a-localeconv.o):(.debug_abbrev)
            3522             3522      2f4     1         ../lib/libc.a(libc_a-locale.o):(.debug_abbrev)
            3816             3816       83     1         ../lib/libc.a(libc_a-strcmp.o):(.debug_abbrev)
            3899             3899      253     1         ../lib/libc.a(libc_a-wctomb_r.o):(.debug_abbrev)
            3aec             3aec      25e     1         ../lib/libc.a(libc_a-mbtowc_r.o):(.debug_abbrev)
            3d4a             3d4a      133     1         ../lib/libc.a(libc_a-stack_protector.o):(.debug_abbrev)
            3e7d             3e7d      315     1         ../lib/libc.a(libc_a-signal.o):(.debug_abbrev)
            4192             4192      239     1         ../lib/libc.a(libc_a-signalr.o):(.debug_abbrev)
            43cb             43cb       69     1         ../lib/libc.a(libc_a-ctype_.o):(.debug_abbrev)
            4434             4434      329     1         ../lib/libc.a(libc_a-svfiprintf.o):(.debug_abbrev)
            475d             475d       b2     1         ../lib/libc.a(libc_a-memmove.o):(.debug_abbrev)
            480f             480f       14     1         ../lib/libc.a(libc_a-memcpy.o):(.debug_abbrev)
            4823             4823      29a     1         ../lib/libc.a(libc_a-reallocr.o):(.debug_abbrev)
            4abd             4abd       c7     1         ../lib/libc.a(libc_a-memchr.o):(.debug_abbrev)
            4b84             4b84      346     1         ../lib/libc.a(libc_a-dtoa.o):(.debug_abbrev)
            4eca             4eca      4ef     1         ../lib/libc.a(libc_a-mprec.o):(.debug_abbrev)
            53b9             53b9      25b     1         ../lib/libc.a(libc_a-callocr.o):(.debug_abbrev)
            5614             5614      19a     1         ../lib/libc.a(libc_a-errno.o):(.debug_abbrev)
            57ae             57ae      226     1         ../lib/libc.a(libc_a-assert.o):(.debug_abbrev)
            59d4             59d4      24b     1         ../lib/libc.a(libc_a-fiprintf.o):(.debug_abbrev)
            5c1f             5c1f      45e     1         ../lib/libc.a(libc_a-vfiprintf.o):(.debug_abbrev)
            607d             607d      363     1         ../lib/libc.a(libc_a-fputwc.o):(.debug_abbrev)
            63e0             63e0      25d     1         ../lib/libc.a(libc_a-wcrtomb.o):(.debug_abbrev)
            663d             663d      272     1         ../lib/libc.a(libc_a-wbuf.o):(.debug_abbrev)
            68af             68af      21e     1         ../lib/libc.a(libc_a-wsetup.o):(.debug_abbrev)
            6acd             6acd      2fb     1         ../lib/libc.a(libc_a-makebuf.o):(.debug_abbrev)
            6dc8             6dc8      1ff     1         ../lib/libc.a(libc_a-fstatr.o):(.debug_abbrev)
            6fc7             6fc7      1ec     1         ../lib/libc.a(libc_a-isattyr.o):(.debug_abbrev)
            71b3             71b3      254     1         ../lib/libc.a(libc_a-fvwrite.o):(.debug_abbrev)
            7407             7407       99     1         ../lib/libc.a(libc_a-abort.o):(.debug_abbrev)
            74a0             74a0      251     1         ../lib/libc.a(libc_a-sprintf.o):(.debug_abbrev)
            76f1             76f1      108     1         pci.o:(.debug_abbrev)
            77f9             77f9       f3     1         memory_map.o:(.debug_abbrev)
            78ec             78ec      193     1         newlib.o:(.debug_abbrev)
            7a7f             7a7f       f8     1         segment.o:(.debug_abbrev)
            7b77             7b77      15b     1         interrupt.o:(.debug_abbrev)
            7cd2             7cd2      23c     1         paging.o:(.debug_abbrev)
            7f0e             7f0e       7c     1         keyboard.o:(.debug_abbrev)
            7f8a             7f8a       cf     1         input.o:(.debug_abbrev)
            8059             8059      31d     1         command.o:(.debug_abbrev)
            8376             8376      20b     1         ../lib/libc.a(libc_a-malloc.o):(.debug_abbrev)
            8581             8581      324     1         ../lib/libc.a(libc_a-strtol.o):(.debug_abbrev)
            88a5             88a5      1eb     1         ../lib/libc.a(libc_a-atoi.o):(.debug_abbrev)
            8a90             8a90      4cd     1         memory_manager.o:(.debug_abbrev)
               0                0    27829     1 .debug_info
               0                0     18ae     1         kernel.o:(.debug_info)
            18ae             18ae      6f6     1         frame.o:(.debug_info)
            1fa4             1fa4      136     1         ../lib/libc.a(libc_a-strcpy.o):(.debug_info)
            20da             20da      14c     1         ../lib/libc.a(libc_a-strcat.o):(.debug_info)
            2226             2226       fb     1         ../lib/libc.a(libc_a-strlen.o):(.debug_info)
            2321             2321      963     1         ../lib/libc.a(libc_a-vsprintf.o):(.debug_info)
            2c84             2c84      732     1         ../lib/libc.a(libc_a-impure.o):(.debug_info)
            33b6             33b6      f8c     1         ../lib/libc.a(libc_a-findfp.o):(.debug_info)
            4342             4342      91d     1         ../lib/libc.a(libc_a-fclose.o):(.debug_info)
            4c5f             4c5f      aaf     1         ../lib/libc.a(libc_a-fflush.o):(.debug_info)
            570e             570e      b73     1         ../lib/libc.a(libc_a-freer.o):(.debug_info)
            6281             6281      749     1         ../lib/libc.a(libc_a-mlock.o):(.debug_info)
            69ca             69ca      d17     1         ../lib/libc.a(libc_a-mallocr.o):(.debug_info)
            76e1             76e1      79c     1         ../lib/libc.a(libc_a-sbrkr.o):(.debug_info)
            7e7d             7e7d      823     1         ../lib/libc.a(libc_a-reent.o):(.debug_info)
            86a0             86a0      7f6     1         ../lib/libc.a(libc_a-fwalk.o):(.debug_info)
            8e96             8e96       29     1         ../lib/libc.a(libc_a-memset.o):(.debug_info)
            8ebf             8ebf      aaf     1         ../lib/libc.a(libc_a-stdio.o):(.debug_info)
            996e             996e      7d3     1         ../lib/libc.a(libc_a-readr.o):(.debug_info)
            a141             a141      7d9     1         ../lib/libc.a(libc_a-writer.o):(.debug_info)
            a91a             a91a      7d4     1         ../lib/libc.a(libc_a-lseekr.o):(.debug_info)
            b0ee             b0ee      77d     1         ../lib/libc.a(libc_a-closer.o):(.debug_info)
            b86b             b86b     185b     1         ../lib/libc.a(libc_a-svfprintf.o):(.debug_info)
            d0c6             d0c6      a40     1         ../lib/libc.a(libc_a-localeconv.o):(.debug_info)
            db06             db06      cc4     1         ../lib/libc.a(libc_a-locale.o):(.debug_info)
            e7ca             e7ca       fb     1         ../lib/libc.a(libc_a-strcmp.o):(.debug_info)
            e8c5             e8c5      a7b     1         ../lib/libc.a(libc_a-wctomb_r.o):(.debug_info)
            f340             f340      aef     1         ../lib/libc.a(libc_a-mbtowc_r.o):(.debug_info)
            fe2f             fe2f      20c     1         ../lib/libc.a(libc_a-stack_protector.o):(.debug_info)
           1003b            1003b      ef1     1         ../lib/libc.a(libc_a-signal.o):(.debug_info)
           10f2c            10f2c      810     1         ../lib/libc.a(libc_a-signalr.o):(.debug_info)
           1173c            1173c       f6     1         ../lib/libc.a(libc_a-ctype_.o):(.debug_info)
           11832            11832     124f     1         ../lib/libc.a(libc_a-svfiprintf.o):(.debug_info)
           12a81            12a81      15d     1         ../lib/libc.a(libc_a-memmove.o):(.debug_info)
           12bde            12bde       29     1         ../lib/libc.a(libc_a-memcpy.o):(.debug_info)
           12c07            12c07      bfa     1         ../lib/libc.a(libc_a-reallocr.o):(.debug_info)
           13801            13801      15a     1         ../lib/libc.a(libc_a-memchr.o):(.debug_info)
           1395b            1395b     170e     1         ../lib/libc.a(libc_a-dtoa.o):(.debug_info)
           15069            15069     200f     1         ../lib/libc.a(libc_a-mprec.o):(.debug_info)
           17078            17078      8e7     1         ../lib/libc.a(libc_a-callocr.o):(.debug_info)
           1795f            1795f      71e     1         ../lib/libc.a(libc_a-errno.o):(.debug_info)
           1807d            1807d      84b     1         ../lib/libc.a(libc_a-assert.o):(.debug_info)
           188c8            188c8      8df     1         ../lib/libc.a(libc_a-fiprintf.o):(.debug_info)
           191a7            191a7     194f     1         ../lib/libc.a(libc_a-vfiprintf.o):(.debug_info)
           1aaf6            1aaf6      a7d     1         ../lib/libc.a(libc_a-fputwc.o):(.debug_info)
           1b573            1b573      b79     1         ../lib/libc.a(libc_a-wcrtomb.o):(.debug_info)
           1c0ec            1c0ec      89f     1         ../lib/libc.a(libc_a-wbuf.o):(.debug_info)
           1c98b            1c98b      7ea     1         ../lib/libc.a(libc_a-wsetup.o):(.debug_info)
           1d175            1d175      c71     1         ../lib/libc.a(libc_a-makebuf.o):(.debug_info)
           1dde6            1dde6      990     1         ../lib/libc.a(libc_a-fstatr.o):(.debug_info)
           1e776            1e776      77d     1         ../lib/libc.a(libc_a-isattyr.o):(.debug_info)
           1eef3            1eef3      bae     1         ../lib/libc.a(libc_a-fvwrite.o):(.debug_info)
           1faa1            1faa1       f0     1         ../lib/libc.a(libc_a-abort.o):(.debug_info)
           1fb91            1fb91      91a     1         ../lib/libc.a(libc_a-sprintf.o):(.debug_info)
           204ab            204ab      487     1         pci.o:(.debug_info)
           20932            20932      1c7     1         memory_map.o:(.debug_info)
           20af9            20af9      56a     1         newlib.o:(.debug_info)
           21063            21063      227     1         segment.o:(.debug_info)
           2128a            2128a      38f     1         interrupt.o:(.debug_info)
           21619            21619      f5b     1         paging.o:(.debug_info)
           22574            22574       67     1         keyboard.o:(.debug_info)
           225db            225db      19a     1         input.o:(.debug_info)
           22775            22775     1338     1         command.o:(.debug_info)
           23aad            23aad      7c7     1         ../lib/libc.a(libc_a-malloc.o):(.debug_info)
           24274            24274      ed2     1         ../lib/libc.a(libc_a-strtol.o):(.debug_info)
           25146            25146      7fa     1         ../lib/libc.a(libc_a-atoi.o):(.debug_info)
           25940            25940     1ee9     1         memory_manager.o:(.debug_info)
               0                0      817     1 .debug_rnglists
               0                0       35     1         kernel.o:(.debug_rnglists)
              35               35       20     1         frame.o:(.debug_rnglists)
              55               55       6b     1         ../lib/libc.a(libc_a-findfp.o):(.debug_rnglists)
              c0               c0       1f     1         ../lib/libc.a(libc_a-fclose.o):(.debug_rnglists)
              df               df       54     1         ../lib/libc.a(libc_a-fflush.o):(.debug_rnglists)
             133              133       3a     1         ../lib/libc.a(libc_a-mallocr.o):(.debug_rnglists)
             16d              16d       f8     1         ../lib/libc.a(libc_a-svfprintf.o):(.debug_rnglists)
             265              265       21     1         ../lib/libc.a(libc_a-locale.o):(.debug_rnglists)
             286              286       22     1         ../lib/libc.a(libc_a-stack_protector.o):(.debug_rnglists)
             2a8              2a8       b6     1         ../lib/libc.a(libc_a-signal.o):(.debug_rnglists)
             35e              35e       36     1         ../lib/libc.a(libc_a-svfiprintf.o):(.debug_rnglists)
             394              394       a4     1         ../lib/libc.a(libc_a-reallocr.o):(.debug_rnglists)
             438              438       31     1         ../lib/libc.a(libc_a-dtoa.o):(.debug_rnglists)
             469              469       b9     1         ../lib/libc.a(libc_a-mprec.o):(.debug_rnglists)
             522              522       24     1         ../lib/libc.a(libc_a-callocr.o):(.debug_rnglists)
             546              546       cd     1         ../lib/libc.a(libc_a-vfiprintf.o):(.debug_rnglists)
             613              613       32     1         ../lib/libc.a(libc_a-fputwc.o):(.debug_rnglists)
             645              645       18     1         ../lib/libc.a(libc_a-wbuf.o):(.debug_rnglists)
             65d              65d       18     1         ../lib/libc.a(libc_a-wsetup.o):(.debug_rnglists)
             675              675       23     1         ../lib/libc.a(libc_a-makebuf.o):(.debug_rnglists)
             698              698       30     1         ../lib/libc.a(libc_a-fvwrite.o):(.debug_rnglists)
             6c8              6c8       57     1         pci.o:(.debug_rnglists)
             71f              71f       23     1         interrupt.o:(.debug_rnglists)
             742              742       1e     1         paging.o:(.debug_rnglists)
             760              760       18     1         input.o:(.debug_rnglists)
             778              778       26     1         command.o:(.debug_rnglists)
             79e              79e       2d     1         ../lib/libc.a(libc_a-strtol.o):(.debug_rnglists)
[...]
            1084             1084       6c     1         input.o:(.debug_str_offsets)
            10f0             10f0      458     1         command.o:(.debug_str_offsets)
            1548             1548      7c4     1         memory_manager.o:(.debug_str_offsets)
               0                0     4e04     1 .debug_str
               0                0     4e04     1         <internal>:(.debug_str)
               0                0      560     1 .debug_addr
               0                0       a0     1         kernel.o:(.debug_addr)
              a0               a0      110     1         frame.o:(.debug_addr)
             1b0              1b0       c0     1         pci.o:(.debug_addr)
             270              270       28     1         memory_map.o:(.debug_addr)
             298              298       30     1         segment.o:(.debug_addr)
             2c8              2c8       88     1         interrupt.o:(.debug_addr)
             350              350       50     1         paging.o:(.debug_addr)
             3a0              3a0       20     1         keyboard.o:(.debug_addr)
             3c0              3c0       40     1         input.o:(.debug_addr)
             400              400       78     1         command.o:(.debug_addr)
             478              478       e8     1         memory_manager.o:(.debug_addr)
               0                0       6b     1 .comment
               0                0       6b     1         <internal>:(.comment)
               0                0     d1d1     1 .debug_line
               0                0      2d8     1         kernel.o:(.debug_line)
             2d8              2d8      747     1         frame.o:(.debug_line)
             a1f              a1f       cf     1         ../lib/libc.a(libc_a-strcpy.o):(.debug_line)
             aee              aee       a7     1         ../lib/libc.a(libc_a-strcat.o):(.debug_line)
             b95              b95       bc     1         ../lib/libc.a(libc_a-strlen.o):(.debug_line)
             c51              c51      117     1         ../lib/libc.a(libc_a-vsprintf.o):(.debug_line)
             d68              d68       56     1         ../lib/libc.a(libc_a-impure.o):(.debug_line)
             dbe              dbe      415     1         ../lib/libc.a(libc_a-findfp.o):(.debug_line)
            11d3             11d3      15c     1         ../lib/libc.a(libc_a-fclose.o):(.debug_line)
            132f             132f      38b     1         ../lib/libc.a(libc_a-fflush.o):(.debug_line)
            16ba             16ba      460     1         ../lib/libc.a(libc_a-freer.o):(.debug_line)
            1b1a             1b1a       74     1         ../lib/libc.a(libc_a-mlock.o):(.debug_line)
            1b8e             1b8e      76f     1         ../lib/libc.a(libc_a-mallocr.o):(.debug_line)
            22fd             22fd       a9     1         ../lib/libc.a(libc_a-sbrkr.o):(.debug_line)
            23a6             23a6      11b     1         ../lib/libc.a(libc_a-reent.o):(.debug_line)
            24c1             24c1       df     1         ../lib/libc.a(libc_a-fwalk.o):(.debug_line)
            25a0             25a0       82     1         ../lib/libc.a(libc_a-memset.o):(.debug_line)
            2622             2622      15f     1         ../lib/libc.a(libc_a-stdio.o):(.debug_line)
            2781             2781       b4     1         ../lib/libc.a(libc_a-readr.o):(.debug_line)
            2835             2835       b4     1         ../lib/libc.a(libc_a-writer.o):(.debug_line)
            28e9             28e9       b6     1         ../lib/libc.a(libc_a-lseekr.o):(.debug_line)
            299f             299f       ad     1         ../lib/libc.a(libc_a-closer.o):(.debug_line)
            2a4c             2a4c     1746     1         ../lib/libc.a(libc_a-svfprintf.o):(.debug_line)
            4192             4192       a7     1         ../lib/libc.a(libc_a-localeconv.o):(.debug_line)
            4239             4239      161     1         ../lib/libc.a(libc_a-locale.o):(.debug_line)
            439a             439a       d7     1         ../lib/libc.a(libc_a-strcmp.o):(.debug_line)
            4471             4471       d9     1         ../lib/libc.a(libc_a-wctomb_r.o):(.debug_line)
            454a             454a       db     1         ../lib/libc.a(libc_a-mbtowc_r.o):(.debug_line)
            4625             4625       d2     1         ../lib/libc.a(libc_a-stack_protector.o):(.debug_line)
            46f7             46f7      581     1         ../lib/libc.a(libc_a-signal.o):(.debug_line)
            4c78             4c78       c6     1         ../lib/libc.a(libc_a-signalr.o):(.debug_line)
            4d3e             4d3e       48     1         ../lib/libc.a(libc_a-ctype_.o):(.debug_line)
            4d86             4d86      dfa     1         ../lib/libc.a(libc_a-svfiprintf.o):(.debug_line)
            5b80             5b80      15e     1         ../lib/libc.a(libc_a-memmove.o):(.debug_line)
            5cde             5cde       97     1         ../lib/libc.a(libc_a-memcpy.o):(.debug_line)
            5d75             5d75      634     1         ../lib/libc.a(libc_a-reallocr.o):(.debug_line)
            63a9             63a9      12d     1         ../lib/libc.a(libc_a-memchr.o):(.debug_line)
            64d6             64d6     1380     1         ../lib/libc.a(libc_a-dtoa.o):(.debug_line)
            7856             7856     158c     1         ../lib/libc.a(libc_a-mprec.o):(.debug_line)
            8de2             8de2      177     1         ../lib/libc.a(libc_a-callocr.o):(.debug_line)
            8f59             8f59       72     1         ../lib/libc.a(libc_a-errno.o):(.debug_line)
            8fcb             8fcb       bc     1         ../lib/libc.a(libc_a-assert.o):(.debug_line)
            9087             9087       d8     1         ../lib/libc.a(libc_a-fiprintf.o):(.debug_line)
            915f             915f     107c     1         ../lib/libc.a(libc_a-vfiprintf.o):(.debug_line)
            a1db             a1db      21f     1         ../lib/libc.a(libc_a-fputwc.o):(.debug_line)
            a3fa             a3fa      151     1         ../lib/libc.a(libc_a-wcrtomb.o):(.debug_line)
            a54b             a54b      1d2     1         ../lib/libc.a(libc_a-wbuf.o):(.debug_line)
            a71d             a71d      20d     1         ../lib/libc.a(libc_a-wsetup.o):(.debug_line)
            a92a             a92a      22d     1         ../lib/libc.a(libc_a-makebuf.o):(.debug_line)
            ab57             ab57       c6     1         ../lib/libc.a(libc_a-fstatr.o):(.debug_line)
            ac1d             ac1d       ad     1         ../lib/libc.a(libc_a-isattyr.o):(.debug_line)
            acca             acca      535     1         ../lib/libc.a(libc_a-fvwrite.o):(.debug_line)
            b1ff             b1ff       72     1         ../lib/libc.a(libc_a-abort.o):(.debug_line)
            b271             b271      12b     1         ../lib/libc.a(libc_a-sprintf.o):(.debug_line)
            b39c             b39c      428     1         pci.o:(.debug_line)
            b7c4             b7c4      14d     1         memory_map.o:(.debug_line)
            b911             b911      12e     1         newlib.o:(.debug_line)
            ba3f             ba3f      1db     1         segment.o:(.debug_line)
            bc1a             bc1a      36c     1         interrupt.o:(.debug_line)
            bf86             bf86      173     1         paging.o:(.debug_line)
            c0f9             c0f9       7e     1         keyboard.o:(.debug_line)
            c177             c177      230     1         input.o:(.debug_line)
            c3a7             c3a7      45e     1         command.o:(.debug_line)
            c805             c805       a0     1         ../lib/libc.a(libc_a-malloc.o):(.debug_line)
            c8a5             c8a5      2e4     1         ../lib/libc.a(libc_a-strtol.o):(.debug_line)
            cb89             cb89       96     1         ../lib/libc.a(libc_a-atoi.o):(.debug_line)
            cc1f             cc1f      5b2     1         memory_manager.o:(.debug_line)
               0                0      ec4     1 .debug_line_str
               0                0      ec4     1         <internal>:(.debug_line_str)
               0                0     d931     1 .debug_loclists
               0                0       3c     1         frame.o:(.debug_loclists)
              3c               3c       d1     1         ../lib/libc.a(libc_a-strcpy.o):(.debug_loclists)
             10d              10d       52     1         ../lib/libc.a(libc_a-strcat.o):(.debug_loclists)
             15f              15f       39     1         ../lib/libc.a(libc_a-strlen.o):(.debug_loclists)
             198              198      118     1         ../lib/libc.a(libc_a-vsprintf.o):(.debug_loclists)
             2b0              2b0      1d2     1         ../lib/libc.a(libc_a-findfp.o):(.debug_loclists)
             482              482      112     1         ../lib/libc.a(libc_a-fclose.o):(.debug_loclists)
             594              594      2bb     1         ../lib/libc.a(libc_a-fflush.o):(.debug_loclists)
             84f              84f      4c7     1         ../lib/libc.a(libc_a-freer.o):(.debug_loclists)
             d16              d16      9aa     1         ../lib/libc.a(libc_a-mallocr.o):(.debug_loclists)
            16c0             16c0       50     1         ../lib/libc.a(libc_a-sbrkr.o):(.debug_loclists)
            1710             1710       8c     1         ../lib/libc.a(libc_a-reent.o):(.debug_loclists)
            179c             179c       94     1         ../lib/libc.a(libc_a-fwalk.o):(.debug_loclists)
            1830             1830      256     1         ../lib/libc.a(libc_a-stdio.o):(.debug_loclists)
            1a86             1a86       82     1         ../lib/libc.a(libc_a-readr.o):(.debug_loclists)
            1b08             1b08       82     1         ../lib/libc.a(libc_a-writer.o):(.debug_loclists)
            1b8a             1b8a       82     1         ../lib/libc.a(libc_a-lseekr.o):(.debug_loclists)
            1c0c             1c0c       50     1         ../lib/libc.a(libc_a-closer.o):(.debug_loclists)
            1c5c             1c5c     1fce     1         ../lib/libc.a(libc_a-svfprintf.o):(.debug_loclists)
            3c2a             3c2a       1e     1         ../lib/libc.a(libc_a-localeconv.o):(.debug_loclists)
            3c48             3c48      189     1         ../lib/libc.a(libc_a-locale.o):(.debug_loclists)
            3dd1             3dd1       60     1         ../lib/libc.a(libc_a-strcmp.o):(.debug_loclists)
            3e31             3e31       5c     1         ../lib/libc.a(libc_a-wctomb_r.o):(.debug_loclists)
            3e8d             3e8d      107     1         ../lib/libc.a(libc_a-mbtowc_r.o):(.debug_loclists)
            3f94             3f94      813     1         ../lib/libc.a(libc_a-signal.o):(.debug_loclists)
            47a7             47a7       7b     1         ../lib/libc.a(libc_a-signalr.o):(.debug_loclists)
            4822             4822      ffd     1         ../lib/libc.a(libc_a-svfiprintf.o):(.debug_loclists)
            581f             581f      3ae     1         ../lib/libc.a(libc_a-memmove.o):(.debug_loclists)
            5bcd             5bcd      b7b     1         ../lib/libc.a(libc_a-reallocr.o):(.debug_loclists)
            6748             6748      154     1         ../lib/libc.a(libc_a-memchr.o):(.debug_loclists)
            689c             689c     23c9     1         ../lib/libc.a(libc_a-dtoa.o):(.debug_loclists)
            8c65             8c65     1900     1         ../lib/libc.a(libc_a-mprec.o):(.debug_loclists)
            a565             a565      190     1         ../lib/libc.a(libc_a-callocr.o):(.debug_loclists)
            a6f5             a6f5       d3     1         ../lib/libc.a(libc_a-assert.o):(.debug_loclists)
            a7c8             a7c8       9d     1         ../lib/libc.a(libc_a-fiprintf.o):(.debug_loclists)
            a865             a865     1b20     1         ../lib/libc.a(libc_a-vfiprintf.o):(.debug_loclists)
            c385             c385      1e7     1         ../lib/libc.a(libc_a-fputwc.o):(.debug_loclists)
            c56c             c56c      184     1         ../lib/libc.a(libc_a-wcrtomb.o):(.debug_loclists)
            c6f0             c6f0      131     1         ../lib/libc.a(libc_a-wbuf.o):(.debug_loclists)
            c821             c821       5f     1         ../lib/libc.a(libc_a-wsetup.o):(.debug_loclists)
            c880             c880      217     1         ../lib/libc.a(libc_a-makebuf.o):(.debug_loclists)
            ca97             ca97       69     1         ../lib/libc.a(libc_a-fstatr.o):(.debug_loclists)
            cb00             cb00       50     1         ../lib/libc.a(libc_a-isattyr.o):(.debug_loclists)
            cb50             cb50      548     1         ../lib/libc.a(libc_a-fvwrite.o):(.debug_loclists)
            d098             d098       b3     1         ../lib/libc.a(libc_a-sprintf.o):(.debug_loclists)
            d14b             d14b       3e     1         ../lib/libc.a(libc_a-malloc.o):(.debug_loclists)
            d189             d189      766     1         ../lib/libc.a(libc_a-strtol.o):(.debug_loclists)
            d8ef             d8ef       42     1         ../lib/libc.a(libc_a-atoi.o):(.debug_loclists)
               0                0      a70    16 .debug_aranges
               0                0       30     1         ../lib/libc.a(libc_a-strcpy.o):(.debug_aranges)
              30               30       30     1         ../lib/libc.a(libc_a-strcat.o):(.debug_aranges)
              60               60       30     1         ../lib/libc.a(libc_a-strlen.o):(.debug_aranges)
              90               90       30     1         ../lib/libc.a(libc_a-vsprintf.o):(.debug_aranges)
              c0               c0       20     1         ../lib/libc.a(libc_a-impure.o):(.debug_aranges)
              e0               e0       30     1         ../lib/libc.a(libc_a-findfp.o):(.debug_aranges)
             110              110       30     1         ../lib/libc.a(libc_a-fclose.o):(.debug_aranges)
             140              140       30     1         ../lib/libc.a(libc_a-fflush.o):(.debug_aranges)
             170              170       30     1         ../lib/libc.a(libc_a-freer.o):(.debug_aranges)
             1a0              1a0       30     1         ../lib/libc.a(libc_a-mlock.o):(.debug_aranges)
             1d0              1d0       30     1         ../lib/libc.a(libc_a-mallocr.o):(.debug_aranges)
             200              200       30     1         ../lib/libc.a(libc_a-sbrkr.o):(.debug_aranges)
             230              230       30     1         ../lib/libc.a(libc_a-reent.o):(.debug_aranges)
             260              260       30     1         ../lib/libc.a(libc_a-fwalk.o):(.debug_aranges)
             290              290       30    16         ../lib/libc.a(libc_a-memset.o):(.debug_aranges)
             2c0              2c0       30     1         ../lib/libc.a(libc_a-stdio.o):(.debug_aranges)
             2f0              2f0       30     1         ../lib/libc.a(libc_a-readr.o):(.debug_aranges)
             320              320       30     1         ../lib/libc.a(libc_a-writer.o):(.debug_aranges)
             350              350       30     1         ../lib/libc.a(libc_a-lseekr.o):(.debug_aranges)
             380              380       30     1         ../lib/libc.a(libc_a-closer.o):(.debug_aranges)
             3b0              3b0       30     1         ../lib/libc.a(libc_a-svfprintf.o):(.debug_aranges)
             3e0              3e0       30     1         ../lib/libc.a(libc_a-localeconv.o):(.debug_aranges)
             410              410       30     1         ../lib/libc.a(libc_a-locale.o):(.debug_aranges)
             440              440       30     1         ../lib/libc.a(libc_a-strcmp.o):(.debug_aranges)
             470              470       30     1         ../lib/libc.a(libc_a-wctomb_r.o):(.debug_aranges)
             4a0              4a0       30     1         ../lib/libc.a(libc_a-mbtowc_r.o):(.debug_aranges)
             4d0              4d0       40     1         ../lib/libc.a(libc_a-stack_protector.o):(.debug_aranges)
             510              510       30     1         ../lib/libc.a(libc_a-signal.o):(.debug_aranges)
             540              540       30     1         ../lib/libc.a(libc_a-signalr.o):(.debug_aranges)
             570              570       20     1         ../lib/libc.a(libc_a-ctype_.o):(.debug_aranges)
             590              590       30     1         ../lib/libc.a(libc_a-svfiprintf.o):(.debug_aranges)
             5c0              5c0       30     1         ../lib/libc.a(libc_a-memmove.o):(.debug_aranges)
             5f0              5f0       30    16         ../lib/libc.a(libc_a-memcpy.o):(.debug_aranges)
             620              620       30     1         ../lib/libc.a(libc_a-reallocr.o):(.debug_aranges)
             650              650       30     1         ../lib/libc.a(libc_a-memchr.o):(.debug_aranges)
             680              680       30     1         ../lib/libc.a(libc_a-dtoa.o):(.debug_aranges)
             6b0              6b0       30     1         ../lib/libc.a(libc_a-mprec.o):(.debug_aranges)
             6e0              6e0       30     1         ../lib/libc.a(libc_a-callocr.o):(.debug_aranges)
             710              710       30     1         ../lib/libc.a(libc_a-errno.o):(.debug_aranges)
             740              740       30     1         ../lib/libc.a(libc_a-assert.o):(.debug_aranges)
             770              770       30     1         ../lib/libc.a(libc_a-fiprintf.o):(.debug_aranges)
             7a0              7a0       30     1         ../lib/libc.a(libc_a-vfiprintf.o):(.debug_aranges)
             7d0              7d0       30     1         ../lib/libc.a(libc_a-fputwc.o):(.debug_aranges)
             800              800       30     1         ../lib/libc.a(libc_a-wcrtomb.o):(.debug_aranges)
             830              830       30     1         ../lib/libc.a(libc_a-wbuf.o):(.debug_aranges)
             860              860       30     1         ../lib/libc.a(libc_a-wsetup.o):(.debug_aranges)
             890              890       30     1         ../lib/libc.a(libc_a-makebuf.o):(.debug_aranges)
             8c0              8c0       30     1         ../lib/libc.a(libc_a-fstatr.o):(.debug_aranges)
             8f0              8f0       30     1         ../lib/libc.a(libc_a-isattyr.o):(.debug_aranges)
             920              920       30     1         ../lib/libc.a(libc_a-fvwrite.o):(.debug_aranges)
             950              950       30     1         ../lib/libc.a(libc_a-abort.o):(.debug_aranges)
             980              980       30     1         ../lib/libc.a(libc_a-sprintf.o):(.debug_aranges)
             9b0              9b0       30     1         newlib.o:(.debug_aranges)
             9e0              9e0       30     1         ../lib/libc.a(libc_a-malloc.o):(.debug_aranges)
             a10              a10       30     1         ../lib/libc.a(libc_a-strtol.o):(.debug_aranges)
             a40              a40       30     1         ../lib/libc.a(libc_a-atoi.o):(.debug_aranges)
               0                0       40     8 .debug_frame
               0                0       40     8         keyboard.o:(.debug_frame)
               0                0     24c0     8 .symtab
               0                0     24c0     8         <internal>:(.symtab)
               0                0      105     1 .shstrtab
               0                0      105     1         <internal>:(.shstrtab)
               0                0     1744     1 .strtab
               0                0     1744     1         <internal>:(.strtab)
