             VMA              LMA     Size Align Out     In      Symbol
          100160           100160      fb0    16 .rodata
          100160           100160      6f2     1         <internal>:(.rodata)
          100858           100858       70     8         <internal>:(.rodata)
          1008d0           1008d0       20    16         <internal>:(.rodata)
          1008f0           1008f0      210    16         /home/yakishamo/x86_64-elf/lib/libc.a(lib_a-svfprintf.o):(.rodata)
          100ae0           100ae0       10     1                 _svfprintf_r.blanks
          100af0           100af0       10     1                 _svfprintf_r.zeroes
          100b00           100b00      281    16         /home/yakishamo/x86_64-elf/lib/libc.a(lib_a-ctype_.o):(.rodata)
          100b00           100b00      180     1                 _ctype_b
          100c80           100c80      101     1                 _ctype_
          100d90           100d90      210    16         /home/yakishamo/x86_64-elf/lib/libc.a(lib_a-svfiprintf.o):(.rodata)
          100f80           100f80       10     1                 _svfiprintf_r.blanks
          100f90           100f90       10     1                 _svfiprintf_r.zeroes
          100fa0           100fa0       18     4         /home/yakishamo/x86_64-elf/lib/libc.a(lib_a-dtoa.o):(.rodata)
          100fc0           100fc0      138    16         /home/yakishamo/x86_64-elf/lib/libc.a(lib_a-mprec.o):(.rodata)
          100fc0           100fc0        c     1                 __pow5mult.p05
          100fd0           100fd0       c8     1                 __mprec_tens
          1010a0           1010a0       28     1                 __mprec_bigtens
          1010d0           1010d0       28     1                 __mprec_tinytens
          1010f8           1010f8       18     8         timer.o:(.rodata)
          1010f8           1010f8        8     1                 (anonymous namespace)::divide_config
          101100           101100        8     1                 (anonymous namespace)::lvt_timer
          101108           101108        8     1                 (anonymous namespace)::initial_count
          101110           101110     23ec     8 .eh_frame
          101110           101110       d4     1         kernel.o:(.eh_frame+0x0)
          1011e8           1011e8       3c     1         kernel.o:(.eh_frame+0xd4)
          101228           101228       a0     1         kernel.o:(.eh_frame+0x110)
          1012c8           1012c8      220     1         frame.o:(.eh_frame+0x18)
          1014e8           1014e8       18     1         /home/yakishamo/x86_64-elf/lib/libc.a(lib_a-strcpy.o):(.eh_frame+0x18)
          101500           101500       28     1         /home/yakishamo/x86_64-elf/lib/libc.a(lib_a-strcat.o):(.eh_frame+0x18)
          101528           101528       18     1         /home/yakishamo/x86_64-elf/lib/libc.a(lib_a-strlen.o):(.eh_frame+0x18)
          101540           101540       1c     1         /home/yakishamo/x86_64-elf/lib/libc.a(lib_a-vsprintf.o):(.eh_frame+0x18)
          101560           101560       1c     1         /home/yakishamo/x86_64-elf/lib/libc.a(lib_a-vsprintf.o):(.eh_frame+0x34)
          101580           101580       50     1         /home/yakishamo/x86_64-elf/lib/libc.a(lib_a-svfprintf.o):(.eh_frame+0x18)
          1015d0           1015d0       14     1         /home/yakishamo/x86_64-elf/lib/libc.a(lib_a-localeconv.o):(.eh_frame+0x18)
          1015e8           1015e8       14     1         /home/yakishamo/x86_64-elf/lib/libc.a(lib_a-localeconv.o):(.eh_frame+0x2c)
          101600           101600       18     1         /home/yakishamo/x86_64-elf/lib/libc.a(lib_a-localeconv.o):(.eh_frame+0x40)
          101618           101618       34     1         /home/yakishamo/x86_64-elf/lib/libc.a(lib_a-locale.o):(.eh_frame+0x18)
          101650           101650       14     1         /home/yakishamo/x86_64-elf/lib/libc.a(lib_a-locale.o):(.eh_frame+0x4c)
          101668           101668       14     1         /home/yakishamo/x86_64-elf/lib/libc.a(lib_a-locale.o):(.eh_frame+0x60)
          101680           101680       24     1         /home/yakishamo/x86_64-elf/lib/libc.a(lib_a-locale.o):(.eh_frame+0x74)
          1016a8           1016a8       18     1         /home/yakishamo/x86_64-elf/lib/libc.a(lib_a-strcmp.o):(.eh_frame+0x18)
          1016c0           1016c0       14     1         /home/yakishamo/x86_64-elf/lib/libc.a(lib_a-wctomb_r.o):(.eh_frame+0x18)
          1016d8           1016d8       14     1         /home/yakishamo/x86_64-elf/lib/libc.a(lib_a-wctomb_r.o):(.eh_frame+0x2c)
          1016f0           1016f0       14     1         /home/yakishamo/x86_64-elf/lib/libc.a(lib_a-mbtowc_r.o):(.eh_frame+0x18)
          101708           101708       14     1         /home/yakishamo/x86_64-elf/lib/libc.a(lib_a-mbtowc_r.o):(.eh_frame+0x2c)
          101720           101720       50     1         /home/yakishamo/x86_64-elf/lib/libc.a(lib_a-mallocr.o):(.eh_frame+0x18)
          101770           101770       14     1         /home/yakishamo/x86_64-elf/lib/libc.a(lib_a-mlock.o):(.eh_frame+0x18)
          101788           101788       14     1         /home/yakishamo/x86_64-elf/lib/libc.a(lib_a-mlock.o):(.eh_frame+0x2c)
          1017a0           1017a0       28     1         /home/yakishamo/x86_64-elf/lib/libc.a(lib_a-sbrkr.o):(.eh_frame+0x18)
          1017c8           1017c8       60     1         /home/yakishamo/x86_64-elf/lib/libc.a(lib_a-reent.o):(.eh_frame+0x18)
          101828           101828       78     1         /home/yakishamo/x86_64-elf/lib/libc.a(lib_a-freer.o):(.eh_frame+0x18)
          1018a0           1018a0       4c     1         /home/yakishamo/x86_64-elf/lib/libc.a(lib_a-svfiprintf.o):(.eh_frame+0x18)
          1018f0           1018f0       54     1         /home/yakishamo/x86_64-elf/lib/libc.a(lib_a-svfiprintf.o):(.eh_frame+0x64)
          101948           101948       68     1         /home/yakishamo/x86_64-elf/lib/libc.a(lib_a-reallocr.o):(.eh_frame+0x18)
          1019b0           1019b0       30     1         /home/yakishamo/x86_64-elf/lib/libc.a(lib_a-memmove.o):(.eh_frame+0x18)
          1019e0           1019e0       18     1         /home/yakishamo/x86_64-elf/lib/libc.a(lib_a-memchr.o):(.eh_frame+0x18)
          1019f8           1019f8       18     1         /home/yakishamo/x86_64-elf/lib/libc.a(lib_a-s_fpclassify.o):(.eh_frame+0x18)
          101a10           101a10       4c     1         /home/yakishamo/x86_64-elf/lib/libc.a(lib_a-dtoa.o):(.eh_frame+0x18)
          101a60           101a60       4c     1         /home/yakishamo/x86_64-elf/lib/libc.a(lib_a-dtoa.o):(.eh_frame+0x64)
          101ab0           101ab0       2c     1         /home/yakishamo/x86_64-elf/lib/libc.a(lib_a-mprec.o):(.eh_frame+0x18)
          101ae0           101ae0       14     1         /home/yakishamo/x86_64-elf/lib/libc.a(lib_a-mprec.o):(.eh_frame+0x44)
          101af8           101af8       4c     1         /home/yakishamo/x86_64-elf/lib/libc.a(lib_a-mprec.o):(.eh_frame+0x58)
          101b48           101b48       4c     1         /home/yakishamo/x86_64-elf/lib/libc.a(lib_a-mprec.o):(.eh_frame+0xa4)
          101b98           101b98       14     1         /home/yakishamo/x86_64-elf/lib/libc.a(lib_a-mprec.o):(.eh_frame+0xf0)
          101bb0           101bb0       14     1         /home/yakishamo/x86_64-elf/lib/libc.a(lib_a-mprec.o):(.eh_frame+0x104)
          101bc8           101bc8       74     1         /home/yakishamo/x86_64-elf/lib/libc.a(lib_a-mprec.o):(.eh_frame+0x118)
          101c40           101c40       3c     1         /home/yakishamo/x86_64-elf/lib/libc.a(lib_a-mprec.o):(.eh_frame+0x18c)
          101c80           101c80       4c     1         /home/yakishamo/x86_64-elf/lib/libc.a(lib_a-mprec.o):(.eh_frame+0x1c8)
          101cd0           101cd0       14     1         /home/yakishamo/x86_64-elf/lib/libc.a(lib_a-mprec.o):(.eh_frame+0x214)
          101ce8           101ce8       4c     1         /home/yakishamo/x86_64-elf/lib/libc.a(lib_a-mprec.o):(.eh_frame+0x228)
          101d38           101d38       14     1         /home/yakishamo/x86_64-elf/lib/libc.a(lib_a-mprec.o):(.eh_frame+0x274)
          101d50           101d50       24     1         /home/yakishamo/x86_64-elf/lib/libc.a(lib_a-mprec.o):(.eh_frame+0x288)
          101d78           101d78       34     1         /home/yakishamo/x86_64-elf/lib/libc.a(lib_a-mprec.o):(.eh_frame+0x2ac)
          101db0           101db0       3c     1         /home/yakishamo/x86_64-elf/lib/libc.a(lib_a-mprec.o):(.eh_frame+0x2e0)
          101df0           101df0       3c     1         /home/yakishamo/x86_64-elf/lib/libc.a(lib_a-mprec.o):(.eh_frame+0x31c)
          101e30           101e30       20     1         /home/yakishamo/x86_64-elf/lib/libc.a(lib_a-callocr.o):(.eh_frame+0x18)
          101e50           101e50       1c     1         /home/yakishamo/x86_64-elf/lib/libc.a(lib_a-sprintf.o):(.eh_frame+0x18)
          101e70           101e70       1c     1         /home/yakishamo/x86_64-elf/lib/libc.a(lib_a-sprintf.o):(.eh_frame+0x34)
          101e90           101e90      200     1         pci.o:(.eh_frame+0x18)
          102090           102090       60     1         memory_map.o:(.eh_frame+0x18)
          1020f0           1020f0       3c     1         newlib.o:(.eh_frame+0x18)
          102130           102130       1c     1         newlib.o:(.eh_frame+0x54)
          102150           102150       1c     1         newlib.o:(.eh_frame+0x70)
          102170           102170       1c     1         newlib.o:(.eh_frame+0x8c)
          102190           102190       1c     1         newlib.o:(.eh_frame+0xa8)
          1021b0           1021b0       1c     1         newlib.o:(.eh_frame+0xc4)
          1021d0           1021d0       20     1         newlib.o:(.eh_frame+0xe0)
          1021f0           1021f0       80     1         segment.o:(.eh_frame+0x18)
          102270           102270       54     1         interrupt.o:(.eh_frame+0x18)
          1022c8           1022c8       54     1         interrupt.o:(.eh_frame+0x6c)
          102320           102320       54     1         interrupt.o:(.eh_frame+0xc0)
          102378           102378       54     1         interrupt.o:(.eh_frame+0x114)
          1023d0           1023d0       54     1         interrupt.o:(.eh_frame+0x168)
          102428           102428       54     1         interrupt.o:(.eh_frame+0x1bc)
          102480           102480       54     1         interrupt.o:(.eh_frame+0x210)
          1024d8           1024d8       54     1         interrupt.o:(.eh_frame+0x264)
          102530           102530       54     1         interrupt.o:(.eh_frame+0x2b8)
          102588           102588       54     1         interrupt.o:(.eh_frame+0x30c)
          1025e0           1025e0       54     1         interrupt.o:(.eh_frame+0x360)
          102638           102638       54     1         interrupt.o:(.eh_frame+0x3b4)
          102690           102690       54     1         interrupt.o:(.eh_frame+0x408)
          1026e8           1026e8       54     1         interrupt.o:(.eh_frame+0x45c)
          102740           102740       54     1         interrupt.o:(.eh_frame+0x4b0)
          102798           102798       54     1         interrupt.o:(.eh_frame+0x504)
          1027f0           1027f0       54     1         interrupt.o:(.eh_frame+0x558)
          102848           102848       54     1         interrupt.o:(.eh_frame+0x5ac)
          1028a0           1028a0       54     1         interrupt.o:(.eh_frame+0x600)
          1028f8           1028f8       54     1         interrupt.o:(.eh_frame+0x654)
          102950           102950       54     1         interrupt.o:(.eh_frame+0x6a8)
          1029a8           1029a8       54     1         interrupt.o:(.eh_frame+0x6fc)
          102a00           102a00       54     1         interrupt.o:(.eh_frame+0x750)
          102a58           102a58       54     1         interrupt.o:(.eh_frame+0x7a4)
          102ab0           102ab0       54     1         interrupt.o:(.eh_frame+0x7f8)
          102b08           102b08       54     1         interrupt.o:(.eh_frame+0x84c)
          102b60           102b60       54     1         interrupt.o:(.eh_frame+0x8a0)
          102bb8           102bb8       54     1         interrupt.o:(.eh_frame+0x8f4)
          102c10           102c10       54     1         interrupt.o:(.eh_frame+0x948)
          102c68           102c68       54     1         interrupt.o:(.eh_frame+0x99c)
          102cc0           102cc0       54     1         interrupt.o:(.eh_frame+0x9f0)
          102d18           102d18       54     1         interrupt.o:(.eh_frame+0xa44)
          102d70           102d70       74     1         interrupt.o:(.eh_frame+0xa98)
          102de8           102de8       a4     1         interrupt.o:(.eh_frame+0xb0c)
          102e90           102e90       80     1         paging.o:(.eh_frame+0x18)
          102f10           102f10       c4     1         input.o:(.eh_frame+0x18)
          102fd8           102fd8       24     1         input.o:(.eh_frame+0xdc)
          103000           103000       20     1         command.o:(.eh_frame+0x18)
          103020           103020       a0     1         command.o:(.eh_frame+0x78)
          1030c0           1030c0       20     1         command.o:(.eh_frame+0x138)
          1030e0           1030e0       14     1         /home/yakishamo/x86_64-elf/lib/libc.a(lib_a-malloc.o):(.eh_frame+0x18)
          1030f8           1030f8       14     1         /home/yakishamo/x86_64-elf/lib/libc.a(lib_a-malloc.o):(.eh_frame+0x2c)
          103110           103110       14     1         /home/yakishamo/x86_64-elf/lib/libc.a(lib_a-strtol.o):(.eh_frame+0x18)
          103128           103128       4c     1         /home/yakishamo/x86_64-elf/lib/libc.a(lib_a-strtol.o):(.eh_frame+0x2c)
          103178           103178       14     1         /home/yakishamo/x86_64-elf/lib/libc.a(lib_a-strtol.o):(.eh_frame+0x78)
          103190           103190       14     1         /home/yakishamo/x86_64-elf/lib/libc.a(lib_a-strtol.o):(.eh_frame+0x8c)
          1031a8           1031a8       14     1         /home/yakishamo/x86_64-elf/lib/libc.a(lib_a-atoi.o):(.eh_frame+0x18)
          1031c0           1031c0       14     1         /home/yakishamo/x86_64-elf/lib/libc.a(lib_a-atoi.o):(.eh_frame+0x2c)
          1031d8           1031d8       20     1         memory_manager.o:(.eh_frame+0x18)
          1031f8           1031f8      200     1         memory_manager.o:(.eh_frame+0x78)
          1033f8           1033f8       20     1         memory_manager.o:(.eh_frame+0x2b8)
          103418           103418       3c     1         back_buffer.o:(.eh_frame+0x18)
          103458           103458       1c     1         back_buffer.o:(.eh_frame+0x54)
          103478           103478       80     1         back_buffer.o:(.eh_frame+0x70)
          104500           104500    1064a    16 .text
          104500           104500      232    16         kernel.o:(.text)
          104500           104500        f     1                 stop()
          104510           104510       29     1                 entry_point
          104540           104540      1f2     1                 kernel_main
          104740           104740       50    16         kernel.o:(.text.startup)
          104740           104740       1a     1                 __cxx_global_var_init
          104760           104760       12     1                 __cxx_global_var_init.1
          104780           104780       10     1                 _GLOBAL__sub_I_kernel.cpp
          104790           104790        b    16         kernel.o:(.text._ZNSt3__114numeric_limitsImE3maxEv)
          104790           104790        b     1                 std::__1::numeric_limits<unsigned long>::max()
          1047a0           1047a0       21    16         kernel.o:(.text._ZN7FrameIDC2Em)
          1047a0           1047a0       21     1                 FrameID::FrameID(unsigned long)
          1047d0           1047d0       4c    16         kernel.o:(.text._ZN11InputBufferC2Ev)
          1047d0           1047d0       4c     1                 InputBuffer::InputBuffer()
          104820           104820       1e    16         kernel.o:(.text._ZNK5ErrorcvbEv)
          104820           104820       1e     1                 Error::operator bool() const
          104840           104840       29    16         kernel.o:(.text._ZNK5Error4NameEv)
          104840           104840       29     1                 Error::Name() const
          104870           104870        d    16         kernel.o:(.text._ZNSt3__123__libcpp_numeric_limitsImLb1EE3maxEv)
          104870           104870        d     1                 std::__1::__libcpp_numeric_limits<unsigned long, true>::max()
          104880           104880       25    16         kernel.o:(.text._ZNKSt3__15arrayIPKcLm20EEixEm)
          104880           104880       25     1                 std::__1::array<char const*, 20ul>::operator[](unsigned long) const
          1048b0           1048b0      f73    16         frame.o:(.text)
          1048b0           1048b0       d5     1                 InitializeFrame(bootinfo_t*)
          104990           104990       7f     1                 WritePixelRGB(Color, int, int)
          104a10           104a10       7f     1                 WritePixelBGR(Color, int, int)
          104a90           104a90       3d     1                 HashtoColor(unsigned char)
          104ad0           104ad0      191     1                 HSVtoRGB(int)
          104c70           104c70       fd     1                 WriteAscii(char, Color, int, int)
          104d70           104d70      13e     1                 WriteSquare(Vector, Vector, Color)
          104eb0           104eb0      11f     1                 PrintLine(char const*, Vector, Color)
          104fd0           104fd0       7e     1                 RegisterLine(char const*)
          105050           105050      465     1                 Print
          1054c0           1054c0       b3     1                 Printf
          105580           105580       6c     1                 dPrint(char*, int)
          1055f0           1055f0       6c     1                 udPrint(char*, unsigned int)
          105660           105660       6c     1                 uxdPrint(char*, unsigned int)
          1056d0           1056d0       ca     1                 WriteMandelbrot(int)
          1057a0           1057a0       83     1                 clear()
          105830           105830      1ad    16         frame.o:(.text._Z14CalcMandelbrotiii)
          105830           105830      1ad     1                 CalcMandelbrot(int, int, int)
          1059e0           1059e0       83    16         /home/yakishamo/x86_64-elf/lib/libc.a(lib_a-strcpy.o):(.text)
          1059e0           1059e0       83     1                 strcpy
          105a70           105a70       6a    16         /home/yakishamo/x86_64-elf/lib/libc.a(lib_a-strcat.o):(.text)
          105a70           105a70       6a     1                 strcat
          105ae0           105ae0       d1    16         /home/yakishamo/x86_64-elf/lib/libc.a(lib_a-strlen.o):(.text)
          105ae0           105ae0       d1     1                 strlen
          105bc0           105bc0       a2    16         /home/yakishamo/x86_64-elf/lib/libc.a(lib_a-vsprintf.o):(.text)
          105bc0           105bc0       55     1                 vsprintf
          105c20           105c20       42     1                 _vsprintf_r
          105c64           105c64        0     4         /home/yakishamo/x86_64-elf/lib/libc.a(lib_a-impure.o):(.text)
          105c70           105c70     2154    16         /home/yakishamo/x86_64-elf/lib/libc.a(lib_a-svfprintf.o):(.text)
          105c70           105c70     2154     1                 _svfprintf_r
          107dd0           107dd0       61    16         /home/yakishamo/x86_64-elf/lib/libc.a(lib_a-localeconv.o):(.text)
          107dd0           107dd0        8     1                 __localeconv_l
          107de0           107de0       21     1                 _localeconv_r
          107e10           107e10       21     1                 localeconv
          107e40           107e40      10f    16         /home/yakishamo/x86_64-elf/lib/libc.a(lib_a-locale.o):(.text)
          107e40           107e40       4f     1                 _setlocale_r
          107e90           107e90       24     1                 __locale_mb_cur_max
          107ec0           107ec0        8     1                 __locale_ctype_ptr_l
          107ed0           107ed0       24     1                 __locale_ctype_ptr
          107f00           107f00       4f     1                 setlocale
          107f50           107f50       7f    16         /home/yakishamo/x86_64-elf/lib/libc.a(lib_a-strcmp.o):(.text)
          107f50           107f50       7f     1                 strcmp
          107fd0           107fd0       54    16         /home/yakishamo/x86_64-elf/lib/libc.a(lib_a-wctomb_r.o):(.text)
          107fd0           107fd0       23     1                 _wctomb_r
          108000           108000       24     1                 __ascii_wctomb
          108030           108030       5d    16         /home/yakishamo/x86_64-elf/lib/libc.a(lib_a-mbtowc_r.o):(.text)
          108030           108030       23     1                 _mbtowc_r
          108060           108060       2d     1                 __ascii_mbtowc
          108090           108090        0     4         /home/yakishamo/x86_64-elf/lib/libc.a(lib_a-ctype_.o):(.text)
          108090           108090      803    16         /home/yakishamo/x86_64-elf/lib/libc.a(lib_a-mallocr.o):(.text)
          108090           108090      803     1                 _malloc_r
          1088a0           1088a0       11    16         /home/yakishamo/x86_64-elf/lib/libc.a(lib_a-mlock.o):(.text)
          1088a0           1088a0        1     1                 __malloc_lock
          1088b0           1088b0        1     1                 __malloc_unlock
          1088c0           1088c0       33    16         /home/yakishamo/x86_64-elf/lib/libc.a(lib_a-sbrkr.o):(.text)
          1088c0           1088c0       33     1                 _sbrk_r
          108900           108900      124    16         /home/yakishamo/x86_64-elf/lib/libc.a(lib_a-reent.o):(.text)
          108900           108900       2c     1                 cleanup_glue
          108930           108930       f4     1                 _reclaim_reent
          108a30           108a30      361    16         /home/yakishamo/x86_64-elf/lib/libc.a(lib_a-freer.o):(.text)
          108a30           108a30      278     1                 _free_r
          108cb0           108cb0       e1     1                 _malloc_trim_r
          108da0           108da0     11c2    16         /home/yakishamo/x86_64-elf/lib/libc.a(lib_a-svfiprintf.o):(.text)
          108da0           108da0      1b4     1                 __ssprint_r
          108f60           108f60     1002     1                 _svfiprintf_r
          109f70           109f70      624    16         /home/yakishamo/x86_64-elf/lib/libc.a(lib_a-reallocr.o):(.text)
          109f70           109f70      624     1                 _realloc_r
          10a5a0           10a5a0      5cf    16         /home/yakishamo/x86_64-elf/lib/libc.a(lib_a-memmove.o):(.text)
          10a5a0           10a5a0      5cf     1                 memmove
          10ab70           10ab70      12d    16         /home/yakishamo/x86_64-elf/lib/libc.a(lib_a-memcpy.o):(.text)
          10ab70           10ab70        0     1                 memcpy
          10ab95           10ab95        0     1                 quadword_aligned
          10abb0           10abb0        0     1                 loop
          10ac77           10ac77        0     1                 byte_copy
          10ac7d           10ac7d        0     1                 quadword_copy
          10aca0           10aca0      180    16         /home/yakishamo/x86_64-elf/lib/libc.a(lib_a-memchr.o):(.text)
          10aca0           10aca0      180     1                 memchr
          10ae20           10ae20       5d    16         /home/yakishamo/x86_64-elf/lib/libc.a(lib_a-s_fpclassify.o):(.text)
          10ae20           10ae20       5d     1                 __fpclassifyd
          10ae80           10ae80     1379    16         /home/yakishamo/x86_64-elf/lib/libc.a(lib_a-dtoa.o):(.text)
          10ae80           10ae80     11d0     1                 _dtoa_r
          10c050           10c050      1a9     1                 quorem
          10c200           10c200     17b8    16         /home/yakishamo/x86_64-elf/lib/libc.a(lib_a-mprec.o):(.text)
          10c200           10c200       85     1                 _Balloc
          10c290           10c290       19     1                 _Bfree
          10c2b0           10c2b0      151     1                 __multadd
          10c410           10c410      15e     1                 __s2b
          10c570           10c570       69     1                 __hi0bits
          10c5e0           10c5e0       84     1                 __lo0bits
          10c670           10c670       83     1                 __i2b
          10c700           10c700      350     1                 __multiply
          10ca50           10ca50      13f     1                 __pow5mult
          10cb90           10cb90      34a     1                 __lshift
          10cee0           10cee0       42     1                 __mcmp
          10cf30           10cf30      222     1                 __mdiff
          10d160           10d160       63     1                 __ulp
          10d1d0           10d1d0      11a     1                 __b2d
          10d2f0           10d2f0      320     1                 __d2b
          10d610           10d610       96     1                 __ratio
          10d6b0           10d6b0       99     1                 _mprec_log10
          10d750           10d750      205     1                 __copybits
          10d960           10d960       58     1                 __any_on
          10d9c0           10d9c0       7f    16         /home/yakishamo/x86_64-elf/lib/libc.a(lib_a-callocr.o):(.text)
          10d9c0           10d9c0       7f     1                 _calloc_r
          10da40           10da40       e0    16         /home/yakishamo/x86_64-elf/lib/libc.a(lib_a-memset.o):(.text)
          10da40           10da40        0     1                 memset
          10da6e           10da6e        0     1                 quadword_aligned
          10da90           10da90        0     1                 loop
          10dafb           10dafb        0     1                 byte_set
          10db01           10db01        0     1                 quadword_set
          10db20           10db20      1ab    16         /home/yakishamo/x86_64-elf/lib/libc.a(lib_a-sprintf.o):(.text)
          10db20           10db20       c9     1                 _sprintf_r
          10dbf0           10dbf0       db     1                 sprintf
          10dcd0           10dcd0       c1    16         asmfunc.o:(.text)
          10dcd0           10dcd0        0     1                 IoOut32
          10dcd7           10dcd7        0     1                 IoIn32
          10dcdc           10dcdc        0     1                 IoIn16
          10dce2           10dce2        0     1                 IoOut8
          10dcea           10dcea        0     1                 IoIn8
          10dcef           10dcef        0     1                 call_kernel_main
          10dcff           10dcff        0     1                 _hlt
          10dd02           10dd02        0     1                 LoadGDT
          10dd1c           10dd1c        0     1                 SetDSAll
          10dd25           10dd25        0     1                 SetCSSS
          10dd39           10dd39        0     1                 SetCSSS.next
          10dd3e           10dd3e        0     1                 SetCSSS.stop
          10dd41           10dd41        0     1                 GetCS
          10dd47           10dd47        0     1                 LoadIDT
          10dd61           10dd61        0     1                 SetCR3
          10dd65           10dd65        0     1                 NotifyEndOfInterrupt
          10dd73           10dd73        0     1                 rdtsc
          10dda0           10dda0      809    16         pci.o:(.text)
          10dda0           10dda0       4f     1                 MakeAddr(unsigned char, unsigned char, unsigned char, unsigned char)
          10ddf0           10ddf0       1e     1                 WriteAddr(unsigned int)
          10de10           10de10       1e     1                 WriteData(unsigned int)
          10de30           10de30       10     1                 ReadData()
          10de40           10de40       4a     1                 ReadVendorId(unsigned char, unsigned char, unsigned char)
          10de90           10de90       67     1                 ReadVendorId(Device)
          10df00           10df00       50     1                 ReadHeaderType(unsigned char, unsigned char, unsigned char)
          10df50           10df50       70     1                 ReadBar(Device, int)
          10dfc0           10dfc0       71     1                 ReadClassCode(unsigned char, unsigned char, unsigned char)
          10e040           10e040       45     1                 ReadBusNumbers(unsigned char, unsigned char, unsigned char)
          10e090           10e090       af     1                 AddDevice(unsigned char, unsigned char, unsigned char, unsigned char)
          10e140           10e140       28     1                 IsSingleFunctionDevice(unsigned char)
          10e170           10e170      13f     1                 ScanAllBus()
          10e2b0           10e2b0       b7     1                 ScanBus(unsigned char)
          10e370           10e370      126     1                 ScanDevice(unsigned char, unsigned char)
          10e4a0           10e4a0      109     1                 ScanFunction(unsigned char, unsigned char, unsigned char)
          10e5b0           10e5b0      27f    16         memory_map.o:(.text)
          10e5b0           10e5b0       83     1                 show_memdesc(int)
          10e640           10e640      12d     1                 show_memory_map()
          10e770           10e770       bf     1                 search_mem_type(unsigned long)
          10e830           10e830      18d    16         newlib.o:(.text)
          10e830           10e830       7e     1                 sbrk
          10e8b0           10e8b0       1d     1                 _exit
          10e8d0           10e8d0       24     1                 lseek
          10e900           10e900       1d     1                 close
          10e920           10e920       2d     1                 kill
          10e950           10e950       16     1                 getpid
          10e970           10e970       21     1                 fstat
          10e9a0           10e9a0       1d     1                 isatty
          10e9c0           10e9c0      348    16         segment.o:(.text)
          10e9c0           10e9c0      21d     1                 SetCodeSegment(SegmentDescriptor*, DescriptorType, unsigned int, unsigned int, unsigned int)
          10ebe0           10ebe0       77     1                 SetDataSegment(SegmentDescriptor*, DescriptorType, unsigned int, unsigned int, unsigned int)
          10ec60           10ec60       67     1                 SetupSegments()
          10ecd0           10ecd0       38     1                 InitializeSegment(unsigned short, unsigned short)
          10ed10           10ed10     3e94    16         interrupt.o:(.text)
          10ed10           10ed10      186     1                 Interrupt_1(InterruptFrame*)
          10eea0           10eea0      186     1                 Interrupt_2(InterruptFrame*)
          10f030           10f030      186     1                 Interrupt_4(InterruptFrame*)
          10f1c0           10f1c0      186     1                 Interrupt_5(InterruptFrame*)
          10f350           10f350      186     1                 Interrupt_6(InterruptFrame*)
          10f4e0           10f4e0      186     1                 Interrupt_7(InterruptFrame*)
          10f670           10f670      186     1                 Interrupt_8(InterruptFrame*)
          10f800           10f800      186     1                 Interrupt_9(InterruptFrame*)
          10f990           10f990      186     1                 Interrupt_10(InterruptFrame*)
          10fb20           10fb20      186     1                 Interrupt_11(InterruptFrame*)
          10fcb0           10fcb0      186     1                 Interrupt_15(InterruptFrame*)
          10fe40           10fe40      186     1                 Interrupt_16(InterruptFrame*)
          10ffd0           10ffd0      186     1                 Interrupt_17(InterruptFrame*)
          110160           110160      186     1                 Interrupt_18(InterruptFrame*)
          1102f0           1102f0      186     1                 Interrupt_19(InterruptFrame*)
          110480           110480      186     1                 Interrupt_20(InterruptFrame*)
          110610           110610      186     1                 Interrupt_21(InterruptFrame*)
          1107a0           1107a0      186     1                 Interrupt_22(InterruptFrame*)
          110930           110930      186     1                 Interrupt_23(InterruptFrame*)
          110ac0           110ac0      186     1                 Interrupt_24(InterruptFrame*)
          110c50           110c50      186     1                 Interrupt_25(InterruptFrame*)
          110de0           110de0      186     1                 Interrupt_26(InterruptFrame*)
          110f70           110f70      186     1                 Interrupt_27(InterruptFrame*)
          111100           111100      186     1                 Interrupt_28(InterruptFrame*)
          111290           111290      186     1                 Interrupt_29(InterruptFrame*)
          111420           111420      186     1                 Interrupt_30(InterruptFrame*)
          1115b0           1115b0      186     1                 Interrupt_31(InterruptFrame*)
          111740           111740      19e     1                 BreakpointInterrupt(InterruptFrame*)
          1118e0           1118e0      186     1                 SegFaultInterrupt(InterruptFrame*)
          111a70           111a70      186     1                 PageFaultInterrupt(InterruptFrame*)
          111c00           111c00      186     1                 GeneralProtectionInterrupt(InterruptFrame*)
          111d90           111d90      203     1                 KeyboardInterrupt(InterruptFrame*)
          111fa0           111fa0      163     1                 ShowKeycodeInterrupt(InterruptFrame*)
          112110           112110       f9     1                 DefaultInterrupt(InterruptFrame*)
          112210           112210       7a     1                 SetIDTEntry(InterruptDescriptor*, InterruptDescriptorAttribute, unsigned long, unsigned long)
          112290           112290       ba     1                 InitializePIC()
          112350           112350      854     1                 InitializeInterrupt()
          112bb0           112bb0       60    16         interrupt.o:(.text._Z10isAlphabetc)
          112bb0           112bb0       60     1                 isAlphabet(char)
          112c10           112c10       af    16         interrupt.o:(.text._Z11MakeIDTAttr14DescriptorTypehbh)
          112c10           112c10       af     1                 MakeIDTAttr(DescriptorType, unsigned char, bool, unsigned char)
          112cc0           112cc0      118    16         paging.o:(.text)
          112cc0           112cc0      118     1                 SetupIdentityPageTable()
          112de0           112de0       25    16         paging.o:(.text._ZNSt3__15arrayImLm512EEixEm)
          112de0           112de0       25     1                 std::__1::array<unsigned long, 512ul>::operator[](unsigned long)
          112e10           112e10       14    16         paging.o:(.text._ZNKSt3__15arrayINS0_ImLm512EEELm64EE4sizeEv)
          112e10           112e10       14     1                 std::__1::array<std::__1::array<unsigned long, 512ul>, 64ul>::size() const
          112e30           112e30       25    16         paging.o:(.text._ZNSt3__15arrayINS0_ImLm512EEELm64EEixEm)
          112e30           112e30       25     1                 std::__1::array<std::__1::array<unsigned long, 512ul>, 64ul>::operator[](unsigned long)
          112e60           112e60       62    16         keyboard.o:(.text)
          112e60           112e60       62     1                 InitializeKeycode()
          112ed0           112ed0      3d9    16         input.o:(.text)
          112ed0           112ed0      148     1                 InputBuffer::add(char)
          113020           113020       76     1                 InputBuffer::isEnter()
          1130a0           1130a0       76     1                 InputBuffer::pop()
          113120           113120       5a     1                 InputBuffer::allprint()
          113180           113180       9b     1                 InputBuffer::allpop(char*)
          113220           113220       89     1                 GetString(char*)
          1132b0           1132b0       27    16         input.o:(.text._ZN11InputBuffer7isInputEv)
          1132b0           1132b0       27     1                 InputBuffer::isInput()
          1132e0           1132e0      851    16         command.o:(.text)
          1132e0           1132e0      27d     1                 tokenize(char*)
          113560           113560       4b     1                 free_token(char**)
          1135b0           1135b0       97     1                 show_token(char**)
          113650           113650      187     1                 command(char*)
          1137e0           1137e0      351     1                 command(char**)
          113b40           113b40       2b    16         command.o:(.text.startup)
          113b40           113b40       1a     1                 __cxx_global_var_init
          113b60           113b60        b     1                 _GLOBAL__sub_I_command.cpp
          113b70           113b70       32    16         /home/yakishamo/x86_64-elf/lib/libc.a(lib_a-malloc.o):(.text)
          113b70           113b70       12     1                 malloc
          113b90           113b90       12     1                 free
          113bb0           113bb0      207    16         /home/yakishamo/x86_64-elf/lib/libc.a(lib_a-strtol.o):(.text)
          113bb0           113bb0       1c     1                 _strtol_r
          113bd0           113bd0      19c     1                 _strtol_l
          113d70           113d70       1a     1                 strtol_l
          113d90           113d90       27     1                 strtol
          113dc0           113dc0       1c    16         /home/yakishamo/x86_64-elf/lib/libc.a(lib_a-atoi.o):(.text)
          113dc0           113dc0        c     1                 atoi
          113dd0           113dd0        c     1                 _atoi_r
          113de0           113de0      6ae    16         memory_manager.o:(.text)
          113de0           113de0       4f     1                 BitmapMemoryManager::BitmapMemoryManager()
          113de0           113de0       4f     1                 BitmapMemoryManager::BitmapMemoryManager()
          113e30           113e30      15d     1                 BitmapMemoryManager::Allocate(unsigned long)
          113f90           113f90       6e     1                 BitmapMemoryManager::GetBit(FrameID) const
          114000           114000       74     1                 BitmapMemoryManager::MarkAllocated(FrameID, unsigned long)
          114080           114080       90     1                 BitmapMemoryManager::Free(FrameID, unsigned long)
          114110           114110       a8     1                 BitmapMemoryManager::SetBit(FrameID, bool)
          1141c0           1141c0       34     1                 BitmapMemoryManager::SetMemoryRange(FrameID, FrameID)
          114200           114200       48     1                 BitmapMemoryManager::IsAvailable(unsigned long)
          114250           114250      167     1                 InitializeMemoryManager(BitmapMemoryManager*, MemoryMap*)
          1143c0           1143c0       ce     1                 InitializeHeap(BitmapMemoryManager&)
          114490           114490       2b    16         memory_manager.o:(.text.startup)
          114490           114490       1a     1                 __cxx_global_var_init
          1144b0           1144b0        b     1                 _GLOBAL__sub_I_memory_manager.cpp
          1144c0           1144c0       16    16         memory_manager.o:(.text._ZNK7FrameID2IDEv)
          1144c0           1144c0       16     1                 FrameID::ID() const
          1144e0           1144e0       33    16         memory_manager.o:(.text._ZN5ErrorC2ENS_4CodeEPKci)
          1144e0           1144e0       33     1                 Error::Error(Error::Code, char const*, int)
          114520           114520       27    16         memory_manager.o:(.text._Z16AddressToFrameIDm)
          114520           114520       27     1                 AddressToFrameID(unsigned long)
          114550           114550       25    16         memory_manager.o:(.text._ZNKSt3__15arrayImLm524288EEixEm)
          114550           114550       25     1                 std::__1::array<unsigned long, 524288ul>::operator[](unsigned long) const
          114580           114580       25    16         memory_manager.o:(.text._ZNSt3__15arrayImLm524288EEixEm)
          114580           114580       25     1                 std::__1::array<unsigned long, 524288ul>::operator[](unsigned long)
          1145b0           1145b0       3e    16         memory_manager.o:(.text._Z11IsAvailable10MemoryType)
          1145b0           1145b0       3e     1                 IsAvailable(MemoryType)
          1145f0           1145f0       73    16         timer.o:(.text)
          1145f0           1145f0       20     1                 InitializeLAPICTimer()
          114610           114610       13     1                 StartLAPICTimer()
          114630           114630       14     1                 LAPICTimer()
          114650           114650       13     1                 StopLAPICTimer()
          114670           114670      4da    16         back_buffer.o:(.text)
          114670           114670       c9     1                 InitializeBackBuffer(video_info_t*)
          114740           114740       32     1                 BB_WritePixelRGB(Color, int, int)
          114780           114780       32     1                 BB_WritePixelBGR(Color, int, int)
          1147c0           1147c0       28     1                 SwapBuffer()
          1147f0           1147f0      136     1                 BB_WriteSquare(Vector, Vector, Color)
          114930           114930       f8     1                 BB_WriteAscii(char, Color, int, int)
          114a30           114a30      11a     1                 BB_PrintLine(char const*, Vector, Color)
          115b50           115b50       a8     8 .data.rel.ro
          115b50           115b50       a0     8         kernel.o:(.data.rel.ro._ZN5Error11code_names_E)
          115b50           115b50       a0     1                 Error::code_names_
          115bf0           115bf0        8     8         /home/yakishamo/x86_64-elf/lib/libc.a(lib_a-impure.o):(.data.rel.ro)
          115bf0           115bf0        8     1                 _global_impure_ptr
          115bf8           115bf8       18     8 .init_array
          115bf8           115bf8        8     8         kernel.o:(.init_array)
          115c00           115c00        8     8         command.o:(.init_array)
          115c08           115c08        8     8         memory_manager.o:(.init_array)
          115c10           115c10     1240    16 .data
          115c10           115c10        4     4         frame.o:(.data)
          115c10           115c10        4     1                 line_len_max
          115c18           115c18      750     8         /home/yakishamo/x86_64-elf/lib/libc.a(lib_a-impure.o):(.data)
          115c18           115c18        8     1                 _impure_ptr
          115c20           115c20      748     1                 impure_data
          116368           116368      1a8     8         /home/yakishamo/x86_64-elf/lib/libc.a(lib_a-locale.o):(.data)
          116368           116368      1a8     1                 __global_locale
          116510           116510      820    16         /home/yakishamo/x86_64-elf/lib/libc.a(lib_a-mallocr.o):(.data)
          116510           116510      810     1                 __malloc_av_
          116d20           116d20        8     1                 __malloc_trim_threshold
          116d28           116d28        8     1                 __malloc_sbrk_base
          116d30           116d30       18    16         segment.o:(.data)
          116d30           116d30       18     1                 gdt
          116d48           116d48        8     4         interrupt.o:(.data)
          116d48           116d48        8     1                 InterruptMessagePosition
          116d50           116d50      100    16         keyboard.o:(.data)
          116d50           116d50      100     1                 keycode
          117000           117000   549024  4096 .bss
          117000           117000   500428    16         kernel.o:(.bss)
          117000           117000        8     1                 kNullFrame
          117010           117010   100000     1                 kernel_main_stack
          217010           217010      400     1                 Input_Buffer
          217410           217410   400010     1                 memory_manager_buf
          617420           617420        8     1                 memory_manager
          617430           617430     5628    16         frame.o:(.bss)
          617430           617430        8     1                 vinfo
          617438           617438        8     1                 ascii_font
          617440           617440        4     1                 line_queue_head
          617444           617444        4     1                 line_queue_end
          617448           617448        4     1                 max_line
          617450           617450     4e20     1                 line_queue
          61c270           61c270        8     1                 WritePixel
          61c278           61c278        4     1                 Print::y
          61c280           61c280      3e8     1                 Print::line
          61c668           61c668        4     1                 Print::debug
          61c670           61c670      3e8     1                 Printf::str_for_Printf
          61ca58           61ca58        8     8         /home/yakishamo/x86_64-elf/lib/libc.a(lib_a-locale.o):(.bss)
          61ca58           61ca58        8     1                 _PathLocale
          61ca60           61ca60       40     8         /home/yakishamo/x86_64-elf/lib/libc.a(lib_a-mallocr.o):(.bss)
          61ca60           61ca60        8     1                 __malloc_top_pad
          61ca68           61ca68        8     1                 __malloc_max_sbrked_mem
          61ca70           61ca70        8     1                 __malloc_max_total_mem
          61ca78           61ca78       28     1                 __malloc_current_mallinfo
          61caa0           61caa0        4     4         /home/yakishamo/x86_64-elf/lib/libc.a(lib_a-reent.o):(.bss)
          61caa0           61caa0        4     1                 errno
          61cab0           61cab0       f0    16         pci.o:(.bss)
          61cab0           61cab0        4     1                 num_device
          61cab4           61cab4        4     1                 invdev
          61cac0           61cac0       e0     1                 devices
          61cba0           61cba0        8     8         memory_map.o:(.bss)
          61cba0           61cba0        8     1                 mmap
          61cba8           61cba8       10     8         newlib.o:(.bss)
          61cba8           61cba8        8     1                 program_break
          61cbb0           61cbb0        8     1                 program_break_end
          61cbc0           61cbc0     1001    16         interrupt.o:(.bss)
          61cbc0           61cbc0     1000     1                 idt
          61dbc0           61dbc0        1     1                 KeyboardInterrupt(InterruptFrame*)::isShift
          61e000           61e000    42000  4096         paging.o:(.bss)
          61e000           61e000     1000     1                 (anonymous namespace)::pdp_table
          61f000           61f000     1000     1                 (anonymous namespace)::pml4_table
          620000           620000    40000     1                 (anonymous namespace)::page_directory
          660000           660000        8     8         command.o:(.bss)
          660000           660000        8     1                 kNullFrame
          660008           660008        8     8         memory_manager.o:(.bss)
          660008           660008        8     1                 kNullFrame
          660010           660010       14     8         back_buffer.o:(.bss)
          660010           660010        8     1                 BB_WritePixel
          660018           660018        8     1                 back_buffer
          660020           660020        4     1                 bb_size
               0                0     19d0     1 .debug_abbrev
               0                0      4af     1         kernel.o:(.debug_abbrev)
             4af              4af      1c7     1         frame.o:(.debug_abbrev)
             676              676      115     1         pci.o:(.debug_abbrev)
             78b              78b       fd     1         memory_map.o:(.debug_abbrev)
             888              888      10a     1         newlib.o:(.debug_abbrev)
             992              992       f8     1         segment.o:(.debug_abbrev)
             a8a              a8a      1bb     1         interrupt.o:(.debug_abbrev)
             c45              c45      20f     1         paging.o:(.debug_abbrev)
             e54              e54       7c     1         keyboard.o:(.debug_abbrev)
             ed0              ed0      124     1         input.o:(.debug_abbrev)
             ff4              ff4      368     1         command.o:(.debug_abbrev)
            135c             135c      4c3     1         memory_manager.o:(.debug_abbrev)
            181f             181f       a3     1         timer.o:(.debug_abbrev)
            18c2             18c2      10e     1         back_buffer.o:(.debug_abbrev)
               0                0     84c6     1 .debug_info
               0                0     1c58     1         kernel.o:(.debug_info)
            1c58             1c58      719     1         frame.o:(.debug_info)
            2371             2371      59c     1         pci.o:(.debug_info)
            290d             290d      232     1         memory_map.o:(.debug_info)
            2b3f             2b3f      341     1         newlib.o:(.debug_info)
            2e80             2e80      22f     1         segment.o:(.debug_info)
            30af             30af      806     1         interrupt.o:(.debug_info)
            38b5             38b5      eca     1         paging.o:(.debug_info)
            477f             477f       67     1         keyboard.o:(.debug_info)
            47e6             47e6      1d7     1         input.o:(.debug_info)
            49bd             49bd     1720     1         command.o:(.debug_info)
            60dd             60dd     2044     1         memory_manager.o:(.debug_info)
            8121             8121       b6     1         timer.o:(.debug_info)
            81d7             81d7      2ef     1         back_buffer.o:(.debug_info)
               0                0      177     1 .debug_rnglists
               0                0       35     1         kernel.o:(.debug_rnglists)
              35               35       20     1         frame.o:(.debug_rnglists)
              55               55       57     1         pci.o:(.debug_rnglists)
              ac               ac       23     1         interrupt.o:(.debug_rnglists)
              cf               cf       1e     1         paging.o:(.debug_rnglists)
              ed               ed       18     1         input.o:(.debug_rnglists)
             105              105       26     1         command.o:(.debug_rnglists)
             12b              12b       4c     1         memory_manager.o:(.debug_rnglists)
               0                0     224c     1 .debug_str_offsets
               0                0      718     1         kernel.o:(.debug_str_offsets)
             718              718      1e4     1         frame.o:(.debug_str_offsets)
             8fc              8fc      12c     1         pci.o:(.debug_str_offsets)
             a28              a28       b4     1         memory_map.o:(.debug_str_offsets)
             adc              adc      12c     1         newlib.o:(.debug_str_offsets)
             c08              c08       e8     1         segment.o:(.debug_str_offsets)
             cf0              cf0      248     1         interrupt.o:(.debug_str_offsets)
             f38              f38      3c8     1         paging.o:(.debug_str_offsets)
            1300             1300       30     1         keyboard.o:(.debug_str_offsets)
            1330             1330       7c     1         input.o:(.debug_str_offsets)
            13ac             13ac      514     1         command.o:(.debug_str_offsets)
            18c0             18c0      830     1         memory_manager.o:(.debug_str_offsets)
            20f0             20f0       60     1         timer.o:(.debug_str_offsets)
            2150             2150       fc     1         back_buffer.o:(.debug_str_offsets)
               0                0     4223     1 .debug_str
               0                0     4223     1         <internal>:(.debug_str)
               0                0      b20     1 .debug_addr
               0                0      170     1         kernel.o:(.debug_addr)
             170              170      130     1         frame.o:(.debug_addr)
             2a0              2a0      130     1         pci.o:(.debug_addr)
             3d0              3d0       60     1         memory_map.o:(.debug_addr)
             430              430       90     1         newlib.o:(.debug_addr)
             4c0              4c0       30     1         segment.o:(.debug_addr)
             4f0              4f0      278     1         interrupt.o:(.debug_addr)
             768              768       50     1         paging.o:(.debug_addr)
             7b8              7b8       20     1         keyboard.o:(.debug_addr)
             7d8              7d8       50     1         input.o:(.debug_addr)
             828              828      160     1         command.o:(.debug_addr)
             988              988       f0     1         memory_manager.o:(.debug_addr)
             a78              a78       40     1         timer.o:(.debug_addr)
             ab8              ab8       68     1         back_buffer.o:(.debug_addr)
               0                0       29     1 .comment
               0                0       29     1         <internal>:(.comment)
               0                0     2c21     1 .debug_line
               0                0      2e6     1         kernel.o:(.debug_line)
             2e6              2e6      784     1         frame.o:(.debug_line)
             a6a              a6a      428     1         pci.o:(.debug_line)
             e92              e92      137     1         memory_map.o:(.debug_line)
             fc9              fc9      180     1         newlib.o:(.debug_line)
            1149             1149      1c2     1         segment.o:(.debug_line)
            130b             130b      748     1         interrupt.o:(.debug_line)
            1a53             1a53      16b     1         paging.o:(.debug_line)
            1bbe             1bbe       7e     1         keyboard.o:(.debug_line)
            1c3c             1c3c      25b     1         input.o:(.debug_line)
            1e97             1e97      4c5     1         command.o:(.debug_line)
            235c             235c      5ad     1         memory_manager.o:(.debug_line)
            2909             2909       c7     1         timer.o:(.debug_line)
            29d0             29d0      251     1         back_buffer.o:(.debug_line)
               0                0      480     1 .debug_line_str
               0                0      480     1         <internal>:(.debug_line_str)
               0                0       5f     1 .debug_loclists
               0                0       5f     1         frame.o:(.debug_loclists)
               0                0       f8     8 .debug_frame
               0                0       40     8         keyboard.o:(.debug_frame)
              40               40       b8     8         timer.o:(.debug_frame)
               0                0     20b8     8 .symtab
               0                0     20b8     8         <internal>:(.symtab)
               0                0       ed     1 .shstrtab
               0                0       ed     1         <internal>:(.shstrtab)
               0                0     191a     1 .strtab
               0                0     191a     1         <internal>:(.strtab)
