             VMA              LMA     Size Align Out     In      Symbol
          100160           100160     1130    32 .rodata
          100160           100160      6d8     1         <internal>:(.rodata)
          100838           100838       68     8         <internal>:(.rodata)
          1008a0           1008a0      190    16         ../lib/libc.a(libc_a-svfprintf.o):(.rodata)
          100a10           100a10       10     1                 zeroes.0
          100a20           100a20       10     1                 blanks.1
          100a30           100a30       40    16         <internal>:(.rodata)
          100a80           100a80      2a0    32         ../lib/libc.a(libc_a-ctype_.o):(.rodata)
          100a80           100a80      101     1                 _ctype_
          100ba0           100ba0      180     1                 _ctype_b
          100d20           100d20      190    16         ../lib/libc.a(libc_a-svfiprintf.o):(.rodata)
          100e90           100e90       10     1                 zeroes.0
          100ea0           100ea0       10     1                 blanks.1
          100ec0           100ec0      168    32         ../lib/libc.a(libc_a-mprec.o):(.rodata)
          100ec0           100ec0        c     1                 p05.0
          100ee0           100ee0       28     1                 __mprec_tinytens
          100f20           100f20       28     1                 __mprec_bigtens
          100f60           100f60       c8     1                 __mprec_tens
          101028           101028       2f     8         <internal>:(.rodata)
          101060           101060      190    16         ../lib/libc.a(libc_a-vfiprintf.o):(.rodata)
          1011d0           1011d0       10     1                 zeroes.0
          1011e0           1011e0       10     1                 blanks.1
          1011f0           1011f0       87     1         newlib.o:(.rodata)
          101278           101278       18     8         timer.o:(.rodata)
          101278           101278        8     1                 (anonymous namespace)::divide_config
          101280           101280        8     1                 (anonymous namespace)::lvt_timer
          101288           101288        8     1                 (anonymous namespace)::initial_count
          101290           101290     2df4     8 .eh_frame
          101290           101290       d4     1         kernel.o:(.eh_frame+0x0)
          101368           101368       3c     1         kernel.o:(.eh_frame+0xd4)
          1013a8           1013a8       a0     1         kernel.o:(.eh_frame+0x110)
          101448           101448      220     1         frame.o:(.eh_frame+0x18)
          101668           101668       18     1         ../lib/libc.a(libc_a-strcpy.o):(.eh_frame+0x18)
          101680           101680       20     1         ../lib/libc.a(libc_a-strcat.o):(.eh_frame+0x18)
          1016a0           1016a0       18     1         ../lib/libc.a(libc_a-strlen.o):(.eh_frame+0x18)
          1016b8           1016b8       1c     1         ../lib/libc.a(libc_a-vsprintf.o):(.eh_frame+0x18)
          1016d8           1016d8       1c     1         ../lib/libc.a(libc_a-vsprintf.o):(.eh_frame+0x34)
          1016f8           1016f8       14     1         ../lib/libc.a(libc_a-findfp.o):(.eh_frame+0x18)
          101710           101710       14     1         ../lib/libc.a(libc_a-findfp.o):(.eh_frame+0x2c)
          101728           101728       34     1         ../lib/libc.a(libc_a-findfp.o):(.eh_frame+0x40)
          101760           101760       3c     1         ../lib/libc.a(libc_a-findfp.o):(.eh_frame+0x74)
          1017a0           1017a0       44     1         ../lib/libc.a(libc_a-findfp.o):(.eh_frame+0xb0)
          1017e8           1017e8       14     1         ../lib/libc.a(libc_a-findfp.o):(.eh_frame+0xf4)
          101800           101800       14     1         ../lib/libc.a(libc_a-findfp.o):(.eh_frame+0x108)
          101818           101818       14     1         ../lib/libc.a(libc_a-findfp.o):(.eh_frame+0x11c)
          101830           101830       18     1         ../lib/libc.a(libc_a-findfp.o):(.eh_frame+0x130)
          101848           101848       3c     1         ../lib/libc.a(libc_a-fclose.o):(.eh_frame+0x18)
          101888           101888       14     1         ../lib/libc.a(libc_a-fclose.o):(.eh_frame+0x54)
          1018a0           1018a0       90     1         ../lib/libc.a(libc_a-fflush.o):(.eh_frame+0x18)
          101930           101930       3c     1         ../lib/libc.a(libc_a-freer.o):(.eh_frame+0x18)
          101970           101970       5c     1         ../lib/libc.a(libc_a-freer.o):(.eh_frame+0x54)
          1019d0           1019d0       14     1         ../lib/libc.a(libc_a-mlock.o):(.eh_frame+0x18)
          1019e8           1019e8       14     1         ../lib/libc.a(libc_a-mlock.o):(.eh_frame+0x2c)
          101a00           101a00       80     1         ../lib/libc.a(libc_a-mallocr.o):(.eh_frame+0x18)
          101a80           101a80       20     1         ../lib/libc.a(libc_a-sbrkr.o):(.eh_frame+0x18)
          101aa0           101aa0       40     1         ../lib/libc.a(libc_a-reent.o):(.eh_frame+0x18)
          101ae0           101ae0       48     1         ../lib/libc.a(libc_a-fwalk.o):(.eh_frame+0x18)
          101b28           101b28       34     1         ../lib/libc.a(libc_a-stdio.o):(.eh_frame+0x18)
          101b60           101b60       34     1         ../lib/libc.a(libc_a-stdio.o):(.eh_frame+0x4c)
          101b98           101b98       38     1         ../lib/libc.a(libc_a-stdio.o):(.eh_frame+0x80)
          101bd0           101bd0       20     1         ../lib/libc.a(libc_a-readr.o):(.eh_frame+0x18)
          101bf0           101bf0       20     1         ../lib/libc.a(libc_a-writer.o):(.eh_frame+0x18)
          101c10           101c10       20     1         ../lib/libc.a(libc_a-lseekr.o):(.eh_frame+0x18)
          101c30           101c30       20     1         ../lib/libc.a(libc_a-closer.o):(.eh_frame+0x18)
          101c50           101c50       50     1         ../lib/libc.a(libc_a-svfprintf.o):(.eh_frame+0x18)
          101ca0           101ca0       14     1         ../lib/libc.a(libc_a-localeconv.o):(.eh_frame+0x18)
          101cb8           101cb8       14     1         ../lib/libc.a(libc_a-localeconv.o):(.eh_frame+0x2c)
          101cd0           101cd0       18     1         ../lib/libc.a(libc_a-localeconv.o):(.eh_frame+0x40)
          101ce8           101ce8       24     1         ../lib/libc.a(libc_a-locale.o):(.eh_frame+0x18)
          101d10           101d10       14     1         ../lib/libc.a(libc_a-locale.o):(.eh_frame+0x3c)
          101d28           101d28       28     1         ../lib/libc.a(libc_a-locale.o):(.eh_frame+0x50)
          101d50           101d50       18     1         ../lib/libc.a(libc_a-strcmp.o):(.eh_frame+0x18)
          101d68           101d68       14     1         ../lib/libc.a(libc_a-wctomb_r.o):(.eh_frame+0x18)
          101d80           101d80       14     1         ../lib/libc.a(libc_a-wctomb_r.o):(.eh_frame+0x2c)
          101d98           101d98       14     1         ../lib/libc.a(libc_a-mbtowc_r.o):(.eh_frame+0x18)
          101db0           101db0       1c     1         ../lib/libc.a(libc_a-mbtowc_r.o):(.eh_frame+0x2c)
          101dd0           101dd0       14     1         ../lib/libc.a(libc_a-stack_protector.o):(.eh_frame+0x18)
          101de8           101de8       1c     1         ../lib/libc.a(libc_a-stack_protector.o):(.eh_frame+0x2c)
          101e08           101e08       20     1         ../lib/libc.a(libc_a-stack_protector.o):(.eh_frame+0x48)
          101e28           101e28       4c     1         ../lib/libc.a(libc_a-signal.o):(.eh_frame+0x18)
          101e78           101e78      184     1         ../lib/libc.a(libc_a-signal.o):(.eh_frame+0x64)
          102000           102000       38     1         ../lib/libc.a(libc_a-signalr.o):(.eh_frame+0x18)
          102038           102038       4c     1         ../lib/libc.a(libc_a-svfiprintf.o):(.eh_frame+0x18)
          102088           102088       54     1         ../lib/libc.a(libc_a-svfiprintf.o):(.eh_frame+0x64)
          1020e0           1020e0       18     1         ../lib/libc.a(libc_a-memmove.o):(.eh_frame+0x18)
          1020f8           1020f8       68     1         ../lib/libc.a(libc_a-reallocr.o):(.eh_frame+0x18)
          102160           102160       18     1         ../lib/libc.a(libc_a-memchr.o):(.eh_frame+0x18)
          102178           102178       4c     1         ../lib/libc.a(libc_a-dtoa.o):(.eh_frame+0x18)
          1021c8           1021c8       4c     1         ../lib/libc.a(libc_a-dtoa.o):(.eh_frame+0x64)
          102218           102218       2c     1         ../lib/libc.a(libc_a-mprec.o):(.eh_frame+0x18)
          102248           102248       14     1         ../lib/libc.a(libc_a-mprec.o):(.eh_frame+0x44)
          102260           102260       8c     1         ../lib/libc.a(libc_a-mprec.o):(.eh_frame+0x58)
          1022f0           1022f0       14     1         ../lib/libc.a(libc_a-mprec.o):(.eh_frame+0xe4)
          102308           102308       14     1         ../lib/libc.a(libc_a-mprec.o):(.eh_frame+0xf8)
          102320           102320       24     1         ../lib/libc.a(libc_a-mprec.o):(.eh_frame+0x10c)
          102348           102348       4c     1         ../lib/libc.a(libc_a-mprec.o):(.eh_frame+0x130)
          102398           102398       3c     1         ../lib/libc.a(libc_a-mprec.o):(.eh_frame+0x17c)
          1023d8           1023d8       4c     1         ../lib/libc.a(libc_a-mprec.o):(.eh_frame+0x1b8)
          102428           102428       14     1         ../lib/libc.a(libc_a-mprec.o):(.eh_frame+0x204)
          102440           102440       64     1         ../lib/libc.a(libc_a-mprec.o):(.eh_frame+0x218)
          1024a8           1024a8       14     1         ../lib/libc.a(libc_a-mprec.o):(.eh_frame+0x27c)
          1024c0           1024c0       34     1         ../lib/libc.a(libc_a-mprec.o):(.eh_frame+0x290)
          1024f8           1024f8       34     1         ../lib/libc.a(libc_a-mprec.o):(.eh_frame+0x2c4)
          102530           102530       14     1         ../lib/libc.a(libc_a-mprec.o):(.eh_frame+0x2f8)
          102548           102548       14     1         ../lib/libc.a(libc_a-mprec.o):(.eh_frame+0x30c)
          102560           102560       18     1         ../lib/libc.a(libc_a-mprec.o):(.eh_frame+0x320)
          102578           102578       28     1         ../lib/libc.a(libc_a-callocr.o):(.eh_frame+0x18)
          1025a0           1025a0       18     1         ../lib/libc.a(libc_a-errno.o):(.eh_frame+0x18)
          1025b8           1025b8       24     1         ../lib/libc.a(libc_a-assert.o):(.eh_frame+0x18)
          1025e0           1025e0       1c     1         ../lib/libc.a(libc_a-assert.o):(.eh_frame+0x3c)
          102600           102600       1c     1         ../lib/libc.a(libc_a-fiprintf.o):(.eh_frame+0x18)
          102620           102620       1c     1         ../lib/libc.a(libc_a-fiprintf.o):(.eh_frame+0x34)
          102640           102640       4c     1         ../lib/libc.a(libc_a-vfiprintf.o):(.eh_frame+0x18)
          102690           102690       14     1         ../lib/libc.a(libc_a-vfiprintf.o):(.eh_frame+0x64)
          1026a8           1026a8       7c     1         ../lib/libc.a(libc_a-vfiprintf.o):(.eh_frame+0x78)
          102728           102728       3c     1         ../lib/libc.a(libc_a-vfiprintf.o):(.eh_frame+0xf4)
          102768           102768       44     1         ../lib/libc.a(libc_a-fputwc.o):(.eh_frame+0x18)
          1027b0           1027b0       14     1         ../lib/libc.a(libc_a-fputwc.o):(.eh_frame+0x5c)
          1027c8           1027c8       28     1         ../lib/libc.a(libc_a-fputwc.o):(.eh_frame+0x70)
          1027f0           1027f0       2c     1         ../lib/libc.a(libc_a-wcrtomb.o):(.eh_frame+0x18)
          102820           102820       2c     1         ../lib/libc.a(libc_a-wcrtomb.o):(.eh_frame+0x44)
          102850           102850       3c     1         ../lib/libc.a(libc_a-wbuf.o):(.eh_frame+0x18)
          102890           102890       14     1         ../lib/libc.a(libc_a-wbuf.o):(.eh_frame+0x54)
          1028a8           1028a8       30     1         ../lib/libc.a(libc_a-wsetup.o):(.eh_frame+0x18)
          1028d8           1028d8       44     1         ../lib/libc.a(libc_a-makebuf.o):(.eh_frame+0x18)
          102920           102920       34     1         ../lib/libc.a(libc_a-makebuf.o):(.eh_frame+0x5c)
          102958           102958       20     1         ../lib/libc.a(libc_a-fstatr.o):(.eh_frame+0x18)
          102978           102978       20     1         ../lib/libc.a(libc_a-isattyr.o):(.eh_frame+0x18)
          102998           102998       78     1         ../lib/libc.a(libc_a-fvwrite.o):(.eh_frame+0x18)
          102a10           102a10       20     1         ../lib/libc.a(libc_a-abort.o):(.eh_frame+0x18)
          102a30           102a30       1c     1         ../lib/libc.a(libc_a-sprintf.o):(.eh_frame+0x18)
          102a50           102a50       24     1         ../lib/libc.a(libc_a-sprintf.o):(.eh_frame+0x34)
          102a78           102a78      200     1         pci.o:(.eh_frame+0x18)
          102c78           102c78       60     1         memory_map.o:(.eh_frame+0x18)
          102cd8           102cd8       3c     1         newlib.o:(.eh_frame+0x18)
          102d18           102d18       1c     1         newlib.o:(.eh_frame+0x54)
          102d38           102d38       1c     1         newlib.o:(.eh_frame+0x70)
          102d58           102d58       1c     1         newlib.o:(.eh_frame+0x8c)
          102d78           102d78       1c     1         newlib.o:(.eh_frame+0xa8)
          102d98           102d98       1c     1         newlib.o:(.eh_frame+0xc4)
          102db8           102db8       1c     1         newlib.o:(.eh_frame+0xe0)
          102dd8           102dd8       1c     1         newlib.o:(.eh_frame+0xfc)
          102df8           102df8       20     1         newlib.o:(.eh_frame+0x118)
          102e18           102e18       80     1         segment.o:(.eh_frame+0x18)
          102e98           102e98       54     1         interrupt.o:(.eh_frame+0x18)
          102ef0           102ef0       54     1         interrupt.o:(.eh_frame+0x6c)
          102f48           102f48       54     1         interrupt.o:(.eh_frame+0xc0)
          102fa0           102fa0       54     1         interrupt.o:(.eh_frame+0x114)
          102ff8           102ff8       54     1         interrupt.o:(.eh_frame+0x168)
          103050           103050       54     1         interrupt.o:(.eh_frame+0x1bc)
          1030a8           1030a8       54     1         interrupt.o:(.eh_frame+0x210)
          103100           103100       54     1         interrupt.o:(.eh_frame+0x264)
          103158           103158       54     1         interrupt.o:(.eh_frame+0x2b8)
          1031b0           1031b0       54     1         interrupt.o:(.eh_frame+0x30c)
          103208           103208       54     1         interrupt.o:(.eh_frame+0x360)
          103260           103260       54     1         interrupt.o:(.eh_frame+0x3b4)
          1032b8           1032b8       54     1         interrupt.o:(.eh_frame+0x408)
          103310           103310       54     1         interrupt.o:(.eh_frame+0x45c)
          103368           103368       54     1         interrupt.o:(.eh_frame+0x4b0)
          1033c0           1033c0       54     1         interrupt.o:(.eh_frame+0x504)
          103418           103418       54     1         interrupt.o:(.eh_frame+0x558)
          103470           103470       54     1         interrupt.o:(.eh_frame+0x5ac)
          1034c8           1034c8       54     1         interrupt.o:(.eh_frame+0x600)
          103520           103520       54     1         interrupt.o:(.eh_frame+0x654)
          103578           103578       54     1         interrupt.o:(.eh_frame+0x6a8)
          1035d0           1035d0       54     1         interrupt.o:(.eh_frame+0x6fc)
          103628           103628       54     1         interrupt.o:(.eh_frame+0x750)
          103680           103680       54     1         interrupt.o:(.eh_frame+0x7a4)
          1036d8           1036d8       54     1         interrupt.o:(.eh_frame+0x7f8)
          103730           103730       54     1         interrupt.o:(.eh_frame+0x84c)
          103788           103788       54     1         interrupt.o:(.eh_frame+0x8a0)
          1037e0           1037e0       54     1         interrupt.o:(.eh_frame+0x8f4)
          103838           103838       54     1         interrupt.o:(.eh_frame+0x948)
          103890           103890       54     1         interrupt.o:(.eh_frame+0x99c)
          1038e8           1038e8       54     1         interrupt.o:(.eh_frame+0x9f0)
          103940           103940       54     1         interrupt.o:(.eh_frame+0xa44)
          103998           103998       54     1         interrupt.o:(.eh_frame+0xa98)
          1039f0           1039f0       74     1         interrupt.o:(.eh_frame+0xaec)
          103a68           103a68       a0     1         interrupt.o:(.eh_frame+0xb60)
          103b08           103b08       80     1         paging.o:(.eh_frame+0x18)
          103b88           103b88       c4     1         input.o:(.eh_frame+0x18)
          103c50           103c50       24     1         input.o:(.eh_frame+0xdc)
          103c78           103c78       20     1         command.o:(.eh_frame+0x18)
          103c98           103c98       a0     1         command.o:(.eh_frame+0x78)
          103d38           103d38       20     1         command.o:(.eh_frame+0x138)
          103d58           103d58       14     1         ../lib/libc.a(libc_a-malloc.o):(.eh_frame+0x18)
          103d70           103d70       14     1         ../lib/libc.a(libc_a-malloc.o):(.eh_frame+0x2c)
          103d88           103d88       88     1         ../lib/libc.a(libc_a-strtol.o):(.eh_frame+0x18)
          103e10           103e10       30     1         ../lib/libc.a(libc_a-atoi.o):(.eh_frame+0x18)
          103e40           103e40       20     1         memory_manager.o:(.eh_frame+0x18)
          103e60           103e60      200     1         memory_manager.o:(.eh_frame+0x78)
          104060           104060       20     1         memory_manager.o:(.eh_frame+0x2b8)
          105090           105090    13803    16 .text
          105090           105090      21c    16         kernel.o:(.text)
          105090           105090        f     1                 stop()
          1050a0           1050a0       29     1                 entry_point
          1050d0           1050d0      1dc     1                 kernel_main
          1052b0           1052b0       50    16         kernel.o:(.text.startup)
          1052b0           1052b0       1a     1                 __cxx_global_var_init
          1052d0           1052d0       12     1                 __cxx_global_var_init.1
          1052f0           1052f0       10     1                 _GLOBAL__sub_I_kernel.cpp
          105300           105300        b    16         kernel.o:(.text._ZNSt3__114numeric_limitsImE3maxEv)
          105300           105300        b     1                 std::__1::numeric_limits<unsigned long>::max()
          105310           105310       21    16         kernel.o:(.text._ZN7FrameIDC2Em)
          105310           105310       21     1                 FrameID::FrameID(unsigned long)
          105340           105340       4c    16         kernel.o:(.text._ZN11InputBufferC2Ev)
          105340           105340       4c     1                 InputBuffer::InputBuffer()
          105390           105390       1e    16         kernel.o:(.text._ZNK5ErrorcvbEv)
          105390           105390       1e     1                 Error::operator bool() const
          1053b0           1053b0       29    16         kernel.o:(.text._ZNK5Error4NameEv)
          1053b0           1053b0       29     1                 Error::Name() const
          1053e0           1053e0        d    16         kernel.o:(.text._ZNSt3__123__libcpp_numeric_limitsImLb1EE3maxEv)
          1053e0           1053e0        d     1                 std::__1::__libcpp_numeric_limits<unsigned long, true>::max()
          1053f0           1053f0       25    16         kernel.o:(.text._ZNKSt3__15arrayIPKcLm20EEixEm)
          1053f0           1053f0       25     1                 std::__1::array<char const*, 20ul>::operator[](unsigned long) const
          105420           105420      f1e    16         frame.o:(.text)
          105420           105420       9a     1                 InitializeFrame(bootinfo_t*)
          1054c0           1054c0       7f     1                 WritePixelRGB(Color, int, int)
          105540           105540       7f     1                 WritePixelBGR(Color, int, int)
          1055c0           1055c0       3d     1                 HashtoColor(unsigned char)
          105600           105600      191     1                 HSVtoRGB(int)
          1057a0           1057a0       f5     1                 WriteAscii(char, Color, int, int)
          1058a0           1058a0      136     1                 WriteSquare(Vector, Vector, Color)
          1059e0           1059e0      11b     1                 PrintLine(char const*, Vector, Color)
          105b00           105b00       7e     1                 RegisterLine(char const*)
          105b80           105b80      457     1                 Print
          105fe0           105fe0       b3     1                 Printf
          1060a0           1060a0       6c     1                 dPrint(char*, int)
          106110           106110       6c     1                 udPrint(char*, unsigned int)
          106180           106180       6c     1                 uxdPrint(char*, unsigned int)
          1061f0           1061f0       c2     1                 WriteMandelbrot(int)
          1062c0           1062c0       7e     1                 clear()
          106340           106340      1ad    16         frame.o:(.text._Z14CalcMandelbrotiii)
          106340           106340      1ad     1                 CalcMandelbrot(int, int, int)
          1064f0           1064f0       85    16         ../lib/libc.a(libc_a-strcpy.o):(.text)
          1064f0           1064f0       85     1                 strcpy
          106580           106580       6c    16         ../lib/libc.a(libc_a-strcat.o):(.text)
          106580           106580       6c     1                 strcat
          1065f0           1065f0       7d    16         ../lib/libc.a(libc_a-strlen.o):(.text)
          1065f0           1065f0       7d     1                 strlen
          106670           106670       ed    16         ../lib/libc.a(libc_a-vsprintf.o):(.text)
          106670           106670       7d     1                 vsprintf
          1066f0           1066f0       6d     1                 _vsprintf_r
          10675d           10675d        0     1         ../lib/libc.a(libc_a-impure.o):(.text)
          106760           106760      469    16         ../lib/libc.a(libc_a-findfp.o):(.text)
          106760           106760        7     1                 __fp_lock
          106770           106770       1e     1                 stdio_exit_handler
          106790           106790       52     1                 cleanup_stdio
          1067f0           1067f0        7     1                 __fp_unlock
          106800           106800      1d1     1                 global_stdio_init.part.0
          1069e0           1069e0      156     1                 __sfp
          106b40           106b40       2a     1                 __sinit
          106b70           106b70        5     1                 __sfp_lock_acquire
          106b80           106b80        5     1                 __sfp_lock_release
          106b90           106b90       19     1                 __fp_lock_all
          106bb0           106bb0       19     1                 __fp_unlock_all
          106bd0           106bd0       f3    16         ../lib/libc.a(libc_a-fclose.o):(.text)
          106bd0           106bd0       de     1                 _fclose_r
          106cb0           106cb0       13     1                 fclose
          106cd0           106cd0      321    16         ../lib/libc.a(libc_a-fflush.o):(.text)
          106cd0           106cd0      225     1                 __sflush_r
          106f00           106f00       5f     1                 _fflush_r
          106f60           106f60       91     1                 fflush
          107000           107000      47e    16         ../lib/libc.a(libc_a-freer.o):(.text)
          107000           107000       e7     1                 _malloc_trim_r
          1070f0           1070f0      38e     1                 _free_r
          107480           107480       15    16         ../lib/libc.a(libc_a-mlock.o):(.text)
          107480           107480        5     1                 __malloc_lock
          107490           107490        5     1                 __malloc_unlock
          1074a0           1074a0      8d4    16         ../lib/libc.a(libc_a-mallocr.o):(.text)
          1074a0           1074a0      8d4     1                 _malloc_r
          107d80           107d80       36    16         ../lib/libc.a(libc_a-sbrkr.o):(.text)
          107d80           107d80       36     1                 _sbrk_r
          107dc0           107dc0       9e    16         ../lib/libc.a(libc_a-reent.o):(.text)
          107dc0           107dc0       9e     1                 _reclaim_reent
          107e60           107e60       89    16         ../lib/libc.a(libc_a-fwalk.o):(.text)
          107e60           107e60       89     1                 _fwalk_sglue
          107ef0           107ef0       e0    16         ../lib/libc.a(libc_a-memset.o):(.text)
          107ef0           107ef0        0     1                 memset
          107f1e           107f1e        0     1                 quadword_aligned
          107f40           107f40        0     1                 loop
          107fab           107fab        0     1                 byte_set
          107fb1           107fb1        0     1                 quadword_set
          107fd0           107fd0       ed    16         ../lib/libc.a(libc_a-stdio.o):(.text)
          107fd0           107fd0       30     1                 __sread
          108000           108000        7     1                 __seofread
          108010           108010       60     1                 __swrite
          108070           108070       38     1                 __sseek
          1080b0           1080b0        d     1                 __sclose
          1080c0           1080c0       41    16         ../lib/libc.a(libc_a-readr.o):(.text)
          1080c0           1080c0       41     1                 _read_r
          108110           108110       41    16         ../lib/libc.a(libc_a-writer.o):(.text)
          108110           108110       41     1                 _write_r
          108160           108160       3e    16         ../lib/libc.a(libc_a-lseekr.o):(.text)
          108160           108160       3e     1                 _lseek_r
          1081a0           1081a0       2e    16         ../lib/libc.a(libc_a-closer.o):(.text)
          1081a0           1081a0       2e     1                 _close_r
          1081d0           1081d0     2557    16         ../lib/libc.a(libc_a-svfprintf.o):(.text)
          1081d0           1081d0     2557     1                 _svfprintf_r
          10a730           10a730       2c    16         ../lib/libc.a(libc_a-localeconv.o):(.text)
          10a730           10a730        c     1                 __localeconv_l
          10a740           10a740        c     1                 _localeconv_r
          10a750           10a750        c     1                 localeconv
          10a760           10a760       ea    16         ../lib/libc.a(libc_a-locale.o):(.text)
          10a760           10a760       6a     1                 _setlocale_r
          10a7d0           10a7d0        c     1                 __locale_mb_cur_max
          10a7e0           10a7e0       6a     1                 setlocale
          10a850           10a850       83    16         ../lib/libc.a(libc_a-strcmp.o):(.text)
          10a850           10a850       83     1                 strcmp
          10a8e0           10a8e0       43    16         ../lib/libc.a(libc_a-wctomb_r.o):(.text)
          10a8e0           10a8e0        a     1                 _wctomb_r
          10a8f0           10a8f0       33     1                 __ascii_wctomb
          10a930           10a930       70    16         ../lib/libc.a(libc_a-mbtowc_r.o):(.text)
          10a930           10a930        a     1                 _mbtowc_r
          10a940           10a940       60     1                 __ascii_mbtowc
          10a9a0           10a9a0       8f    16         ../lib/libc.a(libc_a-stack_protector.o):(.text)
          10a9a0           10a9a0       7d     1                 __stack_chk_fail
          10aa20           10aa20        f     1                 __stack_chk_fail_local
          10aa30           10aa30       19    16         ../lib/libc.a(libc_a-stack_protector.o):(.text.startup)
          10aa30           10aa30       19     1                 __stack_chk_init
          10aa50           10aa50      50e    16         ../lib/libc.a(libc_a-signal.o):(.text)
          10aa50           10aa50       59     1                 _init_signal_r
          10aab0           10aab0       98     1                 _signal_r
          10ab50           10ab50       ad     1                 _raise_r
          10ac00           10ac00       ca     1                 __sigtramp_r
          10acd0           10acd0       b7     1                 raise
          10ad90           10ad90       98     1                 signal
          10ae30           10ae30       59     1                 _init_signal
          10ae90           10ae90       ce     1                 __sigtramp
          10af60           10af60       49    16         ../lib/libc.a(libc_a-signalr.o):(.text)
          10af60           10af60       36     1                 _kill_r
          10afa0           10afa0        9     1                 _getpid_r
          10afa9           10afa9        0     1         ../lib/libc.a(libc_a-ctype_.o):(.text)
          10afb0           10afb0     1408    16         ../lib/libc.a(libc_a-svfiprintf.o):(.text)
          10afb0           10afb0      1e9     1                 __ssprint_r
          10b1a0           10b1a0     1218     1                 _svfiprintf_r
          10c3c0           10c3c0      124    16         ../lib/libc.a(libc_a-memmove.o):(.text)
          10c3c0           10c3c0      124     1                 memmove
          10c4f0           10c4f0      12d    16         ../lib/libc.a(libc_a-memcpy.o):(.text)
          10c4f0           10c4f0        0     1                 memcpy
          10c515           10c515        0     1                 quadword_aligned
          10c530           10c530        0     1                 loop
          10c5f7           10c5f7        0     1                 byte_copy
          10c5fd           10c5fd        0     1                 quadword_copy
          10c620           10c620      53a    16         ../lib/libc.a(libc_a-reallocr.o):(.text)
          10c620           10c620      53a     1                 _realloc_r
          10cb60           10cb60       c5    16         ../lib/libc.a(libc_a-memchr.o):(.text)
          10cb60           10cb60       c5     1                 memchr
          10cc30           10cc30     1636    16         ../lib/libc.a(libc_a-dtoa.o):(.text)
          10cc30           10cc30      19c     1                 quorem
          10cdd0           10cdd0     1496     1                 _dtoa_r
          10e270           10e270     10ba    16         ../lib/libc.a(libc_a-mprec.o):(.text)
          10e270           10e270       9e     1                 _Balloc
          10e310           10e310       1f     1                 _Bfree
          10e330           10e330      101     1                 __multadd
          10e440           10e440      139     1                 __s2b
          10e580           10e580       56     1                 __hi0bits
          10e5e0           10e5e0       8f     1                 __lo0bits
          10e670           10e670       a4     1                 __i2b
          10e720           10e720      241     1                 __multiply
          10e970           10e970      12e     1                 __pow5mult
          10eaa0           10eaa0      158     1                 __lshift
          10ec00           10ec00       4e     1                 __mcmp
          10ec50           10ec50      217     1                 __mdiff
          10ee70           10ee70       7d     1                 __ulp
          10eef0           10eef0       fc     1                 __b2d
          10eff0           10eff0      158     1                 __d2b
          10f150           10f150       c0     1                 __ratio
          10f210           10f210       40     1                 _mprec_log10
          10f250           10f250       60     1                 __copybits
          10f2b0           10f2b0       7a     1                 __any_on
          10f330           10f330       c6    16         ../lib/libc.a(libc_a-callocr.o):(.text)
          10f330           10f330       c6     1                 _calloc_r
          10f400           10f400        c    16         ../lib/libc.a(libc_a-errno.o):(.text)
          10f400           10f400        c     1                 __errno
          10f410           10f410       74    16         ../lib/libc.a(libc_a-assert.o):(.text)
          10f410           10f410       54     1                 __assert_func
          10f470           10f470       14     1                 __assert
          10f490           10f490      178    16         ../lib/libc.a(libc_a-fiprintf.o):(.text)
          10f490           10f490       b0     1                 _fiprintf_r
          10f540           10f540       c8     1                 fiprintf
          10f610           10f610     1750    16         ../lib/libc.a(libc_a-vfiprintf.o):(.text)
          10f610           10f610       d7     1                 __sprint_r.part.0
          10f6f0           10f6f0       1a     1                 __sprint_r
          10f710           10f710     154f     1                 _vfiprintf_r
          110c60           110c60       19     1                 vfiprintf
          110c80           110c80       e0     1                 __sbprintf
          110d60           110d60      1b9    16         ../lib/libc.a(libc_a-fputwc.o):(.text)
          110d60           110d60      119     1                 __fputwc
          110e80           110e80       23     1                 _fputwc_r
          110eb0           110eb0       69     1                 fputwc
          110f20           110f20      112    16         ../lib/libc.a(libc_a-wcrtomb.o):(.text)
          110f20           110f20       7c     1                 _wcrtomb_r
          110fa0           110fa0       92     1                 wcrtomb
          111040           111040      135    16         ../lib/libc.a(libc_a-wbuf.o):(.text)
          111040           111040      112     1                 __swbuf_r
          111160           111160       15     1                 __swbuf
          111180           111180      143    16         ../lib/libc.a(libc_a-wsetup.o):(.text)
          111180           111180      143     1                 __swsetup_r
          1112d0           1112d0      1e6    16         ../lib/libc.a(libc_a-makebuf.o):(.text)
          1112d0           1112d0      139     1                 __smakebuf_r
          111410           111410       a6     1                 __swhatbuf_r
          1114c0           1114c0       36    16         ../lib/libc.a(libc_a-fstatr.o):(.text)
          1114c0           1114c0       36     1                 _fstat_r
          111500           111500       2e    16         ../lib/libc.a(libc_a-isattyr.o):(.text)
          111500           111500       2e     1                 _isatty_r
          111530           111530      55c    16         ../lib/libc.a(libc_a-fvwrite.o):(.text)
          111530           111530      55c     1                 __sfvwrite_r
          111a90           111a90       1e    16         ../lib/libc.a(libc_a-abort.o):(.text)
          111a90           111a90       1e     1                 abort
          111ab0           111ab0      211    16         ../lib/libc.a(libc_a-sprintf.o):(.text)
          111ab0           111ab0       fc     1                 _sprintf_r
          111bb0           111bb0      111     1                 sprintf
          111cd0           111cd0       c1    16         asmfunc.o:(.text)
          111cd0           111cd0        0     1                 IoOut32
          111cd7           111cd7        0     1                 IoIn32
          111cdc           111cdc        0     1                 IoIn16
          111ce2           111ce2        0     1                 IoOut8
          111cea           111cea        0     1                 IoIn8
          111cef           111cef        0     1                 call_kernel_main
          111cff           111cff        0     1                 _hlt
          111d02           111d02        0     1                 LoadGDT
          111d1c           111d1c        0     1                 SetDSAll
          111d25           111d25        0     1                 SetCSSS
          111d39           111d39        0     1                 SetCSSS.next
          111d3e           111d3e        0     1                 SetCSSS.stop
          111d41           111d41        0     1                 GetCS
          111d47           111d47        0     1                 LoadIDT
          111d61           111d61        0     1                 SetCR3
          111d65           111d65        0     1                 NotifyEndOfInterrupt
          111d73           111d73        0     1                 rdtsc
          111da0           111da0      809    16         pci.o:(.text)
          111da0           111da0       4f     1                 MakeAddr(unsigned char, unsigned char, unsigned char, unsigned char)
          111df0           111df0       1e     1                 WriteAddr(unsigned int)
          111e10           111e10       1e     1                 WriteData(unsigned int)
          111e30           111e30       10     1                 ReadData()
          111e40           111e40       4a     1                 ReadVendorId(unsigned char, unsigned char, unsigned char)
          111e90           111e90       67     1                 ReadVendorId(Device)
          111f00           111f00       50     1                 ReadHeaderType(unsigned char, unsigned char, unsigned char)
          111f50           111f50       70     1                 ReadBar(Device, int)
          111fc0           111fc0       71     1                 ReadClassCode(unsigned char, unsigned char, unsigned char)
          112040           112040       45     1                 ReadBusNumbers(unsigned char, unsigned char, unsigned char)
          112090           112090       af     1                 AddDevice(unsigned char, unsigned char, unsigned char, unsigned char)
          112140           112140       28     1                 IsSingleFunctionDevice(unsigned char)
          112170           112170      13f     1                 ScanAllBus()
          1122b0           1122b0       b7     1                 ScanBus(unsigned char)
          112370           112370      126     1                 ScanDevice(unsigned char, unsigned char)
          1124a0           1124a0      109     1                 ScanFunction(unsigned char, unsigned char, unsigned char)
          1125b0           1125b0      27f    16         memory_map.o:(.text)
          1125b0           1125b0       83     1                 show_memdesc(int)
          112640           112640      12d     1                 show_memory_map()
          112770           112770       bf     1                 search_mem_type(unsigned long)
          11282f           11282f      1c5     1         newlib.o:(.text)
          11282f           11282f       6f     1                 sbrk
          11289e           11289e       29     1                 read
          1128c7           1128c7       35     1                 write
          1128fc           1128fc       21     1                 _exit
          11291d           11291d       28     1                 lseek
          112945           112945       21     1                 close
          112966           112966       2e     1                 kill
          112994           112994       1a     1                 getpid
          1129ae           1129ae       25     1                 fstat
          1129d3           1129d3       21     1                 isatty
          112a00           112a00      348    16         segment.o:(.text)
          112a00           112a00      21d     1                 SetCodeSegment(SegmentDescriptor*, DescriptorType, unsigned int, unsigned int, unsigned int)
          112c20           112c20       77     1                 SetDataSegment(SegmentDescriptor*, DescriptorType, unsigned int, unsigned int, unsigned int)
          112ca0           112ca0       67     1                 SetupSegments()
          112d10           112d10       38     1                 InitializeSegment(unsigned short, unsigned short)
          112d50           112d50     4005    16         interrupt.o:(.text)
          112d50           112d50      186     1                 Interrupt_1(InterruptFrame*)
          112ee0           112ee0      186     1                 Interrupt_2(InterruptFrame*)
          113070           113070      186     1                 Interrupt_4(InterruptFrame*)
          113200           113200      186     1                 Interrupt_5(InterruptFrame*)
          113390           113390      186     1                 Interrupt_6(InterruptFrame*)
          113520           113520      186     1                 Interrupt_7(InterruptFrame*)
          1136b0           1136b0      186     1                 Interrupt_8(InterruptFrame*)
          113840           113840      186     1                 Interrupt_9(InterruptFrame*)
          1139d0           1139d0      186     1                 Interrupt_10(InterruptFrame*)
          113b60           113b60      186     1                 Interrupt_11(InterruptFrame*)
          113cf0           113cf0      186     1                 Interrupt_15(InterruptFrame*)
          113e80           113e80      186     1                 Interrupt_16(InterruptFrame*)
          114010           114010      186     1                 Interrupt_17(InterruptFrame*)
          1141a0           1141a0      186     1                 Interrupt_18(InterruptFrame*)
          114330           114330      186     1                 Interrupt_19(InterruptFrame*)
          1144c0           1144c0      186     1                 Interrupt_20(InterruptFrame*)
          114650           114650      186     1                 Interrupt_21(InterruptFrame*)
          1147e0           1147e0      186     1                 Interrupt_22(InterruptFrame*)
          114970           114970      186     1                 Interrupt_23(InterruptFrame*)
          114b00           114b00      186     1                 Interrupt_24(InterruptFrame*)
          114c90           114c90      186     1                 Interrupt_25(InterruptFrame*)
          114e20           114e20      186     1                 Interrupt_26(InterruptFrame*)
          114fb0           114fb0      186     1                 Interrupt_27(InterruptFrame*)
          115140           115140      186     1                 Interrupt_28(InterruptFrame*)
          1152d0           1152d0      186     1                 Interrupt_29(InterruptFrame*)
          115460           115460      186     1                 Interrupt_30(InterruptFrame*)
          1155f0           1155f0      186     1                 Interrupt_31(InterruptFrame*)
          115780           115780      12c     1                 InterruptTimer(InterruptFrame*)
          1158b0           1158b0      19e     1                 BreakpointInterrupt(InterruptFrame*)
          115a50           115a50      186     1                 SegFaultInterrupt(InterruptFrame*)
          115be0           115be0      186     1                 PageFaultInterrupt(InterruptFrame*)
          115d70           115d70      186     1                 GeneralProtectionInterrupt(InterruptFrame*)
          115f00           115f00      203     1                 KeyboardInterrupt(InterruptFrame*)
          116110           116110      163     1                 ShowKeycodeInterrupt(InterruptFrame*)
          116280           116280       f9     1                 DefaultInterrupt(InterruptFrame*)
          116380           116380       7a     1                 SetIDTEntry(InterruptDescriptor*, InterruptDescriptorAttribute, unsigned long, unsigned long)
          116400           116400       ba     1                 InitializePIC()
          1164c0           1164c0      895     1                 InitializeInterrupt()
          116d60           116d60       60    16         interrupt.o:(.text._Z10isAlphabetc)
          116d60           116d60       60     1                 isAlphabet(char)
          116dc0           116dc0       af    16         interrupt.o:(.text._Z11MakeIDTAttr14DescriptorTypehbh)
          116dc0           116dc0       af     1                 MakeIDTAttr(DescriptorType, unsigned char, bool, unsigned char)
          116e70           116e70      118    16         paging.o:(.text)
          116e70           116e70      118     1                 SetupIdentityPageTable()
          116f90           116f90       25    16         paging.o:(.text._ZNSt3__15arrayImLm512EEixEm)
          116f90           116f90       25     1                 std::__1::array<unsigned long, 512ul>::operator[](unsigned long)
          116fc0           116fc0       14    16         paging.o:(.text._ZNKSt3__15arrayINS0_ImLm512EEELm64EE4sizeEv)
          116fc0           116fc0       14     1                 std::__1::array<std::__1::array<unsigned long, 512ul>, 64ul>::size() const
          116fe0           116fe0       25    16         paging.o:(.text._ZNSt3__15arrayINS0_ImLm512EEELm64EEixEm)
          116fe0           116fe0       25     1                 std::__1::array<std::__1::array<unsigned long, 512ul>, 64ul>::operator[](unsigned long)
          117010           117010       62    16         keyboard.o:(.text)
          117010           117010       62     1                 InitializeKeycode()
          117080           117080      3d9    16         input.o:(.text)
          117080           117080      148     1                 InputBuffer::add(char)
          1171d0           1171d0       76     1                 InputBuffer::isEnter()
          117250           117250       76     1                 InputBuffer::pop()
          1172d0           1172d0       5a     1                 InputBuffer::allprint()
          117330           117330       9b     1                 InputBuffer::allpop(char*)
          1173d0           1173d0       89     1                 GetString(char*)
          117460           117460       27    16         input.o:(.text._ZN11InputBuffer7isInputEv)
          117460           117460       27     1                 InputBuffer::isInput()
          117490           117490      851    16         command.o:(.text)
          117490           117490      27d     1                 tokenize(char*)
          117710           117710       4b     1                 free_token(char**)
          117760           117760       97     1                 show_token(char**)
          117800           117800      187     1                 command(char*)
          117990           117990      351     1                 command(char**)
          117cf0           117cf0       2b    16         command.o:(.text.startup)
          117cf0           117cf0       1a     1                 __cxx_global_var_init
          117d10           117d10        b     1                 _GLOBAL__sub_I_command.cpp
          117d20           117d20       33    16         ../lib/libc.a(libc_a-malloc.o):(.text)
          117d20           117d20       13     1                 malloc
          117d40           117d40       13     1                 free
          117d60           117d60      26e    16         ../lib/libc.a(libc_a-strtol.o):(.text)
          117d60           117d60      1bd     1                 _strtol_l.part.0
          117f20           117f20       2e     1                 _strtol_r
          117f50           117f50       3e     1                 strtol_l
          117f90           117f90       3e     1                 strtol
          117fd0           117fd0       39    16         ../lib/libc.a(libc_a-atoi.o):(.text)
          117fd0           117fd0       19     1                 atoi
          117ff0           117ff0       19     1                 _atoi_r
          118010           118010      6ae    16         memory_manager.o:(.text)
          118010           118010       4f     1                 BitmapMemoryManager::BitmapMemoryManager()
          118010           118010       4f     1                 BitmapMemoryManager::BitmapMemoryManager()
          118060           118060      15d     1                 BitmapMemoryManager::Allocate(unsigned long)
          1181c0           1181c0       6e     1                 BitmapMemoryManager::GetBit(FrameID) const
          118230           118230       74     1                 BitmapMemoryManager::MarkAllocated(FrameID, unsigned long)
          1182b0           1182b0       90     1                 BitmapMemoryManager::Free(FrameID, unsigned long)
          118340           118340       a8     1                 BitmapMemoryManager::SetBit(FrameID, bool)
          1183f0           1183f0       34     1                 BitmapMemoryManager::SetMemoryRange(FrameID, FrameID)
          118430           118430       48     1                 BitmapMemoryManager::IsAvailable(unsigned long)
          118480           118480      167     1                 InitializeMemoryManager(BitmapMemoryManager*, MemoryMap*)
          1185f0           1185f0       ce     1                 InitializeHeap(BitmapMemoryManager&)
          1186c0           1186c0       2b    16         memory_manager.o:(.text.startup)
          1186c0           1186c0       1a     1                 __cxx_global_var_init
          1186e0           1186e0        b     1                 _GLOBAL__sub_I_memory_manager.cpp
          1186f0           1186f0       16    16         memory_manager.o:(.text._ZNK7FrameID2IDEv)
          1186f0           1186f0       16     1                 FrameID::ID() const
          118710           118710       33    16         memory_manager.o:(.text._ZN5ErrorC2ENS_4CodeEPKci)
          118710           118710       33     1                 Error::Error(Error::Code, char const*, int)
          118750           118750       27    16         memory_manager.o:(.text._Z16AddressToFrameIDm)
          118750           118750       27     1                 AddressToFrameID(unsigned long)
          118780           118780       25    16         memory_manager.o:(.text._ZNKSt3__15arrayImLm524288EEixEm)
          118780           118780       25     1                 std::__1::array<unsigned long, 524288ul>::operator[](unsigned long) const
          1187b0           1187b0       25    16         memory_manager.o:(.text._ZNSt3__15arrayImLm524288EEixEm)
          1187b0           1187b0       25     1                 std::__1::array<unsigned long, 524288ul>::operator[](unsigned long)
          1187e0           1187e0       3e    16         memory_manager.o:(.text._Z11IsAvailable10MemoryType)
          1187e0           1187e0       3e     1                 IsAvailable(MemoryType)
          118820           118820       73    16         timer.o:(.text)
          118820           118820       20     1                 InitializeLAPICTimer()
          118840           118840       13     1                 StartLAPICTimer()
          118860           118860       14     1                 LAPICTimer()
          118880           118880       13     1                 StopLAPICTimer()
          119898           119898       a0     8 .data.rel.ro
          119898           119898       a0     8         kernel.o:(.data.rel.ro._ZN5Error11code_names_E)
          119898           119898       a0     1                 Error::code_names_
          119938           119938       20     8 .init_array
          119938           119938        8     8         kernel.o:(.init_array)
          119940           119940        8     8         ../lib/libc.a(libc_a-stack_protector.o):(.init_array)
          119948           119948        8     8         command.o:(.init_array)
          119950           119950        8     8         memory_manager.o:(.init_array)
          119960           119960      cb0    32 .data
          119960           119960        4     4         frame.o:(.data)
          119960           119960        4     1                 line_len_max
          119964           119964        0     1         ../lib/libc.a(libc_a-strcpy.o):(.data)
          119964           119964        0     1         ../lib/libc.a(libc_a-strcat.o):(.data)
          119964           119964        0     1         ../lib/libc.a(libc_a-strlen.o):(.data)
          119964           119964        0     1         ../lib/libc.a(libc_a-vsprintf.o):(.data)
          119964           119964        0     1         ../lib/libc.a(libc_a-impure.o):(.data)
          119968           119968        8     8         ../lib/libc.a(libc_a-impure.o):(.data.rel.local)
          119968           119968        8     1                 _impure_ptr
          119980           119980      158    32         ../lib/libc.a(libc_a-impure.o):(.data.rel)
          119980           119980      158     1                 _impure_data
          119ad8           119ad8        0     1         ../lib/libc.a(libc_a-findfp.o):(.data)
          119ae0           119ae0       18    16         ../lib/libc.a(libc_a-findfp.o):(.data.rel.local)
          119ae0           119ae0       18     1                 __sglue
          119af8           119af8        0     1         ../lib/libc.a(libc_a-fclose.o):(.data)
          119af8           119af8        0     1         ../lib/libc.a(libc_a-fflush.o):(.data)
          119af8           119af8        0     1         ../lib/libc.a(libc_a-freer.o):(.data)
          119af8           119af8        0     1         ../lib/libc.a(libc_a-mlock.o):(.data)
          119af8           119af8       10     8         ../lib/libc.a(libc_a-mallocr.o):(.data)
          119af8           119af8        8     1                 __malloc_sbrk_base
          119b00           119b00        8     1                 __malloc_trim_threshold
          119b20           119b20      810    32         ../lib/libc.a(libc_a-mallocr.o):(.data.rel.local)
          119b20           119b20      810     1                 __malloc_av_
          11a330           11a330        0     1         ../lib/libc.a(libc_a-sbrkr.o):(.data)
          11a330           11a330        0     1         ../lib/libc.a(libc_a-reent.o):(.data)
          11a330           11a330        0     1         ../lib/libc.a(libc_a-fwalk.o):(.data)
          11a330           11a330        0     1         ../lib/libc.a(libc_a-memset.o):(.data)
          11a330           11a330        0     1         ../lib/libc.a(libc_a-stdio.o):(.data)
          11a330           11a330        0     1         ../lib/libc.a(libc_a-readr.o):(.data)
          11a330           11a330        0     1         ../lib/libc.a(libc_a-writer.o):(.data)
          11a330           11a330        0     1         ../lib/libc.a(libc_a-lseekr.o):(.data)
          11a330           11a330        0     1         ../lib/libc.a(libc_a-closer.o):(.data)
          11a330           11a330        0     1         ../lib/libc.a(libc_a-svfprintf.o):(.data)
          11a330           11a330        0     1         ../lib/libc.a(libc_a-localeconv.o):(.data)
          11a330           11a330        0     1         ../lib/libc.a(libc_a-locale.o):(.data)
          11a340           11a340      1a8    32         ../lib/libc.a(libc_a-locale.o):(.data.rel)
          11a340           11a340      1a8     1                 __global_locale
          11a4e8           11a4e8        0     1         ../lib/libc.a(libc_a-strcmp.o):(.data)
          11a4e8           11a4e8        0     1         ../lib/libc.a(libc_a-wctomb_r.o):(.data)
          11a4e8           11a4e8        0     1         ../lib/libc.a(libc_a-mbtowc_r.o):(.data)
          11a4e8           11a4e8        0     1         ../lib/libc.a(libc_a-stack_protector.o):(.data)
          11a4e8           11a4e8        0     1         ../lib/libc.a(libc_a-signal.o):(.data)
          11a4e8           11a4e8        0     1         ../lib/libc.a(libc_a-signalr.o):(.data)
          11a4e8           11a4e8        0     1         ../lib/libc.a(libc_a-ctype_.o):(.data)
          11a4e8           11a4e8        0     1         ../lib/libc.a(libc_a-svfiprintf.o):(.data)
          11a4e8           11a4e8        0     1         ../lib/libc.a(libc_a-memmove.o):(.data)
          11a4e8           11a4e8        0     1         ../lib/libc.a(libc_a-memcpy.o):(.data)
          11a4e8           11a4e8        0     1         ../lib/libc.a(libc_a-reallocr.o):(.data)
          11a4e8           11a4e8        0     1         ../lib/libc.a(libc_a-memchr.o):(.data)
          11a4e8           11a4e8        0     1         ../lib/libc.a(libc_a-dtoa.o):(.data)
          11a4e8           11a4e8        0     1         ../lib/libc.a(libc_a-mprec.o):(.data)
          11a4e8           11a4e8        0     1         ../lib/libc.a(libc_a-callocr.o):(.data)
          11a4e8           11a4e8        0     1         ../lib/libc.a(libc_a-errno.o):(.data)
          11a4e8           11a4e8        0     1         ../lib/libc.a(libc_a-assert.o):(.data)
          11a4e8           11a4e8        0     1         ../lib/libc.a(libc_a-fiprintf.o):(.data)
          11a4e8           11a4e8        0     1         ../lib/libc.a(libc_a-vfiprintf.o):(.data)
          11a4e8           11a4e8        0     1         ../lib/libc.a(libc_a-fputwc.o):(.data)
          11a4e8           11a4e8        0     1         ../lib/libc.a(libc_a-wcrtomb.o):(.data)
          11a4e8           11a4e8        0     1         ../lib/libc.a(libc_a-wbuf.o):(.data)
          11a4e8           11a4e8        0     1         ../lib/libc.a(libc_a-wsetup.o):(.data)
          11a4e8           11a4e8        0     1         ../lib/libc.a(libc_a-makebuf.o):(.data)
          11a4e8           11a4e8        0     1         ../lib/libc.a(libc_a-fstatr.o):(.data)
          11a4e8           11a4e8        0     1         ../lib/libc.a(libc_a-isattyr.o):(.data)
          11a4e8           11a4e8        0     1         ../lib/libc.a(libc_a-fvwrite.o):(.data)
          11a4e8           11a4e8        0     1         ../lib/libc.a(libc_a-abort.o):(.data)
          11a4e8           11a4e8        0     1         ../lib/libc.a(libc_a-sprintf.o):(.data)
          11a4e8           11a4e8        0     1         newlib.o:(.data)
          11a4f0           11a4f0       18    16         segment.o:(.data)
          11a4f0           11a4f0       18     1                 gdt
          11a508           11a508        8     4         interrupt.o:(.data)
          11a508           11a508        8     1                 InterruptMessagePosition
          11a510           11a510      100    16         keyboard.o:(.data)
          11a510           11a510      100     1                 keycode
          11a610           11a610        0     1         ../lib/libc.a(libc_a-malloc.o):(.data)
          11a610           11a610        0     1         ../lib/libc.a(libc_a-strtol.o):(.data)
          11a610           11a610        0     1         ../lib/libc.a(libc_a-atoi.o):(.data)
          11a610           11a610       18     8 .got.plt
          11a610           11a610       18     8         <internal>:(.got.plt)
          11b000           11b000   549010  4096 .bss
          11b000           11b000   500428    16         kernel.o:(.bss)
          11b000           11b000        8     1                 kNullFrame
          11b010           11b010   100000     1                 kernel_main_stack
          21b010           21b010      400     1                 Input_Buffer
          21b410           21b410   400010     1                 memory_manager_buf
          61b420           61b420        8     1                 memory_manager
          61b430           61b430     5628    16         frame.o:(.bss)
          61b430           61b430        8     1                 vinfo
          61b438           61b438        8     1                 ascii_font
          61b440           61b440        4     1                 line_queue_head
          61b444           61b444        4     1                 line_queue_end
          61b448           61b448        4     1                 max_line
          61b450           61b450     4e20     1                 line_queue
          620270           620270        8     1                 WritePixel
          620278           620278        4     1                 Print::y
          620280           620280      3e8     1                 Print::line
          620668           620668        4     1                 Print::debug
          620670           620670      3e8     1                 Printf::str_for_Printf
          620a58           620a58        0     1         ../lib/libc.a(libc_a-strcpy.o):(.bss)
          620a58           620a58        0     1         ../lib/libc.a(libc_a-strcat.o):(.bss)
          620a58           620a58        0     1         ../lib/libc.a(libc_a-strlen.o):(.bss)
          620a58           620a58        0     1         ../lib/libc.a(libc_a-vsprintf.o):(.bss)
          620a58           620a58        0     1         ../lib/libc.a(libc_a-impure.o):(.bss)
          620a60           620a60      218    32         ../lib/libc.a(libc_a-findfp.o):(.bss)
          620a60           620a60      210     1                 __sf
          620c70           620c70        8     1                 __stdio_exit_handler
          620c78           620c78        0     1         ../lib/libc.a(libc_a-fclose.o):(.bss)
          620c78           620c78        0     1         ../lib/libc.a(libc_a-fflush.o):(.bss)
          620c78           620c78        0     1         ../lib/libc.a(libc_a-freer.o):(.bss)
          620c78           620c78        0     1         ../lib/libc.a(libc_a-mlock.o):(.bss)
          620c80           620c80       40    32         ../lib/libc.a(libc_a-mallocr.o):(.bss)
          620c80           620c80       28     1                 __malloc_current_mallinfo
          620ca8           620ca8        8     1                 __malloc_max_total_mem
          620cb0           620cb0        8     1                 __malloc_max_sbrked_mem
          620cb8           620cb8        8     1                 __malloc_top_pad
          620cc0           620cc0        0     1         ../lib/libc.a(libc_a-sbrkr.o):(.bss)
          620cc0           620cc0        4     4         ../lib/libc.a(libc_a-reent.o):(.bss)
          620cc0           620cc0        4     1                 errno
          620cc4           620cc4        0     1         ../lib/libc.a(libc_a-fwalk.o):(.bss)
          620cc4           620cc4        0     1         ../lib/libc.a(libc_a-memset.o):(.bss)
          620cc4           620cc4        0     1         ../lib/libc.a(libc_a-stdio.o):(.bss)
          620cc4           620cc4        0     1         ../lib/libc.a(libc_a-readr.o):(.bss)
          620cc4           620cc4        0     1         ../lib/libc.a(libc_a-writer.o):(.bss)
          620cc4           620cc4        0     1         ../lib/libc.a(libc_a-lseekr.o):(.bss)
          620cc4           620cc4        0     1         ../lib/libc.a(libc_a-closer.o):(.bss)
          620cc4           620cc4        0     1         ../lib/libc.a(libc_a-svfprintf.o):(.bss)
          620cc4           620cc4        0     1         ../lib/libc.a(libc_a-localeconv.o):(.bss)
          620cc8           620cc8        8     8         ../lib/libc.a(libc_a-locale.o):(.bss)
          620cc8           620cc8        8     1                 _PathLocale
          620cd0           620cd0        0     1         ../lib/libc.a(libc_a-strcmp.o):(.bss)
          620cd0           620cd0        0     1         ../lib/libc.a(libc_a-wctomb_r.o):(.bss)
          620cd0           620cd0        0     1         ../lib/libc.a(libc_a-mbtowc_r.o):(.bss)
          620cd0           620cd0        8     8         ../lib/libc.a(libc_a-stack_protector.o):(.bss)
          620cd0           620cd0        8     1                 __stack_chk_guard
          620cd8           620cd8        0     1         ../lib/libc.a(libc_a-signal.o):(.bss)
          620cd8           620cd8        0     1         ../lib/libc.a(libc_a-signalr.o):(.bss)
          620cd8           620cd8        0     1         ../lib/libc.a(libc_a-ctype_.o):(.bss)
          620cd8           620cd8        0     1         ../lib/libc.a(libc_a-svfiprintf.o):(.bss)
          620cd8           620cd8        0     1         ../lib/libc.a(libc_a-memmove.o):(.bss)
          620cd8           620cd8        0     1         ../lib/libc.a(libc_a-memcpy.o):(.bss)
          620cd8           620cd8        0     1         ../lib/libc.a(libc_a-reallocr.o):(.bss)
          620cd8           620cd8        0     1         ../lib/libc.a(libc_a-memchr.o):(.bss)
          620cd8           620cd8        0     1         ../lib/libc.a(libc_a-dtoa.o):(.bss)
          620cd8           620cd8        0     1         ../lib/libc.a(libc_a-mprec.o):(.bss)
          620cd8           620cd8        0     1         ../lib/libc.a(libc_a-callocr.o):(.bss)
          620cd8           620cd8        0     1         ../lib/libc.a(libc_a-errno.o):(.bss)
          620cd8           620cd8        0     1         ../lib/libc.a(libc_a-assert.o):(.bss)
          620cd8           620cd8        0     1         ../lib/libc.a(libc_a-fiprintf.o):(.bss)
          620cd8           620cd8        0     1         ../lib/libc.a(libc_a-vfiprintf.o):(.bss)
          620cd8           620cd8        0     1         ../lib/libc.a(libc_a-fputwc.o):(.bss)
          620cd8           620cd8        0     1         ../lib/libc.a(libc_a-wcrtomb.o):(.bss)
          620cd8           620cd8        0     1         ../lib/libc.a(libc_a-wbuf.o):(.bss)
          620cd8           620cd8        0     1         ../lib/libc.a(libc_a-wsetup.o):(.bss)
          620cd8           620cd8        0     1         ../lib/libc.a(libc_a-makebuf.o):(.bss)
          620cd8           620cd8        0     1         ../lib/libc.a(libc_a-fstatr.o):(.bss)
          620cd8           620cd8        0     1         ../lib/libc.a(libc_a-isattyr.o):(.bss)
          620cd8           620cd8        0     1         ../lib/libc.a(libc_a-fvwrite.o):(.bss)
          620cd8           620cd8        0     1         ../lib/libc.a(libc_a-abort.o):(.bss)
          620cd8           620cd8        0     1         ../lib/libc.a(libc_a-sprintf.o):(.bss)
          620ce0           620ce0       f0    16         pci.o:(.bss)
          620ce0           620ce0        4     1                 num_device
          620ce4           620ce4        4     1                 invdev
          620cf0           620cf0       e0     1                 devices
          620dd0           620dd0        8     8         memory_map.o:(.bss)
          620dd0           620dd0        8     1                 mmap
          620dd8           620dd8       10     8         newlib.o:(.bss)
          620dd8           620dd8        8     1                 program_break
          620de0           620de0        8     1                 program_break_end
          620df0           620df0     1001    16         interrupt.o:(.bss)
          620df0           620df0     1000     1                 idt
          621df0           621df0        1     1                 KeyboardInterrupt(InterruptFrame*)::isShift
          622000           622000    42000  4096         paging.o:(.bss)
          622000           622000     1000     1                 (anonymous namespace)::pdp_table
          623000           623000     1000     1                 (anonymous namespace)::pml4_table
          624000           624000    40000     1                 (anonymous namespace)::page_directory
          664000           664000        8     8         command.o:(.bss)
          664000           664000        8     1                 kNullFrame
          664008           664008        0     1         ../lib/libc.a(libc_a-malloc.o):(.bss)
          664008           664008        0     1         ../lib/libc.a(libc_a-strtol.o):(.bss)
          664008           664008        0     1         ../lib/libc.a(libc_a-atoi.o):(.bss)
          664008           664008        8     8         memory_manager.o:(.bss)
          664008           664008        8     1                 kNullFrame
               0                0     904d     1 .debug_abbrev
               0                0      4f1     1         kernel.o:(.debug_abbrev)
             4f1              4f1      1c4     1         frame.o:(.debug_abbrev)
             6b5              6b5       97     1         ../lib/libc.a(libc_a-strcpy.o):(.debug_abbrev)
             74c              74c       ce     1         ../lib/libc.a(libc_a-strcat.o):(.debug_abbrev)
             81a              81a       90     1         ../lib/libc.a(libc_a-strlen.o):(.debug_abbrev)
             8aa              8aa      2aa     1         ../lib/libc.a(libc_a-vsprintf.o):(.debug_abbrev)
             b54              b54      18d     1         ../lib/libc.a(libc_a-impure.o):(.debug_abbrev)
             ce1              ce1      44d     1         ../lib/libc.a(libc_a-findfp.o):(.debug_abbrev)
            112e             112e      2ed     1         ../lib/libc.a(libc_a-fclose.o):(.debug_abbrev)
            141b             141b      333     1         ../lib/libc.a(libc_a-fflush.o):(.debug_abbrev)
            174e             174e      290     1         ../lib/libc.a(libc_a-freer.o):(.debug_abbrev)
            19de             19de      1ce     1         ../lib/libc.a(libc_a-mlock.o):(.debug_abbrev)
            1bac             1bac      2d7     1         ../lib/libc.a(libc_a-mallocr.o):(.debug_abbrev)
            1e83             1e83      202     1         ../lib/libc.a(libc_a-sbrkr.o):(.debug_abbrev)
            2085             2085      230     1         ../lib/libc.a(libc_a-reent.o):(.debug_abbrev)
            22b5             22b5      1d9     1         ../lib/libc.a(libc_a-fwalk.o):(.debug_abbrev)
            248e             248e       14     1         ../lib/libc.a(libc_a-memset.o):(.debug_abbrev)
            24a2             24a2      24f     1         ../lib/libc.a(libc_a-stdio.o):(.debug_abbrev)
            26f1             26f1      1ec     1         ../lib/libc.a(libc_a-readr.o):(.debug_abbrev)
            28dd             28dd      1f1     1         ../lib/libc.a(libc_a-writer.o):(.debug_abbrev)
            2ace             2ace      200     1         ../lib/libc.a(libc_a-lseekr.o):(.debug_abbrev)
            2cce             2cce      1ec     1         ../lib/libc.a(libc_a-closer.o):(.debug_abbrev)
            2eba             2eba      404     1         ../lib/libc.a(libc_a-svfprintf.o):(.debug_abbrev)
            32be             32be      264     1         ../lib/libc.a(libc_a-localeconv.o):(.debug_abbrev)
            3522             3522      2f4     1         ../lib/libc.a(libc_a-locale.o):(.debug_abbrev)
            3816             3816       83     1         ../lib/libc.a(libc_a-strcmp.o):(.debug_abbrev)
            3899             3899      253     1         ../lib/libc.a(libc_a-wctomb_r.o):(.debug_abbrev)
            3aec             3aec      25e     1         ../lib/libc.a(libc_a-mbtowc_r.o):(.debug_abbrev)
            3d4a             3d4a      133     1         ../lib/libc.a(libc_a-stack_protector.o):(.debug_abbrev)
            3e7d             3e7d      315     1         ../lib/libc.a(libc_a-signal.o):(.debug_abbrev)
            4192             4192      239     1         ../lib/libc.a(libc_a-signalr.o):(.debug_abbrev)
            43cb             43cb       69     1         ../lib/libc.a(libc_a-ctype_.o):(.debug_abbrev)
            4434             4434      329     1         ../lib/libc.a(libc_a-svfiprintf.o):(.debug_abbrev)
            475d             475d       b2     1         ../lib/libc.a(libc_a-memmove.o):(.debug_abbrev)
            480f             480f       14     1         ../lib/libc.a(libc_a-memcpy.o):(.debug_abbrev)
            4823             4823      29a     1         ../lib/libc.a(libc_a-reallocr.o):(.debug_abbrev)
            4abd             4abd       c7     1         ../lib/libc.a(libc_a-memchr.o):(.debug_abbrev)
            4b84             4b84      346     1         ../lib/libc.a(libc_a-dtoa.o):(.debug_abbrev)
            4eca             4eca      4ef     1         ../lib/libc.a(libc_a-mprec.o):(.debug_abbrev)
            53b9             53b9      25b     1         ../lib/libc.a(libc_a-callocr.o):(.debug_abbrev)
            5614             5614      19a     1         ../lib/libc.a(libc_a-errno.o):(.debug_abbrev)
            57ae             57ae      226     1         ../lib/libc.a(libc_a-assert.o):(.debug_abbrev)
            59d4             59d4      24b     1         ../lib/libc.a(libc_a-fiprintf.o):(.debug_abbrev)
            5c1f             5c1f      45e     1         ../lib/libc.a(libc_a-vfiprintf.o):(.debug_abbrev)
            607d             607d      363     1         ../lib/libc.a(libc_a-fputwc.o):(.debug_abbrev)
            63e0             63e0      25d     1         ../lib/libc.a(libc_a-wcrtomb.o):(.debug_abbrev)
            663d             663d      272     1         ../lib/libc.a(libc_a-wbuf.o):(.debug_abbrev)
            68af             68af      21e     1         ../lib/libc.a(libc_a-wsetup.o):(.debug_abbrev)
            6acd             6acd      2fb     1         ../lib/libc.a(libc_a-makebuf.o):(.debug_abbrev)
            6dc8             6dc8      1ff     1         ../lib/libc.a(libc_a-fstatr.o):(.debug_abbrev)
            6fc7             6fc7      1ec     1         ../lib/libc.a(libc_a-isattyr.o):(.debug_abbrev)
            71b3             71b3      254     1         ../lib/libc.a(libc_a-fvwrite.o):(.debug_abbrev)
            7407             7407       99     1         ../lib/libc.a(libc_a-abort.o):(.debug_abbrev)
            74a0             74a0      251     1         ../lib/libc.a(libc_a-sprintf.o):(.debug_abbrev)
            76f1             76f1      108     1         pci.o:(.debug_abbrev)
            77f9             77f9      100     1         memory_map.o:(.debug_abbrev)
            78f9             78f9      193     1         newlib.o:(.debug_abbrev)
            7a8c             7a8c      105     1         segment.o:(.debug_abbrev)
            7b91             7b91      18e     1         interrupt.o:(.debug_abbrev)
            7d1f             7d1f      23c     1         paging.o:(.debug_abbrev)
            7f5b             7f5b       7c     1         keyboard.o:(.debug_abbrev)
            7fd7             7fd7       cf     1         input.o:(.debug_abbrev)
            80a6             80a6      31d     1         command.o:(.debug_abbrev)
            83c3             83c3      20b     1         ../lib/libc.a(libc_a-malloc.o):(.debug_abbrev)
            85ce             85ce      324     1         ../lib/libc.a(libc_a-strtol.o):(.debug_abbrev)
            88f2             88f2      1eb     1         ../lib/libc.a(libc_a-atoi.o):(.debug_abbrev)
            8add             8add      4cd     1         memory_manager.o:(.debug_abbrev)
            8faa             8faa       a3     1         timer.o:(.debug_abbrev)
               0                0    27abb     1 .debug_info
               0                0     18ae     1         kernel.o:(.debug_info)
            18ae             18ae      703     1         frame.o:(.debug_info)
            1fb1             1fb1      136     1         ../lib/libc.a(libc_a-strcpy.o):(.debug_info)
            20e7             20e7      14c     1         ../lib/libc.a(libc_a-strcat.o):(.debug_info)
            2233             2233       fb     1         ../lib/libc.a(libc_a-strlen.o):(.debug_info)
            232e             232e      963     1         ../lib/libc.a(libc_a-vsprintf.o):(.debug_info)
            2c91             2c91      732     1         ../lib/libc.a(libc_a-impure.o):(.debug_info)
            33c3             33c3      f8c     1         ../lib/libc.a(libc_a-findfp.o):(.debug_info)
            434f             434f      91d     1         ../lib/libc.a(libc_a-fclose.o):(.debug_info)
            4c6c             4c6c      aaf     1         ../lib/libc.a(libc_a-fflush.o):(.debug_info)
            571b             571b      b73     1         ../lib/libc.a(libc_a-freer.o):(.debug_info)
            628e             628e      749     1         ../lib/libc.a(libc_a-mlock.o):(.debug_info)
            69d7             69d7      d17     1         ../lib/libc.a(libc_a-mallocr.o):(.debug_info)
            76ee             76ee      79c     1         ../lib/libc.a(libc_a-sbrkr.o):(.debug_info)
            7e8a             7e8a      823     1         ../lib/libc.a(libc_a-reent.o):(.debug_info)
            86ad             86ad      7f6     1         ../lib/libc.a(libc_a-fwalk.o):(.debug_info)
            8ea3             8ea3       29     1         ../lib/libc.a(libc_a-memset.o):(.debug_info)
            8ecc             8ecc      aaf     1         ../lib/libc.a(libc_a-stdio.o):(.debug_info)
            997b             997b      7d3     1         ../lib/libc.a(libc_a-readr.o):(.debug_info)
            a14e             a14e      7d9     1         ../lib/libc.a(libc_a-writer.o):(.debug_info)
            a927             a927      7d4     1         ../lib/libc.a(libc_a-lseekr.o):(.debug_info)
            b0fb             b0fb      77d     1         ../lib/libc.a(libc_a-closer.o):(.debug_info)
            b878             b878     185b     1         ../lib/libc.a(libc_a-svfprintf.o):(.debug_info)
            d0d3             d0d3      a40     1         ../lib/libc.a(libc_a-localeconv.o):(.debug_info)
            db13             db13      cc4     1         ../lib/libc.a(libc_a-locale.o):(.debug_info)
            e7d7             e7d7       fb     1         ../lib/libc.a(libc_a-strcmp.o):(.debug_info)
            e8d2             e8d2      a7b     1         ../lib/libc.a(libc_a-wctomb_r.o):(.debug_info)
            f34d             f34d      aef     1         ../lib/libc.a(libc_a-mbtowc_r.o):(.debug_info)
            fe3c             fe3c      20c     1         ../lib/libc.a(libc_a-stack_protector.o):(.debug_info)
           10048            10048      ef1     1         ../lib/libc.a(libc_a-signal.o):(.debug_info)
           10f39            10f39      810     1         ../lib/libc.a(libc_a-signalr.o):(.debug_info)
           11749            11749       f6     1         ../lib/libc.a(libc_a-ctype_.o):(.debug_info)
[...]
               0                0     53b3     1 .debug_str
               0                0     53b3     1         <internal>:(.debug_str)
               0                0      698     1 .debug_addr
               0                0       a0     1         kernel.o:(.debug_addr)
              a0               a0      118     1         frame.o:(.debug_addr)
             1b8              1b8       c0     1         pci.o:(.debug_addr)
             278              278       28     1         memory_map.o:(.debug_addr)
             2a0              2a0       30     1         segment.o:(.debug_addr)
             2d0              2d0      168     1         interrupt.o:(.debug_addr)
             438              438       50     1         paging.o:(.debug_addr)
             488              488       20     1         keyboard.o:(.debug_addr)
             4a8              4a8       40     1         input.o:(.debug_addr)
             4e8              4e8       88     1         command.o:(.debug_addr)
             570              570       e8     1         memory_manager.o:(.debug_addr)
             658              658       40     1         timer.o:(.debug_addr)
               0                0       64     1 .comment
               0                0       64     1         <internal>:(.comment)
               0                0     d735     1 .debug_line
               0                0      2db     1         kernel.o:(.debug_line)
             2db              2db      76f     1         frame.o:(.debug_line)
             a4a              a4a       cf     1         ../lib/libc.a(libc_a-strcpy.o):(.debug_line)
             b19              b19       a7     1         ../lib/libc.a(libc_a-strcat.o):(.debug_line)
             bc0              bc0       bc     1         ../lib/libc.a(libc_a-strlen.o):(.debug_line)
             c7c              c7c      117     1         ../lib/libc.a(libc_a-vsprintf.o):(.debug_line)
             d93              d93       56     1         ../lib/libc.a(libc_a-impure.o):(.debug_line)
             de9              de9      415     1         ../lib/libc.a(libc_a-findfp.o):(.debug_line)
            11fe             11fe      15c     1         ../lib/libc.a(libc_a-fclose.o):(.debug_line)
            135a             135a      38b     1         ../lib/libc.a(libc_a-fflush.o):(.debug_line)
            16e5             16e5      460     1         ../lib/libc.a(libc_a-freer.o):(.debug_line)
            1b45             1b45       74     1         ../lib/libc.a(libc_a-mlock.o):(.debug_line)
            1bb9             1bb9      76f     1         ../lib/libc.a(libc_a-mallocr.o):(.debug_line)
            2328             2328       a9     1         ../lib/libc.a(libc_a-sbrkr.o):(.debug_line)
            23d1             23d1      11b     1         ../lib/libc.a(libc_a-reent.o):(.debug_line)
            24ec             24ec       df     1         ../lib/libc.a(libc_a-fwalk.o):(.debug_line)
            25cb             25cb       82     1         ../lib/libc.a(libc_a-memset.o):(.debug_line)
            264d             264d      15f     1         ../lib/libc.a(libc_a-stdio.o):(.debug_line)
            27ac             27ac       b4     1         ../lib/libc.a(libc_a-readr.o):(.debug_line)
            2860             2860       b4     1         ../lib/libc.a(libc_a-writer.o):(.debug_line)
            2914             2914       b6     1         ../lib/libc.a(libc_a-lseekr.o):(.debug_line)
            29ca             29ca       ad     1         ../lib/libc.a(libc_a-closer.o):(.debug_line)
            2a77             2a77     1746     1         ../lib/libc.a(libc_a-svfprintf.o):(.debug_line)
            41bd             41bd       a7     1         ../lib/libc.a(libc_a-localeconv.o):(.debug_line)
            4264             4264      161     1         ../lib/libc.a(libc_a-locale.o):(.debug_line)
            43c5             43c5       d7     1         ../lib/libc.a(libc_a-strcmp.o):(.debug_line)
            449c             449c       d9     1         ../lib/libc.a(libc_a-wctomb_r.o):(.debug_line)
            4575             4575       db     1         ../lib/libc.a(libc_a-mbtowc_r.o):(.debug_line)
            4650             4650       d2     1         ../lib/libc.a(libc_a-stack_protector.o):(.debug_line)
            4722             4722      581     1         ../lib/libc.a(libc_a-signal.o):(.debug_line)
            4ca3             4ca3       c6     1         ../lib/libc.a(libc_a-signalr.o):(.debug_line)
            4d69             4d69       48     1         ../lib/libc.a(libc_a-ctype_.o):(.debug_line)
            4db1             4db1      dfa     1         ../lib/libc.a(libc_a-svfiprintf.o):(.debug_line)
            5bab             5bab      15e     1         ../lib/libc.a(libc_a-memmove.o):(.debug_line)
            5d09             5d09       97     1         ../lib/libc.a(libc_a-memcpy.o):(.debug_line)
            5da0             5da0      634     1         ../lib/libc.a(libc_a-reallocr.o):(.debug_line)
            63d4             63d4      12d     1         ../lib/libc.a(libc_a-memchr.o):(.debug_line)
            6501             6501     1380     1         ../lib/libc.a(libc_a-dtoa.o):(.debug_line)
            7881             7881     158c     1         ../lib/libc.a(libc_a-mprec.o):(.debug_line)
            8e0d             8e0d      177     1         ../lib/libc.a(libc_a-callocr.o):(.debug_line)
            8f84             8f84       72     1         ../lib/libc.a(libc_a-errno.o):(.debug_line)
            8ff6             8ff6       bc     1         ../lib/libc.a(libc_a-assert.o):(.debug_line)
            90b2             90b2       d8     1         ../lib/libc.a(libc_a-fiprintf.o):(.debug_line)
            918a             918a     107c     1         ../lib/libc.a(libc_a-vfiprintf.o):(.debug_line)
            a206             a206      21f     1         ../lib/libc.a(libc_a-fputwc.o):(.debug_line)
            a425             a425      151     1         ../lib/libc.a(libc_a-wcrtomb.o):(.debug_line)
            a576             a576      1d2     1         ../lib/libc.a(libc_a-wbuf.o):(.debug_line)
            a748             a748      20d     1         ../lib/libc.a(libc_a-wsetup.o):(.debug_line)
            a955             a955      22d     1         ../lib/libc.a(libc_a-makebuf.o):(.debug_line)
            ab82             ab82       c6     1         ../lib/libc.a(libc_a-fstatr.o):(.debug_line)
            ac48             ac48       ad     1         ../lib/libc.a(libc_a-isattyr.o):(.debug_line)
            acf5             acf5      535     1         ../lib/libc.a(libc_a-fvwrite.o):(.debug_line)
            b22a             b22a       72     1         ../lib/libc.a(libc_a-abort.o):(.debug_line)
            b29c             b29c      12b     1         ../lib/libc.a(libc_a-sprintf.o):(.debug_line)
            b3c7             b3c7      413     1         pci.o:(.debug_line)
            b7da             b7da      144     1         memory_map.o:(.debug_line)
            b91e             b91e      12e     1         newlib.o:(.debug_line)
            ba4c             ba4c      1ad     1         segment.o:(.debug_line)
            bbf9             bbf9      7c0     1         interrupt.o:(.debug_line)
            c3b9             c3b9      169     1         paging.o:(.debug_line)
            c522             c522       7e     1         keyboard.o:(.debug_line)
            c5a0             c5a0      26d     1         input.o:(.debug_line)
            c80d             c80d      4b4     1         command.o:(.debug_line)
            ccc1             ccc1       a0     1         ../lib/libc.a(libc_a-malloc.o):(.debug_line)
            cd61             cd61      2e4     1         ../lib/libc.a(libc_a-strtol.o):(.debug_line)
            d045             d045       96     1         ../lib/libc.a(libc_a-atoi.o):(.debug_line)
            d0db             d0db      5a8     1         memory_manager.o:(.debug_line)
            d683             d683       b2     1         timer.o:(.debug_line)
               0                0      eb1     1 .debug_line_str
               0                0      eb1     1         <internal>:(.debug_line_str)
               0                0     d954     1 .debug_loclists
               0                0       5f     1         frame.o:(.debug_loclists)
              5f               5f       d1     1         ../lib/libc.a(libc_a-strcpy.o):(.debug_loclists)
             130              130       52     1         ../lib/libc.a(libc_a-strcat.o):(.debug_loclists)
             182              182       39     1         ../lib/libc.a(libc_a-strlen.o):(.debug_loclists)
             1bb              1bb      118     1         ../lib/libc.a(libc_a-vsprintf.o):(.debug_loclists)
             2d3              2d3      1d2     1         ../lib/libc.a(libc_a-findfp.o):(.debug_loclists)
             4a5              4a5      112     1         ../lib/libc.a(libc_a-fclose.o):(.debug_loclists)
             5b7              5b7      2bb     1         ../lib/libc.a(libc_a-fflush.o):(.debug_loclists)
             872              872      4c7     1         ../lib/libc.a(libc_a-freer.o):(.debug_loclists)
             d39              d39      9aa     1         ../lib/libc.a(libc_a-mallocr.o):(.debug_loclists)
            16e3             16e3       50     1         ../lib/libc.a(libc_a-sbrkr.o):(.debug_loclists)
            1733             1733       8c     1         ../lib/libc.a(libc_a-reent.o):(.debug_loclists)
            17bf             17bf       94     1         ../lib/libc.a(libc_a-fwalk.o):(.debug_loclists)
            1853             1853      256     1         ../lib/libc.a(libc_a-stdio.o):(.debug_loclists)
            1aa9             1aa9       82     1         ../lib/libc.a(libc_a-readr.o):(.debug_loclists)
            1b2b             1b2b       82     1         ../lib/libc.a(libc_a-writer.o):(.debug_loclists)
            1bad             1bad       82     1         ../lib/libc.a(libc_a-lseekr.o):(.debug_loclists)
            1c2f             1c2f       50     1         ../lib/libc.a(libc_a-closer.o):(.debug_loclists)
            1c7f             1c7f     1fce     1         ../lib/libc.a(libc_a-svfprintf.o):(.debug_loclists)
            3c4d             3c4d       1e     1         ../lib/libc.a(libc_a-localeconv.o):(.debug_loclists)
            3c6b             3c6b      189     1         ../lib/libc.a(libc_a-locale.o):(.debug_loclists)
            3df4             3df4       60     1         ../lib/libc.a(libc_a-strcmp.o):(.debug_loclists)
            3e54             3e54       5c     1         ../lib/libc.a(libc_a-wctomb_r.o):(.debug_loclists)
            3eb0             3eb0      107     1         ../lib/libc.a(libc_a-mbtowc_r.o):(.debug_loclists)
            3fb7             3fb7      813     1         ../lib/libc.a(libc_a-signal.o):(.debug_loclists)
            47ca             47ca       7b     1         ../lib/libc.a(libc_a-signalr.o):(.debug_loclists)
            4845             4845      ffd     1         ../lib/libc.a(libc_a-svfiprintf.o):(.debug_loclists)
            5842             5842      3ae     1         ../lib/libc.a(libc_a-memmove.o):(.debug_loclists)
            5bf0             5bf0      b7b     1         ../lib/libc.a(libc_a-reallocr.o):(.debug_loclists)
            676b             676b      154     1         ../lib/libc.a(libc_a-memchr.o):(.debug_loclists)
            68bf             68bf     23c9     1         ../lib/libc.a(libc_a-dtoa.o):(.debug_loclists)
            8c88             8c88     1900     1         ../lib/libc.a(libc_a-mprec.o):(.debug_loclists)
            a588             a588      190     1         ../lib/libc.a(libc_a-callocr.o):(.debug_loclists)
            a718             a718       d3     1         ../lib/libc.a(libc_a-assert.o):(.debug_loclists)
            a7eb             a7eb       9d     1         ../lib/libc.a(libc_a-fiprintf.o):(.debug_loclists)
            a888             a888     1b20     1         ../lib/libc.a(libc_a-vfiprintf.o):(.debug_loclists)
            c3a8             c3a8      1e7     1         ../lib/libc.a(libc_a-fputwc.o):(.debug_loclists)
            c58f             c58f      184     1         ../lib/libc.a(libc_a-wcrtomb.o):(.debug_loclists)
            c713             c713      131     1         ../lib/libc.a(libc_a-wbuf.o):(.debug_loclists)
            c844             c844       5f     1         ../lib/libc.a(libc_a-wsetup.o):(.debug_loclists)
            c8a3             c8a3      217     1         ../lib/libc.a(libc_a-makebuf.o):(.debug_loclists)
            caba             caba       69     1         ../lib/libc.a(libc_a-fstatr.o):(.debug_loclists)
            cb23             cb23       50     1         ../lib/libc.a(libc_a-isattyr.o):(.debug_loclists)
            cb73             cb73      548     1         ../lib/libc.a(libc_a-fvwrite.o):(.debug_loclists)
            d0bb             d0bb       b3     1         ../lib/libc.a(libc_a-sprintf.o):(.debug_loclists)
            d16e             d16e       3e     1         ../lib/libc.a(libc_a-malloc.o):(.debug_loclists)
            d1ac             d1ac      766     1         ../lib/libc.a(libc_a-strtol.o):(.debug_loclists)
            d912             d912       42     1         ../lib/libc.a(libc_a-atoi.o):(.debug_loclists)
               0                0      a70    16 .debug_aranges
               0                0       30     1         ../lib/libc.a(libc_a-strcpy.o):(.debug_aranges)
              30               30       30     1         ../lib/libc.a(libc_a-strcat.o):(.debug_aranges)
              60               60       30     1         ../lib/libc.a(libc_a-strlen.o):(.debug_aranges)
              90               90       30     1         ../lib/libc.a(libc_a-vsprintf.o):(.debug_aranges)
              c0               c0       20     1         ../lib/libc.a(libc_a-impure.o):(.debug_aranges)
              e0               e0       30     1         ../lib/libc.a(libc_a-findfp.o):(.debug_aranges)
             110              110       30     1         ../lib/libc.a(libc_a-fclose.o):(.debug_aranges)
             140              140       30     1         ../lib/libc.a(libc_a-fflush.o):(.debug_aranges)
             170              170       30     1         ../lib/libc.a(libc_a-freer.o):(.debug_aranges)
             1a0              1a0       30     1         ../lib/libc.a(libc_a-mlock.o):(.debug_aranges)
             1d0              1d0       30     1         ../lib/libc.a(libc_a-mallocr.o):(.debug_aranges)
             200              200       30     1         ../lib/libc.a(libc_a-sbrkr.o):(.debug_aranges)
             230              230       30     1         ../lib/libc.a(libc_a-reent.o):(.debug_aranges)
             260              260       30     1         ../lib/libc.a(libc_a-fwalk.o):(.debug_aranges)
             290              290       30    16         ../lib/libc.a(libc_a-memset.o):(.debug_aranges)
             2c0              2c0       30     1         ../lib/libc.a(libc_a-stdio.o):(.debug_aranges)
             2f0              2f0       30     1         ../lib/libc.a(libc_a-readr.o):(.debug_aranges)
             320              320       30     1         ../lib/libc.a(libc_a-writer.o):(.debug_aranges)
             350              350       30     1         ../lib/libc.a(libc_a-lseekr.o):(.debug_aranges)
             380              380       30     1         ../lib/libc.a(libc_a-closer.o):(.debug_aranges)
             3b0              3b0       30     1         ../lib/libc.a(libc_a-svfprintf.o):(.debug_aranges)
             3e0              3e0       30     1         ../lib/libc.a(libc_a-localeconv.o):(.debug_aranges)
             410              410       30     1         ../lib/libc.a(libc_a-locale.o):(.debug_aranges)
             440              440       30     1         ../lib/libc.a(libc_a-strcmp.o):(.debug_aranges)
             470              470       30     1         ../lib/libc.a(libc_a-wctomb_r.o):(.debug_aranges)
             4a0              4a0       30     1         ../lib/libc.a(libc_a-mbtowc_r.o):(.debug_aranges)
             4d0              4d0       40     1         ../lib/libc.a(libc_a-stack_protector.o):(.debug_aranges)
             510              510       30     1         ../lib/libc.a(libc_a-signal.o):(.debug_aranges)
             540              540       30     1         ../lib/libc.a(libc_a-signalr.o):(.debug_aranges)
             570              570       20     1         ../lib/libc.a(libc_a-ctype_.o):(.debug_aranges)
             590              590       30     1         ../lib/libc.a(libc_a-svfiprintf.o):(.debug_aranges)
             5c0              5c0       30     1         ../lib/libc.a(libc_a-memmove.o):(.debug_aranges)
             5f0              5f0       30    16         ../lib/libc.a(libc_a-memcpy.o):(.debug_aranges)
             620              620       30     1         ../lib/libc.a(libc_a-reallocr.o):(.debug_aranges)
             650              650       30     1         ../lib/libc.a(libc_a-memchr.o):(.debug_aranges)
             680              680       30     1         ../lib/libc.a(libc_a-dtoa.o):(.debug_aranges)
             6b0              6b0       30     1         ../lib/libc.a(libc_a-mprec.o):(.debug_aranges)
             6e0              6e0       30     1         ../lib/libc.a(libc_a-callocr.o):(.debug_aranges)
             710              710       30     1         ../lib/libc.a(libc_a-errno.o):(.debug_aranges)
             740              740       30     1         ../lib/libc.a(libc_a-assert.o):(.debug_aranges)
             770              770       30     1         ../lib/libc.a(libc_a-fiprintf.o):(.debug_aranges)
             7a0              7a0       30     1         ../lib/libc.a(libc_a-vfiprintf.o):(.debug_aranges)
             7d0              7d0       30     1         ../lib/libc.a(libc_a-fputwc.o):(.debug_aranges)
             800              800       30     1         ../lib/libc.a(libc_a-wcrtomb.o):(.debug_aranges)
             830              830       30     1         ../lib/libc.a(libc_a-wbuf.o):(.debug_aranges)
             860              860       30     1         ../lib/libc.a(libc_a-wsetup.o):(.debug_aranges)
             890              890       30     1         ../lib/libc.a(libc_a-makebuf.o):(.debug_aranges)
             8c0              8c0       30     1         ../lib/libc.a(libc_a-fstatr.o):(.debug_aranges)
             8f0              8f0       30     1         ../lib/libc.a(libc_a-isattyr.o):(.debug_aranges)
             920              920       30     1         ../lib/libc.a(libc_a-fvwrite.o):(.debug_aranges)
             950              950       30     1         ../lib/libc.a(libc_a-abort.o):(.debug_aranges)
             980              980       30     1         ../lib/libc.a(libc_a-sprintf.o):(.debug_aranges)
             9b0              9b0       30     1         newlib.o:(.debug_aranges)
             9e0              9e0       30     1         ../lib/libc.a(libc_a-malloc.o):(.debug_aranges)
             a10              a10       30     1         ../lib/libc.a(libc_a-strtol.o):(.debug_aranges)
             a40              a40       30     1         ../lib/libc.a(libc_a-atoi.o):(.debug_aranges)
               0                0       f8     8 .debug_frame
               0                0       40     8         keyboard.o:(.debug_frame)
              40               40       b8     8         timer.o:(.debug_frame)
               0                0     2850     8 .symtab
               0                0     2850     8         <internal>:(.symtab)
               0                0      105     1 .shstrtab
               0                0      105     1         <internal>:(.shstrtab)
               0                0     1bc7     1 .strtab
               0                0     1bc7     1         <internal>:(.strtab)
