             VMA              LMA     Size Align Out     In      Symbol
          100160           100160      f17    32 .rodata
          100160           100160      4dd     1         <internal>:(.rodata)
          100640           100640       68     8         <internal>:(.rodata)
          1006b0           1006b0      190    16         ../lib/libc.a(libc_a-svfprintf.o):(.rodata)
          100820           100820       10     1                 zeroes.0
          100830           100830       10     1                 blanks.1
          100840           100840       40    16         <internal>:(.rodata)
          100880           100880      2a0    32         ../lib/libc.a(libc_a-ctype_.o):(.rodata)
          100880           100880      101     1                 _ctype_
          1009a0           1009a0      180     1                 _ctype_b
          100b20           100b20      190    16         ../lib/libc.a(libc_a-svfiprintf.o):(.rodata)
          100c90           100c90       10     1                 zeroes.0
          100ca0           100ca0       10     1                 blanks.1
          100cc0           100cc0      168    32         ../lib/libc.a(libc_a-mprec.o):(.rodata)
          100cc0           100cc0        c     1                 p05.0
          100ce0           100ce0       28     1                 __mprec_tinytens
          100d20           100d20       28     1                 __mprec_bigtens
          100d60           100d60       c8     1                 __mprec_tens
          100e28           100e28       2f     8         <internal>:(.rodata)
          100e60           100e60      190    16         ../lib/libc.a(libc_a-vfiprintf.o):(.rodata)
          100fd0           100fd0       10     1                 zeroes.0
          100fe0           100fe0       10     1                 blanks.1
          100ff0           100ff0       87     1         newlib.o:(.rodata)
          101078           101078     2304     8 .eh_frame
          101078           101078       d4     1         kernel.o:(.eh_frame+0x0)
          101150           101150       3c     1         kernel.o:(.eh_frame+0xd4)
          101190           101190       80     1         kernel.o:(.eh_frame+0x110)
          101210           101210      200     1         frame.o:(.eh_frame+0x18)
          101410           101410       18     1         ../lib/libc.a(libc_a-strcpy.o):(.eh_frame+0x18)
          101428           101428       20     1         ../lib/libc.a(libc_a-strcat.o):(.eh_frame+0x18)
          101448           101448       18     1         ../lib/libc.a(libc_a-strlen.o):(.eh_frame+0x18)
          101460           101460       1c     1         ../lib/libc.a(libc_a-vsprintf.o):(.eh_frame+0x18)
          101480           101480       1c     1         ../lib/libc.a(libc_a-vsprintf.o):(.eh_frame+0x34)
          1014a0           1014a0       14     1         ../lib/libc.a(libc_a-findfp.o):(.eh_frame+0x18)
          1014b8           1014b8       14     1         ../lib/libc.a(libc_a-findfp.o):(.eh_frame+0x2c)
          1014d0           1014d0       34     1         ../lib/libc.a(libc_a-findfp.o):(.eh_frame+0x40)
          101508           101508       3c     1         ../lib/libc.a(libc_a-findfp.o):(.eh_frame+0x74)
          101548           101548       44     1         ../lib/libc.a(libc_a-findfp.o):(.eh_frame+0xb0)
          101590           101590       14     1         ../lib/libc.a(libc_a-findfp.o):(.eh_frame+0xf4)
          1015a8           1015a8       14     1         ../lib/libc.a(libc_a-findfp.o):(.eh_frame+0x108)
          1015c0           1015c0       14     1         ../lib/libc.a(libc_a-findfp.o):(.eh_frame+0x11c)
          1015d8           1015d8       18     1         ../lib/libc.a(libc_a-findfp.o):(.eh_frame+0x130)
          1015f0           1015f0       3c     1         ../lib/libc.a(libc_a-fclose.o):(.eh_frame+0x18)
          101630           101630       14     1         ../lib/libc.a(libc_a-fclose.o):(.eh_frame+0x54)
          101648           101648       90     1         ../lib/libc.a(libc_a-fflush.o):(.eh_frame+0x18)
          1016d8           1016d8       3c     1         ../lib/libc.a(libc_a-freer.o):(.eh_frame+0x18)
          101718           101718       5c     1         ../lib/libc.a(libc_a-freer.o):(.eh_frame+0x54)
          101778           101778       14     1         ../lib/libc.a(libc_a-mlock.o):(.eh_frame+0x18)
          101790           101790       14     1         ../lib/libc.a(libc_a-mlock.o):(.eh_frame+0x2c)
          1017a8           1017a8       80     1         ../lib/libc.a(libc_a-mallocr.o):(.eh_frame+0x18)
          101828           101828       20     1         ../lib/libc.a(libc_a-sbrkr.o):(.eh_frame+0x18)
          101848           101848       40     1         ../lib/libc.a(libc_a-reent.o):(.eh_frame+0x18)
          101888           101888       48     1         ../lib/libc.a(libc_a-fwalk.o):(.eh_frame+0x18)
          1018d0           1018d0       34     1         ../lib/libc.a(libc_a-stdio.o):(.eh_frame+0x18)
          101908           101908       34     1         ../lib/libc.a(libc_a-stdio.o):(.eh_frame+0x4c)
          101940           101940       38     1         ../lib/libc.a(libc_a-stdio.o):(.eh_frame+0x80)
          101978           101978       20     1         ../lib/libc.a(libc_a-readr.o):(.eh_frame+0x18)
          101998           101998       20     1         ../lib/libc.a(libc_a-writer.o):(.eh_frame+0x18)
          1019b8           1019b8       20     1         ../lib/libc.a(libc_a-lseekr.o):(.eh_frame+0x18)
          1019d8           1019d8       20     1         ../lib/libc.a(libc_a-closer.o):(.eh_frame+0x18)
          1019f8           1019f8       50     1         ../lib/libc.a(libc_a-svfprintf.o):(.eh_frame+0x18)
          101a48           101a48       14     1         ../lib/libc.a(libc_a-localeconv.o):(.eh_frame+0x18)
          101a60           101a60       14     1         ../lib/libc.a(libc_a-localeconv.o):(.eh_frame+0x2c)
          101a78           101a78       18     1         ../lib/libc.a(libc_a-localeconv.o):(.eh_frame+0x40)
          101a90           101a90       24     1         ../lib/libc.a(libc_a-locale.o):(.eh_frame+0x18)
          101ab8           101ab8       14     1         ../lib/libc.a(libc_a-locale.o):(.eh_frame+0x3c)
          101ad0           101ad0       28     1         ../lib/libc.a(libc_a-locale.o):(.eh_frame+0x50)
          101af8           101af8       18     1         ../lib/libc.a(libc_a-strcmp.o):(.eh_frame+0x18)
          101b10           101b10       14     1         ../lib/libc.a(libc_a-wctomb_r.o):(.eh_frame+0x18)
          101b28           101b28       14     1         ../lib/libc.a(libc_a-wctomb_r.o):(.eh_frame+0x2c)
          101b40           101b40       14     1         ../lib/libc.a(libc_a-mbtowc_r.o):(.eh_frame+0x18)
          101b58           101b58       1c     1         ../lib/libc.a(libc_a-mbtowc_r.o):(.eh_frame+0x2c)
          101b78           101b78       14     1         ../lib/libc.a(libc_a-stack_protector.o):(.eh_frame+0x18)
          101b90           101b90       1c     1         ../lib/libc.a(libc_a-stack_protector.o):(.eh_frame+0x2c)
          101bb0           101bb0       20     1         ../lib/libc.a(libc_a-stack_protector.o):(.eh_frame+0x48)
          101bd0           101bd0       4c     1         ../lib/libc.a(libc_a-signal.o):(.eh_frame+0x18)
          101c20           101c20      184     1         ../lib/libc.a(libc_a-signal.o):(.eh_frame+0x64)
          101da8           101da8       38     1         ../lib/libc.a(libc_a-signalr.o):(.eh_frame+0x18)
          101de0           101de0       4c     1         ../lib/libc.a(libc_a-svfiprintf.o):(.eh_frame+0x18)
          101e30           101e30       54     1         ../lib/libc.a(libc_a-svfiprintf.o):(.eh_frame+0x64)
          101e88           101e88       18     1         ../lib/libc.a(libc_a-memmove.o):(.eh_frame+0x18)
          101ea0           101ea0       68     1         ../lib/libc.a(libc_a-reallocr.o):(.eh_frame+0x18)
          101f08           101f08       18     1         ../lib/libc.a(libc_a-memchr.o):(.eh_frame+0x18)
          101f20           101f20       4c     1         ../lib/libc.a(libc_a-dtoa.o):(.eh_frame+0x18)
          101f70           101f70       4c     1         ../lib/libc.a(libc_a-dtoa.o):(.eh_frame+0x64)
          101fc0           101fc0       2c     1         ../lib/libc.a(libc_a-mprec.o):(.eh_frame+0x18)
          101ff0           101ff0       14     1         ../lib/libc.a(libc_a-mprec.o):(.eh_frame+0x44)
          102008           102008       8c     1         ../lib/libc.a(libc_a-mprec.o):(.eh_frame+0x58)
          102098           102098       14     1         ../lib/libc.a(libc_a-mprec.o):(.eh_frame+0xe4)
          1020b0           1020b0       14     1         ../lib/libc.a(libc_a-mprec.o):(.eh_frame+0xf8)
          1020c8           1020c8       24     1         ../lib/libc.a(libc_a-mprec.o):(.eh_frame+0x10c)
          1020f0           1020f0       4c     1         ../lib/libc.a(libc_a-mprec.o):(.eh_frame+0x130)
          102140           102140       3c     1         ../lib/libc.a(libc_a-mprec.o):(.eh_frame+0x17c)
          102180           102180       4c     1         ../lib/libc.a(libc_a-mprec.o):(.eh_frame+0x1b8)
          1021d0           1021d0       14     1         ../lib/libc.a(libc_a-mprec.o):(.eh_frame+0x204)
          1021e8           1021e8       64     1         ../lib/libc.a(libc_a-mprec.o):(.eh_frame+0x218)
          102250           102250       14     1         ../lib/libc.a(libc_a-mprec.o):(.eh_frame+0x27c)
          102268           102268       34     1         ../lib/libc.a(libc_a-mprec.o):(.eh_frame+0x290)
          1022a0           1022a0       34     1         ../lib/libc.a(libc_a-mprec.o):(.eh_frame+0x2c4)
          1022d8           1022d8       14     1         ../lib/libc.a(libc_a-mprec.o):(.eh_frame+0x2f8)
          1022f0           1022f0       14     1         ../lib/libc.a(libc_a-mprec.o):(.eh_frame+0x30c)
          102308           102308       18     1         ../lib/libc.a(libc_a-mprec.o):(.eh_frame+0x320)
          102320           102320       28     1         ../lib/libc.a(libc_a-callocr.o):(.eh_frame+0x18)
          102348           102348       18     1         ../lib/libc.a(libc_a-errno.o):(.eh_frame+0x18)
          102360           102360       24     1         ../lib/libc.a(libc_a-assert.o):(.eh_frame+0x18)
          102388           102388       1c     1         ../lib/libc.a(libc_a-assert.o):(.eh_frame+0x3c)
          1023a8           1023a8       1c     1         ../lib/libc.a(libc_a-fiprintf.o):(.eh_frame+0x18)
          1023c8           1023c8       1c     1         ../lib/libc.a(libc_a-fiprintf.o):(.eh_frame+0x34)
          1023e8           1023e8       4c     1         ../lib/libc.a(libc_a-vfiprintf.o):(.eh_frame+0x18)
          102438           102438       14     1         ../lib/libc.a(libc_a-vfiprintf.o):(.eh_frame+0x64)
          102450           102450       7c     1         ../lib/libc.a(libc_a-vfiprintf.o):(.eh_frame+0x78)
          1024d0           1024d0       3c     1         ../lib/libc.a(libc_a-vfiprintf.o):(.eh_frame+0xf4)
          102510           102510       44     1         ../lib/libc.a(libc_a-fputwc.o):(.eh_frame+0x18)
          102558           102558       14     1         ../lib/libc.a(libc_a-fputwc.o):(.eh_frame+0x5c)
          102570           102570       28     1         ../lib/libc.a(libc_a-fputwc.o):(.eh_frame+0x70)
          102598           102598       2c     1         ../lib/libc.a(libc_a-wcrtomb.o):(.eh_frame+0x18)
          1025c8           1025c8       2c     1         ../lib/libc.a(libc_a-wcrtomb.o):(.eh_frame+0x44)
          1025f8           1025f8       3c     1         ../lib/libc.a(libc_a-wbuf.o):(.eh_frame+0x18)
          102638           102638       14     1         ../lib/libc.a(libc_a-wbuf.o):(.eh_frame+0x54)
          102650           102650       30     1         ../lib/libc.a(libc_a-wsetup.o):(.eh_frame+0x18)
          102680           102680       44     1         ../lib/libc.a(libc_a-makebuf.o):(.eh_frame+0x18)
          1026c8           1026c8       34     1         ../lib/libc.a(libc_a-makebuf.o):(.eh_frame+0x5c)
          102700           102700       20     1         ../lib/libc.a(libc_a-fstatr.o):(.eh_frame+0x18)
          102720           102720       20     1         ../lib/libc.a(libc_a-isattyr.o):(.eh_frame+0x18)
          102740           102740       78     1         ../lib/libc.a(libc_a-fvwrite.o):(.eh_frame+0x18)
          1027b8           1027b8       20     1         ../lib/libc.a(libc_a-abort.o):(.eh_frame+0x18)
          1027d8           1027d8       1c     1         ../lib/libc.a(libc_a-sprintf.o):(.eh_frame+0x18)
          1027f8           1027f8       24     1         ../lib/libc.a(libc_a-sprintf.o):(.eh_frame+0x34)
          102820           102820      200     1         pci.o:(.eh_frame+0x18)
          102a20           102a20       60     1         memory_map.o:(.eh_frame+0x18)
          102a80           102a80       3c     1         newlib.o:(.eh_frame+0x18)
          102ac0           102ac0       1c     1         newlib.o:(.eh_frame+0x54)
          102ae0           102ae0       1c     1         newlib.o:(.eh_frame+0x70)
          102b00           102b00       1c     1         newlib.o:(.eh_frame+0x8c)
          102b20           102b20       1c     1         newlib.o:(.eh_frame+0xa8)
          102b40           102b40       1c     1         newlib.o:(.eh_frame+0xc4)
          102b60           102b60       1c     1         newlib.o:(.eh_frame+0xe0)
          102b80           102b80       1c     1         newlib.o:(.eh_frame+0xfc)
          102ba0           102ba0       20     1         newlib.o:(.eh_frame+0x118)
          102bc0           102bc0       80     1         segment.o:(.eh_frame+0x18)
          102c40           102c40       54     1         interrupt.o:(.eh_frame+0x18)
          102c98           102c98       54     1         interrupt.o:(.eh_frame+0x6c)
          102cf0           102cf0       54     1         interrupt.o:(.eh_frame+0xc0)
          102d48           102d48       54     1         interrupt.o:(.eh_frame+0x114)
          102da0           102da0       54     1         interrupt.o:(.eh_frame+0x168)
          102df8           102df8       c4     1         interrupt.o:(.eh_frame+0x1bc)
          102ec0           102ec0       80     1         paging.o:(.eh_frame+0x18)
          102f40           102f40       20     1         keyboard.o:(.eh_frame+0x18)
          102f60           102f60       c4     1         input.o:(.eh_frame+0x18)
          103028           103028       24     1         input.o:(.eh_frame+0xdc)
          103050           103050       20     1         command.o:(.eh_frame+0x18)
          103070           103070       20     1         command.o:(.eh_frame+0x78)
          103090           103090       20     1         command.o:(.eh_frame+0xb8)
          1030b0           1030b0       88     1         ../lib/libc.a(libc_a-strtol.o):(.eh_frame+0x18)
          103138           103138       20     1         memory_manager.o:(.eh_frame+0x18)
          103158           103158      200     1         memory_manager.o:(.eh_frame+0x78)
          103358           103358       20     1         memory_manager.o:(.eh_frame+0x2b8)
          104380           104380     f98e    16 .text
          104380           104380      22e    16         kernel.o:(.text)
          104380           104380        f     1                 stop()
          104390           104390       29     1                 entry_point
          1043c0           1043c0      1ee     1                 kernel_main
          1045b0           1045b0       50    16         kernel.o:(.text.startup)
          1045b0           1045b0       1a     1                 __cxx_global_var_init
          1045d0           1045d0       12     1                 __cxx_global_var_init.1
          1045f0           1045f0       10     1                 _GLOBAL__sub_I_kernel.cpp
          104600           104600        b    16         kernel.o:(.text._ZNSt3__114numeric_limitsImE3maxEv)
          104600           104600        b     1                 std::__1::numeric_limits<unsigned long>::max()
          104610           104610       21    16         kernel.o:(.text._ZN7FrameIDC2Em)
          104610           104610       21     1                 FrameID::FrameID(unsigned long)
          104640           104640       4c    16         kernel.o:(.text._ZN11InputBufferC2Ev)
          104640           104640       4c     1                 InputBuffer::InputBuffer()
          104690           104690       1e    16         kernel.o:(.text._ZNK5ErrorcvbEv)
          104690           104690       1e     1                 Error::operator bool() const
          1046b0           1046b0       21    16         kernel.o:(.text._ZNK5Error4NameEv)
          1046b0           1046b0       21     1                 Error::Name() const
          1046e0           1046e0        d    16         kernel.o:(.text._ZNSt3__123__libcpp_numeric_limitsImLb1EE3maxEv)
          1046e0           1046e0        d     1                 std::__1::__libcpp_numeric_limits<unsigned long, true>::max()
          1046f0           1046f0      e5e    16         frame.o:(.text)
          1046f0           1046f0       42     1                 InitializeFrame(bootinfo_t*)
          104740           104740       3d     1                 HashtoColor(unsigned char)
          104780           104780      191     1                 HSVtoRGB(int)
          104920           104920       e9     1                 WritePixel(Color, int, int)
          104a10           104a10       f1     1                 WriteAscii(char, Color, int, int)
          104b10           104b10      132     1                 WriteSquare(Vector, Vector, Color)
          104c50           104c50      11b     1                 PrintLine(char const*, Vector, Color)
          104d70           104d70       7e     1                 RegisterLine(char const*)
          104df0           104df0      402     1                 Print
          105200           105200       b3     1                 Printf
          1052c0           1052c0       6c     1                 dPrint(char*, int)
          105330           105330       6c     1                 udPrint(char*, unsigned int)
          1053a0           1053a0       6c     1                 uxdPrint(char*, unsigned int)
          105410           105410       be     1                 WriteMandelbrot(int)
          1054d0           1054d0       7e     1                 clear()
          105550           105550      1ad    16         frame.o:(.text._Z14CalcMandelbrotiii)
          105550           105550      1ad     1                 CalcMandelbrot(int, int, int)
          105700           105700       85    16         ../lib/libc.a(libc_a-strcpy.o):(.text)
          105700           105700       85     1                 strcpy
          105790           105790       6c    16         ../lib/libc.a(libc_a-strcat.o):(.text)
          105790           105790       6c     1                 strcat
          105800           105800       7d    16         ../lib/libc.a(libc_a-strlen.o):(.text)
          105800           105800       7d     1                 strlen
          105880           105880       ed    16         ../lib/libc.a(libc_a-vsprintf.o):(.text)
          105880           105880       7d     1                 vsprintf
          105900           105900       6d     1                 _vsprintf_r
          10596d           10596d        0     1         ../lib/libc.a(libc_a-impure.o):(.text)
          105970           105970      469    16         ../lib/libc.a(libc_a-findfp.o):(.text)
          105970           105970        7     1                 __fp_lock
          105980           105980       1e     1                 stdio_exit_handler
          1059a0           1059a0       52     1                 cleanup_stdio
          105a00           105a00        7     1                 __fp_unlock
          105a10           105a10      1d1     1                 global_stdio_init.part.0
          105bf0           105bf0      156     1                 __sfp
          105d50           105d50       2a     1                 __sinit
          105d80           105d80        5     1                 __sfp_lock_acquire
          105d90           105d90        5     1                 __sfp_lock_release
          105da0           105da0       19     1                 __fp_lock_all
          105dc0           105dc0       19     1                 __fp_unlock_all
          105de0           105de0       f3    16         ../lib/libc.a(libc_a-fclose.o):(.text)
          105de0           105de0       de     1                 _fclose_r
          105ec0           105ec0       13     1                 fclose
          105ee0           105ee0      321    16         ../lib/libc.a(libc_a-fflush.o):(.text)
          105ee0           105ee0      225     1                 __sflush_r
          106110           106110       5f     1                 _fflush_r
          106170           106170       91     1                 fflush
          106210           106210      47e    16         ../lib/libc.a(libc_a-freer.o):(.text)
          106210           106210       e7     1                 _malloc_trim_r
          106300           106300      38e     1                 _free_r
          106690           106690       15    16         ../lib/libc.a(libc_a-mlock.o):(.text)
          106690           106690        5     1                 __malloc_lock
          1066a0           1066a0        5     1                 __malloc_unlock
          1066b0           1066b0      8d4    16         ../lib/libc.a(libc_a-mallocr.o):(.text)
          1066b0           1066b0      8d4     1                 _malloc_r
          106f90           106f90       36    16         ../lib/libc.a(libc_a-sbrkr.o):(.text)
          106f90           106f90       36     1                 _sbrk_r
          106fd0           106fd0       9e    16         ../lib/libc.a(libc_a-reent.o):(.text)
          106fd0           106fd0       9e     1                 _reclaim_reent
          107070           107070       89    16         ../lib/libc.a(libc_a-fwalk.o):(.text)
          107070           107070       89     1                 _fwalk_sglue
          107100           107100       e0    16         ../lib/libc.a(libc_a-memset.o):(.text)
          107100           107100        0     1                 memset
          10712e           10712e        0     1                 quadword_aligned
          107150           107150        0     1                 loop
          1071bb           1071bb        0     1                 byte_set
          1071c1           1071c1        0     1                 quadword_set
          1071e0           1071e0       ed    16         ../lib/libc.a(libc_a-stdio.o):(.text)
          1071e0           1071e0       30     1                 __sread
          107210           107210        7     1                 __seofread
          107220           107220       60     1                 __swrite
          107280           107280       38     1                 __sseek
          1072c0           1072c0        d     1                 __sclose
          1072d0           1072d0       41    16         ../lib/libc.a(libc_a-readr.o):(.text)
          1072d0           1072d0       41     1                 _read_r
          107320           107320       41    16         ../lib/libc.a(libc_a-writer.o):(.text)
          107320           107320       41     1                 _write_r
          107370           107370       3e    16         ../lib/libc.a(libc_a-lseekr.o):(.text)
          107370           107370       3e     1                 _lseek_r
          1073b0           1073b0       2e    16         ../lib/libc.a(libc_a-closer.o):(.text)
          1073b0           1073b0       2e     1                 _close_r
          1073e0           1073e0     2557    16         ../lib/libc.a(libc_a-svfprintf.o):(.text)
          1073e0           1073e0     2557     1                 _svfprintf_r
          109940           109940       2c    16         ../lib/libc.a(libc_a-localeconv.o):(.text)
          109940           109940        c     1                 __localeconv_l
          109950           109950        c     1                 _localeconv_r
          109960           109960        c     1                 localeconv
          109970           109970       ea    16         ../lib/libc.a(libc_a-locale.o):(.text)
          109970           109970       6a     1                 _setlocale_r
          1099e0           1099e0        c     1                 __locale_mb_cur_max
          1099f0           1099f0       6a     1                 setlocale
          109a60           109a60       83    16         ../lib/libc.a(libc_a-strcmp.o):(.text)
          109a60           109a60       83     1                 strcmp
          109af0           109af0       43    16         ../lib/libc.a(libc_a-wctomb_r.o):(.text)
          109af0           109af0        a     1                 _wctomb_r
          109b00           109b00       33     1                 __ascii_wctomb
          109b40           109b40       70    16         ../lib/libc.a(libc_a-mbtowc_r.o):(.text)
          109b40           109b40        a     1                 _mbtowc_r
          109b50           109b50       60     1                 __ascii_mbtowc
          109bb0           109bb0       8f    16         ../lib/libc.a(libc_a-stack_protector.o):(.text)
          109bb0           109bb0       7d     1                 __stack_chk_fail
          109c30           109c30        f     1                 __stack_chk_fail_local
          109c40           109c40       19    16         ../lib/libc.a(libc_a-stack_protector.o):(.text.startup)
          109c40           109c40       19     1                 __stack_chk_init
          109c60           109c60      50e    16         ../lib/libc.a(libc_a-signal.o):(.text)
          109c60           109c60       59     1                 _init_signal_r
          109cc0           109cc0       98     1                 _signal_r
          109d60           109d60       ad     1                 _raise_r
          109e10           109e10       ca     1                 __sigtramp_r
          109ee0           109ee0       b7     1                 raise
          109fa0           109fa0       98     1                 signal
          10a040           10a040       59     1                 _init_signal
          10a0a0           10a0a0       ce     1                 __sigtramp
          10a170           10a170       49    16         ../lib/libc.a(libc_a-signalr.o):(.text)
          10a170           10a170       36     1                 _kill_r
          10a1b0           10a1b0        9     1                 _getpid_r
          10a1b9           10a1b9        0     1         ../lib/libc.a(libc_a-ctype_.o):(.text)
          10a1c0           10a1c0     1408    16         ../lib/libc.a(libc_a-svfiprintf.o):(.text)
          10a1c0           10a1c0      1e9     1                 __ssprint_r
          10a3b0           10a3b0     1218     1                 _svfiprintf_r
          10b5d0           10b5d0      124    16         ../lib/libc.a(libc_a-memmove.o):(.text)
          10b5d0           10b5d0      124     1                 memmove
          10b700           10b700      12d    16         ../lib/libc.a(libc_a-memcpy.o):(.text)
          10b700           10b700        0     1                 memcpy
          10b725           10b725        0     1                 quadword_aligned
          10b740           10b740        0     1                 loop
          10b807           10b807        0     1                 byte_copy
          10b80d           10b80d        0     1                 quadword_copy
          10b830           10b830      53a    16         ../lib/libc.a(libc_a-reallocr.o):(.text)
          10b830           10b830      53a     1                 _realloc_r
          10bd70           10bd70       c5    16         ../lib/libc.a(libc_a-memchr.o):(.text)
          10bd70           10bd70       c5     1                 memchr
          10be40           10be40     1636    16         ../lib/libc.a(libc_a-dtoa.o):(.text)
          10be40           10be40      19c     1                 quorem
          10bfe0           10bfe0     1496     1                 _dtoa_r
          10d480           10d480     10ba    16         ../lib/libc.a(libc_a-mprec.o):(.text)
          10d480           10d480       9e     1                 _Balloc
          10d520           10d520       1f     1                 _Bfree
          10d540           10d540      101     1                 __multadd
          10d650           10d650      139     1                 __s2b
          10d790           10d790       56     1                 __hi0bits
          10d7f0           10d7f0       8f     1                 __lo0bits
          10d880           10d880       a4     1                 __i2b
          10d930           10d930      241     1                 __multiply
          10db80           10db80      12e     1                 __pow5mult
          10dcb0           10dcb0      158     1                 __lshift
          10de10           10de10       4e     1                 __mcmp
          10de60           10de60      217     1                 __mdiff
          10e080           10e080       7d     1                 __ulp
          10e100           10e100       fc     1                 __b2d
          10e200           10e200      158     1                 __d2b
          10e360           10e360       c0     1                 __ratio
          10e420           10e420       40     1                 _mprec_log10
          10e460           10e460       60     1                 __copybits
          10e4c0           10e4c0       7a     1                 __any_on
          10e540           10e540       c6    16         ../lib/libc.a(libc_a-callocr.o):(.text)
          10e540           10e540       c6     1                 _calloc_r
          10e610           10e610        c    16         ../lib/libc.a(libc_a-errno.o):(.text)
          10e610           10e610        c     1                 __errno
          10e620           10e620       74    16         ../lib/libc.a(libc_a-assert.o):(.text)
          10e620           10e620       54     1                 __assert_func
          10e680           10e680       14     1                 __assert
          10e6a0           10e6a0      178    16         ../lib/libc.a(libc_a-fiprintf.o):(.text)
          10e6a0           10e6a0       b0     1                 _fiprintf_r
          10e750           10e750       c8     1                 fiprintf
          10e820           10e820     1750    16         ../lib/libc.a(libc_a-vfiprintf.o):(.text)
          10e820           10e820       d7     1                 __sprint_r.part.0
          10e900           10e900       1a     1                 __sprint_r
          10e920           10e920     154f     1                 _vfiprintf_r
          10fe70           10fe70       19     1                 vfiprintf
          10fe90           10fe90       e0     1                 __sbprintf
          10ff70           10ff70      1b9    16         ../lib/libc.a(libc_a-fputwc.o):(.text)
          10ff70           10ff70      119     1                 __fputwc
          110090           110090       23     1                 _fputwc_r
          1100c0           1100c0       69     1                 fputwc
          110130           110130      112    16         ../lib/libc.a(libc_a-wcrtomb.o):(.text)
          110130           110130       7c     1                 _wcrtomb_r
          1101b0           1101b0       92     1                 wcrtomb
          110250           110250      135    16         ../lib/libc.a(libc_a-wbuf.o):(.text)
          110250           110250      112     1                 __swbuf_r
          110370           110370       15     1                 __swbuf
          110390           110390      143    16         ../lib/libc.a(libc_a-wsetup.o):(.text)
          110390           110390      143     1                 __swsetup_r
          1104e0           1104e0      1e6    16         ../lib/libc.a(libc_a-makebuf.o):(.text)
          1104e0           1104e0      139     1                 __smakebuf_r
          110620           110620       a6     1                 __swhatbuf_r
          1106d0           1106d0       36    16         ../lib/libc.a(libc_a-fstatr.o):(.text)
          1106d0           1106d0       36     1                 _fstat_r
          110710           110710       2e    16         ../lib/libc.a(libc_a-isattyr.o):(.text)
          110710           110710       2e     1                 _isatty_r
          110740           110740      55c    16         ../lib/libc.a(libc_a-fvwrite.o):(.text)
          110740           110740      55c     1                 __sfvwrite_r
          110ca0           110ca0       1e    16         ../lib/libc.a(libc_a-abort.o):(.text)
          110ca0           110ca0       1e     1                 abort
          110cc0           110cc0      211    16         ../lib/libc.a(libc_a-sprintf.o):(.text)
          110cc0           110cc0       fc     1                 _sprintf_r
          110dc0           110dc0      111     1                 sprintf
          110ee0           110ee0       a3    16         asmfunc.o:(.text)
          110ee0           110ee0        0     1                 IoOut32
          110ee7           110ee7        0     1                 IoIn32
          110eec           110eec        0     1                 IoIn16
          110ef2           110ef2        0     1                 IoOut8
          110efa           110efa        0     1                 IoIn8
          110eff           110eff        0     1                 call_kernel_main
          110f0f           110f0f        0     1                 _hlt
          110f12           110f12        0     1                 LoadGDT
          110f2c           110f2c        0     1                 SetDSAll
          110f35           110f35        0     1                 SetCSSS
          110f49           110f49        0     1                 SetCSSS.next
          110f4e           110f4e        0     1                 SetCSSS.stop
          110f51           110f51        0     1                 GetCS
          110f57           110f57        0     1                 LoadIDT
          110f71           110f71        0     1                 SetCR3
          110f75           110f75        0     1                 NotifyEndOfInterrupt
          110f90           110f90      809    16         pci.o:(.text)
          110f90           110f90       4f     1                 MakeAddr(unsigned char, unsigned char, unsigned char, unsigned char)
          110fe0           110fe0       1e     1                 WriteAddr(unsigned int)
          111000           111000       1e     1                 WriteData(unsigned int)
          111020           111020       10     1                 ReadData()
          111030           111030       4a     1                 ReadVendorId(unsigned char, unsigned char, unsigned char)
          111080           111080       67     1                 ReadVendorId(Device)
          1110f0           1110f0       50     1                 ReadHeaderType(unsigned char, unsigned char, unsigned char)
          111140           111140       70     1                 ReadBar(Device, int)
          1111b0           1111b0       71     1                 ReadClassCode(unsigned char, unsigned char, unsigned char)
          111230           111230       45     1                 ReadBusNumbers(unsigned char, unsigned char, unsigned char)
          111280           111280       af     1                 AddDevice(unsigned char, unsigned char, unsigned char, unsigned char)
          111330           111330       28     1                 IsSingleFunctionDevice(unsigned char)
          111360           111360      13f     1                 ScanAllBus()
          1114a0           1114a0       b7     1                 ScanBus(unsigned char)
          111560           111560      126     1                 ScanDevice(unsigned char, unsigned char)
          111690           111690      109     1                 ScanFunction(unsigned char, unsigned char, unsigned char)
          1117a0           1117a0      1ff    16         memory_map.o:(.text)
          1117a0           1117a0       83     1                 show_memdesc(int)
          111830           111830       a4     1                 show_memory_map()
          1118e0           1118e0       bf     1                 search_mem_type(unsigned long)
          11199f           11199f      1c5     1         newlib.o:(.text)
          11199f           11199f       6f     1                 sbrk
          111a0e           111a0e       29     1                 read
          111a37           111a37       35     1                 write
          111a6c           111a6c       21     1                 _exit
          111a8d           111a8d       28     1                 lseek
          111ab5           111ab5       21     1                 close
          111ad6           111ad6       2e     1                 kill
          111b04           111b04       1a     1                 getpid
          111b1e           111b1e       25     1                 fstat
          111b43           111b43       21     1                 isatty
          111b70           111b70      348    16         segment.o:(.text)
          111b70           111b70      21d     1                 SetCodeSegment(SegmentDescriptor*, DescriptorType, unsigned int, unsigned int, unsigned int)
          111d90           111d90       77     1                 SetDataSegment(SegmentDescriptor*, DescriptorType, unsigned int, unsigned int, unsigned int)
          111e10           111e10       67     1                 SetupSegments()
          111e80           111e80       38     1                 InitializeSegment(unsigned short, unsigned short)
          111ec0           111ec0      bb5    16         interrupt.o:(.text)
          111ec0           111ec0      19e     1                 BreakpointInterrupt(InterruptFrame*)
          112060           112060      186     1                 SegFaultInterrupt(InterruptFrame*)
          1121f0           1121f0      186     1                 PageFaultInterrupt(InterruptFrame*)
          112380           112380      186     1                 GeneralProtectionInterrupt(InterruptFrame*)
          112510           112510      203     1                 KeyboardInterrupt(InterruptFrame*)
          112720           112720       5e     1                 DefaultInterrupt(InterruptFrame*)
          112780           112780       7a     1                 SetIDTEntry(InterruptDescriptor*, InterruptDescriptorAttribute, unsigned long, unsigned long)
          112800           112800       ba     1                 InitializePIC()
          1128c0           1128c0      1b5     1                 InitializeInterrupt()
          112a80           112a80       60    16         interrupt.o:(.text._Z10isAlphabetc)
          112a80           112a80       60     1                 isAlphabet(char)
          112ae0           112ae0       af    16         interrupt.o:(.text._Z11MakeIDTAttr14DescriptorTypehbh)
          112ae0           112ae0       af     1                 MakeIDTAttr(DescriptorType, unsigned char, bool, unsigned char)
          112b90           112b90      118    16         paging.o:(.text)
          112b90           112b90      118     1                 SetupIdentityPageTable()
          112cb0           112cb0       25    16         paging.o:(.text._ZNSt3__15arrayImLm512EEixEm)
          112cb0           112cb0       25     1                 std::__1::array<unsigned long, 512ul>::operator[](unsigned long)
          112ce0           112ce0       14    16         paging.o:(.text._ZNKSt3__15arrayINS0_ImLm512EEELm64EE4sizeEv)
          112ce0           112ce0       14     1                 std::__1::array<std::__1::array<unsigned long, 512ul>, 64ul>::size() const
          112d00           112d00       25    16         paging.o:(.text._ZNSt3__15arrayINS0_ImLm512EEELm64EEixEm)
          112d00           112d00       25     1                 std::__1::array<std::__1::array<unsigned long, 512ul>, 64ul>::operator[](unsigned long)
          112d30           112d30       62    16         keyboard.o:(.text)
          112d30           112d30       62     1                 InitializeKeycode()
          112da0           112da0      319    16         input.o:(.text)
          112da0           112da0       82     1                 InputBuffer::add(char)
          112e30           112e30       76     1                 InputBuffer::isEnter()
          112eb0           112eb0       76     1                 InputBuffer::pop()
          112f30           112f30       5a     1                 InputBuffer::allprint()
          112f90           112f90       9b     1                 InputBuffer::allpop(char*)
          113030           113030       89     1                 GetString(char*)
          1130c0           1130c0       27    16         input.o:(.text._ZN11InputBuffer7isInputEv)
          1130c0           1130c0       27     1                 InputBuffer::isInput()
          1130f0           1130f0      187    16         command.o:(.text)
          1130f0           1130f0      187     1                 command(char*)
          113280           113280       2b    16         command.o:(.text.startup)
          113280           113280       1a     1                 __cxx_global_var_init
          1132a0           1132a0        b     1                 _GLOBAL__sub_I_command.cpp
          1132b0           1132b0      26e    16         ../lib/libc.a(libc_a-strtol.o):(.text)
          1132b0           1132b0      1bd     1                 _strtol_l.part.0
          113470           113470       2e     1                 _strtol_r
          1134a0           1134a0       3e     1                 strtol_l
          1134e0           1134e0       3e     1                 strtol
          113520           113520      68e    16         memory_manager.o:(.text)
          113520           113520       4f     1                 BitmapMemoryManager::BitmapMemoryManager()
          113520           113520       4f     1                 BitmapMemoryManager::BitmapMemoryManager()
          113570           113570      15d     1                 BitmapMemoryManager::Allocate(unsigned long)
          1136d0           1136d0       6e     1                 BitmapMemoryManager::GetBit(FrameID) const
          113740           113740       74     1                 BitmapMemoryManager::MarkAllocated(FrameID, unsigned long)
          1137c0           1137c0       90     1                 BitmapMemoryManager::Free(FrameID, unsigned long)
          113850           113850       a8     1                 BitmapMemoryManager::SetBit(FrameID, bool)
          113900           113900       34     1                 BitmapMemoryManager::SetMemoryRange(FrameID, FrameID)
          113940           113940       48     1                 BitmapMemoryManager::IsAvailable(unsigned long)
          113990           113990      167     1                 InitializeMemoryManager(BitmapMemoryManager*, MemoryMap*)
          113b00           113b00       ae     1                 InitializeHeap(BitmapMemoryManager&)
          113bb0           113bb0       2b    16         memory_manager.o:(.text.startup)
          113bb0           113bb0       1a     1                 __cxx_global_var_init
          113bd0           113bd0        b     1                 _GLOBAL__sub_I_memory_manager.cpp
          113be0           113be0       16    16         memory_manager.o:(.text._ZNK7FrameID2IDEv)
          113be0           113be0       16     1                 FrameID::ID() const
          113c00           113c00       33    16         memory_manager.o:(.text._ZN5ErrorC2ENS_4CodeEPKci)
          113c00           113c00       33     1                 Error::Error(Error::Code, char const*, int)
          113c40           113c40       27    16         memory_manager.o:(.text._Z16AddressToFrameIDm)
          113c40           113c40       27     1                 AddressToFrameID(unsigned long)
          113c70           113c70       25    16         memory_manager.o:(.text._ZNKSt3__15arrayImLm524288EEixEm)
          113c70           113c70       25     1                 std::__1::array<unsigned long, 524288ul>::operator[](unsigned long) const
          113ca0           113ca0       25    16         memory_manager.o:(.text._ZNSt3__15arrayImLm524288EEixEm)
          113ca0           113ca0       25     1                 std::__1::array<unsigned long, 524288ul>::operator[](unsigned long)
          113cd0           113cd0       3e    16         memory_manager.o:(.text._Z11IsAvailable10MemoryType)
          113cd0           113cd0       3e     1                 IsAvailable(MemoryType)
          114d10           114d10       a0    16 .data.rel.ro
          114d10           114d10       a0    16         kernel.o:(.data.rel.ro)
          114db0           114db0       20     8 .init_array
          114db0           114db0        8     8         kernel.o:(.init_array)
          114db8           114db8        8     8         ../lib/libc.a(libc_a-stack_protector.o):(.init_array)
          114dc0           114dc0        8     8         command.o:(.init_array)
          114dc8           114dc8        8     8         memory_manager.o:(.init_array)
          114de0           114de0      cb0    32 .data
          114de0           114de0        0     1         ../lib/libc.a(libc_a-strcpy.o):(.data)
          114de0           114de0        0     1         ../lib/libc.a(libc_a-strcat.o):(.data)
          114de0           114de0        0     1         ../lib/libc.a(libc_a-strlen.o):(.data)
          114de0           114de0        0     1         ../lib/libc.a(libc_a-vsprintf.o):(.data)
          114de0           114de0        0     1         ../lib/libc.a(libc_a-impure.o):(.data)
          114de0           114de0        8     8         ../lib/libc.a(libc_a-impure.o):(.data.rel.local)
          114de0           114de0        8     1                 _impure_ptr
          114e00           114e00      158    32         ../lib/libc.a(libc_a-impure.o):(.data.rel)
          114e00           114e00      158     1                 _impure_data
          114f58           114f58        0     1         ../lib/libc.a(libc_a-findfp.o):(.data)
          114f60           114f60       18    16         ../lib/libc.a(libc_a-findfp.o):(.data.rel.local)
          114f60           114f60       18     1                 __sglue
          114f78           114f78        0     1         ../lib/libc.a(libc_a-fclose.o):(.data)
          114f78           114f78        0     1         ../lib/libc.a(libc_a-fflush.o):(.data)
          114f78           114f78        0     1         ../lib/libc.a(libc_a-freer.o):(.data)
          114f78           114f78        0     1         ../lib/libc.a(libc_a-mlock.o):(.data)
          114f78           114f78       10     8         ../lib/libc.a(libc_a-mallocr.o):(.data)
          114f78           114f78        8     1                 __malloc_sbrk_base
          114f80           114f80        8     1                 __malloc_trim_threshold
          114fa0           114fa0      810    32         ../lib/libc.a(libc_a-mallocr.o):(.data.rel.local)
          114fa0           114fa0      810     1                 __malloc_av_
          1157b0           1157b0        0     1         ../lib/libc.a(libc_a-sbrkr.o):(.data)
          1157b0           1157b0        0     1         ../lib/libc.a(libc_a-reent.o):(.data)
          1157b0           1157b0        0     1         ../lib/libc.a(libc_a-fwalk.o):(.data)
          1157b0           1157b0        0     1         ../lib/libc.a(libc_a-memset.o):(.data)
          1157b0           1157b0        0     1         ../lib/libc.a(libc_a-stdio.o):(.data)
          1157b0           1157b0        0     1         ../lib/libc.a(libc_a-readr.o):(.data)
          1157b0           1157b0        0     1         ../lib/libc.a(libc_a-writer.o):(.data)
          1157b0           1157b0        0     1         ../lib/libc.a(libc_a-lseekr.o):(.data)
          1157b0           1157b0        0     1         ../lib/libc.a(libc_a-closer.o):(.data)
          1157b0           1157b0        0     1         ../lib/libc.a(libc_a-svfprintf.o):(.data)
          1157b0           1157b0        0     1         ../lib/libc.a(libc_a-localeconv.o):(.data)
          1157b0           1157b0        0     1         ../lib/libc.a(libc_a-locale.o):(.data)
          1157c0           1157c0      1a8    32         ../lib/libc.a(libc_a-locale.o):(.data.rel)
          1157c0           1157c0      1a8     1                 __global_locale
          115968           115968        0     1         ../lib/libc.a(libc_a-strcmp.o):(.data)
          115968           115968        0     1         ../lib/libc.a(libc_a-wctomb_r.o):(.data)
          115968           115968        0     1         ../lib/libc.a(libc_a-mbtowc_r.o):(.data)
          115968           115968        0     1         ../lib/libc.a(libc_a-stack_protector.o):(.data)
          115968           115968        0     1         ../lib/libc.a(libc_a-signal.o):(.data)
          115968           115968        0     1         ../lib/libc.a(libc_a-signalr.o):(.data)
          115968           115968        0     1         ../lib/libc.a(libc_a-ctype_.o):(.data)
          115968           115968        0     1         ../lib/libc.a(libc_a-svfiprintf.o):(.data)
          115968           115968        0     1         ../lib/libc.a(libc_a-memmove.o):(.data)
          115968           115968        0     1         ../lib/libc.a(libc_a-memcpy.o):(.data)
          115968           115968        0     1         ../lib/libc.a(libc_a-reallocr.o):(.data)
          115968           115968        0     1         ../lib/libc.a(libc_a-memchr.o):(.data)
          115968           115968        0     1         ../lib/libc.a(libc_a-dtoa.o):(.data)
          115968           115968        0     1         ../lib/libc.a(libc_a-mprec.o):(.data)
          115968           115968        0     1         ../lib/libc.a(libc_a-callocr.o):(.data)
          115968           115968        0     1         ../lib/libc.a(libc_a-errno.o):(.data)
          115968           115968        0     1         ../lib/libc.a(libc_a-assert.o):(.data)
          115968           115968        0     1         ../lib/libc.a(libc_a-fiprintf.o):(.data)
          115968           115968        0     1         ../lib/libc.a(libc_a-vfiprintf.o):(.data)
          115968           115968        0     1         ../lib/libc.a(libc_a-fputwc.o):(.data)
          115968           115968        0     1         ../lib/libc.a(libc_a-wcrtomb.o):(.data)
          115968           115968        0     1         ../lib/libc.a(libc_a-wbuf.o):(.data)
          115968           115968        0     1         ../lib/libc.a(libc_a-wsetup.o):(.data)
          115968           115968        0     1         ../lib/libc.a(libc_a-makebuf.o):(.data)
          115968           115968        0     1         ../lib/libc.a(libc_a-fstatr.o):(.data)
          115968           115968        0     1         ../lib/libc.a(libc_a-isattyr.o):(.data)
          115968           115968        0     1         ../lib/libc.a(libc_a-fvwrite.o):(.data)
          115968           115968        0     1         ../lib/libc.a(libc_a-abort.o):(.data)
          115968           115968        0     1         ../lib/libc.a(libc_a-sprintf.o):(.data)
          115968           115968        0     1         newlib.o:(.data)
          115970           115970       18    16         segment.o:(.data)
          115970           115970       18     1                 gdt
          115988           115988        8     4         interrupt.o:(.data)
          115988           115988        8     1                 InterruptMessagePosition
          115990           115990      100    16         keyboard.o:(.data)
          115990           115990      100     1                 keycode
          115a90           115a90        0     1         ../lib/libc.a(libc_a-strtol.o):(.data)
          115a90           115a90       18     8 .got.plt
          115a90           115a90       18     8         <internal>:(.got.plt)
          116000           116000   549010  4096 .bss
          116000           116000   500428    16         kernel.o:(.bss)
          116000           116000        8     1                 kNullFrame
          116010           116010   100000     1                 kernel_main_stack
          216010           216010      400     1                 Input_Buffer
          216410           216410   400010     1                 memory_manager_buf
          616420           616420        8     1                 memory_manager
          616430           616430     5434    16         frame.o:(.bss)
          616430           616430        8     1                 vinfo
          616438           616438        8     1                 ascii_font
          616440           616440        4     1                 line_queue_head
          616444           616444        4     1                 line_queue_end
          616448           616448        4     1                 max_line
          616450           616450     4e20     1                 line_queue
          61b270           61b270        4     1                 Print::y
          61b280           61b280      3e8     1                 Print::line
          61b668           61b668        4     1                 Print::debug
          61b670           61b670      1f4     1                 Printf::str_for_Printf
          61b864           61b864        0     1         ../lib/libc.a(libc_a-strcpy.o):(.bss)
          61b864           61b864        0     1         ../lib/libc.a(libc_a-strcat.o):(.bss)
          61b864           61b864        0     1         ../lib/libc.a(libc_a-strlen.o):(.bss)
          61b864           61b864        0     1         ../lib/libc.a(libc_a-vsprintf.o):(.bss)
          61b864           61b864        0     1         ../lib/libc.a(libc_a-impure.o):(.bss)
          61b880           61b880      218    32         ../lib/libc.a(libc_a-findfp.o):(.bss)
          61b880           61b880      210     1                 __sf
          61ba90           61ba90        8     1                 __stdio_exit_handler
          61ba98           61ba98        0     1         ../lib/libc.a(libc_a-fclose.o):(.bss)
          61ba98           61ba98        0     1         ../lib/libc.a(libc_a-fflush.o):(.bss)
          61ba98           61ba98        0     1         ../lib/libc.a(libc_a-freer.o):(.bss)
          61ba98           61ba98        0     1         ../lib/libc.a(libc_a-mlock.o):(.bss)
          61baa0           61baa0       40    32         ../lib/libc.a(libc_a-mallocr.o):(.bss)
          61baa0           61baa0       28     1                 __malloc_current_mallinfo
          61bac8           61bac8        8     1                 __malloc_max_total_mem
          61bad0           61bad0        8     1                 __malloc_max_sbrked_mem
          61bad8           61bad8        8     1                 __malloc_top_pad
          61bae0           61bae0        0     1         ../lib/libc.a(libc_a-sbrkr.o):(.bss)
          61bae0           61bae0        4     4         ../lib/libc.a(libc_a-reent.o):(.bss)
          61bae0           61bae0        4     1                 errno
          61bae4           61bae4        0     1         ../lib/libc.a(libc_a-fwalk.o):(.bss)
          61bae4           61bae4        0     1         ../lib/libc.a(libc_a-memset.o):(.bss)
          61bae4           61bae4        0     1         ../lib/libc.a(libc_a-stdio.o):(.bss)
          61bae4           61bae4        0     1         ../lib/libc.a(libc_a-readr.o):(.bss)
          61bae4           61bae4        0     1         ../lib/libc.a(libc_a-writer.o):(.bss)
          61bae4           61bae4        0     1         ../lib/libc.a(libc_a-lseekr.o):(.bss)
          61bae4           61bae4        0     1         ../lib/libc.a(libc_a-closer.o):(.bss)
          61bae4           61bae4        0     1         ../lib/libc.a(libc_a-svfprintf.o):(.bss)
          61bae4           61bae4        0     1         ../lib/libc.a(libc_a-localeconv.o):(.bss)
          61bae8           61bae8        8     8         ../lib/libc.a(libc_a-locale.o):(.bss)
          61bae8           61bae8        8     1                 _PathLocale
          61baf0           61baf0        0     1         ../lib/libc.a(libc_a-strcmp.o):(.bss)
          61baf0           61baf0        0     1         ../lib/libc.a(libc_a-wctomb_r.o):(.bss)
          61baf0           61baf0        0     1         ../lib/libc.a(libc_a-mbtowc_r.o):(.bss)
          61baf0           61baf0        8     8         ../lib/libc.a(libc_a-stack_protector.o):(.bss)
          61baf0           61baf0        8     1                 __stack_chk_guard
          61baf8           61baf8        0     1         ../lib/libc.a(libc_a-signal.o):(.bss)
          61baf8           61baf8        0     1         ../lib/libc.a(libc_a-signalr.o):(.bss)
          61baf8           61baf8        0     1         ../lib/libc.a(libc_a-ctype_.o):(.bss)
          61baf8           61baf8        0     1         ../lib/libc.a(libc_a-svfiprintf.o):(.bss)
          61baf8           61baf8        0     1         ../lib/libc.a(libc_a-memmove.o):(.bss)
          61baf8           61baf8        0     1         ../lib/libc.a(libc_a-memcpy.o):(.bss)
          61baf8           61baf8        0     1         ../lib/libc.a(libc_a-reallocr.o):(.bss)
          61baf8           61baf8        0     1         ../lib/libc.a(libc_a-memchr.o):(.bss)
          61baf8           61baf8        0     1         ../lib/libc.a(libc_a-dtoa.o):(.bss)
          61baf8           61baf8        0     1         ../lib/libc.a(libc_a-mprec.o):(.bss)
          61baf8           61baf8        0     1         ../lib/libc.a(libc_a-callocr.o):(.bss)
          61baf8           61baf8        0     1         ../lib/libc.a(libc_a-errno.o):(.bss)
          61baf8           61baf8        0     1         ../lib/libc.a(libc_a-assert.o):(.bss)
          61baf8           61baf8        0     1         ../lib/libc.a(libc_a-fiprintf.o):(.bss)
          61baf8           61baf8        0     1         ../lib/libc.a(libc_a-vfiprintf.o):(.bss)
          61baf8           61baf8        0     1         ../lib/libc.a(libc_a-fputwc.o):(.bss)
          61baf8           61baf8        0     1         ../lib/libc.a(libc_a-wcrtomb.o):(.bss)
          61baf8           61baf8        0     1         ../lib/libc.a(libc_a-wbuf.o):(.bss)
          61baf8           61baf8        0     1         ../lib/libc.a(libc_a-wsetup.o):(.bss)
          61baf8           61baf8        0     1         ../lib/libc.a(libc_a-makebuf.o):(.bss)
          61baf8           61baf8        0     1         ../lib/libc.a(libc_a-fstatr.o):(.bss)
          61baf8           61baf8        0     1         ../lib/libc.a(libc_a-isattyr.o):(.bss)
          61baf8           61baf8        0     1         ../lib/libc.a(libc_a-fvwrite.o):(.bss)
          61baf8           61baf8        0     1         ../lib/libc.a(libc_a-abort.o):(.bss)
          61baf8           61baf8        0     1         ../lib/libc.a(libc_a-sprintf.o):(.bss)
          61bb00           61bb00       f0    16         pci.o:(.bss)
          61bb00           61bb00        4     1                 num_device
          61bb04           61bb04        4     1                 invdev
          61bb10           61bb10       e0     1                 devices
          61bbf0           61bbf0        8     8         memory_map.o:(.bss)
          61bbf0           61bbf0        8     1                 mmap
          61bbf8           61bbf8       10     8         newlib.o:(.bss)
          61bbf8           61bbf8        8     1                 program_break
          61bc00           61bc00        8     1                 program_break_end
          61bc10           61bc10     1001    16         interrupt.o:(.bss)
          61bc10           61bc10     1000     1                 idt
          61cc10           61cc10        1     1                 KeyboardInterrupt(InterruptFrame*)::isShift
          61d000           61d000    42000  4096         paging.o:(.bss)
          61d000           61d000     1000     1                 (anonymous namespace)::pdp_table
          61e000           61e000     1000     1                 (anonymous namespace)::pml4_table
          61f000           61f000    40000     1                 (anonymous namespace)::page_directory
          65f000           65f000        8     8         command.o:(.bss)
          65f000           65f000        8     1                 kNullFrame
          65f008           65f008        0     1         ../lib/libc.a(libc_a-strtol.o):(.bss)
          65f008           65f008        8     8         memory_manager.o:(.bss)
          65f008           65f008        8     1                 kNullFrame
               0                0     8a80     1 .debug_abbrev
               0                0      474     1         kernel.o:(.debug_abbrev)
             474              474      1b6     1         frame.o:(.debug_abbrev)
             62a              62a       97     1         ../lib/libc.a(libc_a-strcpy.o):(.debug_abbrev)
             6c1              6c1       ce     1         ../lib/libc.a(libc_a-strcat.o):(.debug_abbrev)
             78f              78f       90     1         ../lib/libc.a(libc_a-strlen.o):(.debug_abbrev)
             81f              81f      2aa     1         ../lib/libc.a(libc_a-vsprintf.o):(.debug_abbrev)
             ac9              ac9      18d     1         ../lib/libc.a(libc_a-impure.o):(.debug_abbrev)
             c56              c56      44d     1         ../lib/libc.a(libc_a-findfp.o):(.debug_abbrev)
            10a3             10a3      2ed     1         ../lib/libc.a(libc_a-fclose.o):(.debug_abbrev)
            1390             1390      333     1         ../lib/libc.a(libc_a-fflush.o):(.debug_abbrev)
            16c3             16c3      290     1         ../lib/libc.a(libc_a-freer.o):(.debug_abbrev)
            1953             1953      1ce     1         ../lib/libc.a(libc_a-mlock.o):(.debug_abbrev)
            1b21             1b21      2d7     1         ../lib/libc.a(libc_a-mallocr.o):(.debug_abbrev)
            1df8             1df8      202     1         ../lib/libc.a(libc_a-sbrkr.o):(.debug_abbrev)
            1ffa             1ffa      230     1         ../lib/libc.a(libc_a-reent.o):(.debug_abbrev)
            222a             222a      1d9     1         ../lib/libc.a(libc_a-fwalk.o):(.debug_abbrev)
            2403             2403       14     1         ../lib/libc.a(libc_a-memset.o):(.debug_abbrev)
            2417             2417      24f     1         ../lib/libc.a(libc_a-stdio.o):(.debug_abbrev)
            2666             2666      1ec     1         ../lib/libc.a(libc_a-readr.o):(.debug_abbrev)
            2852             2852      1f1     1         ../lib/libc.a(libc_a-writer.o):(.debug_abbrev)
            2a43             2a43      200     1         ../lib/libc.a(libc_a-lseekr.o):(.debug_abbrev)
            2c43             2c43      1ec     1         ../lib/libc.a(libc_a-closer.o):(.debug_abbrev)
            2e2f             2e2f      404     1         ../lib/libc.a(libc_a-svfprintf.o):(.debug_abbrev)
            3233             3233      264     1         ../lib/libc.a(libc_a-localeconv.o):(.debug_abbrev)
            3497             3497      2f4     1         ../lib/libc.a(libc_a-locale.o):(.debug_abbrev)
            378b             378b       83     1         ../lib/libc.a(libc_a-strcmp.o):(.debug_abbrev)
            380e             380e      253     1         ../lib/libc.a(libc_a-wctomb_r.o):(.debug_abbrev)
            3a61             3a61      25e     1         ../lib/libc.a(libc_a-mbtowc_r.o):(.debug_abbrev)
            3cbf             3cbf      133     1         ../lib/libc.a(libc_a-stack_protector.o):(.debug_abbrev)
            3df2             3df2      315     1         ../lib/libc.a(libc_a-signal.o):(.debug_abbrev)
            4107             4107      239     1         ../lib/libc.a(libc_a-signalr.o):(.debug_abbrev)
            4340             4340       69     1         ../lib/libc.a(libc_a-ctype_.o):(.debug_abbrev)
            43a9             43a9      329     1         ../lib/libc.a(libc_a-svfiprintf.o):(.debug_abbrev)
            46d2             46d2       b2     1         ../lib/libc.a(libc_a-memmove.o):(.debug_abbrev)
            4784             4784       14     1         ../lib/libc.a(libc_a-memcpy.o):(.debug_abbrev)
            4798             4798      29a     1         ../lib/libc.a(libc_a-reallocr.o):(.debug_abbrev)
            4a32             4a32       c7     1         ../lib/libc.a(libc_a-memchr.o):(.debug_abbrev)
            4af9             4af9      346     1         ../lib/libc.a(libc_a-dtoa.o):(.debug_abbrev)
            4e3f             4e3f      4ef     1         ../lib/libc.a(libc_a-mprec.o):(.debug_abbrev)
            532e             532e      25b     1         ../lib/libc.a(libc_a-callocr.o):(.debug_abbrev)
            5589             5589      19a     1         ../lib/libc.a(libc_a-errno.o):(.debug_abbrev)
            5723             5723      226     1         ../lib/libc.a(libc_a-assert.o):(.debug_abbrev)
            5949             5949      24b     1         ../lib/libc.a(libc_a-fiprintf.o):(.debug_abbrev)
            5b94             5b94      45e     1         ../lib/libc.a(libc_a-vfiprintf.o):(.debug_abbrev)
            5ff2             5ff2      363     1         ../lib/libc.a(libc_a-fputwc.o):(.debug_abbrev)
            6355             6355      25d     1         ../lib/libc.a(libc_a-wcrtomb.o):(.debug_abbrev)
            65b2             65b2      272     1         ../lib/libc.a(libc_a-wbuf.o):(.debug_abbrev)
            6824             6824      21e     1         ../lib/libc.a(libc_a-wsetup.o):(.debug_abbrev)
            6a42             6a42      2fb     1         ../lib/libc.a(libc_a-makebuf.o):(.debug_abbrev)
            6d3d             6d3d      1ff     1         ../lib/libc.a(libc_a-fstatr.o):(.debug_abbrev)
            6f3c             6f3c      1ec     1         ../lib/libc.a(libc_a-isattyr.o):(.debug_abbrev)
            7128             7128      254     1         ../lib/libc.a(libc_a-fvwrite.o):(.debug_abbrev)
            737c             737c       99     1         ../lib/libc.a(libc_a-abort.o):(.debug_abbrev)
            7415             7415      251     1         ../lib/libc.a(libc_a-sprintf.o):(.debug_abbrev)
            7666             7666      108     1         pci.o:(.debug_abbrev)
            776e             776e       f3     1         memory_map.o:(.debug_abbrev)
            7861             7861      193     1         newlib.o:(.debug_abbrev)
            79f4             79f4       f8     1         segment.o:(.debug_abbrev)
            7aec             7aec      145     1         interrupt.o:(.debug_abbrev)
            7c31             7c31      23c     1         paging.o:(.debug_abbrev)
            7e6d             7e6d       7c     1         keyboard.o:(.debug_abbrev)
            7ee9             7ee9       cf     1         input.o:(.debug_abbrev)
            7fb8             7fb8      2e8     1         command.o:(.debug_abbrev)
            82a0             82a0      324     1         ../lib/libc.a(libc_a-strtol.o):(.debug_abbrev)
            85c4             85c4      4bc     1         memory_manager.o:(.debug_abbrev)
               0                0    264f4     1 .debug_info
               0                0     1663     1         kernel.o:(.debug_info)
            1663             1663      696     1         frame.o:(.debug_info)
            1cf9             1cf9      136     1         ../lib/libc.a(libc_a-strcpy.o):(.debug_info)
            1e2f             1e2f      14c     1         ../lib/libc.a(libc_a-strcat.o):(.debug_info)
            1f7b             1f7b       fb     1         ../lib/libc.a(libc_a-strlen.o):(.debug_info)
            2076             2076      963     1         ../lib/libc.a(libc_a-vsprintf.o):(.debug_info)
            29d9             29d9      732     1         ../lib/libc.a(libc_a-impure.o):(.debug_info)
            310b             310b      f8c     1         ../lib/libc.a(libc_a-findfp.o):(.debug_info)
            4097             4097      91d     1         ../lib/libc.a(libc_a-fclose.o):(.debug_info)
            49b4             49b4      aaf     1         ../lib/libc.a(libc_a-fflush.o):(.debug_info)
            5463             5463      b73     1         ../lib/libc.a(libc_a-freer.o):(.debug_info)
            5fd6             5fd6      749     1         ../lib/libc.a(libc_a-mlock.o):(.debug_info)
            671f             671f      d17     1         ../lib/libc.a(libc_a-mallocr.o):(.debug_info)
            7436             7436      79c     1         ../lib/libc.a(libc_a-sbrkr.o):(.debug_info)
            7bd2             7bd2      823     1         ../lib/libc.a(libc_a-reent.o):(.debug_info)
            83f5             83f5      7f6     1         ../lib/libc.a(libc_a-fwalk.o):(.debug_info)
            8beb             8beb       29     1         ../lib/libc.a(libc_a-memset.o):(.debug_info)
            8c14             8c14      aaf     1         ../lib/libc.a(libc_a-stdio.o):(.debug_info)
            96c3             96c3      7d3     1         ../lib/libc.a(libc_a-readr.o):(.debug_info)
            9e96             9e96      7d9     1         ../lib/libc.a(libc_a-writer.o):(.debug_info)
            a66f             a66f      7d4     1         ../lib/libc.a(libc_a-lseekr.o):(.debug_info)
            ae43             ae43      77d     1         ../lib/libc.a(libc_a-closer.o):(.debug_info)
            b5c0             b5c0     185b     1         ../lib/libc.a(libc_a-svfprintf.o):(.debug_info)
            ce1b             ce1b      a40     1         ../lib/libc.a(libc_a-localeconv.o):(.debug_info)
            d85b             d85b      cc4     1         ../lib/libc.a(libc_a-locale.o):(.debug_info)
            e51f             e51f       fb     1         ../lib/libc.a(libc_a-strcmp.o):(.debug_info)
            e61a             e61a      a7b     1         ../lib/libc.a(libc_a-wctomb_r.o):(.debug_info)
            f095             f095      aef     1         ../lib/libc.a(libc_a-mbtowc_r.o):(.debug_info)
            fb84             fb84      20c     1         ../lib/libc.a(libc_a-stack_protector.o):(.debug_info)
            fd90             fd90      ef1     1         ../lib/libc.a(libc_a-signal.o):(.debug_info)
           10c81            10c81      810     1         ../lib/libc.a(libc_a-signalr.o):(.debug_info)
           11491            11491       f6     1         ../lib/libc.a(libc_a-ctype_.o):(.debug_info)
           11587            11587     124f     1         ../lib/libc.a(libc_a-svfiprintf.o):(.debug_info)
           127d6            127d6      15d     1         ../lib/libc.a(libc_a-memmove.o):(.debug_info)
           12933            12933       29     1         ../lib/libc.a(libc_a-memcpy.o):(.debug_info)
           1295c            1295c      bfa     1         ../lib/libc.a(libc_a-reallocr.o):(.debug_info)
           13556            13556      15a     1         ../lib/libc.a(libc_a-memchr.o):(.debug_info)
           136b0            136b0     170e     1         ../lib/libc.a(libc_a-dtoa.o):(.debug_info)
           14dbe            14dbe     200f     1         ../lib/libc.a(libc_a-mprec.o):(.debug_info)
           16dcd            16dcd      8e7     1         ../lib/libc.a(libc_a-callocr.o):(.debug_info)
           176b4            176b4      71e     1         ../lib/libc.a(libc_a-errno.o):(.debug_info)
           17dd2            17dd2      84b     1         ../lib/libc.a(libc_a-assert.o):(.debug_info)
           1861d            1861d      8df     1         ../lib/libc.a(libc_a-fiprintf.o):(.debug_info)
           18efc            18efc     194f     1         ../lib/libc.a(libc_a-vfiprintf.o):(.debug_info)
           1a84b            1a84b      a7d     1         ../lib/libc.a(libc_a-fputwc.o):(.debug_info)
           1b2c8            1b2c8      b79     1         ../lib/libc.a(libc_a-wcrtomb.o):(.debug_info)
           1be41            1be41      89f     1         ../lib/libc.a(libc_a-wbuf.o):(.debug_info)
           1c6e0            1c6e0      7ea     1         ../lib/libc.a(libc_a-wsetup.o):(.debug_info)
           1ceca            1ceca      c71     1         ../lib/libc.a(libc_a-makebuf.o):(.debug_info)
           1db3b            1db3b      990     1         ../lib/libc.a(libc_a-fstatr.o):(.debug_info)
           1e4cb            1e4cb      77d     1         ../lib/libc.a(libc_a-isattyr.o):(.debug_info)
           1ec48            1ec48      bae     1         ../lib/libc.a(libc_a-fvwrite.o):(.debug_info)
           1f7f6            1f7f6       f0     1         ../lib/libc.a(libc_a-abort.o):(.debug_info)
           1f8e6            1f8e6      91a     1         ../lib/libc.a(libc_a-sprintf.o):(.debug_info)
           20200            20200      487     1         pci.o:(.debug_info)
           20687            20687      1bb     1         memory_map.o:(.debug_info)
           20842            20842      56a     1         newlib.o:(.debug_info)
           20dac            20dac      227     1         segment.o:(.debug_info)
           20fd3            20fd3      351     1         interrupt.o:(.debug_info)
           21324            21324      f40     1         paging.o:(.debug_info)
           22264            22264       67     1         keyboard.o:(.debug_info)
           222cb            222cb      19a     1         input.o:(.debug_info)
           22465            22465     12e5     1         command.o:(.debug_info)
           2374a            2374a      ed2     1         ../lib/libc.a(libc_a-strtol.o):(.debug_info)
           2461c            2461c     1ed8     1         memory_manager.o:(.debug_info)
               0                0      825     1 .debug_rnglists
               0                0       43     1         kernel.o:(.debug_rnglists)
              43               43       20     1         frame.o:(.debug_rnglists)
              63               63       6b     1         ../lib/libc.a(libc_a-findfp.o):(.debug_rnglists)
              ce               ce       1f     1         ../lib/libc.a(libc_a-fclose.o):(.debug_rnglists)
              ed               ed       54     1         ../lib/libc.a(libc_a-fflush.o):(.debug_rnglists)
             141              141       3a     1         ../lib/libc.a(libc_a-mallocr.o):(.debug_rnglists)
             17b              17b       f8     1         ../lib/libc.a(libc_a-svfprintf.o):(.debug_rnglists)
             273              273       21     1         ../lib/libc.a(libc_a-locale.o):(.debug_rnglists)
             294              294       22     1         ../lib/libc.a(libc_a-stack_protector.o):(.debug_rnglists)
             2b6              2b6       b6     1         ../lib/libc.a(libc_a-signal.o):(.debug_rnglists)
             36c              36c       36     1         ../lib/libc.a(libc_a-svfiprintf.o):(.debug_rnglists)
             3a2              3a2       a4     1         ../lib/libc.a(libc_a-reallocr.o):(.debug_rnglists)
             446              446       31     1         ../lib/libc.a(libc_a-dtoa.o):(.debug_rnglists)
             477              477       b9     1         ../lib/libc.a(libc_a-mprec.o):(.debug_rnglists)
             530              530       24     1         ../lib/libc.a(libc_a-callocr.o):(.debug_rnglists)
             554              554       cd     1         ../lib/libc.a(libc_a-vfiprintf.o):(.debug_rnglists)
             621              621       32     1         ../lib/libc.a(libc_a-fputwc.o):(.debug_rnglists)
             653              653       18     1         ../lib/libc.a(libc_a-wbuf.o):(.debug_rnglists)
             66b              66b       18     1         ../lib/libc.a(libc_a-wsetup.o):(.debug_rnglists)
             683              683       23     1         ../lib/libc.a(libc_a-makebuf.o):(.debug_rnglists)
             6a6              6a6       30     1         ../lib/libc.a(libc_a-fvwrite.o):(.debug_rnglists)
             6d6              6d6       57     1         pci.o:(.debug_rnglists)
             72d              72d       23     1         interrupt.o:(.debug_rnglists)
             750              750       1e     1         paging.o:(.debug_rnglists)
             76e              76e       18     1         input.o:(.debug_rnglists)
             786              786       26     1         command.o:(.debug_rnglists)
             7ac              7ac       2d     1         ../lib/libc.a(libc_a-strtol.o):(.debug_rnglists)
             7d9              7d9       4c     1         memory_manager.o:(.debug_rnglists)
               0                0     1c24     1 .debug_str_offsets
               0                0      5a0     1         kernel.o:(.debug_str_offsets)
             5a0              5a0      1e0     1         frame.o:(.debug_str_offsets)
             780              780      12c     1         pci.o:(.debug_str_offsets)
             8ac              8ac       b8     1         memory_map.o:(.debug_str_offsets)
             964              964       e4     1         segment.o:(.debug_str_offsets)
             a48              a48      154     1         interrupt.o:(.debug_str_offsets)
             b9c              b9c      3d0     1         paging.o:(.debug_str_offsets)
             f6c              f6c       30     1         keyboard.o:(.debug_str_offsets)
             f9c              f9c       6c     1         input.o:(.debug_str_offsets)
            1008             1008      460     1         command.o:(.debug_str_offsets)
            1468             1468      7bc     1         memory_manager.o:(.debug_str_offsets)
               0                0     4cb1     1 .debug_str
               0                0     4cb1     1         <internal>:(.debug_str)
               0                0      500     1 .debug_addr
               0                0       90     1         kernel.o:(.debug_addr)
              90               90      100     1         frame.o:(.debug_addr)
             190              190       c0     1         pci.o:(.debug_addr)
             250              250       28     1         memory_map.o:(.debug_addr)
             278              278       30     1         segment.o:(.debug_addr)
             2a8              2a8       80     1         interrupt.o:(.debug_addr)
             328              328       50     1         paging.o:(.debug_addr)
             378              378       20     1         keyboard.o:(.debug_addr)
             398              398       40     1         input.o:(.debug_addr)
             3d8              3d8       40     1         command.o:(.debug_addr)
             418              418       e8     1         memory_manager.o:(.debug_addr)
               0                0       6b     1 .comment
               0                0       6b     1         <internal>:(.comment)
               0                0     ccf8     1 .debug_line
               0                0      2af     1         kernel.o:(.debug_line)
             2af              2af      6f8     1         frame.o:(.debug_line)
             9a7              9a7       cf     1         ../lib/libc.a(libc_a-strcpy.o):(.debug_line)
             a76              a76       a7     1         ../lib/libc.a(libc_a-strcat.o):(.debug_line)
             b1d              b1d       bc     1         ../lib/libc.a(libc_a-strlen.o):(.debug_line)
             bd9              bd9      117     1         ../lib/libc.a(libc_a-vsprintf.o):(.debug_line)
             cf0              cf0       56     1         ../lib/libc.a(libc_a-impure.o):(.debug_line)
             d46              d46      415     1         ../lib/libc.a(libc_a-findfp.o):(.debug_line)
            115b             115b      15c     1         ../lib/libc.a(libc_a-fclose.o):(.debug_line)
            12b7             12b7      38b     1         ../lib/libc.a(libc_a-fflush.o):(.debug_line)
            1642             1642      460     1         ../lib/libc.a(libc_a-freer.o):(.debug_line)
            1aa2             1aa2       74     1         ../lib/libc.a(libc_a-mlock.o):(.debug_line)
            1b16             1b16      76f     1         ../lib/libc.a(libc_a-mallocr.o):(.debug_line)
            2285             2285       a9     1         ../lib/libc.a(libc_a-sbrkr.o):(.debug_line)
            232e             232e      11b     1         ../lib/libc.a(libc_a-reent.o):(.debug_line)
            2449             2449       df     1         ../lib/libc.a(libc_a-fwalk.o):(.debug_line)
            2528             2528       82     1         ../lib/libc.a(libc_a-memset.o):(.debug_line)
            25aa             25aa      15f     1         ../lib/libc.a(libc_a-stdio.o):(.debug_line)
            2709             2709       b4     1         ../lib/libc.a(libc_a-readr.o):(.debug_line)
            27bd             27bd       b4     1         ../lib/libc.a(libc_a-writer.o):(.debug_line)
            2871             2871       b6     1         ../lib/libc.a(libc_a-lseekr.o):(.debug_line)
            2927             2927       ad     1         ../lib/libc.a(libc_a-closer.o):(.debug_line)
            29d4             29d4     1746     1         ../lib/libc.a(libc_a-svfprintf.o):(.debug_line)
            411a             411a       a7     1         ../lib/libc.a(libc_a-localeconv.o):(.debug_line)
            41c1             41c1      161     1         ../lib/libc.a(libc_a-locale.o):(.debug_line)
            4322             4322       d7     1         ../lib/libc.a(libc_a-strcmp.o):(.debug_line)
            43f9             43f9       d9     1         ../lib/libc.a(libc_a-wctomb_r.o):(.debug_line)
            44d2             44d2       db     1         ../lib/libc.a(libc_a-mbtowc_r.o):(.debug_line)
            45ad             45ad       d2     1         ../lib/libc.a(libc_a-stack_protector.o):(.debug_line)
            467f             467f      581     1         ../lib/libc.a(libc_a-signal.o):(.debug_line)
            4c00             4c00       c6     1         ../lib/libc.a(libc_a-signalr.o):(.debug_line)
            4cc6             4cc6       48     1         ../lib/libc.a(libc_a-ctype_.o):(.debug_line)
            4d0e             4d0e      dfa     1         ../lib/libc.a(libc_a-svfiprintf.o):(.debug_line)
            5b08             5b08      15e     1         ../lib/libc.a(libc_a-memmove.o):(.debug_line)
            5c66             5c66       97     1         ../lib/libc.a(libc_a-memcpy.o):(.debug_line)
            5cfd             5cfd      634     1         ../lib/libc.a(libc_a-reallocr.o):(.debug_line)
            6331             6331      12d     1         ../lib/libc.a(libc_a-memchr.o):(.debug_line)
            645e             645e     1380     1         ../lib/libc.a(libc_a-dtoa.o):(.debug_line)
            77de             77de     158c     1         ../lib/libc.a(libc_a-mprec.o):(.debug_line)
            8d6a             8d6a      177     1         ../lib/libc.a(libc_a-callocr.o):(.debug_line)
            8ee1             8ee1       72     1         ../lib/libc.a(libc_a-errno.o):(.debug_line)
            8f53             8f53       bc     1         ../lib/libc.a(libc_a-assert.o):(.debug_line)
            900f             900f       d8     1         ../lib/libc.a(libc_a-fiprintf.o):(.debug_line)
            90e7             90e7     107c     1         ../lib/libc.a(libc_a-vfiprintf.o):(.debug_line)
            a163             a163      21f     1         ../lib/libc.a(libc_a-fputwc.o):(.debug_line)
            a382             a382      151     1         ../lib/libc.a(libc_a-wcrtomb.o):(.debug_line)
            a4d3             a4d3      1d2     1         ../lib/libc.a(libc_a-wbuf.o):(.debug_line)
            a6a5             a6a5      20d     1         ../lib/libc.a(libc_a-wsetup.o):(.debug_line)
            a8b2             a8b2      22d     1         ../lib/libc.a(libc_a-makebuf.o):(.debug_line)
            aadf             aadf       c6     1         ../lib/libc.a(libc_a-fstatr.o):(.debug_line)
            aba5             aba5       ad     1         ../lib/libc.a(libc_a-isattyr.o):(.debug_line)
            ac52             ac52      535     1         ../lib/libc.a(libc_a-fvwrite.o):(.debug_line)
            b187             b187       72     1         ../lib/libc.a(libc_a-abort.o):(.debug_line)
            b1f9             b1f9      12b     1         ../lib/libc.a(libc_a-sprintf.o):(.debug_line)
            b324             b324      428     1         pci.o:(.debug_line)
            b74c             b74c      11c     1         memory_map.o:(.debug_line)
            b868             b868      12e     1         newlib.o:(.debug_line)
            b996             b996      1db     1         segment.o:(.debug_line)
            bb71             bb71      343     1         interrupt.o:(.debug_line)
            beb4             beb4      173     1         paging.o:(.debug_line)
            c027             c027       7e     1         keyboard.o:(.debug_line)
            c0a5             c0a5      1f5     1         input.o:(.debug_line)
            c29a             c29a      1e2     1         command.o:(.debug_line)
            c47c             c47c      2e4     1         ../lib/libc.a(libc_a-strtol.o):(.debug_line)
            c760             c760      598     1         memory_manager.o:(.debug_line)
               0                0      e6f     1 .debug_line_str
               0                0      e6f     1         <internal>:(.debug_line_str)
               0                0     d8b1     1 .debug_loclists
               0                0       3c     1         frame.o:(.debug_loclists)
              3c               3c       d1     1         ../lib/libc.a(libc_a-strcpy.o):(.debug_loclists)
             10d              10d       52     1         ../lib/libc.a(libc_a-strcat.o):(.debug_loclists)
             15f              15f       39     1         ../lib/libc.a(libc_a-strlen.o):(.debug_loclists)
             198              198      118     1         ../lib/libc.a(libc_a-vsprintf.o):(.debug_loclists)
             2b0              2b0      1d2     1         ../lib/libc.a(libc_a-findfp.o):(.debug_loclists)
             482              482      112     1         ../lib/libc.a(libc_a-fclose.o):(.debug_loclists)
             594              594      2bb     1         ../lib/libc.a(libc_a-fflush.o):(.debug_loclists)
             84f              84f      4c7     1         ../lib/libc.a(libc_a-freer.o):(.debug_loclists)
             d16              d16      9aa     1         ../lib/libc.a(libc_a-mallocr.o):(.debug_loclists)
            16c0             16c0       50     1         ../lib/libc.a(libc_a-sbrkr.o):(.debug_loclists)
            1710             1710       8c     1         ../lib/libc.a(libc_a-reent.o):(.debug_loclists)
            179c             179c       94     1         ../lib/libc.a(libc_a-fwalk.o):(.debug_loclists)
            1830             1830      256     1         ../lib/libc.a(libc_a-stdio.o):(.debug_loclists)
            1a86             1a86       82     1         ../lib/libc.a(libc_a-readr.o):(.debug_loclists)
            1b08             1b08       82     1         ../lib/libc.a(libc_a-writer.o):(.debug_loclists)
            1b8a             1b8a       82     1         ../lib/libc.a(libc_a-lseekr.o):(.debug_loclists)
            1c0c             1c0c       50     1         ../lib/libc.a(libc_a-closer.o):(.debug_loclists)
            1c5c             1c5c     1fce     1         ../lib/libc.a(libc_a-svfprintf.o):(.debug_loclists)
            3c2a             3c2a       1e     1         ../lib/libc.a(libc_a-localeconv.o):(.debug_loclists)
            3c48             3c48      189     1         ../lib/libc.a(libc_a-locale.o):(.debug_loclists)
            3dd1             3dd1       60     1         ../lib/libc.a(libc_a-strcmp.o):(.debug_loclists)
            3e31             3e31       5c     1         ../lib/libc.a(libc_a-wctomb_r.o):(.debug_loclists)
            3e8d             3e8d      107     1         ../lib/libc.a(libc_a-mbtowc_r.o):(.debug_loclists)
            3f94             3f94      813     1         ../lib/libc.a(libc_a-signal.o):(.debug_loclists)
            47a7             47a7       7b     1         ../lib/libc.a(libc_a-signalr.o):(.debug_loclists)
            4822             4822      ffd     1         ../lib/libc.a(libc_a-svfiprintf.o):(.debug_loclists)
            581f             581f      3ae     1         ../lib/libc.a(libc_a-memmove.o):(.debug_loclists)
            5bcd             5bcd      b7b     1         ../lib/libc.a(libc_a-reallocr.o):(.debug_loclists)
            6748             6748      154     1         ../lib/libc.a(libc_a-memchr.o):(.debug_loclists)
            689c             689c     23c9     1         ../lib/libc.a(libc_a-dtoa.o):(.debug_loclists)
            8c65             8c65     1900     1         ../lib/libc.a(libc_a-mprec.o):(.debug_loclists)
            a565             a565      190     1         ../lib/libc.a(libc_a-callocr.o):(.debug_loclists)
            a6f5             a6f5       d3     1         ../lib/libc.a(libc_a-assert.o):(.debug_loclists)
            a7c8             a7c8       9d     1         ../lib/libc.a(libc_a-fiprintf.o):(.debug_loclists)
            a865             a865     1b20     1         ../lib/libc.a(libc_a-vfiprintf.o):(.debug_loclists)
            c385             c385      1e7     1         ../lib/libc.a(libc_a-fputwc.o):(.debug_loclists)
            c56c             c56c      184     1         ../lib/libc.a(libc_a-wcrtomb.o):(.debug_loclists)
            c6f0             c6f0      131     1         ../lib/libc.a(libc_a-wbuf.o):(.debug_loclists)
            c821             c821       5f     1         ../lib/libc.a(libc_a-wsetup.o):(.debug_loclists)
            c880             c880      217     1         ../lib/libc.a(libc_a-makebuf.o):(.debug_loclists)
            ca97             ca97       69     1         ../lib/libc.a(libc_a-fstatr.o):(.debug_loclists)
            cb00             cb00       50     1         ../lib/libc.a(libc_a-isattyr.o):(.debug_loclists)
            cb50             cb50      548     1         ../lib/libc.a(libc_a-fvwrite.o):(.debug_loclists)
            d098             d098       b3     1         ../lib/libc.a(libc_a-sprintf.o):(.debug_loclists)
            d14b             d14b      766     1         ../lib/libc.a(libc_a-strtol.o):(.debug_loclists)
               0                0      a10    16 .debug_aranges
               0                0       30     1         ../lib/libc.a(libc_a-strcpy.o):(.debug_aranges)
              30               30       30     1         ../lib/libc.a(libc_a-strcat.o):(.debug_aranges)
              60               60       30     1         ../lib/libc.a(libc_a-strlen.o):(.debug_aranges)
              90               90       30     1         ../lib/libc.a(libc_a-vsprintf.o):(.debug_aranges)
              c0               c0       20     1         ../lib/libc.a(libc_a-impure.o):(.debug_aranges)
              e0               e0       30     1         ../lib/libc.a(libc_a-findfp.o):(.debug_aranges)
             110              110       30     1         ../lib/libc.a(libc_a-fclose.o):(.debug_aranges)
             140              140       30     1         ../lib/libc.a(libc_a-fflush.o):(.debug_aranges)
             170              170       30     1         ../lib/libc.a(libc_a-freer.o):(.debug_aranges)
             1a0              1a0       30     1         ../lib/libc.a(libc_a-mlock.o):(.debug_aranges)
             1d0              1d0       30     1         ../lib/libc.a(libc_a-mallocr.o):(.debug_aranges)
             200              200       30     1         ../lib/libc.a(libc_a-sbrkr.o):(.debug_aranges)
             230              230       30     1         ../lib/libc.a(libc_a-reent.o):(.debug_aranges)
             260              260       30     1         ../lib/libc.a(libc_a-fwalk.o):(.debug_aranges)
             290              290       30    16         ../lib/libc.a(libc_a-memset.o):(.debug_aranges)
             2c0              2c0       30     1         ../lib/libc.a(libc_a-stdio.o):(.debug_aranges)
             2f0              2f0       30     1         ../lib/libc.a(libc_a-readr.o):(.debug_aranges)
             320              320       30     1         ../lib/libc.a(libc_a-writer.o):(.debug_aranges)
             350              350       30     1         ../lib/libc.a(libc_a-lseekr.o):(.debug_aranges)
             380              380       30     1         ../lib/libc.a(libc_a-closer.o):(.debug_aranges)
             3b0              3b0       30     1         ../lib/libc.a(libc_a-svfprintf.o):(.debug_aranges)
             3e0              3e0       30     1         ../lib/libc.a(libc_a-localeconv.o):(.debug_aranges)
             410              410       30     1         ../lib/libc.a(libc_a-locale.o):(.debug_aranges)
             440              440       30     1         ../lib/libc.a(libc_a-strcmp.o):(.debug_aranges)
             470              470       30     1         ../lib/libc.a(libc_a-wctomb_r.o):(.debug_aranges)
             4a0              4a0       30     1         ../lib/libc.a(libc_a-mbtowc_r.o):(.debug_aranges)
             4d0              4d0       40     1         ../lib/libc.a(libc_a-stack_protector.o):(.debug_aranges)
             510              510       30     1         ../lib/libc.a(libc_a-signal.o):(.debug_aranges)
             540              540       30     1         ../lib/libc.a(libc_a-signalr.o):(.debug_aranges)
             570              570       20     1         ../lib/libc.a(libc_a-ctype_.o):(.debug_aranges)
             590              590       30     1         ../lib/libc.a(libc_a-svfiprintf.o):(.debug_aranges)
             5c0              5c0       30     1         ../lib/libc.a(libc_a-memmove.o):(.debug_aranges)
             5f0              5f0       30    16         ../lib/libc.a(libc_a-memcpy.o):(.debug_aranges)
             620              620       30     1         ../lib/libc.a(libc_a-reallocr.o):(.debug_aranges)
             650              650       30     1         ../lib/libc.a(libc_a-memchr.o):(.debug_aranges)
             680              680       30     1         ../lib/libc.a(libc_a-dtoa.o):(.debug_aranges)
             6b0              6b0       30     1         ../lib/libc.a(libc_a-mprec.o):(.debug_aranges)
             6e0              6e0       30     1         ../lib/libc.a(libc_a-callocr.o):(.debug_aranges)
             710              710       30     1         ../lib/libc.a(libc_a-errno.o):(.debug_aranges)
             740              740       30     1         ../lib/libc.a(libc_a-assert.o):(.debug_aranges)
             770              770       30     1         ../lib/libc.a(libc_a-fiprintf.o):(.debug_aranges)
             7a0              7a0       30     1         ../lib/libc.a(libc_a-vfiprintf.o):(.debug_aranges)
             7d0              7d0       30     1         ../lib/libc.a(libc_a-fputwc.o):(.debug_aranges)
             800              800       30     1         ../lib/libc.a(libc_a-wcrtomb.o):(.debug_aranges)
             830              830       30     1         ../lib/libc.a(libc_a-wbuf.o):(.debug_aranges)
             860              860       30     1         ../lib/libc.a(libc_a-wsetup.o):(.debug_aranges)
             890              890       30     1         ../lib/libc.a(libc_a-makebuf.o):(.debug_aranges)
             8c0              8c0       30     1         ../lib/libc.a(libc_a-fstatr.o):(.debug_aranges)
             8f0              8f0       30     1         ../lib/libc.a(libc_a-isattyr.o):(.debug_aranges)
             920              920       30     1         ../lib/libc.a(libc_a-fvwrite.o):(.debug_aranges)
             950              950       30     1         ../lib/libc.a(libc_a-abort.o):(.debug_aranges)
             980              980       30     1         ../lib/libc.a(libc_a-sprintf.o):(.debug_aranges)
             9b0              9b0       30     1         newlib.o:(.debug_aranges)
             9e0              9e0       30     1         ../lib/libc.a(libc_a-strtol.o):(.debug_aranges)
               0                0     2358     8 .symtab
               0                0     2358     8         <internal>:(.symtab)
               0                0       f8     1 .shstrtab
               0                0       f8     1         <internal>:(.shstrtab)
               0                0     1652     1 .strtab
               0                0     1652     1         <internal>:(.strtab)
