             VMA              LMA     Size Align Out     In      Symbol
          100160           100160      fb0    32 .rodata
          100160           100160      55d     1         <internal>:(.rodata)
          1006c0           1006c0       68     8         <internal>:(.rodata)
          100730           100730      190    16         ../lib/libc.a(libc_a-svfprintf.o):(.rodata)
          1008a0           1008a0       10     1                 zeroes.0
          1008b0           1008b0       10     1                 blanks.1
          1008c0           1008c0       40    16         <internal>:(.rodata)
          100900           100900      2a0    32         ../lib/libc.a(libc_a-ctype_.o):(.rodata)
          100900           100900      101     1                 _ctype_
          100a20           100a20      180     1                 _ctype_b
          100ba0           100ba0      190    16         ../lib/libc.a(libc_a-svfiprintf.o):(.rodata)
          100d10           100d10       10     1                 zeroes.0
          100d20           100d20       10     1                 blanks.1
          100d40           100d40      168    32         ../lib/libc.a(libc_a-mprec.o):(.rodata)
          100d40           100d40        c     1                 p05.0
          100d60           100d60       28     1                 __mprec_tinytens
          100da0           100da0       28     1                 __mprec_bigtens
          100de0           100de0       c8     1                 __mprec_tens
          100ea8           100ea8       2f     8         <internal>:(.rodata)
          100ee0           100ee0      190    16         ../lib/libc.a(libc_a-vfiprintf.o):(.rodata)
          101050           101050       10     1                 zeroes.0
          101060           101060       10     1                 blanks.1
          101070           101070       87     1         newlib.o:(.rodata)
          1010f8           1010f8       18     8         timer.o:(.rodata)
          1010f8           1010f8        8     1                 (anonymous namespace)::divide_config
          101100           101100        8     1                 (anonymous namespace)::lvt_timer
          101108           101108        8     1                 (anonymous namespace)::initial_count
          101110           101110     2454     8 .eh_frame
          101110           101110       d4     1         kernel.o:(.eh_frame+0x0)
          1011e8           1011e8       3c     1         kernel.o:(.eh_frame+0xd4)
          101228           101228       a0     1         kernel.o:(.eh_frame+0x110)
          1012c8           1012c8      220     1         frame.o:(.eh_frame+0x18)
          1014e8           1014e8       18     1         ../lib/libc.a(libc_a-strcpy.o):(.eh_frame+0x18)
          101500           101500       20     1         ../lib/libc.a(libc_a-strcat.o):(.eh_frame+0x18)
          101520           101520       18     1         ../lib/libc.a(libc_a-strlen.o):(.eh_frame+0x18)
          101538           101538       1c     1         ../lib/libc.a(libc_a-vsprintf.o):(.eh_frame+0x18)
          101558           101558       1c     1         ../lib/libc.a(libc_a-vsprintf.o):(.eh_frame+0x34)
          101578           101578       14     1         ../lib/libc.a(libc_a-findfp.o):(.eh_frame+0x18)
          101590           101590       14     1         ../lib/libc.a(libc_a-findfp.o):(.eh_frame+0x2c)
          1015a8           1015a8       34     1         ../lib/libc.a(libc_a-findfp.o):(.eh_frame+0x40)
          1015e0           1015e0       3c     1         ../lib/libc.a(libc_a-findfp.o):(.eh_frame+0x74)
          101620           101620       44     1         ../lib/libc.a(libc_a-findfp.o):(.eh_frame+0xb0)
          101668           101668       14     1         ../lib/libc.a(libc_a-findfp.o):(.eh_frame+0xf4)
          101680           101680       14     1         ../lib/libc.a(libc_a-findfp.o):(.eh_frame+0x108)
          101698           101698       14     1         ../lib/libc.a(libc_a-findfp.o):(.eh_frame+0x11c)
          1016b0           1016b0       18     1         ../lib/libc.a(libc_a-findfp.o):(.eh_frame+0x130)
          1016c8           1016c8       3c     1         ../lib/libc.a(libc_a-fclose.o):(.eh_frame+0x18)
          101708           101708       14     1         ../lib/libc.a(libc_a-fclose.o):(.eh_frame+0x54)
          101720           101720       90     1         ../lib/libc.a(libc_a-fflush.o):(.eh_frame+0x18)
          1017b0           1017b0       3c     1         ../lib/libc.a(libc_a-freer.o):(.eh_frame+0x18)
          1017f0           1017f0       5c     1         ../lib/libc.a(libc_a-freer.o):(.eh_frame+0x54)
          101850           101850       14     1         ../lib/libc.a(libc_a-mlock.o):(.eh_frame+0x18)
          101868           101868       14     1         ../lib/libc.a(libc_a-mlock.o):(.eh_frame+0x2c)
          101880           101880       80     1         ../lib/libc.a(libc_a-mallocr.o):(.eh_frame+0x18)
          101900           101900       20     1         ../lib/libc.a(libc_a-sbrkr.o):(.eh_frame+0x18)
          101920           101920       40     1         ../lib/libc.a(libc_a-reent.o):(.eh_frame+0x18)
          101960           101960       48     1         ../lib/libc.a(libc_a-fwalk.o):(.eh_frame+0x18)
          1019a8           1019a8       34     1         ../lib/libc.a(libc_a-stdio.o):(.eh_frame+0x18)
          1019e0           1019e0       34     1         ../lib/libc.a(libc_a-stdio.o):(.eh_frame+0x4c)
          101a18           101a18       38     1         ../lib/libc.a(libc_a-stdio.o):(.eh_frame+0x80)
          101a50           101a50       20     1         ../lib/libc.a(libc_a-readr.o):(.eh_frame+0x18)
          101a70           101a70       20     1         ../lib/libc.a(libc_a-writer.o):(.eh_frame+0x18)
          101a90           101a90       20     1         ../lib/libc.a(libc_a-lseekr.o):(.eh_frame+0x18)
          101ab0           101ab0       20     1         ../lib/libc.a(libc_a-closer.o):(.eh_frame+0x18)
          101ad0           101ad0       50     1         ../lib/libc.a(libc_a-svfprintf.o):(.eh_frame+0x18)
          101b20           101b20       14     1         ../lib/libc.a(libc_a-localeconv.o):(.eh_frame+0x18)
          101b38           101b38       14     1         ../lib/libc.a(libc_a-localeconv.o):(.eh_frame+0x2c)
          101b50           101b50       18     1         ../lib/libc.a(libc_a-localeconv.o):(.eh_frame+0x40)
          101b68           101b68       24     1         ../lib/libc.a(libc_a-locale.o):(.eh_frame+0x18)
          101b90           101b90       14     1         ../lib/libc.a(libc_a-locale.o):(.eh_frame+0x3c)
          101ba8           101ba8       28     1         ../lib/libc.a(libc_a-locale.o):(.eh_frame+0x50)
          101bd0           101bd0       18     1         ../lib/libc.a(libc_a-strcmp.o):(.eh_frame+0x18)
          101be8           101be8       14     1         ../lib/libc.a(libc_a-wctomb_r.o):(.eh_frame+0x18)
          101c00           101c00       14     1         ../lib/libc.a(libc_a-wctomb_r.o):(.eh_frame+0x2c)
          101c18           101c18       14     1         ../lib/libc.a(libc_a-mbtowc_r.o):(.eh_frame+0x18)
          101c30           101c30       1c     1         ../lib/libc.a(libc_a-mbtowc_r.o):(.eh_frame+0x2c)
          101c50           101c50       14     1         ../lib/libc.a(libc_a-stack_protector.o):(.eh_frame+0x18)
          101c68           101c68       1c     1         ../lib/libc.a(libc_a-stack_protector.o):(.eh_frame+0x2c)
          101c88           101c88       20     1         ../lib/libc.a(libc_a-stack_protector.o):(.eh_frame+0x48)
          101ca8           101ca8       4c     1         ../lib/libc.a(libc_a-signal.o):(.eh_frame+0x18)
          101cf8           101cf8      184     1         ../lib/libc.a(libc_a-signal.o):(.eh_frame+0x64)
          101e80           101e80       38     1         ../lib/libc.a(libc_a-signalr.o):(.eh_frame+0x18)
          101eb8           101eb8       4c     1         ../lib/libc.a(libc_a-svfiprintf.o):(.eh_frame+0x18)
          101f08           101f08       54     1         ../lib/libc.a(libc_a-svfiprintf.o):(.eh_frame+0x64)
          101f60           101f60       18     1         ../lib/libc.a(libc_a-memmove.o):(.eh_frame+0x18)
          101f78           101f78       68     1         ../lib/libc.a(libc_a-reallocr.o):(.eh_frame+0x18)
          101fe0           101fe0       18     1         ../lib/libc.a(libc_a-memchr.o):(.eh_frame+0x18)
          101ff8           101ff8       4c     1         ../lib/libc.a(libc_a-dtoa.o):(.eh_frame+0x18)
          102048           102048       4c     1         ../lib/libc.a(libc_a-dtoa.o):(.eh_frame+0x64)
          102098           102098       2c     1         ../lib/libc.a(libc_a-mprec.o):(.eh_frame+0x18)
          1020c8           1020c8       14     1         ../lib/libc.a(libc_a-mprec.o):(.eh_frame+0x44)
          1020e0           1020e0       8c     1         ../lib/libc.a(libc_a-mprec.o):(.eh_frame+0x58)
          102170           102170       14     1         ../lib/libc.a(libc_a-mprec.o):(.eh_frame+0xe4)
          102188           102188       14     1         ../lib/libc.a(libc_a-mprec.o):(.eh_frame+0xf8)
          1021a0           1021a0       24     1         ../lib/libc.a(libc_a-mprec.o):(.eh_frame+0x10c)
          1021c8           1021c8       4c     1         ../lib/libc.a(libc_a-mprec.o):(.eh_frame+0x130)
          102218           102218       3c     1         ../lib/libc.a(libc_a-mprec.o):(.eh_frame+0x17c)
          102258           102258       4c     1         ../lib/libc.a(libc_a-mprec.o):(.eh_frame+0x1b8)
          1022a8           1022a8       14     1         ../lib/libc.a(libc_a-mprec.o):(.eh_frame+0x204)
          1022c0           1022c0       64     1         ../lib/libc.a(libc_a-mprec.o):(.eh_frame+0x218)
          102328           102328       14     1         ../lib/libc.a(libc_a-mprec.o):(.eh_frame+0x27c)
          102340           102340       34     1         ../lib/libc.a(libc_a-mprec.o):(.eh_frame+0x290)
          102378           102378       34     1         ../lib/libc.a(libc_a-mprec.o):(.eh_frame+0x2c4)
          1023b0           1023b0       14     1         ../lib/libc.a(libc_a-mprec.o):(.eh_frame+0x2f8)
          1023c8           1023c8       14     1         ../lib/libc.a(libc_a-mprec.o):(.eh_frame+0x30c)
          1023e0           1023e0       18     1         ../lib/libc.a(libc_a-mprec.o):(.eh_frame+0x320)
          1023f8           1023f8       28     1         ../lib/libc.a(libc_a-callocr.o):(.eh_frame+0x18)
          102420           102420       18     1         ../lib/libc.a(libc_a-errno.o):(.eh_frame+0x18)
          102438           102438       24     1         ../lib/libc.a(libc_a-assert.o):(.eh_frame+0x18)
          102460           102460       1c     1         ../lib/libc.a(libc_a-assert.o):(.eh_frame+0x3c)
          102480           102480       1c     1         ../lib/libc.a(libc_a-fiprintf.o):(.eh_frame+0x18)
          1024a0           1024a0       1c     1         ../lib/libc.a(libc_a-fiprintf.o):(.eh_frame+0x34)
          1024c0           1024c0       4c     1         ../lib/libc.a(libc_a-vfiprintf.o):(.eh_frame+0x18)
          102510           102510       14     1         ../lib/libc.a(libc_a-vfiprintf.o):(.eh_frame+0x64)
          102528           102528       7c     1         ../lib/libc.a(libc_a-vfiprintf.o):(.eh_frame+0x78)
          1025a8           1025a8       3c     1         ../lib/libc.a(libc_a-vfiprintf.o):(.eh_frame+0xf4)
          1025e8           1025e8       44     1         ../lib/libc.a(libc_a-fputwc.o):(.eh_frame+0x18)
          102630           102630       14     1         ../lib/libc.a(libc_a-fputwc.o):(.eh_frame+0x5c)
          102648           102648       28     1         ../lib/libc.a(libc_a-fputwc.o):(.eh_frame+0x70)
          102670           102670       2c     1         ../lib/libc.a(libc_a-wcrtomb.o):(.eh_frame+0x18)
          1026a0           1026a0       2c     1         ../lib/libc.a(libc_a-wcrtomb.o):(.eh_frame+0x44)
          1026d0           1026d0       3c     1         ../lib/libc.a(libc_a-wbuf.o):(.eh_frame+0x18)
          102710           102710       14     1         ../lib/libc.a(libc_a-wbuf.o):(.eh_frame+0x54)
          102728           102728       30     1         ../lib/libc.a(libc_a-wsetup.o):(.eh_frame+0x18)
          102758           102758       44     1         ../lib/libc.a(libc_a-makebuf.o):(.eh_frame+0x18)
          1027a0           1027a0       34     1         ../lib/libc.a(libc_a-makebuf.o):(.eh_frame+0x5c)
          1027d8           1027d8       20     1         ../lib/libc.a(libc_a-fstatr.o):(.eh_frame+0x18)
          1027f8           1027f8       20     1         ../lib/libc.a(libc_a-isattyr.o):(.eh_frame+0x18)
          102818           102818       78     1         ../lib/libc.a(libc_a-fvwrite.o):(.eh_frame+0x18)
          102890           102890       20     1         ../lib/libc.a(libc_a-abort.o):(.eh_frame+0x18)
          1028b0           1028b0       1c     1         ../lib/libc.a(libc_a-sprintf.o):(.eh_frame+0x18)
          1028d0           1028d0       24     1         ../lib/libc.a(libc_a-sprintf.o):(.eh_frame+0x34)
          1028f8           1028f8      200     1         pci.o:(.eh_frame+0x18)
          102af8           102af8       60     1         memory_map.o:(.eh_frame+0x18)
          102b58           102b58       3c     1         newlib.o:(.eh_frame+0x18)
          102b98           102b98       1c     1         newlib.o:(.eh_frame+0x54)
          102bb8           102bb8       1c     1         newlib.o:(.eh_frame+0x70)
          102bd8           102bd8       1c     1         newlib.o:(.eh_frame+0x8c)
          102bf8           102bf8       1c     1         newlib.o:(.eh_frame+0xa8)
          102c18           102c18       1c     1         newlib.o:(.eh_frame+0xc4)
          102c38           102c38       1c     1         newlib.o:(.eh_frame+0xe0)
          102c58           102c58       1c     1         newlib.o:(.eh_frame+0xfc)
          102c78           102c78       20     1         newlib.o:(.eh_frame+0x118)
          102c98           102c98       80     1         segment.o:(.eh_frame+0x18)
          102d18           102d18       54     1         interrupt.o:(.eh_frame+0x18)
          102d70           102d70       54     1         interrupt.o:(.eh_frame+0x6c)
          102dc8           102dc8       54     1         interrupt.o:(.eh_frame+0xc0)
          102e20           102e20       54     1         interrupt.o:(.eh_frame+0x114)
          102e78           102e78       54     1         interrupt.o:(.eh_frame+0x168)
          102ed0           102ed0       74     1         interrupt.o:(.eh_frame+0x1bc)
          102f48           102f48       a0     1         interrupt.o:(.eh_frame+0x230)
          102fe8           102fe8       80     1         paging.o:(.eh_frame+0x18)
          103068           103068       c4     1         input.o:(.eh_frame+0x18)
          103130           103130       24     1         input.o:(.eh_frame+0xdc)
          103158           103158       20     1         command.o:(.eh_frame+0x18)
          103178           103178       a0     1         command.o:(.eh_frame+0x78)
          103218           103218       20     1         command.o:(.eh_frame+0x138)
          103238           103238       14     1         ../lib/libc.a(libc_a-malloc.o):(.eh_frame+0x18)
          103250           103250       14     1         ../lib/libc.a(libc_a-malloc.o):(.eh_frame+0x2c)
          103268           103268       88     1         ../lib/libc.a(libc_a-strtol.o):(.eh_frame+0x18)
          1032f0           1032f0       30     1         ../lib/libc.a(libc_a-atoi.o):(.eh_frame+0x18)
          103320           103320       20     1         memory_manager.o:(.eh_frame+0x18)
          103340           103340      200     1         memory_manager.o:(.eh_frame+0x78)
          103540           103540       20     1         memory_manager.o:(.eh_frame+0x2b8)
          104570           104570    10413    16 .text
          104570           104570      1ec    16         kernel.o:(.text)
          104570           104570        f     1                 stop()
          104580           104580       29     1                 entry_point
          1045b0           1045b0      1ac     1                 kernel_main
          104760           104760       50    16         kernel.o:(.text.startup)
          104760           104760       1a     1                 __cxx_global_var_init
          104780           104780       12     1                 __cxx_global_var_init.1
          1047a0           1047a0       10     1                 _GLOBAL__sub_I_kernel.cpp
          1047b0           1047b0        b    16         kernel.o:(.text._ZNSt3__114numeric_limitsImE3maxEv)
          1047b0           1047b0        b     1                 std::__1::numeric_limits<unsigned long>::max()
          1047c0           1047c0       21    16         kernel.o:(.text._ZN7FrameIDC2Em)
          1047c0           1047c0       21     1                 FrameID::FrameID(unsigned long)
          1047f0           1047f0       4c    16         kernel.o:(.text._ZN11InputBufferC2Ev)
          1047f0           1047f0       4c     1                 InputBuffer::InputBuffer()
          104840           104840       1e    16         kernel.o:(.text._ZNK5ErrorcvbEv)
          104840           104840       1e     1                 Error::operator bool() const
          104860           104860       29    16         kernel.o:(.text._ZNK5Error4NameEv)
          104860           104860       29     1                 Error::Name() const
          104890           104890        d    16         kernel.o:(.text._ZNSt3__123__libcpp_numeric_limitsImLb1EE3maxEv)
          104890           104890        d     1                 std::__1::__libcpp_numeric_limits<unsigned long, true>::max()
          1048a0           1048a0       25    16         kernel.o:(.text._ZNKSt3__15arrayIPKcLm20EEixEm)
          1048a0           1048a0       25     1                 std::__1::array<char const*, 20ul>::operator[](unsigned long) const
          1048d0           1048d0      ece    16         frame.o:(.text)
          1048d0           1048d0       9a     1                 InitializeFrame(bootinfo_t*)
          104970           104970       7f     1                 WritePixelRGB(Color, int, int)
          1049f0           1049f0       7f     1                 WritePixelBGR(Color, int, int)
          104a70           104a70       3d     1                 HashtoColor(unsigned char)
          104ab0           104ab0      191     1                 HSVtoRGB(int)
          104c50           104c50       f5     1                 WriteAscii(char, Color, int, int)
          104d50           104d50      136     1                 WriteSquare(Vector, Vector, Color)
          104e90           104e90      11b     1                 PrintLine(char const*, Vector, Color)
          104fb0           104fb0       7e     1                 RegisterLine(char const*)
          105030           105030      402     1                 Print
          105440           105440       b3     1                 Printf
          105500           105500       6c     1                 dPrint(char*, int)
          105570           105570       6c     1                 udPrint(char*, unsigned int)
          1055e0           1055e0       6c     1                 uxdPrint(char*, unsigned int)
          105650           105650       c2     1                 WriteMandelbrot(int)
          105720           105720       7e     1                 clear()
          1057a0           1057a0      1ad    16         frame.o:(.text._Z14CalcMandelbrotiii)
          1057a0           1057a0      1ad     1                 CalcMandelbrot(int, int, int)
          105950           105950       85    16         ../lib/libc.a(libc_a-strcpy.o):(.text)
          105950           105950       85     1                 strcpy
          1059e0           1059e0       6c    16         ../lib/libc.a(libc_a-strcat.o):(.text)
          1059e0           1059e0       6c     1                 strcat
          105a50           105a50       7d    16         ../lib/libc.a(libc_a-strlen.o):(.text)
          105a50           105a50       7d     1                 strlen
          105ad0           105ad0       ed    16         ../lib/libc.a(libc_a-vsprintf.o):(.text)
          105ad0           105ad0       7d     1                 vsprintf
          105b50           105b50       6d     1                 _vsprintf_r
          105bbd           105bbd        0     1         ../lib/libc.a(libc_a-impure.o):(.text)
          105bc0           105bc0      469    16         ../lib/libc.a(libc_a-findfp.o):(.text)
          105bc0           105bc0        7     1                 __fp_lock
          105bd0           105bd0       1e     1                 stdio_exit_handler
          105bf0           105bf0       52     1                 cleanup_stdio
          105c50           105c50        7     1                 __fp_unlock
          105c60           105c60      1d1     1                 global_stdio_init.part.0
          105e40           105e40      156     1                 __sfp
          105fa0           105fa0       2a     1                 __sinit
          105fd0           105fd0        5     1                 __sfp_lock_acquire
          105fe0           105fe0        5     1                 __sfp_lock_release
          105ff0           105ff0       19     1                 __fp_lock_all
          106010           106010       19     1                 __fp_unlock_all
          106030           106030       f3    16         ../lib/libc.a(libc_a-fclose.o):(.text)
          106030           106030       de     1                 _fclose_r
          106110           106110       13     1                 fclose
          106130           106130      321    16         ../lib/libc.a(libc_a-fflush.o):(.text)
          106130           106130      225     1                 __sflush_r
          106360           106360       5f     1                 _fflush_r
          1063c0           1063c0       91     1                 fflush
          106460           106460      47e    16         ../lib/libc.a(libc_a-freer.o):(.text)
          106460           106460       e7     1                 _malloc_trim_r
          106550           106550      38e     1                 _free_r
          1068e0           1068e0       15    16         ../lib/libc.a(libc_a-mlock.o):(.text)
          1068e0           1068e0        5     1                 __malloc_lock
          1068f0           1068f0        5     1                 __malloc_unlock
          106900           106900      8d4    16         ../lib/libc.a(libc_a-mallocr.o):(.text)
          106900           106900      8d4     1                 _malloc_r
          1071e0           1071e0       36    16         ../lib/libc.a(libc_a-sbrkr.o):(.text)
          1071e0           1071e0       36     1                 _sbrk_r
          107220           107220       9e    16         ../lib/libc.a(libc_a-reent.o):(.text)
          107220           107220       9e     1                 _reclaim_reent
          1072c0           1072c0       89    16         ../lib/libc.a(libc_a-fwalk.o):(.text)
          1072c0           1072c0       89     1                 _fwalk_sglue
          107350           107350       e0    16         ../lib/libc.a(libc_a-memset.o):(.text)
          107350           107350        0     1                 memset
          10737e           10737e        0     1                 quadword_aligned
          1073a0           1073a0        0     1                 loop
          10740b           10740b        0     1                 byte_set
          107411           107411        0     1                 quadword_set
          107430           107430       ed    16         ../lib/libc.a(libc_a-stdio.o):(.text)
          107430           107430       30     1                 __sread
          107460           107460        7     1                 __seofread
          107470           107470       60     1                 __swrite
          1074d0           1074d0       38     1                 __sseek
          107510           107510        d     1                 __sclose
          107520           107520       41    16         ../lib/libc.a(libc_a-readr.o):(.text)
          107520           107520       41     1                 _read_r
          107570           107570       41    16         ../lib/libc.a(libc_a-writer.o):(.text)
          107570           107570       41     1                 _write_r
          1075c0           1075c0       3e    16         ../lib/libc.a(libc_a-lseekr.o):(.text)
          1075c0           1075c0       3e     1                 _lseek_r
          107600           107600       2e    16         ../lib/libc.a(libc_a-closer.o):(.text)
          107600           107600       2e     1                 _close_r
          107630           107630     2557    16         ../lib/libc.a(libc_a-svfprintf.o):(.text)
          107630           107630     2557     1                 _svfprintf_r
          109b90           109b90       2c    16         ../lib/libc.a(libc_a-localeconv.o):(.text)
          109b90           109b90        c     1                 __localeconv_l
          109ba0           109ba0        c     1                 _localeconv_r
          109bb0           109bb0        c     1                 localeconv
          109bc0           109bc0       ea    16         ../lib/libc.a(libc_a-locale.o):(.text)
          109bc0           109bc0       6a     1                 _setlocale_r
          109c30           109c30        c     1                 __locale_mb_cur_max
          109c40           109c40       6a     1                 setlocale
          109cb0           109cb0       83    16         ../lib/libc.a(libc_a-strcmp.o):(.text)
          109cb0           109cb0       83     1                 strcmp
          109d40           109d40       43    16         ../lib/libc.a(libc_a-wctomb_r.o):(.text)
          109d40           109d40        a     1                 _wctomb_r
          109d50           109d50       33     1                 __ascii_wctomb
          109d90           109d90       70    16         ../lib/libc.a(libc_a-mbtowc_r.o):(.text)
          109d90           109d90        a     1                 _mbtowc_r
          109da0           109da0       60     1                 __ascii_mbtowc
          109e00           109e00       8f    16         ../lib/libc.a(libc_a-stack_protector.o):(.text)
          109e00           109e00       7d     1                 __stack_chk_fail
          109e80           109e80        f     1                 __stack_chk_fail_local
          109e90           109e90       19    16         ../lib/libc.a(libc_a-stack_protector.o):(.text.startup)
          109e90           109e90       19     1                 __stack_chk_init
          109eb0           109eb0      50e    16         ../lib/libc.a(libc_a-signal.o):(.text)
          109eb0           109eb0       59     1                 _init_signal_r
          109f10           109f10       98     1                 _signal_r
          109fb0           109fb0       ad     1                 _raise_r
          10a060           10a060       ca     1                 __sigtramp_r
          10a130           10a130       b7     1                 raise
          10a1f0           10a1f0       98     1                 signal
          10a290           10a290       59     1                 _init_signal
          10a2f0           10a2f0       ce     1                 __sigtramp
          10a3c0           10a3c0       49    16         ../lib/libc.a(libc_a-signalr.o):(.text)
          10a3c0           10a3c0       36     1                 _kill_r
          10a400           10a400        9     1                 _getpid_r
          10a409           10a409        0     1         ../lib/libc.a(libc_a-ctype_.o):(.text)
          10a410           10a410     1408    16         ../lib/libc.a(libc_a-svfiprintf.o):(.text)
          10a410           10a410      1e9     1                 __ssprint_r
          10a600           10a600     1218     1                 _svfiprintf_r
          10b820           10b820      124    16         ../lib/libc.a(libc_a-memmove.o):(.text)
          10b820           10b820      124     1                 memmove
          10b950           10b950      12d    16         ../lib/libc.a(libc_a-memcpy.o):(.text)
          10b950           10b950        0     1                 memcpy
          10b975           10b975        0     1                 quadword_aligned
          10b990           10b990        0     1                 loop
          10ba57           10ba57        0     1                 byte_copy
          10ba5d           10ba5d        0     1                 quadword_copy
          10ba80           10ba80      53a    16         ../lib/libc.a(libc_a-reallocr.o):(.text)
          10ba80           10ba80      53a     1                 _realloc_r
          10bfc0           10bfc0       c5    16         ../lib/libc.a(libc_a-memchr.o):(.text)
          10bfc0           10bfc0       c5     1                 memchr
          10c090           10c090     1636    16         ../lib/libc.a(libc_a-dtoa.o):(.text)
          10c090           10c090      19c     1                 quorem
          10c230           10c230     1496     1                 _dtoa_r
          10d6d0           10d6d0     10ba    16         ../lib/libc.a(libc_a-mprec.o):(.text)
          10d6d0           10d6d0       9e     1                 _Balloc
          10d770           10d770       1f     1                 _Bfree
          10d790           10d790      101     1                 __multadd
          10d8a0           10d8a0      139     1                 __s2b
          10d9e0           10d9e0       56     1                 __hi0bits
          10da40           10da40       8f     1                 __lo0bits
          10dad0           10dad0       a4     1                 __i2b
          10db80           10db80      241     1                 __multiply
          10ddd0           10ddd0      12e     1                 __pow5mult
          10df00           10df00      158     1                 __lshift
          10e060           10e060       4e     1                 __mcmp
          10e0b0           10e0b0      217     1                 __mdiff
          10e2d0           10e2d0       7d     1                 __ulp
          10e350           10e350       fc     1                 __b2d
          10e450           10e450      158     1                 __d2b
          10e5b0           10e5b0       c0     1                 __ratio
          10e670           10e670       40     1                 _mprec_log10
          10e6b0           10e6b0       60     1                 __copybits
          10e710           10e710       7a     1                 __any_on
          10e790           10e790       c6    16         ../lib/libc.a(libc_a-callocr.o):(.text)
          10e790           10e790       c6     1                 _calloc_r
          10e860           10e860        c    16         ../lib/libc.a(libc_a-errno.o):(.text)
          10e860           10e860        c     1                 __errno
          10e870           10e870       74    16         ../lib/libc.a(libc_a-assert.o):(.text)
          10e870           10e870       54     1                 __assert_func
          10e8d0           10e8d0       14     1                 __assert
          10e8f0           10e8f0      178    16         ../lib/libc.a(libc_a-fiprintf.o):(.text)
          10e8f0           10e8f0       b0     1                 _fiprintf_r
          10e9a0           10e9a0       c8     1                 fiprintf
          10ea70           10ea70     1750    16         ../lib/libc.a(libc_a-vfiprintf.o):(.text)
          10ea70           10ea70       d7     1                 __sprint_r.part.0
          10eb50           10eb50       1a     1                 __sprint_r
          10eb70           10eb70     154f     1                 _vfiprintf_r
          1100c0           1100c0       19     1                 vfiprintf
          1100e0           1100e0       e0     1                 __sbprintf
          1101c0           1101c0      1b9    16         ../lib/libc.a(libc_a-fputwc.o):(.text)
          1101c0           1101c0      119     1                 __fputwc
          1102e0           1102e0       23     1                 _fputwc_r
          110310           110310       69     1                 fputwc
          110380           110380      112    16         ../lib/libc.a(libc_a-wcrtomb.o):(.text)
          110380           110380       7c     1                 _wcrtomb_r
          110400           110400       92     1                 wcrtomb
          1104a0           1104a0      135    16         ../lib/libc.a(libc_a-wbuf.o):(.text)
          1104a0           1104a0      112     1                 __swbuf_r
          1105c0           1105c0       15     1                 __swbuf
          1105e0           1105e0      143    16         ../lib/libc.a(libc_a-wsetup.o):(.text)
          1105e0           1105e0      143     1                 __swsetup_r
          110730           110730      1e6    16         ../lib/libc.a(libc_a-makebuf.o):(.text)
          110730           110730      139     1                 __smakebuf_r
          110870           110870       a6     1                 __swhatbuf_r
          110920           110920       36    16         ../lib/libc.a(libc_a-fstatr.o):(.text)
          110920           110920       36     1                 _fstat_r
          110960           110960       2e    16         ../lib/libc.a(libc_a-isattyr.o):(.text)
          110960           110960       2e     1                 _isatty_r
          110990           110990      55c    16         ../lib/libc.a(libc_a-fvwrite.o):(.text)
          110990           110990      55c     1                 __sfvwrite_r
          110ef0           110ef0       1e    16         ../lib/libc.a(libc_a-abort.o):(.text)
          110ef0           110ef0       1e     1                 abort
          110f10           110f10      211    16         ../lib/libc.a(libc_a-sprintf.o):(.text)
          110f10           110f10       fc     1                 _sprintf_r
          111010           111010      111     1                 sprintf
          111130           111130       a3    16         asmfunc.o:(.text)
          111130           111130        0     1                 IoOut32
          111137           111137        0     1                 IoIn32
          11113c           11113c        0     1                 IoIn16
          111142           111142        0     1                 IoOut8
          11114a           11114a        0     1                 IoIn8
          11114f           11114f        0     1                 call_kernel_main
          11115f           11115f        0     1                 _hlt
          111162           111162        0     1                 LoadGDT
          11117c           11117c        0     1                 SetDSAll
          111185           111185        0     1                 SetCSSS
          111199           111199        0     1                 SetCSSS.next
          11119e           11119e        0     1                 SetCSSS.stop
          1111a1           1111a1        0     1                 GetCS
          1111a7           1111a7        0     1                 LoadIDT
          1111c1           1111c1        0     1                 SetCR3
          1111c5           1111c5        0     1                 NotifyEndOfInterrupt
          1111e0           1111e0      809    16         pci.o:(.text)
          1111e0           1111e0       4f     1                 MakeAddr(unsigned char, unsigned char, unsigned char, unsigned char)
          111230           111230       1e     1                 WriteAddr(unsigned int)
          111250           111250       1e     1                 WriteData(unsigned int)
          111270           111270       10     1                 ReadData()
          111280           111280       4a     1                 ReadVendorId(unsigned char, unsigned char, unsigned char)
          1112d0           1112d0       67     1                 ReadVendorId(Device)
          111340           111340       50     1                 ReadHeaderType(unsigned char, unsigned char, unsigned char)
          111390           111390       70     1                 ReadBar(Device, int)
          111400           111400       71     1                 ReadClassCode(unsigned char, unsigned char, unsigned char)
          111480           111480       45     1                 ReadBusNumbers(unsigned char, unsigned char, unsigned char)
          1114d0           1114d0       af     1                 AddDevice(unsigned char, unsigned char, unsigned char, unsigned char)
          111580           111580       28     1                 IsSingleFunctionDevice(unsigned char)
          1115b0           1115b0      13f     1                 ScanAllBus()
          1116f0           1116f0       b7     1                 ScanBus(unsigned char)
          1117b0           1117b0      126     1                 ScanDevice(unsigned char, unsigned char)
          1118e0           1118e0      109     1                 ScanFunction(unsigned char, unsigned char, unsigned char)
          1119f0           1119f0      27f    16         memory_map.o:(.text)
          1119f0           1119f0       83     1                 show_memdesc(int)
          111a80           111a80      12d     1                 show_memory_map()
          111bb0           111bb0       bf     1                 search_mem_type(unsigned long)
          111c6f           111c6f      1c5     1         newlib.o:(.text)
          111c6f           111c6f       6f     1                 sbrk
          111cde           111cde       29     1                 read
          111d07           111d07       35     1                 write
          111d3c           111d3c       21     1                 _exit
          111d5d           111d5d       28     1                 lseek
          111d85           111d85       21     1                 close
          111da6           111da6       2e     1                 kill
          111dd4           111dd4       1a     1                 getpid
          111dee           111dee       25     1                 fstat
          111e13           111e13       21     1                 isatty
          111e40           111e40      348    16         segment.o:(.text)
          111e40           111e40      21d     1                 SetCodeSegment(SegmentDescriptor*, DescriptorType, unsigned int, unsigned int, unsigned int)
          112060           112060       77     1                 SetDataSegment(SegmentDescriptor*, DescriptorType, unsigned int, unsigned int, unsigned int)
          1120e0           1120e0       67     1                 SetupSegments()
          112150           112150       38     1                 InitializeSegment(unsigned short, unsigned short)
          112190           112190      dc5    16         interrupt.o:(.text)
          112190           112190      19e     1                 BreakpointInterrupt(InterruptFrame*)
          112330           112330      186     1                 SegFaultInterrupt(InterruptFrame*)
          1124c0           1124c0      186     1                 PageFaultInterrupt(InterruptFrame*)
          112650           112650      186     1                 GeneralProtectionInterrupt(InterruptFrame*)
          1127e0           1127e0      203     1                 KeyboardInterrupt(InterruptFrame*)
          1129f0           1129f0      163     1                 ShowKeycodeInterrupt(InterruptFrame*)
          112b60           112b60       f9     1                 DefaultInterrupt(InterruptFrame*)
          112c60           112c60       7a     1                 SetIDTEntry(InterruptDescriptor*, InterruptDescriptorAttribute, unsigned long, unsigned long)
          112ce0           112ce0       ba     1                 InitializePIC()
          112da0           112da0      1b5     1                 InitializeInterrupt()
          112f60           112f60       60    16         interrupt.o:(.text._Z10isAlphabetc)
          112f60           112f60       60     1                 isAlphabet(char)
          112fc0           112fc0       af    16         interrupt.o:(.text._Z11MakeIDTAttr14DescriptorTypehbh)
          112fc0           112fc0       af     1                 MakeIDTAttr(DescriptorType, unsigned char, bool, unsigned char)
          113070           113070      118    16         paging.o:(.text)
          113070           113070      118     1                 SetupIdentityPageTable()
          113190           113190       25    16         paging.o:(.text._ZNSt3__15arrayImLm512EEixEm)
          113190           113190       25     1                 std::__1::array<unsigned long, 512ul>::operator[](unsigned long)
          1131c0           1131c0       14    16         paging.o:(.text._ZNKSt3__15arrayINS0_ImLm512EEELm64EE4sizeEv)
          1131c0           1131c0       14     1                 std::__1::array<std::__1::array<unsigned long, 512ul>, 64ul>::size() const
          1131e0           1131e0       25    16         paging.o:(.text._ZNSt3__15arrayINS0_ImLm512EEELm64EEixEm)
          1131e0           1131e0       25     1                 std::__1::array<std::__1::array<unsigned long, 512ul>, 64ul>::operator[](unsigned long)
          113210           113210       62    16         keyboard.o:(.text)
          113210           113210       62     1                 InitializeKeycode()
          113280           113280      3d9    16         input.o:(.text)
          113280           113280      148     1                 InputBuffer::add(char)
          1133d0           1133d0       76     1                 InputBuffer::isEnter()
          113450           113450       76     1                 InputBuffer::pop()
          1134d0           1134d0       5a     1                 InputBuffer::allprint()
          113530           113530       9b     1                 InputBuffer::allpop(char*)
          1135d0           1135d0       89     1                 GetString(char*)
          113660           113660       27    16         input.o:(.text._ZN11InputBuffer7isInputEv)
          113660           113660       27     1                 InputBuffer::isInput()
          113690           113690      741    16         command.o:(.text)
          113690           113690      27d     1                 tokenize(char*)
          113910           113910       4b     1                 free_token(char**)
          113960           113960       97     1                 show_token(char**)
          113a00           113a00      187     1                 command(char*)
          113b90           113b90      241     1                 command(char**)
          113de0           113de0       2b    16         command.o:(.text.startup)
          113de0           113de0       1a     1                 __cxx_global_var_init
          113e00           113e00        b     1                 _GLOBAL__sub_I_command.cpp
          113e10           113e10       33    16         ../lib/libc.a(libc_a-malloc.o):(.text)
          113e10           113e10       13     1                 malloc
          113e30           113e30       13     1                 free
          113e50           113e50      26e    16         ../lib/libc.a(libc_a-strtol.o):(.text)
          113e50           113e50      1bd     1                 _strtol_l.part.0
          114010           114010       2e     1                 _strtol_r
          114040           114040       3e     1                 strtol_l
          114080           114080       3e     1                 strtol
          1140c0           1140c0       39    16         ../lib/libc.a(libc_a-atoi.o):(.text)
          1140c0           1140c0       19     1                 atoi
          1140e0           1140e0       19     1                 _atoi_r
          114100           114100      6ae    16         memory_manager.o:(.text)
          114100           114100       4f     1                 BitmapMemoryManager::BitmapMemoryManager()
          114100           114100       4f     1                 BitmapMemoryManager::BitmapMemoryManager()
          114150           114150      15d     1                 BitmapMemoryManager::Allocate(unsigned long)
          1142b0           1142b0       6e     1                 BitmapMemoryManager::GetBit(FrameID) const
          114320           114320       74     1                 BitmapMemoryManager::MarkAllocated(FrameID, unsigned long)
          1143a0           1143a0       90     1                 BitmapMemoryManager::Free(FrameID, unsigned long)
          114430           114430       a8     1                 BitmapMemoryManager::SetBit(FrameID, bool)
          1144e0           1144e0       34     1                 BitmapMemoryManager::SetMemoryRange(FrameID, FrameID)
          114520           114520       48     1                 BitmapMemoryManager::IsAvailable(unsigned long)
          114570           114570      167     1                 InitializeMemoryManager(BitmapMemoryManager*, MemoryMap*)
          1146e0           1146e0       ce     1                 InitializeHeap(BitmapMemoryManager&)
          1147b0           1147b0       2b    16         memory_manager.o:(.text.startup)
          1147b0           1147b0       1a     1                 __cxx_global_var_init
          1147d0           1147d0        b     1                 _GLOBAL__sub_I_memory_manager.cpp
          1147e0           1147e0       16    16         memory_manager.o:(.text._ZNK7FrameID2IDEv)
          1147e0           1147e0       16     1                 FrameID::ID() const
          114800           114800       33    16         memory_manager.o:(.text._ZN5ErrorC2ENS_4CodeEPKci)
          114800           114800       33     1                 Error::Error(Error::Code, char const*, int)
          114840           114840       27    16         memory_manager.o:(.text._Z16AddressToFrameIDm)
          114840           114840       27     1                 AddressToFrameID(unsigned long)
          114870           114870       25    16         memory_manager.o:(.text._ZNKSt3__15arrayImLm524288EEixEm)
          114870           114870       25     1                 std::__1::array<unsigned long, 524288ul>::operator[](unsigned long) const
          1148a0           1148a0       25    16         memory_manager.o:(.text._ZNSt3__15arrayImLm524288EEixEm)
          1148a0           1148a0       25     1                 std::__1::array<unsigned long, 524288ul>::operator[](unsigned long)
          1148d0           1148d0       3e    16         memory_manager.o:(.text._Z11IsAvailable10MemoryType)
          1148d0           1148d0       3e     1                 IsAvailable(MemoryType)
          114910           114910       73    16         timer.o:(.text)
          114910           114910       20     1                 InitializeLAPICTimer()
          114930           114930       13     1                 StartLAPICTimer()
          114950           114950       14     1                 LAPICTimer()
          114970           114970       13     1                 StopLAPICTimer()
          115988           115988       a0     8 .data.rel.ro
          115988           115988       a0     8         kernel.o:(.data.rel.ro._ZN5Error11code_names_E)
          115988           115988       a0     1                 Error::code_names_
          115a28           115a28       20     8 .init_array
          115a28           115a28        8     8         kernel.o:(.init_array)
          115a30           115a30        8     8         ../lib/libc.a(libc_a-stack_protector.o):(.init_array)
          115a38           115a38        8     8         command.o:(.init_array)
          115a40           115a40        8     8         memory_manager.o:(.init_array)
          115a60           115a60      cb0    32 .data
          115a60           115a60        0     1         ../lib/libc.a(libc_a-strcpy.o):(.data)
          115a60           115a60        0     1         ../lib/libc.a(libc_a-strcat.o):(.data)
          115a60           115a60        0     1         ../lib/libc.a(libc_a-strlen.o):(.data)
          115a60           115a60        0     1         ../lib/libc.a(libc_a-vsprintf.o):(.data)
          115a60           115a60        0     1         ../lib/libc.a(libc_a-impure.o):(.data)
          115a60           115a60        8     8         ../lib/libc.a(libc_a-impure.o):(.data.rel.local)
          115a60           115a60        8     1                 _impure_ptr
          115a80           115a80      158    32         ../lib/libc.a(libc_a-impure.o):(.data.rel)
          115a80           115a80      158     1                 _impure_data
          115bd8           115bd8        0     1         ../lib/libc.a(libc_a-findfp.o):(.data)
          115be0           115be0       18    16         ../lib/libc.a(libc_a-findfp.o):(.data.rel.local)
          115be0           115be0       18     1                 __sglue
          115bf8           115bf8        0     1         ../lib/libc.a(libc_a-fclose.o):(.data)
          115bf8           115bf8        0     1         ../lib/libc.a(libc_a-fflush.o):(.data)
          115bf8           115bf8        0     1         ../lib/libc.a(libc_a-freer.o):(.data)
          115bf8           115bf8        0     1         ../lib/libc.a(libc_a-mlock.o):(.data)
          115bf8           115bf8       10     8         ../lib/libc.a(libc_a-mallocr.o):(.data)
          115bf8           115bf8        8     1                 __malloc_sbrk_base
          115c00           115c00        8     1                 __malloc_trim_threshold
          115c20           115c20      810    32         ../lib/libc.a(libc_a-mallocr.o):(.data.rel.local)
          115c20           115c20      810     1                 __malloc_av_
          116430           116430        0     1         ../lib/libc.a(libc_a-sbrkr.o):(.data)
          116430           116430        0     1         ../lib/libc.a(libc_a-reent.o):(.data)
          116430           116430        0     1         ../lib/libc.a(libc_a-fwalk.o):(.data)
          116430           116430        0     1         ../lib/libc.a(libc_a-memset.o):(.data)
          116430           116430        0     1         ../lib/libc.a(libc_a-stdio.o):(.data)
          116430           116430        0     1         ../lib/libc.a(libc_a-readr.o):(.data)
          116430           116430        0     1         ../lib/libc.a(libc_a-writer.o):(.data)
          116430           116430        0     1         ../lib/libc.a(libc_a-lseekr.o):(.data)
          116430           116430        0     1         ../lib/libc.a(libc_a-closer.o):(.data)
          116430           116430        0     1         ../lib/libc.a(libc_a-svfprintf.o):(.data)
          116430           116430        0     1         ../lib/libc.a(libc_a-localeconv.o):(.data)
          116430           116430        0     1         ../lib/libc.a(libc_a-locale.o):(.data)
          116440           116440      1a8    32         ../lib/libc.a(libc_a-locale.o):(.data.rel)
          116440           116440      1a8     1                 __global_locale
          1165e8           1165e8        0     1         ../lib/libc.a(libc_a-strcmp.o):(.data)
          1165e8           1165e8        0     1         ../lib/libc.a(libc_a-wctomb_r.o):(.data)
          1165e8           1165e8        0     1         ../lib/libc.a(libc_a-mbtowc_r.o):(.data)
          1165e8           1165e8        0     1         ../lib/libc.a(libc_a-stack_protector.o):(.data)
          1165e8           1165e8        0     1         ../lib/libc.a(libc_a-signal.o):(.data)
          1165e8           1165e8        0     1         ../lib/libc.a(libc_a-signalr.o):(.data)
          1165e8           1165e8        0     1         ../lib/libc.a(libc_a-ctype_.o):(.data)
          1165e8           1165e8        0     1         ../lib/libc.a(libc_a-svfiprintf.o):(.data)
          1165e8           1165e8        0     1         ../lib/libc.a(libc_a-memmove.o):(.data)
          1165e8           1165e8        0     1         ../lib/libc.a(libc_a-memcpy.o):(.data)
          1165e8           1165e8        0     1         ../lib/libc.a(libc_a-reallocr.o):(.data)
          1165e8           1165e8        0     1         ../lib/libc.a(libc_a-memchr.o):(.data)
          1165e8           1165e8        0     1         ../lib/libc.a(libc_a-dtoa.o):(.data)
          1165e8           1165e8        0     1         ../lib/libc.a(libc_a-mprec.o):(.data)
          1165e8           1165e8        0     1         ../lib/libc.a(libc_a-callocr.o):(.data)
          1165e8           1165e8        0     1         ../lib/libc.a(libc_a-errno.o):(.data)
          1165e8           1165e8        0     1         ../lib/libc.a(libc_a-assert.o):(.data)
          1165e8           1165e8        0     1         ../lib/libc.a(libc_a-fiprintf.o):(.data)
          1165e8           1165e8        0     1         ../lib/libc.a(libc_a-vfiprintf.o):(.data)
          1165e8           1165e8        0     1         ../lib/libc.a(libc_a-fputwc.o):(.data)
          1165e8           1165e8        0     1         ../lib/libc.a(libc_a-wcrtomb.o):(.data)
          1165e8           1165e8        0     1         ../lib/libc.a(libc_a-wbuf.o):(.data)
          1165e8           1165e8        0     1         ../lib/libc.a(libc_a-wsetup.o):(.data)
          1165e8           1165e8        0     1         ../lib/libc.a(libc_a-makebuf.o):(.data)
          1165e8           1165e8        0     1         ../lib/libc.a(libc_a-fstatr.o):(.data)
          1165e8           1165e8        0     1         ../lib/libc.a(libc_a-isattyr.o):(.data)
          1165e8           1165e8        0     1         ../lib/libc.a(libc_a-fvwrite.o):(.data)
          1165e8           1165e8        0     1         ../lib/libc.a(libc_a-abort.o):(.data)
          1165e8           1165e8        0     1         ../lib/libc.a(libc_a-sprintf.o):(.data)
          1165e8           1165e8        0     1         newlib.o:(.data)
          1165f0           1165f0       18    16         segment.o:(.data)
          1165f0           1165f0       18     1                 gdt
          116608           116608        8     4         interrupt.o:(.data)
          116608           116608        8     1                 InterruptMessagePosition
          116610           116610      100    16         keyboard.o:(.data)
          116610           116610      100     1                 keycode
          116710           116710        0     1         ../lib/libc.a(libc_a-malloc.o):(.data)
          116710           116710        0     1         ../lib/libc.a(libc_a-strtol.o):(.data)
          116710           116710        0     1         ../lib/libc.a(libc_a-atoi.o):(.data)
          116710           116710       18     8 .got.plt
          116710           116710       18     8         <internal>:(.got.plt)
          117000           117000   549010  4096 .bss
          117000           117000   500428    16         kernel.o:(.bss)
          117000           117000        8     1                 kNullFrame
          117010           117010   100000     1                 kernel_main_stack
          217010           217010      400     1                 Input_Buffer
          217410           217410   400010     1                 memory_manager_buf
          617420           617420        8     1                 memory_manager
          617430           617430     5628    16         frame.o:(.bss)
          617430           617430        8     1                 vinfo
          617438           617438        8     1                 ascii_font
          617440           617440        4     1                 line_queue_head
          617444           617444        4     1                 line_queue_end
          617448           617448        4     1                 max_line
          617450           617450     4e20     1                 line_queue
          61c270           61c270        8     1                 WritePixel
          61c278           61c278        4     1                 Print::y
          61c280           61c280      3e8     1                 Print::line
          61c668           61c668        4     1                 Print::debug
          61c670           61c670      3e8     1                 Printf::str_for_Printf
          61ca58           61ca58        0     1         ../lib/libc.a(libc_a-strcpy.o):(.bss)
          61ca58           61ca58        0     1         ../lib/libc.a(libc_a-strcat.o):(.bss)
          61ca58           61ca58        0     1         ../lib/libc.a(libc_a-strlen.o):(.bss)
          61ca58           61ca58        0     1         ../lib/libc.a(libc_a-vsprintf.o):(.bss)
          61ca58           61ca58        0     1         ../lib/libc.a(libc_a-impure.o):(.bss)
          61ca60           61ca60      218    32         ../lib/libc.a(libc_a-findfp.o):(.bss)
          61ca60           61ca60      210     1                 __sf
          61cc70           61cc70        8     1                 __stdio_exit_handler
          61cc78           61cc78        0     1         ../lib/libc.a(libc_a-fclose.o):(.bss)
          61cc78           61cc78        0     1         ../lib/libc.a(libc_a-fflush.o):(.bss)
          61cc78           61cc78        0     1         ../lib/libc.a(libc_a-freer.o):(.bss)
          61cc78           61cc78        0     1         ../lib/libc.a(libc_a-mlock.o):(.bss)
          61cc80           61cc80       40    32         ../lib/libc.a(libc_a-mallocr.o):(.bss)
          61cc80           61cc80       28     1                 __malloc_current_mallinfo
          61cca8           61cca8        8     1                 __malloc_max_total_mem
          61ccb0           61ccb0        8     1                 __malloc_max_sbrked_mem
          61ccb8           61ccb8        8     1                 __malloc_top_pad
          61ccc0           61ccc0        0     1         ../lib/libc.a(libc_a-sbrkr.o):(.bss)
          61ccc0           61ccc0        4     4         ../lib/libc.a(libc_a-reent.o):(.bss)
          61ccc0           61ccc0        4     1                 errno
          61ccc4           61ccc4        0     1         ../lib/libc.a(libc_a-fwalk.o):(.bss)
          61ccc4           61ccc4        0     1         ../lib/libc.a(libc_a-memset.o):(.bss)
          61ccc4           61ccc4        0     1         ../lib/libc.a(libc_a-stdio.o):(.bss)
          61ccc4           61ccc4        0     1         ../lib/libc.a(libc_a-readr.o):(.bss)
          61ccc4           61ccc4        0     1         ../lib/libc.a(libc_a-writer.o):(.bss)
          61ccc4           61ccc4        0     1         ../lib/libc.a(libc_a-lseekr.o):(.bss)
          61ccc4           61ccc4        0     1         ../lib/libc.a(libc_a-closer.o):(.bss)
          61ccc4           61ccc4        0     1         ../lib/libc.a(libc_a-svfprintf.o):(.bss)
          61ccc4           61ccc4        0     1         ../lib/libc.a(libc_a-localeconv.o):(.bss)
          61ccc8           61ccc8        8     8         ../lib/libc.a(libc_a-locale.o):(.bss)
          61ccc8           61ccc8        8     1                 _PathLocale
          61ccd0           61ccd0        0     1         ../lib/libc.a(libc_a-strcmp.o):(.bss)
          61ccd0           61ccd0        0     1         ../lib/libc.a(libc_a-wctomb_r.o):(.bss)
          61ccd0           61ccd0        0     1         ../lib/libc.a(libc_a-mbtowc_r.o):(.bss)
          61ccd0           61ccd0        8     8         ../lib/libc.a(libc_a-stack_protector.o):(.bss)
          61ccd0           61ccd0        8     1                 __stack_chk_guard
          61ccd8           61ccd8        0     1         ../lib/libc.a(libc_a-signal.o):(.bss)
          61ccd8           61ccd8        0     1         ../lib/libc.a(libc_a-signalr.o):(.bss)
          61ccd8           61ccd8        0     1         ../lib/libc.a(libc_a-ctype_.o):(.bss)
          61ccd8           61ccd8        0     1         ../lib/libc.a(libc_a-svfiprintf.o):(.bss)
          61ccd8           61ccd8        0     1         ../lib/libc.a(libc_a-memmove.o):(.bss)
          61ccd8           61ccd8        0     1         ../lib/libc.a(libc_a-memcpy.o):(.bss)
          61ccd8           61ccd8        0     1         ../lib/libc.a(libc_a-reallocr.o):(.bss)
          61ccd8           61ccd8        0     1         ../lib/libc.a(libc_a-memchr.o):(.bss)
          61ccd8           61ccd8        0     1         ../lib/libc.a(libc_a-dtoa.o):(.bss)
          61ccd8           61ccd8        0     1         ../lib/libc.a(libc_a-mprec.o):(.bss)
          61ccd8           61ccd8        0     1         ../lib/libc.a(libc_a-callocr.o):(.bss)
          61ccd8           61ccd8        0     1         ../lib/libc.a(libc_a-errno.o):(.bss)
          61ccd8           61ccd8        0     1         ../lib/libc.a(libc_a-assert.o):(.bss)
          61ccd8           61ccd8        0     1         ../lib/libc.a(libc_a-fiprintf.o):(.bss)
          61ccd8           61ccd8        0     1         ../lib/libc.a(libc_a-vfiprintf.o):(.bss)
          61ccd8           61ccd8        0     1         ../lib/libc.a(libc_a-fputwc.o):(.bss)
          61ccd8           61ccd8        0     1         ../lib/libc.a(libc_a-wcrtomb.o):(.bss)
          61ccd8           61ccd8        0     1         ../lib/libc.a(libc_a-wbuf.o):(.bss)
          61ccd8           61ccd8        0     1         ../lib/libc.a(libc_a-wsetup.o):(.bss)
          61ccd8           61ccd8        0     1         ../lib/libc.a(libc_a-makebuf.o):(.bss)
          61ccd8           61ccd8        0     1         ../lib/libc.a(libc_a-fstatr.o):(.bss)
          61ccd8           61ccd8        0     1         ../lib/libc.a(libc_a-isattyr.o):(.bss)
          61ccd8           61ccd8        0     1         ../lib/libc.a(libc_a-fvwrite.o):(.bss)
          61ccd8           61ccd8        0     1         ../lib/libc.a(libc_a-abort.o):(.bss)
          61ccd8           61ccd8        0     1         ../lib/libc.a(libc_a-sprintf.o):(.bss)
          61cce0           61cce0       f0    16         pci.o:(.bss)
          61cce0           61cce0        4     1                 num_device
          61cce4           61cce4        4     1                 invdev
          61ccf0           61ccf0       e0     1                 devices
          61cdd0           61cdd0        8     8         memory_map.o:(.bss)
          61cdd0           61cdd0        8     1                 mmap
          61cdd8           61cdd8       10     8         newlib.o:(.bss)
          61cdd8           61cdd8        8     1                 program_break
          61cde0           61cde0        8     1                 program_break_end
          61cdf0           61cdf0     1001    16         interrupt.o:(.bss)
          61cdf0           61cdf0     1000     1                 idt
          61ddf0           61ddf0        1     1                 KeyboardInterrupt(InterruptFrame*)::isShift
          61e000           61e000    42000  4096         paging.o:(.bss)
          61e000           61e000     1000     1                 (anonymous namespace)::pdp_table
          61f000           61f000     1000     1                 (anonymous namespace)::pml4_table
          620000           620000    40000     1                 (anonymous namespace)::page_directory
          660000           660000        8     8         command.o:(.bss)
          660000           660000        8     1                 kNullFrame
          660008           660008        0     1         ../lib/libc.a(libc_a-malloc.o):(.bss)
          660008           660008        0     1         ../lib/libc.a(libc_a-strtol.o):(.bss)
          660008           660008        0     1         ../lib/libc.a(libc_a-atoi.o):(.bss)
          660008           660008        8     8         memory_manager.o:(.bss)
          660008           660008        8     1                 kNullFrame
               0                0     9000     1 .debug_abbrev
               0                0      4f1     1         kernel.o:(.debug_abbrev)
             4f1              4f1      1c4     1         frame.o:(.debug_abbrev)
             6b5              6b5       97     1         ../lib/libc.a(libc_a-strcpy.o):(.debug_abbrev)
             74c              74c       ce     1         ../lib/libc.a(libc_a-strcat.o):(.debug_abbrev)
             81a              81a       90     1         ../lib/libc.a(libc_a-strlen.o):(.debug_abbrev)
             8aa              8aa      2aa     1         ../lib/libc.a(libc_a-vsprintf.o):(.debug_abbrev)
             b54              b54      18d     1         ../lib/libc.a(libc_a-impure.o):(.debug_abbrev)
             ce1              ce1      44d     1         ../lib/libc.a(libc_a-findfp.o):(.debug_abbrev)
            112e             112e      2ed     1         ../lib/libc.a(libc_a-fclose.o):(.debug_abbrev)
            141b             141b      333     1         ../lib/libc.a(libc_a-fflush.o):(.debug_abbrev)
            174e             174e      290     1         ../lib/libc.a(libc_a-freer.o):(.debug_abbrev)
            19de             19de      1ce     1         ../lib/libc.a(libc_a-mlock.o):(.debug_abbrev)
            1bac             1bac      2d7     1         ../lib/libc.a(libc_a-mallocr.o):(.debug_abbrev)
            1e83             1e83      202     1         ../lib/libc.a(libc_a-sbrkr.o):(.debug_abbrev)
            2085             2085      230     1         ../lib/libc.a(libc_a-reent.o):(.debug_abbrev)
            22b5             22b5      1d9     1         ../lib/libc.a(libc_a-fwalk.o):(.debug_abbrev)
            248e             248e       14     1         ../lib/libc.a(libc_a-memset.o):(.debug_abbrev)
            24a2             24a2      24f     1         ../lib/libc.a(libc_a-stdio.o):(.debug_abbrev)
            26f1             26f1      1ec     1         ../lib/libc.a(libc_a-readr.o):(.debug_abbrev)
            28dd             28dd      1f1     1         ../lib/libc.a(libc_a-writer.o):(.debug_abbrev)
            2ace             2ace      200     1         ../lib/libc.a(libc_a-lseekr.o):(.debug_abbrev)
            2cce             2cce      1ec     1         ../lib/libc.a(libc_a-closer.o):(.debug_abbrev)
            2eba             2eba      404     1         ../lib/libc.a(libc_a-svfprintf.o):(.debug_abbrev)
            32be             32be      264     1         ../lib/libc.a(libc_a-localeconv.o):(.debug_abbrev)
            3522             3522      2f4     1         ../lib/libc.a(libc_a-locale.o):(.debug_abbrev)
            3816             3816       83     1         ../lib/libc.a(libc_a-strcmp.o):(.debug_abbrev)
            3899             3899      253     1         ../lib/libc.a(libc_a-wctomb_r.o):(.debug_abbrev)
            3aec             3aec      25e     1         ../lib/libc.a(libc_a-mbtowc_r.o):(.debug_abbrev)
            3d4a             3d4a      133     1         ../lib/libc.a(libc_a-stack_protector.o):(.debug_abbrev)
            3e7d             3e7d      315     1         ../lib/libc.a(libc_a-signal.o):(.debug_abbrev)
            4192             4192      239     1         ../lib/libc.a(libc_a-signalr.o):(.debug_abbrev)
            43cb             43cb       69     1         ../lib/libc.a(libc_a-ctype_.o):(.debug_abbrev)
            4434             4434      329     1         ../lib/libc.a(libc_a-svfiprintf.o):(.debug_abbrev)
            475d             475d       b2     1         ../lib/libc.a(libc_a-memmove.o):(.debug_abbrev)
            480f             480f       14     1         ../lib/libc.a(libc_a-memcpy.o):(.debug_abbrev)
            4823             4823      29a     1         ../lib/libc.a(libc_a-reallocr.o):(.debug_abbrev)
            4abd             4abd       c7     1         ../lib/libc.a(libc_a-memchr.o):(.debug_abbrev)
            4b84             4b84      346     1         ../lib/libc.a(libc_a-dtoa.o):(.debug_abbrev)
            4eca             4eca      4ef     1         ../lib/libc.a(libc_a-mprec.o):(.debug_abbrev)
            53b9             53b9      25b     1         ../lib/libc.a(libc_a-callocr.o):(.debug_abbrev)
            5614             5614      19a     1         ../lib/libc.a(libc_a-errno.o):(.debug_abbrev)
            57ae             57ae      226     1         ../lib/libc.a(libc_a-assert.o):(.debug_abbrev)
            59d4             59d4      24b     1         ../lib/libc.a(libc_a-fiprintf.o):(.debug_abbrev)
            5c1f             5c1f      45e     1         ../lib/libc.a(libc_a-vfiprintf.o):(.debug_abbrev)
            607d             607d      363     1         ../lib/libc.a(libc_a-fputwc.o):(.debug_abbrev)
            63e0             63e0      25d     1         ../lib/libc.a(libc_a-wcrtomb.o):(.debug_abbrev)
            663d             663d      272     1         ../lib/libc.a(libc_a-wbuf.o):(.debug_abbrev)
            68af             68af      21e     1         ../lib/libc.a(libc_a-wsetup.o):(.debug_abbrev)
            6acd             6acd      2fb     1         ../lib/libc.a(libc_a-makebuf.o):(.debug_abbrev)
            6dc8             6dc8      1ff     1         ../lib/libc.a(libc_a-fstatr.o):(.debug_abbrev)
            6fc7             6fc7      1ec     1         ../lib/libc.a(libc_a-isattyr.o):(.debug_abbrev)
            71b3             71b3      254     1         ../lib/libc.a(libc_a-fvwrite.o):(.debug_abbrev)
            7407             7407       99     1         ../lib/libc.a(libc_a-abort.o):(.debug_abbrev)
            74a0             74a0      251     1         ../lib/libc.a(libc_a-sprintf.o):(.debug_abbrev)
            76f1             76f1      108     1         pci.o:(.debug_abbrev)
            77f9             77f9       f3     1         memory_map.o:(.debug_abbrev)
            78ec             78ec      193     1         newlib.o:(.debug_abbrev)
            7a7f             7a7f       f8     1         segment.o:(.debug_abbrev)
            7b77             7b77      15b     1         interrupt.o:(.debug_abbrev)
            7cd2             7cd2      23c     1         paging.o:(.debug_abbrev)
            7f0e             7f0e       7c     1         keyboard.o:(.debug_abbrev)
            7f8a             7f8a       cf     1         input.o:(.debug_abbrev)
            8059             8059      31d     1         command.o:(.debug_abbrev)
            8376             8376      20b     1         ../lib/libc.a(libc_a-malloc.o):(.debug_abbrev)
            8581             8581      324     1         ../lib/libc.a(libc_a-strtol.o):(.debug_abbrev)
            88a5             88a5      1eb     1         ../lib/libc.a(libc_a-atoi.o):(.debug_abbrev)
            8a90             8a90      4cd     1         memory_manager.o:(.debug_abbrev)
            8f5d             8f5d       a3     1         timer.o:(.debug_abbrev)
               0                0    278d7     1 .debug_info
               0                0     18ae     1         kernel.o:(.debug_info)
            18ae             18ae      6f6     1         frame.o:(.debug_info)
            1fa4             1fa4      136     1         ../lib/libc.a(libc_a-strcpy.o):(.debug_info)
            20da             20da      14c     1         ../lib/libc.a(libc_a-strcat.o):(.debug_info)
            2226             2226       fb     1         ../lib/libc.a(libc_a-strlen.o):(.debug_info)
            2321             2321      963     1         ../lib/libc.a(libc_a-vsprintf.o):(.debug_info)
            2c84             2c84      732     1         ../lib/libc.a(libc_a-impure.o):(.debug_info)
            33b6             33b6      f8c     1         ../lib/libc.a(libc_a-findfp.o):(.debug_info)
            4342             4342      91d     1         ../lib/libc.a(libc_a-fclose.o):(.debug_info)
            4c5f             4c5f      aaf     1         ../lib/libc.a(libc_a-fflush.o):(.debug_info)
            570e             570e      b73     1         ../lib/libc.a(libc_a-freer.o):(.debug_info)
            6281             6281      749     1         ../lib/libc.a(libc_a-mlock.o):(.debug_info)
            69ca             69ca      d17     1         ../lib/libc.a(libc_a-mallocr.o):(.debug_info)
            76e1             76e1      79c     1         ../lib/libc.a(libc_a-sbrkr.o):(.debug_info)
            7e7d             7e7d      823     1         ../lib/libc.a(libc_a-reent.o):(.debug_info)
            86a0             86a0      7f6     1         ../lib/libc.a(libc_a-fwalk.o):(.debug_info)
            8e96             8e96       29     1         ../lib/libc.a(libc_a-memset.o):(.debug_info)
            8ebf             8ebf      aaf     1         ../lib/libc.a(libc_a-stdio.o):(.debug_info)
            996e             996e      7d3     1         ../lib/libc.a(libc_a-readr.o):(.debug_info)
            a141             a141      7d9     1         ../lib/libc.a(libc_a-writer.o):(.debug_info)
            a91a             a91a      7d4     1         ../lib/libc.a(libc_a-lseekr.o):(.debug_info)
            b0ee             b0ee      77d     1         ../lib/libc.a(libc_a-closer.o):(.debug_info)
            b86b             b86b     185b     1         ../lib/libc.a(libc_a-svfprintf.o):(.debug_info)
            d0c6             d0c6      a40     1         ../lib/libc.a(libc_a-localeconv.o):(.debug_info)
            db06             db06      cc4     1         ../lib/libc.a(libc_a-locale.o):(.debug_info)
            e7ca             e7ca       fb     1         ../lib/libc.a(libc_a-strcmp.o):(.debug_info)
            e8c5             e8c5      a7b     1         ../lib/libc.a(libc_a-wctomb_r.o):(.debug_info)
            f340             f340      aef     1         ../lib/libc.a(libc_a-mbtowc_r.o):(.debug_info)
            fe2f             fe2f      20c     1         ../lib/libc.a(libc_a-stack_protector.o):(.debug_info)
           1003b            1003b      ef1     1         ../lib/libc.a(libc_a-signal.o):(.debug_info)
           10f2c            10f2c      810     1         ../lib/libc.a(libc_a-signalr.o):(.debug_info)
           1173c            1173c       f6     1         ../lib/libc.a(libc_a-ctype_.o):(.debug_info)
           11832            11832     124f     1         ../lib/libc.a(libc_a-svfiprintf.o):(.debug_info)
           12a81            12a81      15d     1         ../lib/libc.a(libc_a-memmove.o):(.debug_info)
           12bde            12bde       29     1         ../lib/libc.a(libc_a-memcpy.o):(.debug_info)
           12c07            12c07      bfa     1         ../lib/libc.a(libc_a-reallocr.o):(.debug_info)
           13801            13801      15a     1         ../lib/libc.a(libc_a-memchr.o):(.debug_info)
           1395b            1395b     170e     1         ../lib/libc.a(libc_a-dtoa.o):(.debug_info)
           15069            15069     200f     1         ../lib/libc.a(libc_a-mprec.o):(.debug_info)
           17078            17078      8e7     1         ../lib/libc.a(libc_a-callocr.o):(.debug_info)
           1795f            1795f      71e     1         ../lib/libc.a(libc_a-errno.o):(.debug_info)
           1807d            1807d      84b     1         ../lib/libc.a(libc_a-assert.o):(.debug_info)
           188c8            188c8      8df     1         ../lib/libc.a(libc_a-fiprintf.o):(.debug_info)
           191a7            191a7     194f     1         ../lib/libc.a(libc_a-vfiprintf.o):(.debug_info)
           1aaf6            1aaf6      a7d     1         ../lib/libc.a(libc_a-fputwc.o):(.debug_info)
           1b573            1b573      b79     1         ../lib/libc.a(libc_a-wcrtomb.o):(.debug_info)
           1c0ec            1c0ec      89f     1         ../lib/libc.a(libc_a-wbuf.o):(.debug_info)
           1c98b            1c98b      7ea     1         ../lib/libc.a(libc_a-wsetup.o):(.debug_info)
           1d175            1d175      c71     1         ../lib/libc.a(libc_a-makebuf.o):(.debug_info)
           1dde6            1dde6      990     1         ../lib/libc.a(libc_a-fstatr.o):(.debug_info)
           1e776            1e776      77d     1         ../lib/libc.a(libc_a-isattyr.o):(.debug_info)
           1eef3            1eef3      bae     1         ../lib/libc.a(libc_a-fvwrite.o):(.debug_info)
           1faa1            1faa1       f0     1         ../lib/libc.a(libc_a-abort.o):(.debug_info)
           1fb91            1fb91      91a     1         ../lib/libc.a(libc_a-sprintf.o):(.debug_info)
           204ab            204ab      487     1         pci.o:(.debug_info)
           20932            20932      1c7     1         memory_map.o:(.debug_info)
           20af9            20af9      56a     1         newlib.o:(.debug_info)
           21063            21063      227     1         segment.o:(.debug_info)
           2128a            2128a      38f     1         interrupt.o:(.debug_info)
           21619            21619      f5b     1         paging.o:(.debug_info)
           22574            22574       67     1         keyboard.o:(.debug_info)
           225db            225db      19a     1         input.o:(.debug_info)
           22775            22775     1338     1         command.o:(.debug_info)
           23aad            23aad      7c7     1         ../lib/libc.a(libc_a-malloc.o):(.debug_info)
           24274            24274      ed2     1         ../lib/libc.a(libc_a-strtol.o):(.debug_info)
           25146            25146      7fa     1         ../lib/libc.a(libc_a-atoi.o):(.debug_info)
           25940            25940     1ee9     1         memory_manager.o:(.debug_info)
           27829            27829       ae     1         timer.o:(.debug_info)
               0                0      817     1 .debug_rnglists
               0                0       35     1         kernel.o:(.debug_rnglists)
              35               35       20     1         frame.o:(.debug_rnglists)
              55               55       6b     1         ../lib/libc.a(libc_a-findfp.o):(.debug_rnglists)
              c0               c0       1f     1         ../lib/libc.a(libc_a-fclose.o):(.debug_rnglists)
              df               df       54     1         ../lib/libc.a(libc_a-fflush.o):(.debug_rnglists)
             133              133       3a     1         ../lib/libc.a(libc_a-mallocr.o):(.debug_rnglists)
             16d              16d       f8     1         ../lib/libc.a(libc_a-svfprintf.o):(.debug_rnglists)
             265              265       21     1         ../lib/libc.a(libc_a-locale.o):(.debug_rnglists)
             286              286       22     1         ../lib/libc.a(libc_a-stack_protector.o):(.debug_rnglists)
             2a8              2a8       b6     1         ../lib/libc.a(libc_a-signal.o):(.debug_rnglists)
             35e              35e       36     1         ../lib/libc.a(libc_a-svfiprintf.o):(.debug_rnglists)
             394              394       a4     1         ../lib/libc.a(libc_a-reallocr.o):(.debug_rnglists)
             438              438       31     1         ../lib/libc.a(libc_a-dtoa.o):(.debug_rnglists)
             469              469       b9     1         ../lib/libc.a(libc_a-mprec.o):(.debug_rnglists)
             522              522       24     1         ../lib/libc.a(libc_a-callocr.o):(.debug_rnglists)
             546              546       cd     1         ../lib/libc.a(libc_a-vfiprintf.o):(.debug_rnglists)
             613              613       32     1         ../lib/libc.a(libc_a-fputwc.o):(.debug_rnglists)
[...]
               0                0     4f3f     1 .debug_str
               0                0     4f3f     1         <internal>:(.debug_str)
               0                0      5a0     1 .debug_addr
               0                0       a0     1         kernel.o:(.debug_addr)
              a0               a0      110     1         frame.o:(.debug_addr)
             1b0              1b0       c0     1         pci.o:(.debug_addr)
             270              270       28     1         memory_map.o:(.debug_addr)
             298              298       30     1         segment.o:(.debug_addr)
             2c8              2c8       88     1         interrupt.o:(.debug_addr)
             350              350       50     1         paging.o:(.debug_addr)
             3a0              3a0       20     1         keyboard.o:(.debug_addr)
             3c0              3c0       40     1         input.o:(.debug_addr)
             400              400       78     1         command.o:(.debug_addr)
             478              478       e8     1         memory_manager.o:(.debug_addr)
             560              560       40     1         timer.o:(.debug_addr)
               0                0       6b     1 .comment
               0                0       6b     1         <internal>:(.comment)
               0                0     d2a5     1 .debug_line
               0                0      2bd     1         kernel.o:(.debug_line)
             2bd              2bd      747     1         frame.o:(.debug_line)
             a04              a04       cf     1         ../lib/libc.a(libc_a-strcpy.o):(.debug_line)
             ad3              ad3       a7     1         ../lib/libc.a(libc_a-strcat.o):(.debug_line)
             b7a              b7a       bc     1         ../lib/libc.a(libc_a-strlen.o):(.debug_line)
             c36              c36      117     1         ../lib/libc.a(libc_a-vsprintf.o):(.debug_line)
             d4d              d4d       56     1         ../lib/libc.a(libc_a-impure.o):(.debug_line)
             da3              da3      415     1         ../lib/libc.a(libc_a-findfp.o):(.debug_line)
            11b8             11b8      15c     1         ../lib/libc.a(libc_a-fclose.o):(.debug_line)
            1314             1314      38b     1         ../lib/libc.a(libc_a-fflush.o):(.debug_line)
            169f             169f      460     1         ../lib/libc.a(libc_a-freer.o):(.debug_line)
            1aff             1aff       74     1         ../lib/libc.a(libc_a-mlock.o):(.debug_line)
            1b73             1b73      76f     1         ../lib/libc.a(libc_a-mallocr.o):(.debug_line)
            22e2             22e2       a9     1         ../lib/libc.a(libc_a-sbrkr.o):(.debug_line)
            238b             238b      11b     1         ../lib/libc.a(libc_a-reent.o):(.debug_line)
            24a6             24a6       df     1         ../lib/libc.a(libc_a-fwalk.o):(.debug_line)
            2585             2585       82     1         ../lib/libc.a(libc_a-memset.o):(.debug_line)
            2607             2607      15f     1         ../lib/libc.a(libc_a-stdio.o):(.debug_line)
            2766             2766       b4     1         ../lib/libc.a(libc_a-readr.o):(.debug_line)
            281a             281a       b4     1         ../lib/libc.a(libc_a-writer.o):(.debug_line)
            28ce             28ce       b6     1         ../lib/libc.a(libc_a-lseekr.o):(.debug_line)
            2984             2984       ad     1         ../lib/libc.a(libc_a-closer.o):(.debug_line)
            2a31             2a31     1746     1         ../lib/libc.a(libc_a-svfprintf.o):(.debug_line)
            4177             4177       a7     1         ../lib/libc.a(libc_a-localeconv.o):(.debug_line)
            421e             421e      161     1         ../lib/libc.a(libc_a-locale.o):(.debug_line)
            437f             437f       d7     1         ../lib/libc.a(libc_a-strcmp.o):(.debug_line)
            4456             4456       d9     1         ../lib/libc.a(libc_a-wctomb_r.o):(.debug_line)
            452f             452f       db     1         ../lib/libc.a(libc_a-mbtowc_r.o):(.debug_line)
            460a             460a       d2     1         ../lib/libc.a(libc_a-stack_protector.o):(.debug_line)
            46dc             46dc      581     1         ../lib/libc.a(libc_a-signal.o):(.debug_line)
            4c5d             4c5d       c6     1         ../lib/libc.a(libc_a-signalr.o):(.debug_line)
            4d23             4d23       48     1         ../lib/libc.a(libc_a-ctype_.o):(.debug_line)
            4d6b             4d6b      dfa     1         ../lib/libc.a(libc_a-svfiprintf.o):(.debug_line)
            5b65             5b65      15e     1         ../lib/libc.a(libc_a-memmove.o):(.debug_line)
            5cc3             5cc3       97     1         ../lib/libc.a(libc_a-memcpy.o):(.debug_line)
            5d5a             5d5a      634     1         ../lib/libc.a(libc_a-reallocr.o):(.debug_line)
            638e             638e      12d     1         ../lib/libc.a(libc_a-memchr.o):(.debug_line)
            64bb             64bb     1380     1         ../lib/libc.a(libc_a-dtoa.o):(.debug_line)
            783b             783b     158c     1         ../lib/libc.a(libc_a-mprec.o):(.debug_line)
            8dc7             8dc7      177     1         ../lib/libc.a(libc_a-callocr.o):(.debug_line)
            8f3e             8f3e       72     1         ../lib/libc.a(libc_a-errno.o):(.debug_line)
            8fb0             8fb0       bc     1         ../lib/libc.a(libc_a-assert.o):(.debug_line)
            906c             906c       d8     1         ../lib/libc.a(libc_a-fiprintf.o):(.debug_line)
            9144             9144     107c     1         ../lib/libc.a(libc_a-vfiprintf.o):(.debug_line)
            a1c0             a1c0      21f     1         ../lib/libc.a(libc_a-fputwc.o):(.debug_line)
            a3df             a3df      151     1         ../lib/libc.a(libc_a-wcrtomb.o):(.debug_line)
            a530             a530      1d2     1         ../lib/libc.a(libc_a-wbuf.o):(.debug_line)
            a702             a702      20d     1         ../lib/libc.a(libc_a-wsetup.o):(.debug_line)
            a90f             a90f      22d     1         ../lib/libc.a(libc_a-makebuf.o):(.debug_line)
            ab3c             ab3c       c6     1         ../lib/libc.a(libc_a-fstatr.o):(.debug_line)
            ac02             ac02       ad     1         ../lib/libc.a(libc_a-isattyr.o):(.debug_line)
            acaf             acaf      535     1         ../lib/libc.a(libc_a-fvwrite.o):(.debug_line)
            b1e4             b1e4       72     1         ../lib/libc.a(libc_a-abort.o):(.debug_line)
            b256             b256      12b     1         ../lib/libc.a(libc_a-sprintf.o):(.debug_line)
            b381             b381      428     1         pci.o:(.debug_line)
            b7a9             b7a9      14d     1         memory_map.o:(.debug_line)
            b8f6             b8f6      12e     1         newlib.o:(.debug_line)
            ba24             ba24      1db     1         segment.o:(.debug_line)
            bbff             bbff      36c     1         interrupt.o:(.debug_line)
            bf6b             bf6b      173     1         paging.o:(.debug_line)
            c0de             c0de       7e     1         keyboard.o:(.debug_line)
            c15c             c15c      26d     1         input.o:(.debug_line)
            c3c9             c3c9      45e     1         command.o:(.debug_line)
            c827             c827       a0     1         ../lib/libc.a(libc_a-malloc.o):(.debug_line)
            c8c7             c8c7      2e4     1         ../lib/libc.a(libc_a-strtol.o):(.debug_line)
            cbab             cbab       96     1         ../lib/libc.a(libc_a-atoi.o):(.debug_line)
            cc41             cc41      5b2     1         memory_manager.o:(.debug_line)
            d1f3             d1f3       b2     1         timer.o:(.debug_line)
               0                0      ece     1 .debug_line_str
               0                0      ece     1         <internal>:(.debug_line_str)
               0                0     d931     1 .debug_loclists
               0                0       3c     1         frame.o:(.debug_loclists)
              3c               3c       d1     1         ../lib/libc.a(libc_a-strcpy.o):(.debug_loclists)
             10d              10d       52     1         ../lib/libc.a(libc_a-strcat.o):(.debug_loclists)
             15f              15f       39     1         ../lib/libc.a(libc_a-strlen.o):(.debug_loclists)
             198              198      118     1         ../lib/libc.a(libc_a-vsprintf.o):(.debug_loclists)
             2b0              2b0      1d2     1         ../lib/libc.a(libc_a-findfp.o):(.debug_loclists)
             482              482      112     1         ../lib/libc.a(libc_a-fclose.o):(.debug_loclists)
             594              594      2bb     1         ../lib/libc.a(libc_a-fflush.o):(.debug_loclists)
             84f              84f      4c7     1         ../lib/libc.a(libc_a-freer.o):(.debug_loclists)
             d16              d16      9aa     1         ../lib/libc.a(libc_a-mallocr.o):(.debug_loclists)
            16c0             16c0       50     1         ../lib/libc.a(libc_a-sbrkr.o):(.debug_loclists)
            1710             1710       8c     1         ../lib/libc.a(libc_a-reent.o):(.debug_loclists)
            179c             179c       94     1         ../lib/libc.a(libc_a-fwalk.o):(.debug_loclists)
            1830             1830      256     1         ../lib/libc.a(libc_a-stdio.o):(.debug_loclists)
            1a86             1a86       82     1         ../lib/libc.a(libc_a-readr.o):(.debug_loclists)
            1b08             1b08       82     1         ../lib/libc.a(libc_a-writer.o):(.debug_loclists)
            1b8a             1b8a       82     1         ../lib/libc.a(libc_a-lseekr.o):(.debug_loclists)
            1c0c             1c0c       50     1         ../lib/libc.a(libc_a-closer.o):(.debug_loclists)
            1c5c             1c5c     1fce     1         ../lib/libc.a(libc_a-svfprintf.o):(.debug_loclists)
            3c2a             3c2a       1e     1         ../lib/libc.a(libc_a-localeconv.o):(.debug_loclists)
            3c48             3c48      189     1         ../lib/libc.a(libc_a-locale.o):(.debug_loclists)
            3dd1             3dd1       60     1         ../lib/libc.a(libc_a-strcmp.o):(.debug_loclists)
            3e31             3e31       5c     1         ../lib/libc.a(libc_a-wctomb_r.o):(.debug_loclists)
            3e8d             3e8d      107     1         ../lib/libc.a(libc_a-mbtowc_r.o):(.debug_loclists)
            3f94             3f94      813     1         ../lib/libc.a(libc_a-signal.o):(.debug_loclists)
            47a7             47a7       7b     1         ../lib/libc.a(libc_a-signalr.o):(.debug_loclists)
            4822             4822      ffd     1         ../lib/libc.a(libc_a-svfiprintf.o):(.debug_loclists)
            581f             581f      3ae     1         ../lib/libc.a(libc_a-memmove.o):(.debug_loclists)
            5bcd             5bcd      b7b     1         ../lib/libc.a(libc_a-reallocr.o):(.debug_loclists)
            6748             6748      154     1         ../lib/libc.a(libc_a-memchr.o):(.debug_loclists)
            689c             689c     23c9     1         ../lib/libc.a(libc_a-dtoa.o):(.debug_loclists)
            8c65             8c65     1900     1         ../lib/libc.a(libc_a-mprec.o):(.debug_loclists)
            a565             a565      190     1         ../lib/libc.a(libc_a-callocr.o):(.debug_loclists)
            a6f5             a6f5       d3     1         ../lib/libc.a(libc_a-assert.o):(.debug_loclists)
            a7c8             a7c8       9d     1         ../lib/libc.a(libc_a-fiprintf.o):(.debug_loclists)
            a865             a865     1b20     1         ../lib/libc.a(libc_a-vfiprintf.o):(.debug_loclists)
            c385             c385      1e7     1         ../lib/libc.a(libc_a-fputwc.o):(.debug_loclists)
            c56c             c56c      184     1         ../lib/libc.a(libc_a-wcrtomb.o):(.debug_loclists)
            c6f0             c6f0      131     1         ../lib/libc.a(libc_a-wbuf.o):(.debug_loclists)
            c821             c821       5f     1         ../lib/libc.a(libc_a-wsetup.o):(.debug_loclists)
            c880             c880      217     1         ../lib/libc.a(libc_a-makebuf.o):(.debug_loclists)
            ca97             ca97       69     1         ../lib/libc.a(libc_a-fstatr.o):(.debug_loclists)
            cb00             cb00       50     1         ../lib/libc.a(libc_a-isattyr.o):(.debug_loclists)
            cb50             cb50      548     1         ../lib/libc.a(libc_a-fvwrite.o):(.debug_loclists)
            d098             d098       b3     1         ../lib/libc.a(libc_a-sprintf.o):(.debug_loclists)
            d14b             d14b       3e     1         ../lib/libc.a(libc_a-malloc.o):(.debug_loclists)
            d189             d189      766     1         ../lib/libc.a(libc_a-strtol.o):(.debug_loclists)
            d8ef             d8ef       42     1         ../lib/libc.a(libc_a-atoi.o):(.debug_loclists)
               0                0      a70    16 .debug_aranges
               0                0       30     1         ../lib/libc.a(libc_a-strcpy.o):(.debug_aranges)
              30               30       30     1         ../lib/libc.a(libc_a-strcat.o):(.debug_aranges)
              60               60       30     1         ../lib/libc.a(libc_a-strlen.o):(.debug_aranges)
              90               90       30     1         ../lib/libc.a(libc_a-vsprintf.o):(.debug_aranges)
              c0               c0       20     1         ../lib/libc.a(libc_a-impure.o):(.debug_aranges)
              e0               e0       30     1         ../lib/libc.a(libc_a-findfp.o):(.debug_aranges)
             110              110       30     1         ../lib/libc.a(libc_a-fclose.o):(.debug_aranges)
             140              140       30     1         ../lib/libc.a(libc_a-fflush.o):(.debug_aranges)
             170              170       30     1         ../lib/libc.a(libc_a-freer.o):(.debug_aranges)
             1a0              1a0       30     1         ../lib/libc.a(libc_a-mlock.o):(.debug_aranges)
             1d0              1d0       30     1         ../lib/libc.a(libc_a-mallocr.o):(.debug_aranges)
             200              200       30     1         ../lib/libc.a(libc_a-sbrkr.o):(.debug_aranges)
             230              230       30     1         ../lib/libc.a(libc_a-reent.o):(.debug_aranges)
             260              260       30     1         ../lib/libc.a(libc_a-fwalk.o):(.debug_aranges)
             290              290       30    16         ../lib/libc.a(libc_a-memset.o):(.debug_aranges)
             2c0              2c0       30     1         ../lib/libc.a(libc_a-stdio.o):(.debug_aranges)
             2f0              2f0       30     1         ../lib/libc.a(libc_a-readr.o):(.debug_aranges)
             320              320       30     1         ../lib/libc.a(libc_a-writer.o):(.debug_aranges)
             350              350       30     1         ../lib/libc.a(libc_a-lseekr.o):(.debug_aranges)
             380              380       30     1         ../lib/libc.a(libc_a-closer.o):(.debug_aranges)
             3b0              3b0       30     1         ../lib/libc.a(libc_a-svfprintf.o):(.debug_aranges)
             3e0              3e0       30     1         ../lib/libc.a(libc_a-localeconv.o):(.debug_aranges)
             410              410       30     1         ../lib/libc.a(libc_a-locale.o):(.debug_aranges)
             440              440       30     1         ../lib/libc.a(libc_a-strcmp.o):(.debug_aranges)
             470              470       30     1         ../lib/libc.a(libc_a-wctomb_r.o):(.debug_aranges)
             4a0              4a0       30     1         ../lib/libc.a(libc_a-mbtowc_r.o):(.debug_aranges)
             4d0              4d0       40     1         ../lib/libc.a(libc_a-stack_protector.o):(.debug_aranges)
             510              510       30     1         ../lib/libc.a(libc_a-signal.o):(.debug_aranges)
             540              540       30     1         ../lib/libc.a(libc_a-signalr.o):(.debug_aranges)
             570              570       20     1         ../lib/libc.a(libc_a-ctype_.o):(.debug_aranges)
             590              590       30     1         ../lib/libc.a(libc_a-svfiprintf.o):(.debug_aranges)
             5c0              5c0       30     1         ../lib/libc.a(libc_a-memmove.o):(.debug_aranges)
             5f0              5f0       30    16         ../lib/libc.a(libc_a-memcpy.o):(.debug_aranges)
             620              620       30     1         ../lib/libc.a(libc_a-reallocr.o):(.debug_aranges)
             650              650       30     1         ../lib/libc.a(libc_a-memchr.o):(.debug_aranges)
             680              680       30     1         ../lib/libc.a(libc_a-dtoa.o):(.debug_aranges)
             6b0              6b0       30     1         ../lib/libc.a(libc_a-mprec.o):(.debug_aranges)
             6e0              6e0       30     1         ../lib/libc.a(libc_a-callocr.o):(.debug_aranges)
             710              710       30     1         ../lib/libc.a(libc_a-errno.o):(.debug_aranges)
             740              740       30     1         ../lib/libc.a(libc_a-assert.o):(.debug_aranges)
             770              770       30     1         ../lib/libc.a(libc_a-fiprintf.o):(.debug_aranges)
             7a0              7a0       30     1         ../lib/libc.a(libc_a-vfiprintf.o):(.debug_aranges)
             7d0              7d0       30     1         ../lib/libc.a(libc_a-fputwc.o):(.debug_aranges)
             800              800       30     1         ../lib/libc.a(libc_a-wcrtomb.o):(.debug_aranges)
             830              830       30     1         ../lib/libc.a(libc_a-wbuf.o):(.debug_aranges)
             860              860       30     1         ../lib/libc.a(libc_a-wsetup.o):(.debug_aranges)
             890              890       30     1         ../lib/libc.a(libc_a-makebuf.o):(.debug_aranges)
             8c0              8c0       30     1         ../lib/libc.a(libc_a-fstatr.o):(.debug_aranges)
             8f0              8f0       30     1         ../lib/libc.a(libc_a-isattyr.o):(.debug_aranges)
             920              920       30     1         ../lib/libc.a(libc_a-fvwrite.o):(.debug_aranges)
             950              950       30     1         ../lib/libc.a(libc_a-abort.o):(.debug_aranges)
             980              980       30     1         ../lib/libc.a(libc_a-sprintf.o):(.debug_aranges)
             9b0              9b0       30     1         newlib.o:(.debug_aranges)
             9e0              9e0       30     1         ../lib/libc.a(libc_a-malloc.o):(.debug_aranges)
             a10              a10       30     1         ../lib/libc.a(libc_a-strtol.o):(.debug_aranges)
             a40              a40       30     1         ../lib/libc.a(libc_a-atoi.o):(.debug_aranges)
               0                0       f8     8 .debug_frame
               0                0       40     8         keyboard.o:(.debug_frame)
              40               40       b8     8         timer.o:(.debug_frame)
               0                0     2580     8 .symtab
               0                0     2580     8         <internal>:(.symtab)
               0                0      105     1 .shstrtab
               0                0      105     1         <internal>:(.shstrtab)
               0                0     1802     1 .strtab
               0                0     1802     1         <internal>:(.strtab)
