             VMA              LMA     Size Align Out     In      Symbol
          100160           100160      f17    32 .rodata
          100160           100160      4dd     1         <internal>:(.rodata)
          100640           100640       68     8         <internal>:(.rodata)
          1006b0           1006b0      190    16         ../lib/libc.a(libc_a-svfprintf.o):(.rodata)
          100820           100820       10     1                 zeroes.0
          100830           100830       10     1                 blanks.1
          100840           100840       40    16         <internal>:(.rodata)
          100880           100880      2a0    32         ../lib/libc.a(libc_a-ctype_.o):(.rodata)
          100880           100880      101     1                 _ctype_
          1009a0           1009a0      180     1                 _ctype_b
          100b20           100b20      190    16         ../lib/libc.a(libc_a-svfiprintf.o):(.rodata)
          100c90           100c90       10     1                 zeroes.0
          100ca0           100ca0       10     1                 blanks.1
          100cc0           100cc0      168    32         ../lib/libc.a(libc_a-mprec.o):(.rodata)
          100cc0           100cc0        c     1                 p05.0
          100ce0           100ce0       28     1                 __mprec_tinytens
          100d20           100d20       28     1                 __mprec_bigtens
          100d60           100d60       c8     1                 __mprec_tens
          100e28           100e28       2f     8         <internal>:(.rodata)
          100e60           100e60      190    16         ../lib/libc.a(libc_a-vfiprintf.o):(.rodata)
          100fd0           100fd0       10     1                 zeroes.0
          100fe0           100fe0       10     1                 blanks.1
          100ff0           100ff0       87     1         newlib.o:(.rodata)
          101078           101078     2324     8 .eh_frame
          101078           101078       d4     1         kernel.o:(.eh_frame+0x0)
          101150           101150       3c     1         kernel.o:(.eh_frame+0xd4)
          101190           101190       a0     1         kernel.o:(.eh_frame+0x110)
          101230           101230      200     1         frame.o:(.eh_frame+0x18)
          101430           101430       18     1         ../lib/libc.a(libc_a-strcpy.o):(.eh_frame+0x18)
          101448           101448       20     1         ../lib/libc.a(libc_a-strcat.o):(.eh_frame+0x18)
          101468           101468       18     1         ../lib/libc.a(libc_a-strlen.o):(.eh_frame+0x18)
          101480           101480       1c     1         ../lib/libc.a(libc_a-vsprintf.o):(.eh_frame+0x18)
          1014a0           1014a0       1c     1         ../lib/libc.a(libc_a-vsprintf.o):(.eh_frame+0x34)
          1014c0           1014c0       14     1         ../lib/libc.a(libc_a-findfp.o):(.eh_frame+0x18)
          1014d8           1014d8       14     1         ../lib/libc.a(libc_a-findfp.o):(.eh_frame+0x2c)
          1014f0           1014f0       34     1         ../lib/libc.a(libc_a-findfp.o):(.eh_frame+0x40)
          101528           101528       3c     1         ../lib/libc.a(libc_a-findfp.o):(.eh_frame+0x74)
          101568           101568       44     1         ../lib/libc.a(libc_a-findfp.o):(.eh_frame+0xb0)
          1015b0           1015b0       14     1         ../lib/libc.a(libc_a-findfp.o):(.eh_frame+0xf4)
          1015c8           1015c8       14     1         ../lib/libc.a(libc_a-findfp.o):(.eh_frame+0x108)
          1015e0           1015e0       14     1         ../lib/libc.a(libc_a-findfp.o):(.eh_frame+0x11c)
          1015f8           1015f8       18     1         ../lib/libc.a(libc_a-findfp.o):(.eh_frame+0x130)
          101610           101610       3c     1         ../lib/libc.a(libc_a-fclose.o):(.eh_frame+0x18)
          101650           101650       14     1         ../lib/libc.a(libc_a-fclose.o):(.eh_frame+0x54)
          101668           101668       90     1         ../lib/libc.a(libc_a-fflush.o):(.eh_frame+0x18)
          1016f8           1016f8       3c     1         ../lib/libc.a(libc_a-freer.o):(.eh_frame+0x18)
          101738           101738       5c     1         ../lib/libc.a(libc_a-freer.o):(.eh_frame+0x54)
          101798           101798       14     1         ../lib/libc.a(libc_a-mlock.o):(.eh_frame+0x18)
          1017b0           1017b0       14     1         ../lib/libc.a(libc_a-mlock.o):(.eh_frame+0x2c)
          1017c8           1017c8       80     1         ../lib/libc.a(libc_a-mallocr.o):(.eh_frame+0x18)
          101848           101848       20     1         ../lib/libc.a(libc_a-sbrkr.o):(.eh_frame+0x18)
          101868           101868       40     1         ../lib/libc.a(libc_a-reent.o):(.eh_frame+0x18)
          1018a8           1018a8       48     1         ../lib/libc.a(libc_a-fwalk.o):(.eh_frame+0x18)
          1018f0           1018f0       34     1         ../lib/libc.a(libc_a-stdio.o):(.eh_frame+0x18)
          101928           101928       34     1         ../lib/libc.a(libc_a-stdio.o):(.eh_frame+0x4c)
          101960           101960       38     1         ../lib/libc.a(libc_a-stdio.o):(.eh_frame+0x80)
          101998           101998       20     1         ../lib/libc.a(libc_a-readr.o):(.eh_frame+0x18)
          1019b8           1019b8       20     1         ../lib/libc.a(libc_a-writer.o):(.eh_frame+0x18)
          1019d8           1019d8       20     1         ../lib/libc.a(libc_a-lseekr.o):(.eh_frame+0x18)
          1019f8           1019f8       20     1         ../lib/libc.a(libc_a-closer.o):(.eh_frame+0x18)
          101a18           101a18       50     1         ../lib/libc.a(libc_a-svfprintf.o):(.eh_frame+0x18)
          101a68           101a68       14     1         ../lib/libc.a(libc_a-localeconv.o):(.eh_frame+0x18)
          101a80           101a80       14     1         ../lib/libc.a(libc_a-localeconv.o):(.eh_frame+0x2c)
          101a98           101a98       18     1         ../lib/libc.a(libc_a-localeconv.o):(.eh_frame+0x40)
          101ab0           101ab0       24     1         ../lib/libc.a(libc_a-locale.o):(.eh_frame+0x18)
          101ad8           101ad8       14     1         ../lib/libc.a(libc_a-locale.o):(.eh_frame+0x3c)
          101af0           101af0       28     1         ../lib/libc.a(libc_a-locale.o):(.eh_frame+0x50)
          101b18           101b18       18     1         ../lib/libc.a(libc_a-strcmp.o):(.eh_frame+0x18)
          101b30           101b30       14     1         ../lib/libc.a(libc_a-wctomb_r.o):(.eh_frame+0x18)
          101b48           101b48       14     1         ../lib/libc.a(libc_a-wctomb_r.o):(.eh_frame+0x2c)
          101b60           101b60       14     1         ../lib/libc.a(libc_a-mbtowc_r.o):(.eh_frame+0x18)
          101b78           101b78       1c     1         ../lib/libc.a(libc_a-mbtowc_r.o):(.eh_frame+0x2c)
          101b98           101b98       14     1         ../lib/libc.a(libc_a-stack_protector.o):(.eh_frame+0x18)
          101bb0           101bb0       1c     1         ../lib/libc.a(libc_a-stack_protector.o):(.eh_frame+0x2c)
          101bd0           101bd0       20     1         ../lib/libc.a(libc_a-stack_protector.o):(.eh_frame+0x48)
          101bf0           101bf0       4c     1         ../lib/libc.a(libc_a-signal.o):(.eh_frame+0x18)
          101c40           101c40      184     1         ../lib/libc.a(libc_a-signal.o):(.eh_frame+0x64)
          101dc8           101dc8       38     1         ../lib/libc.a(libc_a-signalr.o):(.eh_frame+0x18)
          101e00           101e00       4c     1         ../lib/libc.a(libc_a-svfiprintf.o):(.eh_frame+0x18)
          101e50           101e50       54     1         ../lib/libc.a(libc_a-svfiprintf.o):(.eh_frame+0x64)
          101ea8           101ea8       18     1         ../lib/libc.a(libc_a-memmove.o):(.eh_frame+0x18)
          101ec0           101ec0       68     1         ../lib/libc.a(libc_a-reallocr.o):(.eh_frame+0x18)
          101f28           101f28       18     1         ../lib/libc.a(libc_a-memchr.o):(.eh_frame+0x18)
          101f40           101f40       4c     1         ../lib/libc.a(libc_a-dtoa.o):(.eh_frame+0x18)
          101f90           101f90       4c     1         ../lib/libc.a(libc_a-dtoa.o):(.eh_frame+0x64)
          101fe0           101fe0       2c     1         ../lib/libc.a(libc_a-mprec.o):(.eh_frame+0x18)
          102010           102010       14     1         ../lib/libc.a(libc_a-mprec.o):(.eh_frame+0x44)
          102028           102028       8c     1         ../lib/libc.a(libc_a-mprec.o):(.eh_frame+0x58)
          1020b8           1020b8       14     1         ../lib/libc.a(libc_a-mprec.o):(.eh_frame+0xe4)
          1020d0           1020d0       14     1         ../lib/libc.a(libc_a-mprec.o):(.eh_frame+0xf8)
          1020e8           1020e8       24     1         ../lib/libc.a(libc_a-mprec.o):(.eh_frame+0x10c)
          102110           102110       4c     1         ../lib/libc.a(libc_a-mprec.o):(.eh_frame+0x130)
          102160           102160       3c     1         ../lib/libc.a(libc_a-mprec.o):(.eh_frame+0x17c)
          1021a0           1021a0       4c     1         ../lib/libc.a(libc_a-mprec.o):(.eh_frame+0x1b8)
          1021f0           1021f0       14     1         ../lib/libc.a(libc_a-mprec.o):(.eh_frame+0x204)
          102208           102208       64     1         ../lib/libc.a(libc_a-mprec.o):(.eh_frame+0x218)
          102270           102270       14     1         ../lib/libc.a(libc_a-mprec.o):(.eh_frame+0x27c)
          102288           102288       34     1         ../lib/libc.a(libc_a-mprec.o):(.eh_frame+0x290)
          1022c0           1022c0       34     1         ../lib/libc.a(libc_a-mprec.o):(.eh_frame+0x2c4)
          1022f8           1022f8       14     1         ../lib/libc.a(libc_a-mprec.o):(.eh_frame+0x2f8)
          102310           102310       14     1         ../lib/libc.a(libc_a-mprec.o):(.eh_frame+0x30c)
          102328           102328       18     1         ../lib/libc.a(libc_a-mprec.o):(.eh_frame+0x320)
          102340           102340       28     1         ../lib/libc.a(libc_a-callocr.o):(.eh_frame+0x18)
          102368           102368       18     1         ../lib/libc.a(libc_a-errno.o):(.eh_frame+0x18)
          102380           102380       24     1         ../lib/libc.a(libc_a-assert.o):(.eh_frame+0x18)
          1023a8           1023a8       1c     1         ../lib/libc.a(libc_a-assert.o):(.eh_frame+0x3c)
          1023c8           1023c8       1c     1         ../lib/libc.a(libc_a-fiprintf.o):(.eh_frame+0x18)
          1023e8           1023e8       1c     1         ../lib/libc.a(libc_a-fiprintf.o):(.eh_frame+0x34)
          102408           102408       4c     1         ../lib/libc.a(libc_a-vfiprintf.o):(.eh_frame+0x18)
          102458           102458       14     1         ../lib/libc.a(libc_a-vfiprintf.o):(.eh_frame+0x64)
          102470           102470       7c     1         ../lib/libc.a(libc_a-vfiprintf.o):(.eh_frame+0x78)
          1024f0           1024f0       3c     1         ../lib/libc.a(libc_a-vfiprintf.o):(.eh_frame+0xf4)
          102530           102530       44     1         ../lib/libc.a(libc_a-fputwc.o):(.eh_frame+0x18)
          102578           102578       14     1         ../lib/libc.a(libc_a-fputwc.o):(.eh_frame+0x5c)
          102590           102590       28     1         ../lib/libc.a(libc_a-fputwc.o):(.eh_frame+0x70)
          1025b8           1025b8       2c     1         ../lib/libc.a(libc_a-wcrtomb.o):(.eh_frame+0x18)
          1025e8           1025e8       2c     1         ../lib/libc.a(libc_a-wcrtomb.o):(.eh_frame+0x44)
          102618           102618       3c     1         ../lib/libc.a(libc_a-wbuf.o):(.eh_frame+0x18)
          102658           102658       14     1         ../lib/libc.a(libc_a-wbuf.o):(.eh_frame+0x54)
          102670           102670       30     1         ../lib/libc.a(libc_a-wsetup.o):(.eh_frame+0x18)
          1026a0           1026a0       44     1         ../lib/libc.a(libc_a-makebuf.o):(.eh_frame+0x18)
          1026e8           1026e8       34     1         ../lib/libc.a(libc_a-makebuf.o):(.eh_frame+0x5c)
          102720           102720       20     1         ../lib/libc.a(libc_a-fstatr.o):(.eh_frame+0x18)
          102740           102740       20     1         ../lib/libc.a(libc_a-isattyr.o):(.eh_frame+0x18)
          102760           102760       78     1         ../lib/libc.a(libc_a-fvwrite.o):(.eh_frame+0x18)
          1027d8           1027d8       20     1         ../lib/libc.a(libc_a-abort.o):(.eh_frame+0x18)
          1027f8           1027f8       1c     1         ../lib/libc.a(libc_a-sprintf.o):(.eh_frame+0x18)
          102818           102818       24     1         ../lib/libc.a(libc_a-sprintf.o):(.eh_frame+0x34)
          102840           102840      200     1         pci.o:(.eh_frame+0x18)
          102a40           102a40       60     1         memory_map.o:(.eh_frame+0x18)
          102aa0           102aa0       3c     1         newlib.o:(.eh_frame+0x18)
          102ae0           102ae0       1c     1         newlib.o:(.eh_frame+0x54)
          102b00           102b00       1c     1         newlib.o:(.eh_frame+0x70)
          102b20           102b20       1c     1         newlib.o:(.eh_frame+0x8c)
          102b40           102b40       1c     1         newlib.o:(.eh_frame+0xa8)
          102b60           102b60       1c     1         newlib.o:(.eh_frame+0xc4)
          102b80           102b80       1c     1         newlib.o:(.eh_frame+0xe0)
          102ba0           102ba0       1c     1         newlib.o:(.eh_frame+0xfc)
          102bc0           102bc0       20     1         newlib.o:(.eh_frame+0x118)
          102be0           102be0       80     1         segment.o:(.eh_frame+0x18)
          102c60           102c60       54     1         interrupt.o:(.eh_frame+0x18)
          102cb8           102cb8       54     1         interrupt.o:(.eh_frame+0x6c)
          102d10           102d10       54     1         interrupt.o:(.eh_frame+0xc0)
          102d68           102d68       54     1         interrupt.o:(.eh_frame+0x114)
          102dc0           102dc0       54     1         interrupt.o:(.eh_frame+0x168)
          102e18           102e18       c4     1         interrupt.o:(.eh_frame+0x1bc)
          102ee0           102ee0       80     1         paging.o:(.eh_frame+0x18)
          102f60           102f60       20     1         keyboard.o:(.eh_frame+0x18)
          102f80           102f80       c4     1         input.o:(.eh_frame+0x18)
          103048           103048       24     1         input.o:(.eh_frame+0xdc)
          103070           103070       20     1         command.o:(.eh_frame+0x18)
          103090           103090       20     1         command.o:(.eh_frame+0x78)
          1030b0           1030b0       20     1         command.o:(.eh_frame+0xb8)
          1030d0           1030d0       88     1         ../lib/libc.a(libc_a-strtol.o):(.eh_frame+0x18)
          103158           103158       20     1         memory_manager.o:(.eh_frame+0x18)
          103178           103178      200     1         memory_manager.o:(.eh_frame+0x78)
          103378           103378       20     1         memory_manager.o:(.eh_frame+0x2b8)
          1043a0           1043a0     f9ee    16 .text
          1043a0           1043a0      22e    16         kernel.o:(.text)
          1043a0           1043a0        f     1                 stop()
          1043b0           1043b0       29     1                 entry_point
          1043e0           1043e0      1ee     1                 kernel_main
          1045d0           1045d0       50    16         kernel.o:(.text.startup)
          1045d0           1045d0       1a     1                 __cxx_global_var_init
          1045f0           1045f0       12     1                 __cxx_global_var_init.1
          104610           104610       10     1                 _GLOBAL__sub_I_kernel.cpp
          104620           104620        b    16         kernel.o:(.text._ZNSt3__114numeric_limitsImE3maxEv)
          104620           104620        b     1                 std::__1::numeric_limits<unsigned long>::max()
          104630           104630       21    16         kernel.o:(.text._ZN7FrameIDC2Em)
          104630           104630       21     1                 FrameID::FrameID(unsigned long)
          104660           104660       4c    16         kernel.o:(.text._ZN11InputBufferC2Ev)
          104660           104660       4c     1                 InputBuffer::InputBuffer()
          1046b0           1046b0       1e    16         kernel.o:(.text._ZNK5ErrorcvbEv)
          1046b0           1046b0       1e     1                 Error::operator bool() const
          1046d0           1046d0       54    16         kernel.o:(.text._ZNK5Error4NameEv)
          1046d0           1046d0       54     1                 Error::Name() const
          104730           104730        d    16         kernel.o:(.text._ZNSt3__123__libcpp_numeric_limitsImLb1EE3maxEv)
          104730           104730        d     1                 std::__1::__libcpp_numeric_limits<unsigned long, true>::max()
          104740           104740       25    16         kernel.o:(.text._ZNSt3__15arrayIPKcLm20EEixEm)
          104740           104740       25     1                 std::__1::array<char const*, 20ul>::operator[](unsigned long)
          104770           104770      12d    16         ../lib/libc.a(libc_a-memcpy.o):(.text)
          104770           104770        0     1                 memcpy
          104795           104795        0     1                 quadword_aligned
          1047b0           1047b0        0     1                 loop
          104877           104877        0     1                 byte_copy
          10487d           10487d        0     1                 quadword_copy
          1048a0           1048a0      e5e    16         frame.o:(.text)
          1048a0           1048a0       42     1                 InitializeFrame(bootinfo_t*)
          1048f0           1048f0       3d     1                 HashtoColor(unsigned char)
          104930           104930      191     1                 HSVtoRGB(int)
          104ad0           104ad0       e9     1                 WritePixel(Color, int, int)
          104bc0           104bc0       f1     1                 WriteAscii(char, Color, int, int)
          104cc0           104cc0      132     1                 WriteSquare(Vector, Vector, Color)
          104e00           104e00      11b     1                 PrintLine(char const*, Vector, Color)
          104f20           104f20       7e     1                 RegisterLine(char const*)
          104fa0           104fa0      402     1                 Print
          1053b0           1053b0       b3     1                 Printf
          105470           105470       6c     1                 dPrint(char*, int)
          1054e0           1054e0       6c     1                 udPrint(char*, unsigned int)
          105550           105550       6c     1                 uxdPrint(char*, unsigned int)
          1055c0           1055c0       be     1                 WriteMandelbrot(int)
          105680           105680       7e     1                 clear()
          105700           105700      1ad    16         frame.o:(.text._Z14CalcMandelbrotiii)
          105700           105700      1ad     1                 CalcMandelbrot(int, int, int)
          1058b0           1058b0       85    16         ../lib/libc.a(libc_a-strcpy.o):(.text)
          1058b0           1058b0       85     1                 strcpy
          105940           105940       6c    16         ../lib/libc.a(libc_a-strcat.o):(.text)
          105940           105940       6c     1                 strcat
          1059b0           1059b0       7d    16         ../lib/libc.a(libc_a-strlen.o):(.text)
          1059b0           1059b0       7d     1                 strlen
          105a30           105a30       ed    16         ../lib/libc.a(libc_a-vsprintf.o):(.text)
          105a30           105a30       7d     1                 vsprintf
          105ab0           105ab0       6d     1                 _vsprintf_r
          105b1d           105b1d        0     1         ../lib/libc.a(libc_a-impure.o):(.text)
          105b20           105b20      469    16         ../lib/libc.a(libc_a-findfp.o):(.text)
          105b20           105b20        7     1                 __fp_lock
          105b30           105b30       1e     1                 stdio_exit_handler
          105b50           105b50       52     1                 cleanup_stdio
          105bb0           105bb0        7     1                 __fp_unlock
          105bc0           105bc0      1d1     1                 global_stdio_init.part.0
          105da0           105da0      156     1                 __sfp
          105f00           105f00       2a     1                 __sinit
          105f30           105f30        5     1                 __sfp_lock_acquire
          105f40           105f40        5     1                 __sfp_lock_release
          105f50           105f50       19     1                 __fp_lock_all
          105f70           105f70       19     1                 __fp_unlock_all
          105f90           105f90       f3    16         ../lib/libc.a(libc_a-fclose.o):(.text)
          105f90           105f90       de     1                 _fclose_r
          106070           106070       13     1                 fclose
          106090           106090      321    16         ../lib/libc.a(libc_a-fflush.o):(.text)
          106090           106090      225     1                 __sflush_r
          1062c0           1062c0       5f     1                 _fflush_r
          106320           106320       91     1                 fflush
          1063c0           1063c0      47e    16         ../lib/libc.a(libc_a-freer.o):(.text)
          1063c0           1063c0       e7     1                 _malloc_trim_r
          1064b0           1064b0      38e     1                 _free_r
          106840           106840       15    16         ../lib/libc.a(libc_a-mlock.o):(.text)
          106840           106840        5     1                 __malloc_lock
          106850           106850        5     1                 __malloc_unlock
          106860           106860      8d4    16         ../lib/libc.a(libc_a-mallocr.o):(.text)
          106860           106860      8d4     1                 _malloc_r
          107140           107140       36    16         ../lib/libc.a(libc_a-sbrkr.o):(.text)
          107140           107140       36     1                 _sbrk_r
          107180           107180       9e    16         ../lib/libc.a(libc_a-reent.o):(.text)
          107180           107180       9e     1                 _reclaim_reent
          107220           107220       89    16         ../lib/libc.a(libc_a-fwalk.o):(.text)
          107220           107220       89     1                 _fwalk_sglue
          1072b0           1072b0       e0    16         ../lib/libc.a(libc_a-memset.o):(.text)
          1072b0           1072b0        0     1                 memset
          1072de           1072de        0     1                 quadword_aligned
          107300           107300        0     1                 loop
          10736b           10736b        0     1                 byte_set
          107371           107371        0     1                 quadword_set
          107390           107390       ed    16         ../lib/libc.a(libc_a-stdio.o):(.text)
          107390           107390       30     1                 __sread
          1073c0           1073c0        7     1                 __seofread
          1073d0           1073d0       60     1                 __swrite
          107430           107430       38     1                 __sseek
          107470           107470        d     1                 __sclose
          107480           107480       41    16         ../lib/libc.a(libc_a-readr.o):(.text)
          107480           107480       41     1                 _read_r
          1074d0           1074d0       41    16         ../lib/libc.a(libc_a-writer.o):(.text)
          1074d0           1074d0       41     1                 _write_r
          107520           107520       3e    16         ../lib/libc.a(libc_a-lseekr.o):(.text)
          107520           107520       3e     1                 _lseek_r
          107560           107560       2e    16         ../lib/libc.a(libc_a-closer.o):(.text)
          107560           107560       2e     1                 _close_r
          107590           107590     2557    16         ../lib/libc.a(libc_a-svfprintf.o):(.text)
          107590           107590     2557     1                 _svfprintf_r
          109af0           109af0       2c    16         ../lib/libc.a(libc_a-localeconv.o):(.text)
          109af0           109af0        c     1                 __localeconv_l
          109b00           109b00        c     1                 _localeconv_r
          109b10           109b10        c     1                 localeconv
          109b20           109b20       ea    16         ../lib/libc.a(libc_a-locale.o):(.text)
          109b20           109b20       6a     1                 _setlocale_r
          109b90           109b90        c     1                 __locale_mb_cur_max
          109ba0           109ba0       6a     1                 setlocale
          109c10           109c10       83    16         ../lib/libc.a(libc_a-strcmp.o):(.text)
          109c10           109c10       83     1                 strcmp
          109ca0           109ca0       43    16         ../lib/libc.a(libc_a-wctomb_r.o):(.text)
          109ca0           109ca0        a     1                 _wctomb_r
          109cb0           109cb0       33     1                 __ascii_wctomb
          109cf0           109cf0       70    16         ../lib/libc.a(libc_a-mbtowc_r.o):(.text)
          109cf0           109cf0        a     1                 _mbtowc_r
          109d00           109d00       60     1                 __ascii_mbtowc
          109d60           109d60       8f    16         ../lib/libc.a(libc_a-stack_protector.o):(.text)
          109d60           109d60       7d     1                 __stack_chk_fail
          109de0           109de0        f     1                 __stack_chk_fail_local
          109df0           109df0       19    16         ../lib/libc.a(libc_a-stack_protector.o):(.text.startup)
          109df0           109df0       19     1                 __stack_chk_init
          109e10           109e10      50e    16         ../lib/libc.a(libc_a-signal.o):(.text)
          109e10           109e10       59     1                 _init_signal_r
          109e70           109e70       98     1                 _signal_r
          109f10           109f10       ad     1                 _raise_r
          109fc0           109fc0       ca     1                 __sigtramp_r
          10a090           10a090       b7     1                 raise
          10a150           10a150       98     1                 signal
          10a1f0           10a1f0       59     1                 _init_signal
          10a250           10a250       ce     1                 __sigtramp
          10a320           10a320       49    16         ../lib/libc.a(libc_a-signalr.o):(.text)
          10a320           10a320       36     1                 _kill_r
          10a360           10a360        9     1                 _getpid_r
          10a369           10a369        0     1         ../lib/libc.a(libc_a-ctype_.o):(.text)
          10a370           10a370     1408    16         ../lib/libc.a(libc_a-svfiprintf.o):(.text)
          10a370           10a370      1e9     1                 __ssprint_r
          10a560           10a560     1218     1                 _svfiprintf_r
          10b780           10b780      124    16         ../lib/libc.a(libc_a-memmove.o):(.text)
          10b780           10b780      124     1                 memmove
          10b8b0           10b8b0      53a    16         ../lib/libc.a(libc_a-reallocr.o):(.text)
          10b8b0           10b8b0      53a     1                 _realloc_r
          10bdf0           10bdf0       c5    16         ../lib/libc.a(libc_a-memchr.o):(.text)
          10bdf0           10bdf0       c5     1                 memchr
          10bec0           10bec0     1636    16         ../lib/libc.a(libc_a-dtoa.o):(.text)
          10bec0           10bec0      19c     1                 quorem
          10c060           10c060     1496     1                 _dtoa_r
          10d500           10d500     10ba    16         ../lib/libc.a(libc_a-mprec.o):(.text)
          10d500           10d500       9e     1                 _Balloc
          10d5a0           10d5a0       1f     1                 _Bfree
          10d5c0           10d5c0      101     1                 __multadd
          10d6d0           10d6d0      139     1                 __s2b
          10d810           10d810       56     1                 __hi0bits
          10d870           10d870       8f     1                 __lo0bits
          10d900           10d900       a4     1                 __i2b
          10d9b0           10d9b0      241     1                 __multiply
          10dc00           10dc00      12e     1                 __pow5mult
          10dd30           10dd30      158     1                 __lshift
          10de90           10de90       4e     1                 __mcmp
          10dee0           10dee0      217     1                 __mdiff
          10e100           10e100       7d     1                 __ulp
          10e180           10e180       fc     1                 __b2d
          10e280           10e280      158     1                 __d2b
          10e3e0           10e3e0       c0     1                 __ratio
          10e4a0           10e4a0       40     1                 _mprec_log10
          10e4e0           10e4e0       60     1                 __copybits
          10e540           10e540       7a     1                 __any_on
          10e5c0           10e5c0       c6    16         ../lib/libc.a(libc_a-callocr.o):(.text)
          10e5c0           10e5c0       c6     1                 _calloc_r
          10e690           10e690        c    16         ../lib/libc.a(libc_a-errno.o):(.text)
          10e690           10e690        c     1                 __errno
          10e6a0           10e6a0       74    16         ../lib/libc.a(libc_a-assert.o):(.text)
          10e6a0           10e6a0       54     1                 __assert_func
          10e700           10e700       14     1                 __assert
          10e720           10e720      178    16         ../lib/libc.a(libc_a-fiprintf.o):(.text)
          10e720           10e720       b0     1                 _fiprintf_r
          10e7d0           10e7d0       c8     1                 fiprintf
          10e8a0           10e8a0     1750    16         ../lib/libc.a(libc_a-vfiprintf.o):(.text)
          10e8a0           10e8a0       d7     1                 __sprint_r.part.0
          10e980           10e980       1a     1                 __sprint_r
          10e9a0           10e9a0     154f     1                 _vfiprintf_r
          10fef0           10fef0       19     1                 vfiprintf
          10ff10           10ff10       e0     1                 __sbprintf
          10fff0           10fff0      1b9    16         ../lib/libc.a(libc_a-fputwc.o):(.text)
          10fff0           10fff0      119     1                 __fputwc
          110110           110110       23     1                 _fputwc_r
          110140           110140       69     1                 fputwc
          1101b0           1101b0      112    16         ../lib/libc.a(libc_a-wcrtomb.o):(.text)
          1101b0           1101b0       7c     1                 _wcrtomb_r
          110230           110230       92     1                 wcrtomb
          1102d0           1102d0      135    16         ../lib/libc.a(libc_a-wbuf.o):(.text)
          1102d0           1102d0      112     1                 __swbuf_r
          1103f0           1103f0       15     1                 __swbuf
          110410           110410      143    16         ../lib/libc.a(libc_a-wsetup.o):(.text)
          110410           110410      143     1                 __swsetup_r
          110560           110560      1e6    16         ../lib/libc.a(libc_a-makebuf.o):(.text)
          110560           110560      139     1                 __smakebuf_r
          1106a0           1106a0       a6     1                 __swhatbuf_r
          110750           110750       36    16         ../lib/libc.a(libc_a-fstatr.o):(.text)
          110750           110750       36     1                 _fstat_r
          110790           110790       2e    16         ../lib/libc.a(libc_a-isattyr.o):(.text)
          110790           110790       2e     1                 _isatty_r
          1107c0           1107c0      55c    16         ../lib/libc.a(libc_a-fvwrite.o):(.text)
          1107c0           1107c0      55c     1                 __sfvwrite_r
          110d20           110d20       1e    16         ../lib/libc.a(libc_a-abort.o):(.text)
          110d20           110d20       1e     1                 abort
          110d40           110d40      211    16         ../lib/libc.a(libc_a-sprintf.o):(.text)
          110d40           110d40       fc     1                 _sprintf_r
          110e40           110e40      111     1                 sprintf
          110f60           110f60       a3    16         asmfunc.o:(.text)
          110f60           110f60        0     1                 IoOut32
          110f67           110f67        0     1                 IoIn32
          110f6c           110f6c        0     1                 IoIn16
          110f72           110f72        0     1                 IoOut8
          110f7a           110f7a        0     1                 IoIn8
          110f7f           110f7f        0     1                 call_kernel_main
          110f8f           110f8f        0     1                 _hlt
          110f92           110f92        0     1                 LoadGDT
          110fac           110fac        0     1                 SetDSAll
          110fb5           110fb5        0     1                 SetCSSS
          110fc9           110fc9        0     1                 SetCSSS.next
          110fce           110fce        0     1                 SetCSSS.stop
          110fd1           110fd1        0     1                 GetCS
          110fd7           110fd7        0     1                 LoadIDT
          110ff1           110ff1        0     1                 SetCR3
          110ff5           110ff5        0     1                 NotifyEndOfInterrupt
          111010           111010      809    16         pci.o:(.text)
          111010           111010       4f     1                 MakeAddr(unsigned char, unsigned char, unsigned char, unsigned char)
          111060           111060       1e     1                 WriteAddr(unsigned int)
          111080           111080       1e     1                 WriteData(unsigned int)
          1110a0           1110a0       10     1                 ReadData()
          1110b0           1110b0       4a     1                 ReadVendorId(unsigned char, unsigned char, unsigned char)
          111100           111100       67     1                 ReadVendorId(Device)
          111170           111170       50     1                 ReadHeaderType(unsigned char, unsigned char, unsigned char)
          1111c0           1111c0       70     1                 ReadBar(Device, int)
          111230           111230       71     1                 ReadClassCode(unsigned char, unsigned char, unsigned char)
          1112b0           1112b0       45     1                 ReadBusNumbers(unsigned char, unsigned char, unsigned char)
          111300           111300       af     1                 AddDevice(unsigned char, unsigned char, unsigned char, unsigned char)
          1113b0           1113b0       28     1                 IsSingleFunctionDevice(unsigned char)
          1113e0           1113e0      13f     1                 ScanAllBus()
          111520           111520       b7     1                 ScanBus(unsigned char)
          1115e0           1115e0      126     1                 ScanDevice(unsigned char, unsigned char)
          111710           111710      109     1                 ScanFunction(unsigned char, unsigned char, unsigned char)
          111820           111820      1ff    16         memory_map.o:(.text)
          111820           111820       83     1                 show_memdesc(int)
          1118b0           1118b0       a4     1                 show_memory_map()
          111960           111960       bf     1                 search_mem_type(unsigned long)
          111a1f           111a1f      1c5     1         newlib.o:(.text)
          111a1f           111a1f       6f     1                 sbrk
          111a8e           111a8e       29     1                 read
          111ab7           111ab7       35     1                 write
          111aec           111aec       21     1                 _exit
          111b0d           111b0d       28     1                 lseek
          111b35           111b35       21     1                 close
          111b56           111b56       2e     1                 kill
          111b84           111b84       1a     1                 getpid
          111b9e           111b9e       25     1                 fstat
          111bc3           111bc3       21     1                 isatty
          111bf0           111bf0      348    16         segment.o:(.text)
          111bf0           111bf0      21d     1                 SetCodeSegment(SegmentDescriptor*, DescriptorType, unsigned int, unsigned int, unsigned int)
          111e10           111e10       77     1                 SetDataSegment(SegmentDescriptor*, DescriptorType, unsigned int, unsigned int, unsigned int)
          111e90           111e90       67     1                 SetupSegments()
          111f00           111f00       38     1                 InitializeSegment(unsigned short, unsigned short)
          111f40           111f40      bb5    16         interrupt.o:(.text)
          111f40           111f40      19e     1                 BreakpointInterrupt(InterruptFrame*)
          1120e0           1120e0      186     1                 SegFaultInterrupt(InterruptFrame*)
          112270           112270      186     1                 PageFaultInterrupt(InterruptFrame*)
          112400           112400      186     1                 GeneralProtectionInterrupt(InterruptFrame*)
          112590           112590      203     1                 KeyboardInterrupt(InterruptFrame*)
          1127a0           1127a0       5e     1                 DefaultInterrupt(InterruptFrame*)
          112800           112800       7a     1                 SetIDTEntry(InterruptDescriptor*, InterruptDescriptorAttribute, unsigned long, unsigned long)
          112880           112880       ba     1                 InitializePIC()
          112940           112940      1b5     1                 InitializeInterrupt()
          112b00           112b00       60    16         interrupt.o:(.text._Z10isAlphabetc)
          112b00           112b00       60     1                 isAlphabet(char)
          112b60           112b60       af    16         interrupt.o:(.text._Z11MakeIDTAttr14DescriptorTypehbh)
          112b60           112b60       af     1                 MakeIDTAttr(DescriptorType, unsigned char, bool, unsigned char)
          112c10           112c10      118    16         paging.o:(.text)
          112c10           112c10      118     1                 SetupIdentityPageTable()
          112d30           112d30       25    16         paging.o:(.text._ZNSt3__15arrayImLm512EEixEm)
          112d30           112d30       25     1                 std::__1::array<unsigned long, 512ul>::operator[](unsigned long)
          112d60           112d60       14    16         paging.o:(.text._ZNKSt3__15arrayINS0_ImLm512EEELm64EE4sizeEv)
          112d60           112d60       14     1                 std::__1::array<std::__1::array<unsigned long, 512ul>, 64ul>::size() const
          112d80           112d80       25    16         paging.o:(.text._ZNSt3__15arrayINS0_ImLm512EEELm64EEixEm)
          112d80           112d80       25     1                 std::__1::array<std::__1::array<unsigned long, 512ul>, 64ul>::operator[](unsigned long)
          112db0           112db0       62    16         keyboard.o:(.text)
          112db0           112db0       62     1                 InitializeKeycode()
          112e20           112e20      319    16         input.o:(.text)
          112e20           112e20       82     1                 InputBuffer::add(char)
          112eb0           112eb0       76     1                 InputBuffer::isEnter()
          112f30           112f30       76     1                 InputBuffer::pop()
          112fb0           112fb0       5a     1                 InputBuffer::allprint()
          113010           113010       9b     1                 InputBuffer::allpop(char*)
          1130b0           1130b0       89     1                 GetString(char*)
          113140           113140       27    16         input.o:(.text._ZN11InputBuffer7isInputEv)
          113140           113140       27     1                 InputBuffer::isInput()
          113170           113170      187    16         command.o:(.text)
          113170           113170      187     1                 command(char*)
          113300           113300       2b    16         command.o:(.text.startup)
          113300           113300       1a     1                 __cxx_global_var_init
          113320           113320        b     1                 _GLOBAL__sub_I_command.cpp
          113330           113330      26e    16         ../lib/libc.a(libc_a-strtol.o):(.text)
          113330           113330      1bd     1                 _strtol_l.part.0
          1134f0           1134f0       2e     1                 _strtol_r
          113520           113520       3e     1                 strtol_l
          113560           113560       3e     1                 strtol
          1135a0           1135a0      68e    16         memory_manager.o:(.text)
          1135a0           1135a0       4f     1                 BitmapMemoryManager::BitmapMemoryManager()
          1135a0           1135a0       4f     1                 BitmapMemoryManager::BitmapMemoryManager()
          1135f0           1135f0      15d     1                 BitmapMemoryManager::Allocate(unsigned long)
          113750           113750       6e     1                 BitmapMemoryManager::GetBit(FrameID) const
          1137c0           1137c0       74     1                 BitmapMemoryManager::MarkAllocated(FrameID, unsigned long)
          113840           113840       90     1                 BitmapMemoryManager::Free(FrameID, unsigned long)
          1138d0           1138d0       a8     1                 BitmapMemoryManager::SetBit(FrameID, bool)
          113980           113980       34     1                 BitmapMemoryManager::SetMemoryRange(FrameID, FrameID)
          1139c0           1139c0       48     1                 BitmapMemoryManager::IsAvailable(unsigned long)
          113a10           113a10      167     1                 InitializeMemoryManager(BitmapMemoryManager*, MemoryMap*)
          113b80           113b80       ae     1                 InitializeHeap(BitmapMemoryManager&)
          113c30           113c30       2b    16         memory_manager.o:(.text.startup)
          113c30           113c30       1a     1                 __cxx_global_var_init
          113c50           113c50        b     1                 _GLOBAL__sub_I_memory_manager.cpp
          113c60           113c60       16    16         memory_manager.o:(.text._ZNK7FrameID2IDEv)
          113c60           113c60       16     1                 FrameID::ID() const
          113c80           113c80       33    16         memory_manager.o:(.text._ZN5ErrorC2ENS_4CodeEPKci)
          113c80           113c80       33     1                 Error::Error(Error::Code, char const*, int)
          113cc0           113cc0       27    16         memory_manager.o:(.text._Z16AddressToFrameIDm)
          113cc0           113cc0       27     1                 AddressToFrameID(unsigned long)
          113cf0           113cf0       25    16         memory_manager.o:(.text._ZNKSt3__15arrayImLm524288EEixEm)
          113cf0           113cf0       25     1                 std::__1::array<unsigned long, 524288ul>::operator[](unsigned long) const
          113d20           113d20       25    16         memory_manager.o:(.text._ZNSt3__15arrayImLm524288EEixEm)
          113d20           113d20       25     1                 std::__1::array<unsigned long, 524288ul>::operator[](unsigned long)
          113d50           113d50       3e    16         memory_manager.o:(.text._Z11IsAvailable10MemoryType)
          113d50           113d50       3e     1                 IsAvailable(MemoryType)
          114d90           114d90       20     8 .init_array
          114d90           114d90        8     8         kernel.o:(.init_array)
          114d98           114d98        8     8         ../lib/libc.a(libc_a-stack_protector.o):(.init_array)
          114da0           114da0        8     8         command.o:(.init_array)
          114da8           114da8        8     8         memory_manager.o:(.init_array)
          114dc0           114dc0      cb0    32 .data
          114dc0           114dc0        0     1         ../lib/libc.a(libc_a-memcpy.o):(.data)
          114dc0           114dc0        0     1         ../lib/libc.a(libc_a-strcpy.o):(.data)
          114dc0           114dc0        0     1         ../lib/libc.a(libc_a-strcat.o):(.data)
          114dc0           114dc0        0     1         ../lib/libc.a(libc_a-strlen.o):(.data)
          114dc0           114dc0        0     1         ../lib/libc.a(libc_a-vsprintf.o):(.data)
          114dc0           114dc0        0     1         ../lib/libc.a(libc_a-impure.o):(.data)
          114dc0           114dc0        8     8         ../lib/libc.a(libc_a-impure.o):(.data.rel.local)
          114dc0           114dc0        8     1                 _impure_ptr
          114de0           114de0      158    32         ../lib/libc.a(libc_a-impure.o):(.data.rel)
          114de0           114de0      158     1                 _impure_data
          114f38           114f38        0     1         ../lib/libc.a(libc_a-findfp.o):(.data)
          114f40           114f40       18    16         ../lib/libc.a(libc_a-findfp.o):(.data.rel.local)
          114f40           114f40       18     1                 __sglue
          114f58           114f58        0     1         ../lib/libc.a(libc_a-fclose.o):(.data)
          114f58           114f58        0     1         ../lib/libc.a(libc_a-fflush.o):(.data)
          114f58           114f58        0     1         ../lib/libc.a(libc_a-freer.o):(.data)
          114f58           114f58        0     1         ../lib/libc.a(libc_a-mlock.o):(.data)
          114f58           114f58       10     8         ../lib/libc.a(libc_a-mallocr.o):(.data)
          114f58           114f58        8     1                 __malloc_sbrk_base
          114f60           114f60        8     1                 __malloc_trim_threshold
          114f80           114f80      810    32         ../lib/libc.a(libc_a-mallocr.o):(.data.rel.local)
          114f80           114f80      810     1                 __malloc_av_
          115790           115790        0     1         ../lib/libc.a(libc_a-sbrkr.o):(.data)
          115790           115790        0     1         ../lib/libc.a(libc_a-reent.o):(.data)
          115790           115790        0     1         ../lib/libc.a(libc_a-fwalk.o):(.data)
          115790           115790        0     1         ../lib/libc.a(libc_a-memset.o):(.data)
          115790           115790        0     1         ../lib/libc.a(libc_a-stdio.o):(.data)
          115790           115790        0     1         ../lib/libc.a(libc_a-readr.o):(.data)
          115790           115790        0     1         ../lib/libc.a(libc_a-writer.o):(.data)
          115790           115790        0     1         ../lib/libc.a(libc_a-lseekr.o):(.data)
          115790           115790        0     1         ../lib/libc.a(libc_a-closer.o):(.data)
          115790           115790        0     1         ../lib/libc.a(libc_a-svfprintf.o):(.data)
          115790           115790        0     1         ../lib/libc.a(libc_a-localeconv.o):(.data)
          115790           115790        0     1         ../lib/libc.a(libc_a-locale.o):(.data)
          1157a0           1157a0      1a8    32         ../lib/libc.a(libc_a-locale.o):(.data.rel)
          1157a0           1157a0      1a8     1                 __global_locale
          115948           115948        0     1         ../lib/libc.a(libc_a-strcmp.o):(.data)
          115948           115948        0     1         ../lib/libc.a(libc_a-wctomb_r.o):(.data)
          115948           115948        0     1         ../lib/libc.a(libc_a-mbtowc_r.o):(.data)
          115948           115948        0     1         ../lib/libc.a(libc_a-stack_protector.o):(.data)
          115948           115948        0     1         ../lib/libc.a(libc_a-signal.o):(.data)
          115948           115948        0     1         ../lib/libc.a(libc_a-signalr.o):(.data)
          115948           115948        0     1         ../lib/libc.a(libc_a-ctype_.o):(.data)
          115948           115948        0     1         ../lib/libc.a(libc_a-svfiprintf.o):(.data)
          115948           115948        0     1         ../lib/libc.a(libc_a-memmove.o):(.data)
          115948           115948        0     1         ../lib/libc.a(libc_a-reallocr.o):(.data)
          115948           115948        0     1         ../lib/libc.a(libc_a-memchr.o):(.data)
          115948           115948        0     1         ../lib/libc.a(libc_a-dtoa.o):(.data)
          115948           115948        0     1         ../lib/libc.a(libc_a-mprec.o):(.data)
          115948           115948        0     1         ../lib/libc.a(libc_a-callocr.o):(.data)
          115948           115948        0     1         ../lib/libc.a(libc_a-errno.o):(.data)
          115948           115948        0     1         ../lib/libc.a(libc_a-assert.o):(.data)
          115948           115948        0     1         ../lib/libc.a(libc_a-fiprintf.o):(.data)
          115948           115948        0     1         ../lib/libc.a(libc_a-vfiprintf.o):(.data)
          115948           115948        0     1         ../lib/libc.a(libc_a-fputwc.o):(.data)
          115948           115948        0     1         ../lib/libc.a(libc_a-wcrtomb.o):(.data)
          115948           115948        0     1         ../lib/libc.a(libc_a-wbuf.o):(.data)
          115948           115948        0     1         ../lib/libc.a(libc_a-wsetup.o):(.data)
          115948           115948        0     1         ../lib/libc.a(libc_a-makebuf.o):(.data)
          115948           115948        0     1         ../lib/libc.a(libc_a-fstatr.o):(.data)
          115948           115948        0     1         ../lib/libc.a(libc_a-isattyr.o):(.data)
          115948           115948        0     1         ../lib/libc.a(libc_a-fvwrite.o):(.data)
          115948           115948        0     1         ../lib/libc.a(libc_a-abort.o):(.data)
          115948           115948        0     1         ../lib/libc.a(libc_a-sprintf.o):(.data)
          115948           115948        0     1         newlib.o:(.data)
          115950           115950       18    16         segment.o:(.data)
          115950           115950       18     1                 gdt
          115968           115968        8     4         interrupt.o:(.data)
          115968           115968        8     1                 InterruptMessagePosition
          115970           115970      100    16         keyboard.o:(.data)
          115970           115970      100     1                 keycode
          115a70           115a70        0     1         ../lib/libc.a(libc_a-strtol.o):(.data)
          115a70           115a70       18     8 .got.plt
          115a70           115a70       18     8         <internal>:(.got.plt)
          116000           116000   549010  4096 .bss
          116000           116000   500428    16         kernel.o:(.bss)
          116000           116000        8     1                 kNullFrame
          116010           116010   100000     1                 kernel_main_stack
          216010           216010      400     1                 Input_Buffer
          216410           216410   400010     1                 memory_manager_buf
          616420           616420        8     1                 memory_manager
          616428           616428        0     1         ../lib/libc.a(libc_a-memcpy.o):(.bss)
          616430           616430     5434    16         frame.o:(.bss)
          616430           616430        8     1                 vinfo
          616438           616438        8     1                 ascii_font
          616440           616440        4     1                 line_queue_head
          616444           616444        4     1                 line_queue_end
          616448           616448        4     1                 max_line
          616450           616450     4e20     1                 line_queue
          61b270           61b270        4     1                 Print::y
          61b280           61b280      3e8     1                 Print::line
          61b668           61b668        4     1                 Print::debug
          61b670           61b670      1f4     1                 Printf::str_for_Printf
          61b864           61b864        0     1         ../lib/libc.a(libc_a-strcpy.o):(.bss)
          61b864           61b864        0     1         ../lib/libc.a(libc_a-strcat.o):(.bss)
          61b864           61b864        0     1         ../lib/libc.a(libc_a-strlen.o):(.bss)
          61b864           61b864        0     1         ../lib/libc.a(libc_a-vsprintf.o):(.bss)
          61b864           61b864        0     1         ../lib/libc.a(libc_a-impure.o):(.bss)
          61b880           61b880      218    32         ../lib/libc.a(libc_a-findfp.o):(.bss)
          61b880           61b880      210     1                 __sf
          61ba90           61ba90        8     1                 __stdio_exit_handler
          61ba98           61ba98        0     1         ../lib/libc.a(libc_a-fclose.o):(.bss)
          61ba98           61ba98        0     1         ../lib/libc.a(libc_a-fflush.o):(.bss)
          61ba98           61ba98        0     1         ../lib/libc.a(libc_a-freer.o):(.bss)
          61ba98           61ba98        0     1         ../lib/libc.a(libc_a-mlock.o):(.bss)
          61baa0           61baa0       40    32         ../lib/libc.a(libc_a-mallocr.o):(.bss)
          61baa0           61baa0       28     1                 __malloc_current_mallinfo
          61bac8           61bac8        8     1                 __malloc_max_total_mem
          61bad0           61bad0        8     1                 __malloc_max_sbrked_mem
          61bad8           61bad8        8     1                 __malloc_top_pad
          61bae0           61bae0        0     1         ../lib/libc.a(libc_a-sbrkr.o):(.bss)
          61bae0           61bae0        4     4         ../lib/libc.a(libc_a-reent.o):(.bss)
          61bae0           61bae0        4     1                 errno
          61bae4           61bae4        0     1         ../lib/libc.a(libc_a-fwalk.o):(.bss)
          61bae4           61bae4        0     1         ../lib/libc.a(libc_a-memset.o):(.bss)
          61bae4           61bae4        0     1         ../lib/libc.a(libc_a-stdio.o):(.bss)
          61bae4           61bae4        0     1         ../lib/libc.a(libc_a-readr.o):(.bss)
          61bae4           61bae4        0     1         ../lib/libc.a(libc_a-writer.o):(.bss)
          61bae4           61bae4        0     1         ../lib/libc.a(libc_a-lseekr.o):(.bss)
          61bae4           61bae4        0     1         ../lib/libc.a(libc_a-closer.o):(.bss)
          61bae4           61bae4        0     1         ../lib/libc.a(libc_a-svfprintf.o):(.bss)
          61bae4           61bae4        0     1         ../lib/libc.a(libc_a-localeconv.o):(.bss)
          61bae8           61bae8        8     8         ../lib/libc.a(libc_a-locale.o):(.bss)
          61bae8           61bae8        8     1                 _PathLocale
          61baf0           61baf0        0     1         ../lib/libc.a(libc_a-strcmp.o):(.bss)
          61baf0           61baf0        0     1         ../lib/libc.a(libc_a-wctomb_r.o):(.bss)
          61baf0           61baf0        0     1         ../lib/libc.a(libc_a-mbtowc_r.o):(.bss)
          61baf0           61baf0        8     8         ../lib/libc.a(libc_a-stack_protector.o):(.bss)
          61baf0           61baf0        8     1                 __stack_chk_guard
          61baf8           61baf8        0     1         ../lib/libc.a(libc_a-signal.o):(.bss)
          61baf8           61baf8        0     1         ../lib/libc.a(libc_a-signalr.o):(.bss)
          61baf8           61baf8        0     1         ../lib/libc.a(libc_a-ctype_.o):(.bss)
          61baf8           61baf8        0     1         ../lib/libc.a(libc_a-svfiprintf.o):(.bss)
          61baf8           61baf8        0     1         ../lib/libc.a(libc_a-memmove.o):(.bss)
          61baf8           61baf8        0     1         ../lib/libc.a(libc_a-reallocr.o):(.bss)
          61baf8           61baf8        0     1         ../lib/libc.a(libc_a-memchr.o):(.bss)
          61baf8           61baf8        0     1         ../lib/libc.a(libc_a-dtoa.o):(.bss)
          61baf8           61baf8        0     1         ../lib/libc.a(libc_a-mprec.o):(.bss)
          61baf8           61baf8        0     1         ../lib/libc.a(libc_a-callocr.o):(.bss)
          61baf8           61baf8        0     1         ../lib/libc.a(libc_a-errno.o):(.bss)
          61baf8           61baf8        0     1         ../lib/libc.a(libc_a-assert.o):(.bss)
          61baf8           61baf8        0     1         ../lib/libc.a(libc_a-fiprintf.o):(.bss)
          61baf8           61baf8        0     1         ../lib/libc.a(libc_a-vfiprintf.o):(.bss)
          61baf8           61baf8        0     1         ../lib/libc.a(libc_a-fputwc.o):(.bss)
          61baf8           61baf8        0     1         ../lib/libc.a(libc_a-wcrtomb.o):(.bss)
          61baf8           61baf8        0     1         ../lib/libc.a(libc_a-wbuf.o):(.bss)
          61baf8           61baf8        0     1         ../lib/libc.a(libc_a-wsetup.o):(.bss)
          61baf8           61baf8        0     1         ../lib/libc.a(libc_a-makebuf.o):(.bss)
          61baf8           61baf8        0     1         ../lib/libc.a(libc_a-fstatr.o):(.bss)
          61baf8           61baf8        0     1         ../lib/libc.a(libc_a-isattyr.o):(.bss)
          61baf8           61baf8        0     1         ../lib/libc.a(libc_a-fvwrite.o):(.bss)
          61baf8           61baf8        0     1         ../lib/libc.a(libc_a-abort.o):(.bss)
          61baf8           61baf8        0     1         ../lib/libc.a(libc_a-sprintf.o):(.bss)
          61bb00           61bb00       f0    16         pci.o:(.bss)
          61bb00           61bb00        4     1                 num_device
          61bb04           61bb04        4     1                 invdev
          61bb10           61bb10       e0     1                 devices
          61bbf0           61bbf0        8     8         memory_map.o:(.bss)
          61bbf0           61bbf0        8     1                 mmap
          61bbf8           61bbf8       10     8         newlib.o:(.bss)
          61bbf8           61bbf8        8     1                 program_break
          61bc00           61bc00        8     1                 program_break_end
          61bc10           61bc10     1001    16         interrupt.o:(.bss)
          61bc10           61bc10     1000     1                 idt
          61cc10           61cc10        1     1                 KeyboardInterrupt(InterruptFrame*)::isShift
          61d000           61d000    42000  4096         paging.o:(.bss)
          61d000           61d000     1000     1                 (anonymous namespace)::pdp_table
          61e000           61e000     1000     1                 (anonymous namespace)::pml4_table
          61f000           61f000    40000     1                 (anonymous namespace)::page_directory
          65f000           65f000        8     8         command.o:(.bss)
          65f000           65f000        8     1                 kNullFrame
          65f008           65f008        0     1         ../lib/libc.a(libc_a-strtol.o):(.bss)
          65f008           65f008        8     8         memory_manager.o:(.bss)
          65f008           65f008        8     1                 kNullFrame
               0                0     8a92     1 .debug_abbrev
               0                0      486     1         kernel.o:(.debug_abbrev)
             486              486       14     1         ../lib/libc.a(libc_a-memcpy.o):(.debug_abbrev)
             49a              49a      1b6     1         frame.o:(.debug_abbrev)
             650              650       97     1         ../lib/libc.a(libc_a-strcpy.o):(.debug_abbrev)
             6e7              6e7       ce     1         ../lib/libc.a(libc_a-strcat.o):(.debug_abbrev)
             7b5              7b5       90     1         ../lib/libc.a(libc_a-strlen.o):(.debug_abbrev)
             845              845      2aa     1         ../lib/libc.a(libc_a-vsprintf.o):(.debug_abbrev)
             aef              aef      18d     1         ../lib/libc.a(libc_a-impure.o):(.debug_abbrev)
             c7c              c7c      44d     1         ../lib/libc.a(libc_a-findfp.o):(.debug_abbrev)
            10c9             10c9      2ed     1         ../lib/libc.a(libc_a-fclose.o):(.debug_abbrev)
            13b6             13b6      333     1         ../lib/libc.a(libc_a-fflush.o):(.debug_abbrev)
            16e9             16e9      290     1         ../lib/libc.a(libc_a-freer.o):(.debug_abbrev)
            1979             1979      1ce     1         ../lib/libc.a(libc_a-mlock.o):(.debug_abbrev)
            1b47             1b47      2d7     1         ../lib/libc.a(libc_a-mallocr.o):(.debug_abbrev)
            1e1e             1e1e      202     1         ../lib/libc.a(libc_a-sbrkr.o):(.debug_abbrev)
            2020             2020      230     1         ../lib/libc.a(libc_a-reent.o):(.debug_abbrev)
            2250             2250      1d9     1         ../lib/libc.a(libc_a-fwalk.o):(.debug_abbrev)
            2429             2429       14     1         ../lib/libc.a(libc_a-memset.o):(.debug_abbrev)
            243d             243d      24f     1         ../lib/libc.a(libc_a-stdio.o):(.debug_abbrev)
            268c             268c      1ec     1         ../lib/libc.a(libc_a-readr.o):(.debug_abbrev)
            2878             2878      1f1     1         ../lib/libc.a(libc_a-writer.o):(.debug_abbrev)
            2a69             2a69      200     1         ../lib/libc.a(libc_a-lseekr.o):(.debug_abbrev)
            2c69             2c69      1ec     1         ../lib/libc.a(libc_a-closer.o):(.debug_abbrev)
            2e55             2e55      404     1         ../lib/libc.a(libc_a-svfprintf.o):(.debug_abbrev)
            3259             3259      264     1         ../lib/libc.a(libc_a-localeconv.o):(.debug_abbrev)
            34bd             34bd      2f4     1         ../lib/libc.a(libc_a-locale.o):(.debug_abbrev)
            37b1             37b1       83     1         ../lib/libc.a(libc_a-strcmp.o):(.debug_abbrev)
            3834             3834      253     1         ../lib/libc.a(libc_a-wctomb_r.o):(.debug_abbrev)
            3a87             3a87      25e     1         ../lib/libc.a(libc_a-mbtowc_r.o):(.debug_abbrev)
            3ce5             3ce5      133     1         ../lib/libc.a(libc_a-stack_protector.o):(.debug_abbrev)
            3e18             3e18      315     1         ../lib/libc.a(libc_a-signal.o):(.debug_abbrev)
            412d             412d      239     1         ../lib/libc.a(libc_a-signalr.o):(.debug_abbrev)
            4366             4366       69     1         ../lib/libc.a(libc_a-ctype_.o):(.debug_abbrev)
            43cf             43cf      329     1         ../lib/libc.a(libc_a-svfiprintf.o):(.debug_abbrev)
            46f8             46f8       b2     1         ../lib/libc.a(libc_a-memmove.o):(.debug_abbrev)
            47aa             47aa      29a     1         ../lib/libc.a(libc_a-reallocr.o):(.debug_abbrev)
            4a44             4a44       c7     1         ../lib/libc.a(libc_a-memchr.o):(.debug_abbrev)
            4b0b             4b0b      346     1         ../lib/libc.a(libc_a-dtoa.o):(.debug_abbrev)
            4e51             4e51      4ef     1         ../lib/libc.a(libc_a-mprec.o):(.debug_abbrev)
            5340             5340      25b     1         ../lib/libc.a(libc_a-callocr.o):(.debug_abbrev)
            559b             559b      19a     1         ../lib/libc.a(libc_a-errno.o):(.debug_abbrev)
            5735             5735      226     1         ../lib/libc.a(libc_a-assert.o):(.debug_abbrev)
            595b             595b      24b     1         ../lib/libc.a(libc_a-fiprintf.o):(.debug_abbrev)
            5ba6             5ba6      45e     1         ../lib/libc.a(libc_a-vfiprintf.o):(.debug_abbrev)
            6004             6004      363     1         ../lib/libc.a(libc_a-fputwc.o):(.debug_abbrev)
            6367             6367      25d     1         ../lib/libc.a(libc_a-wcrtomb.o):(.debug_abbrev)
            65c4             65c4      272     1         ../lib/libc.a(libc_a-wbuf.o):(.debug_abbrev)
            6836             6836      21e     1         ../lib/libc.a(libc_a-wsetup.o):(.debug_abbrev)
            6a54             6a54      2fb     1         ../lib/libc.a(libc_a-makebuf.o):(.debug_abbrev)
            6d4f             6d4f      1ff     1         ../lib/libc.a(libc_a-fstatr.o):(.debug_abbrev)
            6f4e             6f4e      1ec     1         ../lib/libc.a(libc_a-isattyr.o):(.debug_abbrev)
            713a             713a      254     1         ../lib/libc.a(libc_a-fvwrite.o):(.debug_abbrev)
            738e             738e       99     1         ../lib/libc.a(libc_a-abort.o):(.debug_abbrev)
            7427             7427      251     1         ../lib/libc.a(libc_a-sprintf.o):(.debug_abbrev)
            7678             7678      108     1         pci.o:(.debug_abbrev)
            7780             7780       f3     1         memory_map.o:(.debug_abbrev)
            7873             7873      193     1         newlib.o:(.debug_abbrev)
            7a06             7a06       f8     1         segment.o:(.debug_abbrev)
            7afe             7afe      145     1         interrupt.o:(.debug_abbrev)
            7c43             7c43      23c     1         paging.o:(.debug_abbrev)
            7e7f             7e7f       7c     1         keyboard.o:(.debug_abbrev)
            7efb             7efb       cf     1         input.o:(.debug_abbrev)
            7fca             7fca      2e8     1         command.o:(.debug_abbrev)
            82b2             82b2      324     1         ../lib/libc.a(libc_a-strtol.o):(.debug_abbrev)
            85d6             85d6      4bc     1         memory_manager.o:(.debug_abbrev)
               0                0    2679f     1 .debug_info
               0                0     190e     1         kernel.o:(.debug_info)
            190e             190e       29     1         ../lib/libc.a(libc_a-memcpy.o):(.debug_info)
            1937             1937      696     1         frame.o:(.debug_info)
            1fcd             1fcd      136     1         ../lib/libc.a(libc_a-strcpy.o):(.debug_info)
            2103             2103      14c     1         ../lib/libc.a(libc_a-strcat.o):(.debug_info)
            224f             224f       fb     1         ../lib/libc.a(libc_a-strlen.o):(.debug_info)
            234a             234a      963     1         ../lib/libc.a(libc_a-vsprintf.o):(.debug_info)
            2cad             2cad      732     1         ../lib/libc.a(libc_a-impure.o):(.debug_info)
            33df             33df      f8c     1         ../lib/libc.a(libc_a-findfp.o):(.debug_info)
            436b             436b      91d     1         ../lib/libc.a(libc_a-fclose.o):(.debug_info)
            4c88             4c88      aaf     1         ../lib/libc.a(libc_a-fflush.o):(.debug_info)
            5737             5737      b73     1         ../lib/libc.a(libc_a-freer.o):(.debug_info)
            62aa             62aa      749     1         ../lib/libc.a(libc_a-mlock.o):(.debug_info)
            69f3             69f3      d17     1         ../lib/libc.a(libc_a-mallocr.o):(.debug_info)
            770a             770a      79c     1         ../lib/libc.a(libc_a-sbrkr.o):(.debug_info)
            7ea6             7ea6      823     1         ../lib/libc.a(libc_a-reent.o):(.debug_info)
            86c9             86c9      7f6     1         ../lib/libc.a(libc_a-fwalk.o):(.debug_info)
            8ebf             8ebf       29     1         ../lib/libc.a(libc_a-memset.o):(.debug_info)
            8ee8             8ee8      aaf     1         ../lib/libc.a(libc_a-stdio.o):(.debug_info)
            9997             9997      7d3     1         ../lib/libc.a(libc_a-readr.o):(.debug_info)
            a16a             a16a      7d9     1         ../lib/libc.a(libc_a-writer.o):(.debug_info)
            a943             a943      7d4     1         ../lib/libc.a(libc_a-lseekr.o):(.debug_info)
            b117             b117      77d     1         ../lib/libc.a(libc_a-closer.o):(.debug_info)
            b894             b894     185b     1         ../lib/libc.a(libc_a-svfprintf.o):(.debug_info)
            d0ef             d0ef      a40     1         ../lib/libc.a(libc_a-localeconv.o):(.debug_info)
            db2f             db2f      cc4     1         ../lib/libc.a(libc_a-locale.o):(.debug_info)
            e7f3             e7f3       fb     1         ../lib/libc.a(libc_a-strcmp.o):(.debug_info)
            e8ee             e8ee      a7b     1         ../lib/libc.a(libc_a-wctomb_r.o):(.debug_info)
            f369             f369      aef     1         ../lib/libc.a(libc_a-mbtowc_r.o):(.debug_info)
            fe58             fe58      20c     1         ../lib/libc.a(libc_a-stack_protector.o):(.debug_info)
           10064            10064      ef1     1         ../lib/libc.a(libc_a-signal.o):(.debug_info)
           10f55            10f55      810     1         ../lib/libc.a(libc_a-signalr.o):(.debug_info)
           11765            11765       f6     1         ../lib/libc.a(libc_a-ctype_.o):(.debug_info)
           1185b            1185b     124f     1         ../lib/libc.a(libc_a-svfiprintf.o):(.debug_info)
           12aaa            12aaa      15d     1         ../lib/libc.a(libc_a-memmove.o):(.debug_info)
           12c07            12c07      bfa     1         ../lib/libc.a(libc_a-reallocr.o):(.debug_info)
           13801            13801      15a     1         ../lib/libc.a(libc_a-memchr.o):(.debug_info)
           1395b            1395b     170e     1         ../lib/libc.a(libc_a-dtoa.o):(.debug_info)
           15069            15069     200f     1         ../lib/libc.a(libc_a-mprec.o):(.debug_info)
           17078            17078      8e7     1         ../lib/libc.a(libc_a-callocr.o):(.debug_info)
           1795f            1795f      71e     1         ../lib/libc.a(libc_a-errno.o):(.debug_info)
           1807d            1807d      84b     1         ../lib/libc.a(libc_a-assert.o):(.debug_info)
           188c8            188c8      8df     1         ../lib/libc.a(libc_a-fiprintf.o):(.debug_info)
           191a7            191a7     194f     1         ../lib/libc.a(libc_a-vfiprintf.o):(.debug_info)
           1aaf6            1aaf6      a7d     1         ../lib/libc.a(libc_a-fputwc.o):(.debug_info)
           1b573            1b573      b79     1         ../lib/libc.a(libc_a-wcrtomb.o):(.debug_info)
           1c0ec            1c0ec      89f     1         ../lib/libc.a(libc_a-wbuf.o):(.debug_info)
           1c98b            1c98b      7ea     1         ../lib/libc.a(libc_a-wsetup.o):(.debug_info)
           1d175            1d175      c71     1         ../lib/libc.a(libc_a-makebuf.o):(.debug_info)
           1dde6            1dde6      990     1         ../lib/libc.a(libc_a-fstatr.o):(.debug_info)
           1e776            1e776      77d     1         ../lib/libc.a(libc_a-isattyr.o):(.debug_info)
           1eef3            1eef3      bae     1         ../lib/libc.a(libc_a-fvwrite.o):(.debug_info)
           1faa1            1faa1       f0     1         ../lib/libc.a(libc_a-abort.o):(.debug_info)
           1fb91            1fb91      91a     1         ../lib/libc.a(libc_a-sprintf.o):(.debug_info)
           204ab            204ab      487     1         pci.o:(.debug_info)
           20932            20932      1bb     1         memory_map.o:(.debug_info)
           20aed            20aed      56a     1         newlib.o:(.debug_info)
           21057            21057      227     1         segment.o:(.debug_info)
           2127e            2127e      351     1         interrupt.o:(.debug_info)
           215cf            215cf      f40     1         paging.o:(.debug_info)
           2250f            2250f       67     1         keyboard.o:(.debug_info)
           22576            22576      19a     1         input.o:(.debug_info)
           22710            22710     12e5     1         command.o:(.debug_info)
           239f5            239f5      ed2     1         ../lib/libc.a(libc_a-strtol.o):(.debug_info)
           248c7            248c7     1ed8     1         memory_manager.o:(.debug_info)
               0                0      828     1 .debug_rnglists
               0                0       46     1         kernel.o:(.debug_rnglists)
              46               46       20     1         frame.o:(.debug_rnglists)
              66               66       6b     1         ../lib/libc.a(libc_a-findfp.o):(.debug_rnglists)
              d1               d1       1f     1         ../lib/libc.a(libc_a-fclose.o):(.debug_rnglists)
              f0               f0       54     1         ../lib/libc.a(libc_a-fflush.o):(.debug_rnglists)
             144              144       3a     1         ../lib/libc.a(libc_a-mallocr.o):(.debug_rnglists)
             17e              17e       f8     1         ../lib/libc.a(libc_a-svfprintf.o):(.debug_rnglists)
             276              276       21     1         ../lib/libc.a(libc_a-locale.o):(.debug_rnglists)
             297              297       22     1         ../lib/libc.a(libc_a-stack_protector.o):(.debug_rnglists)
             2b9              2b9       b6     1         ../lib/libc.a(libc_a-signal.o):(.debug_rnglists)
             36f              36f       36     1         ../lib/libc.a(libc_a-svfiprintf.o):(.debug_rnglists)
             3a5              3a5       a4     1         ../lib/libc.a(libc_a-reallocr.o):(.debug_rnglists)
             449              449       31     1         ../lib/libc.a(libc_a-dtoa.o):(.debug_rnglists)
             47a              47a       b9     1         ../lib/libc.a(libc_a-mprec.o):(.debug_rnglists)
             533              533       24     1         ../lib/libc.a(libc_a-callocr.o):(.debug_rnglists)
             557              557       cd     1         ../lib/libc.a(libc_a-vfiprintf.o):(.debug_rnglists)
             624              624       32     1         ../lib/libc.a(libc_a-fputwc.o):(.debug_rnglists)
             656              656       18     1         ../lib/libc.a(libc_a-wbuf.o):(.debug_rnglists)
             66e              66e       18     1         ../lib/libc.a(libc_a-wsetup.o):(.debug_rnglists)
             686              686       23     1         ../lib/libc.a(libc_a-makebuf.o):(.debug_rnglists)
             6a9              6a9       30     1         ../lib/libc.a(libc_a-fvwrite.o):(.debug_rnglists)
             6d9              6d9       57     1         pci.o:(.debug_rnglists)
             730              730       23     1         interrupt.o:(.debug_rnglists)
             753              753       1e     1         paging.o:(.debug_rnglists)
             771              771       18     1         input.o:(.debug_rnglists)
             789              789       26     1         command.o:(.debug_rnglists)
             7af              7af       2d     1         ../lib/libc.a(libc_a-strtol.o):(.debug_rnglists)
             7dc              7dc       4c     1         memory_manager.o:(.debug_rnglists)
               0                0     1d10     1 .debug_str_offsets
               0                0      68c     1         kernel.o:(.debug_str_offsets)
             68c              68c      1e0     1         frame.o:(.debug_str_offsets)
             86c              86c      12c     1         pci.o:(.debug_str_offsets)
             998              998       b8     1         memory_map.o:(.debug_str_offsets)
             a50              a50       e4     1         segment.o:(.debug_str_offsets)
             b34              b34      154     1         interrupt.o:(.debug_str_offsets)
             c88              c88      3d0     1         paging.o:(.debug_str_offsets)
            1058             1058       30     1         keyboard.o:(.debug_str_offsets)
            1088             1088       6c     1         input.o:(.debug_str_offsets)
            10f4             10f4      460     1         command.o:(.debug_str_offsets)
            1554             1554      7bc     1         memory_manager.o:(.debug_str_offsets)
               0                0     4cb1     1 .debug_str
               0                0     4cb1     1         <internal>:(.debug_str)
               0                0      508     1 .debug_addr
               0                0       98     1         kernel.o:(.debug_addr)
              98               98      100     1         frame.o:(.debug_addr)
             198              198       c0     1         pci.o:(.debug_addr)
             258              258       28     1         memory_map.o:(.debug_addr)
             280              280       30     1         segment.o:(.debug_addr)
             2b0              2b0       80     1         interrupt.o:(.debug_addr)
             330              330       50     1         paging.o:(.debug_addr)
             380              380       20     1         keyboard.o:(.debug_addr)
             3a0              3a0       40     1         input.o:(.debug_addr)
             3e0              3e0       40     1         command.o:(.debug_addr)
             420              420       e8     1         memory_manager.o:(.debug_addr)
               0                0       6b     1 .comment
               0                0       6b     1         <internal>:(.comment)
               0                0     cd25     1 .debug_line
               0                0      2dd     1         kernel.o:(.debug_line)
             2dd              2dd       97     1         ../lib/libc.a(libc_a-memcpy.o):(.debug_line)
             374              374      6f8     1         frame.o:(.debug_line)
             a6c              a6c       cf     1         ../lib/libc.a(libc_a-strcpy.o):(.debug_line)
             b3b              b3b       a7     1         ../lib/libc.a(libc_a-strcat.o):(.debug_line)
             be2              be2       bc     1         ../lib/libc.a(libc_a-strlen.o):(.debug_line)
             c9e              c9e      117     1         ../lib/libc.a(libc_a-vsprintf.o):(.debug_line)
             db5              db5       56     1         ../lib/libc.a(libc_a-impure.o):(.debug_line)
             e0b              e0b      415     1         ../lib/libc.a(libc_a-findfp.o):(.debug_line)
            1220             1220      15c     1         ../lib/libc.a(libc_a-fclose.o):(.debug_line)
            137c             137c      38b     1         ../lib/libc.a(libc_a-fflush.o):(.debug_line)
            1707             1707      460     1         ../lib/libc.a(libc_a-freer.o):(.debug_line)
            1b67             1b67       74     1         ../lib/libc.a(libc_a-mlock.o):(.debug_line)
            1bdb             1bdb      76f     1         ../lib/libc.a(libc_a-mallocr.o):(.debug_line)
            234a             234a       a9     1         ../lib/libc.a(libc_a-sbrkr.o):(.debug_line)
            23f3             23f3      11b     1         ../lib/libc.a(libc_a-reent.o):(.debug_line)
            250e             250e       df     1         ../lib/libc.a(libc_a-fwalk.o):(.debug_line)
            25ed             25ed       82     1         ../lib/libc.a(libc_a-memset.o):(.debug_line)
            266f             266f      15f     1         ../lib/libc.a(libc_a-stdio.o):(.debug_line)
            27ce             27ce       b4     1         ../lib/libc.a(libc_a-readr.o):(.debug_line)
            2882             2882       b4     1         ../lib/libc.a(libc_a-writer.o):(.debug_line)
            2936             2936       b6     1         ../lib/libc.a(libc_a-lseekr.o):(.debug_line)
            29ec             29ec       ad     1         ../lib/libc.a(libc_a-closer.o):(.debug_line)
            2a99             2a99     1746     1         ../lib/libc.a(libc_a-svfprintf.o):(.debug_line)
            41df             41df       a7     1         ../lib/libc.a(libc_a-localeconv.o):(.debug_line)
            4286             4286      161     1         ../lib/libc.a(libc_a-locale.o):(.debug_line)
            43e7             43e7       d7     1         ../lib/libc.a(libc_a-strcmp.o):(.debug_line)
            44be             44be       d9     1         ../lib/libc.a(libc_a-wctomb_r.o):(.debug_line)
            4597             4597       db     1         ../lib/libc.a(libc_a-mbtowc_r.o):(.debug_line)
            4672             4672       d2     1         ../lib/libc.a(libc_a-stack_protector.o):(.debug_line)
            4744             4744      581     1         ../lib/libc.a(libc_a-signal.o):(.debug_line)
            4cc5             4cc5       c6     1         ../lib/libc.a(libc_a-signalr.o):(.debug_line)
            4d8b             4d8b       48     1         ../lib/libc.a(libc_a-ctype_.o):(.debug_line)
            4dd3             4dd3      dfa     1         ../lib/libc.a(libc_a-svfiprintf.o):(.debug_line)
            5bcd             5bcd      15e     1         ../lib/libc.a(libc_a-memmove.o):(.debug_line)
            5d2b             5d2b      634     1         ../lib/libc.a(libc_a-reallocr.o):(.debug_line)
            635f             635f      12d     1         ../lib/libc.a(libc_a-memchr.o):(.debug_line)
            648c             648c     1380     1         ../lib/libc.a(libc_a-dtoa.o):(.debug_line)
            780c             780c     158c     1         ../lib/libc.a(libc_a-mprec.o):(.debug_line)
            8d98             8d98      177     1         ../lib/libc.a(libc_a-callocr.o):(.debug_line)
            8f0f             8f0f       72     1         ../lib/libc.a(libc_a-errno.o):(.debug_line)
            8f81             8f81       bc     1         ../lib/libc.a(libc_a-assert.o):(.debug_line)
            903d             903d       d8     1         ../lib/libc.a(libc_a-fiprintf.o):(.debug_line)
            9115             9115     107c     1         ../lib/libc.a(libc_a-vfiprintf.o):(.debug_line)
            a191             a191      21f     1         ../lib/libc.a(libc_a-fputwc.o):(.debug_line)
            a3b0             a3b0      151     1         ../lib/libc.a(libc_a-wcrtomb.o):(.debug_line)
            a501             a501      1d2     1         ../lib/libc.a(libc_a-wbuf.o):(.debug_line)
            a6d3             a6d3      20d     1         ../lib/libc.a(libc_a-wsetup.o):(.debug_line)
            a8e0             a8e0      22d     1         ../lib/libc.a(libc_a-makebuf.o):(.debug_line)
            ab0d             ab0d       c6     1         ../lib/libc.a(libc_a-fstatr.o):(.debug_line)
            abd3             abd3       ad     1         ../lib/libc.a(libc_a-isattyr.o):(.debug_line)
            ac80             ac80      535     1         ../lib/libc.a(libc_a-fvwrite.o):(.debug_line)
            b1b5             b1b5       72     1         ../lib/libc.a(libc_a-abort.o):(.debug_line)
            b227             b227      12b     1         ../lib/libc.a(libc_a-sprintf.o):(.debug_line)
            b352             b352      428     1         pci.o:(.debug_line)
            b77a             b77a      11c     1         memory_map.o:(.debug_line)
            b896             b896      12e     1         newlib.o:(.debug_line)
            b9c4             b9c4      1db     1         segment.o:(.debug_line)
            bb9f             bb9f      343     1         interrupt.o:(.debug_line)
            bee2             bee2      173     1         paging.o:(.debug_line)
            c055             c055       7e     1         keyboard.o:(.debug_line)
            c0d3             c0d3      1f5     1         input.o:(.debug_line)
            c2c8             c2c8      1e2     1         command.o:(.debug_line)
            c4aa             c4aa      2e4     1         ../lib/libc.a(libc_a-strtol.o):(.debug_line)
            c78e             c78e      597     1         memory_manager.o:(.debug_line)
               0                0      e6f     1 .debug_line_str
               0                0      e6f     1         <internal>:(.debug_line_str)
               0                0      a10    16 .debug_aranges
               0                0       30    16         ../lib/libc.a(libc_a-memcpy.o):(.debug_aranges)
              30               30       30     1         ../lib/libc.a(libc_a-strcpy.o):(.debug_aranges)
              60               60       30     1         ../lib/libc.a(libc_a-strcat.o):(.debug_aranges)
              90               90       30     1         ../lib/libc.a(libc_a-strlen.o):(.debug_aranges)
              c0               c0       30     1         ../lib/libc.a(libc_a-vsprintf.o):(.debug_aranges)
              f0               f0       20     1         ../lib/libc.a(libc_a-impure.o):(.debug_aranges)
             110              110       30     1         ../lib/libc.a(libc_a-findfp.o):(.debug_aranges)
             140              140       30     1         ../lib/libc.a(libc_a-fclose.o):(.debug_aranges)
             170              170       30     1         ../lib/libc.a(libc_a-fflush.o):(.debug_aranges)
             1a0              1a0       30     1         ../lib/libc.a(libc_a-freer.o):(.debug_aranges)
             1d0              1d0       30     1         ../lib/libc.a(libc_a-mlock.o):(.debug_aranges)
             200              200       30     1         ../lib/libc.a(libc_a-mallocr.o):(.debug_aranges)
             230              230       30     1         ../lib/libc.a(libc_a-sbrkr.o):(.debug_aranges)
             260              260       30     1         ../lib/libc.a(libc_a-reent.o):(.debug_aranges)
             290              290       30     1         ../lib/libc.a(libc_a-fwalk.o):(.debug_aranges)
             2c0              2c0       30    16         ../lib/libc.a(libc_a-memset.o):(.debug_aranges)
             2f0              2f0       30     1         ../lib/libc.a(libc_a-stdio.o):(.debug_aranges)
             320              320       30     1         ../lib/libc.a(libc_a-readr.o):(.debug_aranges)
             350              350       30     1         ../lib/libc.a(libc_a-writer.o):(.debug_aranges)
             380              380       30     1         ../lib/libc.a(libc_a-lseekr.o):(.debug_aranges)
             3b0              3b0       30     1         ../lib/libc.a(libc_a-closer.o):(.debug_aranges)
             3e0              3e0       30     1         ../lib/libc.a(libc_a-svfprintf.o):(.debug_aranges)
             410              410       30     1         ../lib/libc.a(libc_a-localeconv.o):(.debug_aranges)
             440              440       30     1         ../lib/libc.a(libc_a-locale.o):(.debug_aranges)
             470              470       30     1         ../lib/libc.a(libc_a-strcmp.o):(.debug_aranges)
             4a0              4a0       30     1         ../lib/libc.a(libc_a-wctomb_r.o):(.debug_aranges)
             4d0              4d0       30     1         ../lib/libc.a(libc_a-mbtowc_r.o):(.debug_aranges)
             500              500       40     1         ../lib/libc.a(libc_a-stack_protector.o):(.debug_aranges)
             540              540       30     1         ../lib/libc.a(libc_a-signal.o):(.debug_aranges)
             570              570       30     1         ../lib/libc.a(libc_a-signalr.o):(.debug_aranges)
             5a0              5a0       20     1         ../lib/libc.a(libc_a-ctype_.o):(.debug_aranges)
             5c0              5c0       30     1         ../lib/libc.a(libc_a-svfiprintf.o):(.debug_aranges)
             5f0              5f0       30     1         ../lib/libc.a(libc_a-memmove.o):(.debug_aranges)
             620              620       30     1         ../lib/libc.a(libc_a-reallocr.o):(.debug_aranges)
             650              650       30     1         ../lib/libc.a(libc_a-memchr.o):(.debug_aranges)
             680              680       30     1         ../lib/libc.a(libc_a-dtoa.o):(.debug_aranges)
             6b0              6b0       30     1         ../lib/libc.a(libc_a-mprec.o):(.debug_aranges)
             6e0              6e0       30     1         ../lib/libc.a(libc_a-callocr.o):(.debug_aranges)
             710              710       30     1         ../lib/libc.a(libc_a-errno.o):(.debug_aranges)
             740              740       30     1         ../lib/libc.a(libc_a-assert.o):(.debug_aranges)
             770              770       30     1         ../lib/libc.a(libc_a-fiprintf.o):(.debug_aranges)
             7a0              7a0       30     1         ../lib/libc.a(libc_a-vfiprintf.o):(.debug_aranges)
             7d0              7d0       30     1         ../lib/libc.a(libc_a-fputwc.o):(.debug_aranges)
             800              800       30     1         ../lib/libc.a(libc_a-wcrtomb.o):(.debug_aranges)
             830              830       30     1         ../lib/libc.a(libc_a-wbuf.o):(.debug_aranges)
             860              860       30     1         ../lib/libc.a(libc_a-wsetup.o):(.debug_aranges)
             890              890       30     1         ../lib/libc.a(libc_a-makebuf.o):(.debug_aranges)
             8c0              8c0       30     1         ../lib/libc.a(libc_a-fstatr.o):(.debug_aranges)
             8f0              8f0       30     1         ../lib/libc.a(libc_a-isattyr.o):(.debug_aranges)
             920              920       30     1         ../lib/libc.a(libc_a-fvwrite.o):(.debug_aranges)
             950              950       30     1         ../lib/libc.a(libc_a-abort.o):(.debug_aranges)
             980              980       30     1         ../lib/libc.a(libc_a-sprintf.o):(.debug_aranges)
             9b0              9b0       30     1         newlib.o:(.debug_aranges)
             9e0              9e0       30     1         ../lib/libc.a(libc_a-strtol.o):(.debug_aranges)
               0                0     d8b1     1 .debug_loclists
               0                0       3c     1         frame.o:(.debug_loclists)
              3c               3c       d1     1         ../lib/libc.a(libc_a-strcpy.o):(.debug_loclists)
             10d              10d       52     1         ../lib/libc.a(libc_a-strcat.o):(.debug_loclists)
             15f              15f       39     1         ../lib/libc.a(libc_a-strlen.o):(.debug_loclists)
             198              198      118     1         ../lib/libc.a(libc_a-vsprintf.o):(.debug_loclists)
             2b0              2b0      1d2     1         ../lib/libc.a(libc_a-findfp.o):(.debug_loclists)
             482              482      112     1         ../lib/libc.a(libc_a-fclose.o):(.debug_loclists)
             594              594      2bb     1         ../lib/libc.a(libc_a-fflush.o):(.debug_loclists)
             84f              84f      4c7     1         ../lib/libc.a(libc_a-freer.o):(.debug_loclists)
             d16              d16      9aa     1         ../lib/libc.a(libc_a-mallocr.o):(.debug_loclists)
            16c0             16c0       50     1         ../lib/libc.a(libc_a-sbrkr.o):(.debug_loclists)
            1710             1710       8c     1         ../lib/libc.a(libc_a-reent.o):(.debug_loclists)
            179c             179c       94     1         ../lib/libc.a(libc_a-fwalk.o):(.debug_loclists)
            1830             1830      256     1         ../lib/libc.a(libc_a-stdio.o):(.debug_loclists)
            1a86             1a86       82     1         ../lib/libc.a(libc_a-readr.o):(.debug_loclists)
            1b08             1b08       82     1         ../lib/libc.a(libc_a-writer.o):(.debug_loclists)
            1b8a             1b8a       82     1         ../lib/libc.a(libc_a-lseekr.o):(.debug_loclists)
            1c0c             1c0c       50     1         ../lib/libc.a(libc_a-closer.o):(.debug_loclists)
            1c5c             1c5c     1fce     1         ../lib/libc.a(libc_a-svfprintf.o):(.debug_loclists)
            3c2a             3c2a       1e     1         ../lib/libc.a(libc_a-localeconv.o):(.debug_loclists)
            3c48             3c48      189     1         ../lib/libc.a(libc_a-locale.o):(.debug_loclists)
            3dd1             3dd1       60     1         ../lib/libc.a(libc_a-strcmp.o):(.debug_loclists)
            3e31             3e31       5c     1         ../lib/libc.a(libc_a-wctomb_r.o):(.debug_loclists)
            3e8d             3e8d      107     1         ../lib/libc.a(libc_a-mbtowc_r.o):(.debug_loclists)
            3f94             3f94      813     1         ../lib/libc.a(libc_a-signal.o):(.debug_loclists)
            47a7             47a7       7b     1         ../lib/libc.a(libc_a-signalr.o):(.debug_loclists)
            4822             4822      ffd     1         ../lib/libc.a(libc_a-svfiprintf.o):(.debug_loclists)
            581f             581f      3ae     1         ../lib/libc.a(libc_a-memmove.o):(.debug_loclists)
            5bcd             5bcd      b7b     1         ../lib/libc.a(libc_a-reallocr.o):(.debug_loclists)
            6748             6748      154     1         ../lib/libc.a(libc_a-memchr.o):(.debug_loclists)
            689c             689c     23c9     1         ../lib/libc.a(libc_a-dtoa.o):(.debug_loclists)
            8c65             8c65     1900     1         ../lib/libc.a(libc_a-mprec.o):(.debug_loclists)
            a565             a565      190     1         ../lib/libc.a(libc_a-callocr.o):(.debug_loclists)
            a6f5             a6f5       d3     1         ../lib/libc.a(libc_a-assert.o):(.debug_loclists)
            a7c8             a7c8       9d     1         ../lib/libc.a(libc_a-fiprintf.o):(.debug_loclists)
            a865             a865     1b20     1         ../lib/libc.a(libc_a-vfiprintf.o):(.debug_loclists)
            c385             c385      1e7     1         ../lib/libc.a(libc_a-fputwc.o):(.debug_loclists)
            c56c             c56c      184     1         ../lib/libc.a(libc_a-wcrtomb.o):(.debug_loclists)
            c6f0             c6f0      131     1         ../lib/libc.a(libc_a-wbuf.o):(.debug_loclists)
            c821             c821       5f     1         ../lib/libc.a(libc_a-wsetup.o):(.debug_loclists)
            c880             c880      217     1         ../lib/libc.a(libc_a-makebuf.o):(.debug_loclists)
            ca97             ca97       69     1         ../lib/libc.a(libc_a-fstatr.o):(.debug_loclists)
            cb00             cb00       50     1         ../lib/libc.a(libc_a-isattyr.o):(.debug_loclists)
            cb50             cb50      548     1         ../lib/libc.a(libc_a-fvwrite.o):(.debug_loclists)
            d098             d098       b3     1         ../lib/libc.a(libc_a-sprintf.o):(.debug_loclists)
            d14b             d14b      766     1         ../lib/libc.a(libc_a-strtol.o):(.debug_loclists)
               0                0     2388     8 .symtab
               0                0     2388     8         <internal>:(.symtab)
               0                0       eb     1 .shstrtab
               0                0       eb     1         <internal>:(.shstrtab)
               0                0     1688     1 .strtab
               0                0     1688     1         <internal>:(.strtab)
