             VMA              LMA     Size Align Out     In      Symbol
          100160           100160     1110    32 .rodata
          100160           100160      6c7     1         <internal>:(.rodata)
          100828           100828       68     8         <internal>:(.rodata)
          100890           100890      190    16         ../lib/libc.a(libc_a-svfprintf.o):(.rodata)
          100a00           100a00       10     1                 zeroes.0
          100a10           100a10       10     1                 blanks.1
          100a20           100a20       40    16         <internal>:(.rodata)
          100a60           100a60      2a0    32         ../lib/libc.a(libc_a-ctype_.o):(.rodata)
          100a60           100a60      101     1                 _ctype_
          100b80           100b80      180     1                 _ctype_b
          100d00           100d00      190    16         ../lib/libc.a(libc_a-svfiprintf.o):(.rodata)
          100e70           100e70       10     1                 zeroes.0
          100e80           100e80       10     1                 blanks.1
          100ea0           100ea0      168    32         ../lib/libc.a(libc_a-mprec.o):(.rodata)
          100ea0           100ea0        c     1                 p05.0
          100ec0           100ec0       28     1                 __mprec_tinytens
          100f00           100f00       28     1                 __mprec_bigtens
          100f40           100f40       c8     1                 __mprec_tens
          101008           101008       2f     8         <internal>:(.rodata)
          101040           101040      190    16         ../lib/libc.a(libc_a-vfiprintf.o):(.rodata)
          1011b0           1011b0       10     1                 zeroes.0
          1011c0           1011c0       10     1                 blanks.1
          1011d0           1011d0       87     1         newlib.o:(.rodata)
          101258           101258       18     8         timer.o:(.rodata)
          101258           101258        8     1                 (anonymous namespace)::divide_config
          101260           101260        8     1                 (anonymous namespace)::lvt_timer
          101268           101268        8     1                 (anonymous namespace)::initial_count
          101270           101270     2da4     8 .eh_frame
          101270           101270       d4     1         kernel.o:(.eh_frame+0x0)
          101348           101348       3c     1         kernel.o:(.eh_frame+0xd4)
          101388           101388       a0     1         kernel.o:(.eh_frame+0x110)
          101428           101428      220     1         frame.o:(.eh_frame+0x18)
          101648           101648       18     1         ../lib/libc.a(libc_a-strcpy.o):(.eh_frame+0x18)
          101660           101660       20     1         ../lib/libc.a(libc_a-strcat.o):(.eh_frame+0x18)
          101680           101680       18     1         ../lib/libc.a(libc_a-strlen.o):(.eh_frame+0x18)
          101698           101698       1c     1         ../lib/libc.a(libc_a-vsprintf.o):(.eh_frame+0x18)
          1016b8           1016b8       1c     1         ../lib/libc.a(libc_a-vsprintf.o):(.eh_frame+0x34)
          1016d8           1016d8       14     1         ../lib/libc.a(libc_a-findfp.o):(.eh_frame+0x18)
          1016f0           1016f0       14     1         ../lib/libc.a(libc_a-findfp.o):(.eh_frame+0x2c)
          101708           101708       34     1         ../lib/libc.a(libc_a-findfp.o):(.eh_frame+0x40)
          101740           101740       3c     1         ../lib/libc.a(libc_a-findfp.o):(.eh_frame+0x74)
          101780           101780       44     1         ../lib/libc.a(libc_a-findfp.o):(.eh_frame+0xb0)
          1017c8           1017c8       14     1         ../lib/libc.a(libc_a-findfp.o):(.eh_frame+0xf4)
          1017e0           1017e0       14     1         ../lib/libc.a(libc_a-findfp.o):(.eh_frame+0x108)
          1017f8           1017f8       14     1         ../lib/libc.a(libc_a-findfp.o):(.eh_frame+0x11c)
          101810           101810       18     1         ../lib/libc.a(libc_a-findfp.o):(.eh_frame+0x130)
          101828           101828       3c     1         ../lib/libc.a(libc_a-fclose.o):(.eh_frame+0x18)
          101868           101868       14     1         ../lib/libc.a(libc_a-fclose.o):(.eh_frame+0x54)
          101880           101880       90     1         ../lib/libc.a(libc_a-fflush.o):(.eh_frame+0x18)
          101910           101910       3c     1         ../lib/libc.a(libc_a-freer.o):(.eh_frame+0x18)
          101950           101950       5c     1         ../lib/libc.a(libc_a-freer.o):(.eh_frame+0x54)
          1019b0           1019b0       14     1         ../lib/libc.a(libc_a-mlock.o):(.eh_frame+0x18)
          1019c8           1019c8       14     1         ../lib/libc.a(libc_a-mlock.o):(.eh_frame+0x2c)
          1019e0           1019e0       80     1         ../lib/libc.a(libc_a-mallocr.o):(.eh_frame+0x18)
          101a60           101a60       20     1         ../lib/libc.a(libc_a-sbrkr.o):(.eh_frame+0x18)
          101a80           101a80       40     1         ../lib/libc.a(libc_a-reent.o):(.eh_frame+0x18)
          101ac0           101ac0       48     1         ../lib/libc.a(libc_a-fwalk.o):(.eh_frame+0x18)
          101b08           101b08       34     1         ../lib/libc.a(libc_a-stdio.o):(.eh_frame+0x18)
          101b40           101b40       34     1         ../lib/libc.a(libc_a-stdio.o):(.eh_frame+0x4c)
          101b78           101b78       38     1         ../lib/libc.a(libc_a-stdio.o):(.eh_frame+0x80)
          101bb0           101bb0       20     1         ../lib/libc.a(libc_a-readr.o):(.eh_frame+0x18)
          101bd0           101bd0       20     1         ../lib/libc.a(libc_a-writer.o):(.eh_frame+0x18)
          101bf0           101bf0       20     1         ../lib/libc.a(libc_a-lseekr.o):(.eh_frame+0x18)
          101c10           101c10       20     1         ../lib/libc.a(libc_a-closer.o):(.eh_frame+0x18)
          101c30           101c30       50     1         ../lib/libc.a(libc_a-svfprintf.o):(.eh_frame+0x18)
          101c80           101c80       14     1         ../lib/libc.a(libc_a-localeconv.o):(.eh_frame+0x18)
          101c98           101c98       14     1         ../lib/libc.a(libc_a-localeconv.o):(.eh_frame+0x2c)
          101cb0           101cb0       18     1         ../lib/libc.a(libc_a-localeconv.o):(.eh_frame+0x40)
          101cc8           101cc8       24     1         ../lib/libc.a(libc_a-locale.o):(.eh_frame+0x18)
          101cf0           101cf0       14     1         ../lib/libc.a(libc_a-locale.o):(.eh_frame+0x3c)
          101d08           101d08       28     1         ../lib/libc.a(libc_a-locale.o):(.eh_frame+0x50)
          101d30           101d30       18     1         ../lib/libc.a(libc_a-strcmp.o):(.eh_frame+0x18)
          101d48           101d48       14     1         ../lib/libc.a(libc_a-wctomb_r.o):(.eh_frame+0x18)
          101d60           101d60       14     1         ../lib/libc.a(libc_a-wctomb_r.o):(.eh_frame+0x2c)
          101d78           101d78       14     1         ../lib/libc.a(libc_a-mbtowc_r.o):(.eh_frame+0x18)
          101d90           101d90       1c     1         ../lib/libc.a(libc_a-mbtowc_r.o):(.eh_frame+0x2c)
          101db0           101db0       14     1         ../lib/libc.a(libc_a-stack_protector.o):(.eh_frame+0x18)
          101dc8           101dc8       1c     1         ../lib/libc.a(libc_a-stack_protector.o):(.eh_frame+0x2c)
          101de8           101de8       20     1         ../lib/libc.a(libc_a-stack_protector.o):(.eh_frame+0x48)
          101e08           101e08       4c     1         ../lib/libc.a(libc_a-signal.o):(.eh_frame+0x18)
          101e58           101e58      184     1         ../lib/libc.a(libc_a-signal.o):(.eh_frame+0x64)
          101fe0           101fe0       38     1         ../lib/libc.a(libc_a-signalr.o):(.eh_frame+0x18)
          102018           102018       4c     1         ../lib/libc.a(libc_a-svfiprintf.o):(.eh_frame+0x18)
          102068           102068       54     1         ../lib/libc.a(libc_a-svfiprintf.o):(.eh_frame+0x64)
          1020c0           1020c0       18     1         ../lib/libc.a(libc_a-memmove.o):(.eh_frame+0x18)
          1020d8           1020d8       68     1         ../lib/libc.a(libc_a-reallocr.o):(.eh_frame+0x18)
          102140           102140       18     1         ../lib/libc.a(libc_a-memchr.o):(.eh_frame+0x18)
          102158           102158       4c     1         ../lib/libc.a(libc_a-dtoa.o):(.eh_frame+0x18)
          1021a8           1021a8       4c     1         ../lib/libc.a(libc_a-dtoa.o):(.eh_frame+0x64)
          1021f8           1021f8       2c     1         ../lib/libc.a(libc_a-mprec.o):(.eh_frame+0x18)
          102228           102228       14     1         ../lib/libc.a(libc_a-mprec.o):(.eh_frame+0x44)
          102240           102240       8c     1         ../lib/libc.a(libc_a-mprec.o):(.eh_frame+0x58)
          1022d0           1022d0       14     1         ../lib/libc.a(libc_a-mprec.o):(.eh_frame+0xe4)
          1022e8           1022e8       14     1         ../lib/libc.a(libc_a-mprec.o):(.eh_frame+0xf8)
          102300           102300       24     1         ../lib/libc.a(libc_a-mprec.o):(.eh_frame+0x10c)
          102328           102328       4c     1         ../lib/libc.a(libc_a-mprec.o):(.eh_frame+0x130)
          102378           102378       3c     1         ../lib/libc.a(libc_a-mprec.o):(.eh_frame+0x17c)
          1023b8           1023b8       4c     1         ../lib/libc.a(libc_a-mprec.o):(.eh_frame+0x1b8)
          102408           102408       14     1         ../lib/libc.a(libc_a-mprec.o):(.eh_frame+0x204)
          102420           102420       64     1         ../lib/libc.a(libc_a-mprec.o):(.eh_frame+0x218)
          102488           102488       14     1         ../lib/libc.a(libc_a-mprec.o):(.eh_frame+0x27c)
          1024a0           1024a0       34     1         ../lib/libc.a(libc_a-mprec.o):(.eh_frame+0x290)
          1024d8           1024d8       34     1         ../lib/libc.a(libc_a-mprec.o):(.eh_frame+0x2c4)
          102510           102510       14     1         ../lib/libc.a(libc_a-mprec.o):(.eh_frame+0x2f8)
          102528           102528       14     1         ../lib/libc.a(libc_a-mprec.o):(.eh_frame+0x30c)
          102540           102540       18     1         ../lib/libc.a(libc_a-mprec.o):(.eh_frame+0x320)
          102558           102558       28     1         ../lib/libc.a(libc_a-callocr.o):(.eh_frame+0x18)
          102580           102580       18     1         ../lib/libc.a(libc_a-errno.o):(.eh_frame+0x18)
          102598           102598       24     1         ../lib/libc.a(libc_a-assert.o):(.eh_frame+0x18)
          1025c0           1025c0       1c     1         ../lib/libc.a(libc_a-assert.o):(.eh_frame+0x3c)
          1025e0           1025e0       1c     1         ../lib/libc.a(libc_a-fiprintf.o):(.eh_frame+0x18)
          102600           102600       1c     1         ../lib/libc.a(libc_a-fiprintf.o):(.eh_frame+0x34)
          102620           102620       4c     1         ../lib/libc.a(libc_a-vfiprintf.o):(.eh_frame+0x18)
          102670           102670       14     1         ../lib/libc.a(libc_a-vfiprintf.o):(.eh_frame+0x64)
          102688           102688       7c     1         ../lib/libc.a(libc_a-vfiprintf.o):(.eh_frame+0x78)
          102708           102708       3c     1         ../lib/libc.a(libc_a-vfiprintf.o):(.eh_frame+0xf4)
          102748           102748       44     1         ../lib/libc.a(libc_a-fputwc.o):(.eh_frame+0x18)
          102790           102790       14     1         ../lib/libc.a(libc_a-fputwc.o):(.eh_frame+0x5c)
          1027a8           1027a8       28     1         ../lib/libc.a(libc_a-fputwc.o):(.eh_frame+0x70)
          1027d0           1027d0       2c     1         ../lib/libc.a(libc_a-wcrtomb.o):(.eh_frame+0x18)
          102800           102800       2c     1         ../lib/libc.a(libc_a-wcrtomb.o):(.eh_frame+0x44)
          102830           102830       3c     1         ../lib/libc.a(libc_a-wbuf.o):(.eh_frame+0x18)
          102870           102870       14     1         ../lib/libc.a(libc_a-wbuf.o):(.eh_frame+0x54)
          102888           102888       30     1         ../lib/libc.a(libc_a-wsetup.o):(.eh_frame+0x18)
          1028b8           1028b8       44     1         ../lib/libc.a(libc_a-makebuf.o):(.eh_frame+0x18)
          102900           102900       34     1         ../lib/libc.a(libc_a-makebuf.o):(.eh_frame+0x5c)
          102938           102938       20     1         ../lib/libc.a(libc_a-fstatr.o):(.eh_frame+0x18)
          102958           102958       20     1         ../lib/libc.a(libc_a-isattyr.o):(.eh_frame+0x18)
          102978           102978       78     1         ../lib/libc.a(libc_a-fvwrite.o):(.eh_frame+0x18)
          1029f0           1029f0       20     1         ../lib/libc.a(libc_a-abort.o):(.eh_frame+0x18)
          102a10           102a10       1c     1         ../lib/libc.a(libc_a-sprintf.o):(.eh_frame+0x18)
          102a30           102a30       24     1         ../lib/libc.a(libc_a-sprintf.o):(.eh_frame+0x34)
          102a58           102a58      200     1         pci.o:(.eh_frame+0x18)
          102c58           102c58       60     1         memory_map.o:(.eh_frame+0x18)
          102cb8           102cb8       3c     1         newlib.o:(.eh_frame+0x18)
          102cf8           102cf8       1c     1         newlib.o:(.eh_frame+0x54)
          102d18           102d18       1c     1         newlib.o:(.eh_frame+0x70)
          102d38           102d38       1c     1         newlib.o:(.eh_frame+0x8c)
          102d58           102d58       1c     1         newlib.o:(.eh_frame+0xa8)
          102d78           102d78       1c     1         newlib.o:(.eh_frame+0xc4)
          102d98           102d98       1c     1         newlib.o:(.eh_frame+0xe0)
          102db8           102db8       1c     1         newlib.o:(.eh_frame+0xfc)
          102dd8           102dd8       20     1         newlib.o:(.eh_frame+0x118)
          102df8           102df8       80     1         segment.o:(.eh_frame+0x18)
          102e78           102e78       54     1         interrupt.o:(.eh_frame+0x18)
          102ed0           102ed0       54     1         interrupt.o:(.eh_frame+0x6c)
          102f28           102f28       54     1         interrupt.o:(.eh_frame+0xc0)
          102f80           102f80       54     1         interrupt.o:(.eh_frame+0x114)
          102fd8           102fd8       54     1         interrupt.o:(.eh_frame+0x168)
          103030           103030       54     1         interrupt.o:(.eh_frame+0x1bc)
          103088           103088       54     1         interrupt.o:(.eh_frame+0x210)
          1030e0           1030e0       54     1         interrupt.o:(.eh_frame+0x264)
          103138           103138       54     1         interrupt.o:(.eh_frame+0x2b8)
          103190           103190       54     1         interrupt.o:(.eh_frame+0x30c)
          1031e8           1031e8       54     1         interrupt.o:(.eh_frame+0x360)
          103240           103240       54     1         interrupt.o:(.eh_frame+0x3b4)
          103298           103298       54     1         interrupt.o:(.eh_frame+0x408)
          1032f0           1032f0       54     1         interrupt.o:(.eh_frame+0x45c)
          103348           103348       54     1         interrupt.o:(.eh_frame+0x4b0)
          1033a0           1033a0       54     1         interrupt.o:(.eh_frame+0x504)
          1033f8           1033f8       54     1         interrupt.o:(.eh_frame+0x558)
          103450           103450       54     1         interrupt.o:(.eh_frame+0x5ac)
          1034a8           1034a8       54     1         interrupt.o:(.eh_frame+0x600)
          103500           103500       54     1         interrupt.o:(.eh_frame+0x654)
          103558           103558       54     1         interrupt.o:(.eh_frame+0x6a8)
          1035b0           1035b0       54     1         interrupt.o:(.eh_frame+0x6fc)
          103608           103608       54     1         interrupt.o:(.eh_frame+0x750)
          103660           103660       54     1         interrupt.o:(.eh_frame+0x7a4)
          1036b8           1036b8       54     1         interrupt.o:(.eh_frame+0x7f8)
          103710           103710       54     1         interrupt.o:(.eh_frame+0x84c)
          103768           103768       54     1         interrupt.o:(.eh_frame+0x8a0)
          1037c0           1037c0       54     1         interrupt.o:(.eh_frame+0x8f4)
          103818           103818       54     1         interrupt.o:(.eh_frame+0x948)
          103870           103870       54     1         interrupt.o:(.eh_frame+0x99c)
          1038c8           1038c8       54     1         interrupt.o:(.eh_frame+0x9f0)
          103920           103920       54     1         interrupt.o:(.eh_frame+0xa44)
          103978           103978       74     1         interrupt.o:(.eh_frame+0xa98)
          1039f0           1039f0       a4     1         interrupt.o:(.eh_frame+0xb0c)
          103a98           103a98       80     1         paging.o:(.eh_frame+0x18)
          103b18           103b18       c4     1         input.o:(.eh_frame+0x18)
          103be0           103be0       24     1         input.o:(.eh_frame+0xdc)
          103c08           103c08       20     1         command.o:(.eh_frame+0x18)
          103c28           103c28       a0     1         command.o:(.eh_frame+0x78)
          103cc8           103cc8       20     1         command.o:(.eh_frame+0x138)
          103ce8           103ce8       14     1         ../lib/libc.a(libc_a-malloc.o):(.eh_frame+0x18)
          103d00           103d00       14     1         ../lib/libc.a(libc_a-malloc.o):(.eh_frame+0x2c)
          103d18           103d18       88     1         ../lib/libc.a(libc_a-strtol.o):(.eh_frame+0x18)
          103da0           103da0       30     1         ../lib/libc.a(libc_a-atoi.o):(.eh_frame+0x18)
          103dd0           103dd0       20     1         memory_manager.o:(.eh_frame+0x18)
          103df0           103df0      200     1         memory_manager.o:(.eh_frame+0x78)
          103ff0           103ff0       20     1         memory_manager.o:(.eh_frame+0x2b8)
          105020           105020    13693    16 .text
          105020           105020      21c    16         kernel.o:(.text)
          105020           105020        f     1                 stop()
          105030           105030       29     1                 entry_point
          105060           105060      1dc     1                 kernel_main
          105240           105240       50    16         kernel.o:(.text.startup)
          105240           105240       1a     1                 __cxx_global_var_init
          105260           105260       12     1                 __cxx_global_var_init.1
          105280           105280       10     1                 _GLOBAL__sub_I_kernel.cpp
          105290           105290        b    16         kernel.o:(.text._ZNSt3__114numeric_limitsImE3maxEv)
          105290           105290        b     1                 std::__1::numeric_limits<unsigned long>::max()
          1052a0           1052a0       21    16         kernel.o:(.text._ZN7FrameIDC2Em)
          1052a0           1052a0       21     1                 FrameID::FrameID(unsigned long)
          1052d0           1052d0       4c    16         kernel.o:(.text._ZN11InputBufferC2Ev)
          1052d0           1052d0       4c     1                 InputBuffer::InputBuffer()
          105320           105320       1e    16         kernel.o:(.text._ZNK5ErrorcvbEv)
          105320           105320       1e     1                 Error::operator bool() const
          105340           105340       29    16         kernel.o:(.text._ZNK5Error4NameEv)
          105340           105340       29     1                 Error::Name() const
          105370           105370        d    16         kernel.o:(.text._ZNSt3__123__libcpp_numeric_limitsImLb1EE3maxEv)
          105370           105370        d     1                 std::__1::__libcpp_numeric_limits<unsigned long, true>::max()
          105380           105380       25    16         kernel.o:(.text._ZNKSt3__15arrayIPKcLm20EEixEm)
          105380           105380       25     1                 std::__1::array<char const*, 20ul>::operator[](unsigned long) const
          1053b0           1053b0      f1e    16         frame.o:(.text)
          1053b0           1053b0       9a     1                 InitializeFrame(bootinfo_t*)
          105450           105450       7f     1                 WritePixelRGB(Color, int, int)
          1054d0           1054d0       7f     1                 WritePixelBGR(Color, int, int)
          105550           105550       3d     1                 HashtoColor(unsigned char)
          105590           105590      191     1                 HSVtoRGB(int)
          105730           105730       f5     1                 WriteAscii(char, Color, int, int)
          105830           105830      136     1                 WriteSquare(Vector, Vector, Color)
          105970           105970      11b     1                 PrintLine(char const*, Vector, Color)
          105a90           105a90       7e     1                 RegisterLine(char const*)
          105b10           105b10      457     1                 Print
          105f70           105f70       b3     1                 Printf
          106030           106030       6c     1                 dPrint(char*, int)
          1060a0           1060a0       6c     1                 udPrint(char*, unsigned int)
          106110           106110       6c     1                 uxdPrint(char*, unsigned int)
          106180           106180       c2     1                 WriteMandelbrot(int)
          106250           106250       7e     1                 clear()
          1062d0           1062d0      1ad    16         frame.o:(.text._Z14CalcMandelbrotiii)
          1062d0           1062d0      1ad     1                 CalcMandelbrot(int, int, int)
          106480           106480       85    16         ../lib/libc.a(libc_a-strcpy.o):(.text)
          106480           106480       85     1                 strcpy
          106510           106510       6c    16         ../lib/libc.a(libc_a-strcat.o):(.text)
          106510           106510       6c     1                 strcat
          106580           106580       7d    16         ../lib/libc.a(libc_a-strlen.o):(.text)
          106580           106580       7d     1                 strlen
          106600           106600       ed    16         ../lib/libc.a(libc_a-vsprintf.o):(.text)
          106600           106600       7d     1                 vsprintf
          106680           106680       6d     1                 _vsprintf_r
          1066ed           1066ed        0     1         ../lib/libc.a(libc_a-impure.o):(.text)
          1066f0           1066f0      469    16         ../lib/libc.a(libc_a-findfp.o):(.text)
          1066f0           1066f0        7     1                 __fp_lock
          106700           106700       1e     1                 stdio_exit_handler
          106720           106720       52     1                 cleanup_stdio
          106780           106780        7     1                 __fp_unlock
          106790           106790      1d1     1                 global_stdio_init.part.0
          106970           106970      156     1                 __sfp
          106ad0           106ad0       2a     1                 __sinit
          106b00           106b00        5     1                 __sfp_lock_acquire
          106b10           106b10        5     1                 __sfp_lock_release
          106b20           106b20       19     1                 __fp_lock_all
          106b40           106b40       19     1                 __fp_unlock_all
          106b60           106b60       f3    16         ../lib/libc.a(libc_a-fclose.o):(.text)
          106b60           106b60       de     1                 _fclose_r
          106c40           106c40       13     1                 fclose
          106c60           106c60      321    16         ../lib/libc.a(libc_a-fflush.o):(.text)
          106c60           106c60      225     1                 __sflush_r
          106e90           106e90       5f     1                 _fflush_r
          106ef0           106ef0       91     1                 fflush
          106f90           106f90      47e    16         ../lib/libc.a(libc_a-freer.o):(.text)
          106f90           106f90       e7     1                 _malloc_trim_r
          107080           107080      38e     1                 _free_r
          107410           107410       15    16         ../lib/libc.a(libc_a-mlock.o):(.text)
          107410           107410        5     1                 __malloc_lock
          107420           107420        5     1                 __malloc_unlock
          107430           107430      8d4    16         ../lib/libc.a(libc_a-mallocr.o):(.text)
          107430           107430      8d4     1                 _malloc_r
          107d10           107d10       36    16         ../lib/libc.a(libc_a-sbrkr.o):(.text)
          107d10           107d10       36     1                 _sbrk_r
          107d50           107d50       9e    16         ../lib/libc.a(libc_a-reent.o):(.text)
          107d50           107d50       9e     1                 _reclaim_reent
          107df0           107df0       89    16         ../lib/libc.a(libc_a-fwalk.o):(.text)
          107df0           107df0       89     1                 _fwalk_sglue
          107e80           107e80       e0    16         ../lib/libc.a(libc_a-memset.o):(.text)
          107e80           107e80        0     1                 memset
          107eae           107eae        0     1                 quadword_aligned
          107ed0           107ed0        0     1                 loop
          107f3b           107f3b        0     1                 byte_set
          107f41           107f41        0     1                 quadword_set
          107f60           107f60       ed    16         ../lib/libc.a(libc_a-stdio.o):(.text)
          107f60           107f60       30     1                 __sread
          107f90           107f90        7     1                 __seofread
          107fa0           107fa0       60     1                 __swrite
          108000           108000       38     1                 __sseek
          108040           108040        d     1                 __sclose
          108050           108050       41    16         ../lib/libc.a(libc_a-readr.o):(.text)
          108050           108050       41     1                 _read_r
          1080a0           1080a0       41    16         ../lib/libc.a(libc_a-writer.o):(.text)
          1080a0           1080a0       41     1                 _write_r
          1080f0           1080f0       3e    16         ../lib/libc.a(libc_a-lseekr.o):(.text)
          1080f0           1080f0       3e     1                 _lseek_r
          108130           108130       2e    16         ../lib/libc.a(libc_a-closer.o):(.text)
          108130           108130       2e     1                 _close_r
          108160           108160     2557    16         ../lib/libc.a(libc_a-svfprintf.o):(.text)
          108160           108160     2557     1                 _svfprintf_r
          10a6c0           10a6c0       2c    16         ../lib/libc.a(libc_a-localeconv.o):(.text)
          10a6c0           10a6c0        c     1                 __localeconv_l
          10a6d0           10a6d0        c     1                 _localeconv_r
          10a6e0           10a6e0        c     1                 localeconv
          10a6f0           10a6f0       ea    16         ../lib/libc.a(libc_a-locale.o):(.text)
          10a6f0           10a6f0       6a     1                 _setlocale_r
          10a760           10a760        c     1                 __locale_mb_cur_max
          10a770           10a770       6a     1                 setlocale
          10a7e0           10a7e0       83    16         ../lib/libc.a(libc_a-strcmp.o):(.text)
          10a7e0           10a7e0       83     1                 strcmp
          10a870           10a870       43    16         ../lib/libc.a(libc_a-wctomb_r.o):(.text)
          10a870           10a870        a     1                 _wctomb_r
          10a880           10a880       33     1                 __ascii_wctomb
          10a8c0           10a8c0       70    16         ../lib/libc.a(libc_a-mbtowc_r.o):(.text)
          10a8c0           10a8c0        a     1                 _mbtowc_r
          10a8d0           10a8d0       60     1                 __ascii_mbtowc
          10a930           10a930       8f    16         ../lib/libc.a(libc_a-stack_protector.o):(.text)
          10a930           10a930       7d     1                 __stack_chk_fail
          10a9b0           10a9b0        f     1                 __stack_chk_fail_local
          10a9c0           10a9c0       19    16         ../lib/libc.a(libc_a-stack_protector.o):(.text.startup)
          10a9c0           10a9c0       19     1                 __stack_chk_init
          10a9e0           10a9e0      50e    16         ../lib/libc.a(libc_a-signal.o):(.text)
          10a9e0           10a9e0       59     1                 _init_signal_r
          10aa40           10aa40       98     1                 _signal_r
          10aae0           10aae0       ad     1                 _raise_r
          10ab90           10ab90       ca     1                 __sigtramp_r
          10ac60           10ac60       b7     1                 raise
          10ad20           10ad20       98     1                 signal
          10adc0           10adc0       59     1                 _init_signal
          10ae20           10ae20       ce     1                 __sigtramp
          10aef0           10aef0       49    16         ../lib/libc.a(libc_a-signalr.o):(.text)
          10aef0           10aef0       36     1                 _kill_r
          10af30           10af30        9     1                 _getpid_r
          10af39           10af39        0     1         ../lib/libc.a(libc_a-ctype_.o):(.text)
          10af40           10af40     1408    16         ../lib/libc.a(libc_a-svfiprintf.o):(.text)
          10af40           10af40      1e9     1                 __ssprint_r
          10b130           10b130     1218     1                 _svfiprintf_r
          10c350           10c350      124    16         ../lib/libc.a(libc_a-memmove.o):(.text)
          10c350           10c350      124     1                 memmove
          10c480           10c480      12d    16         ../lib/libc.a(libc_a-memcpy.o):(.text)
          10c480           10c480        0     1                 memcpy
          10c4a5           10c4a5        0     1                 quadword_aligned
          10c4c0           10c4c0        0     1                 loop
          10c587           10c587        0     1                 byte_copy
          10c58d           10c58d        0     1                 quadword_copy
          10c5b0           10c5b0      53a    16         ../lib/libc.a(libc_a-reallocr.o):(.text)
          10c5b0           10c5b0      53a     1                 _realloc_r
          10caf0           10caf0       c5    16         ../lib/libc.a(libc_a-memchr.o):(.text)
          10caf0           10caf0       c5     1                 memchr
          10cbc0           10cbc0     1636    16         ../lib/libc.a(libc_a-dtoa.o):(.text)
          10cbc0           10cbc0      19c     1                 quorem
          10cd60           10cd60     1496     1                 _dtoa_r
          10e200           10e200     10ba    16         ../lib/libc.a(libc_a-mprec.o):(.text)
          10e200           10e200       9e     1                 _Balloc
          10e2a0           10e2a0       1f     1                 _Bfree
          10e2c0           10e2c0      101     1                 __multadd
          10e3d0           10e3d0      139     1                 __s2b
          10e510           10e510       56     1                 __hi0bits
          10e570           10e570       8f     1                 __lo0bits
          10e600           10e600       a4     1                 __i2b
          10e6b0           10e6b0      241     1                 __multiply
          10e900           10e900      12e     1                 __pow5mult
          10ea30           10ea30      158     1                 __lshift
          10eb90           10eb90       4e     1                 __mcmp
          10ebe0           10ebe0      217     1                 __mdiff
          10ee00           10ee00       7d     1                 __ulp
          10ee80           10ee80       fc     1                 __b2d
          10ef80           10ef80      158     1                 __d2b
          10f0e0           10f0e0       c0     1                 __ratio
          10f1a0           10f1a0       40     1                 _mprec_log10
          10f1e0           10f1e0       60     1                 __copybits
          10f240           10f240       7a     1                 __any_on
          10f2c0           10f2c0       c6    16         ../lib/libc.a(libc_a-callocr.o):(.text)
          10f2c0           10f2c0       c6     1                 _calloc_r
          10f390           10f390        c    16         ../lib/libc.a(libc_a-errno.o):(.text)
          10f390           10f390        c     1                 __errno
          10f3a0           10f3a0       74    16         ../lib/libc.a(libc_a-assert.o):(.text)
          10f3a0           10f3a0       54     1                 __assert_func
          10f400           10f400       14     1                 __assert
          10f420           10f420      178    16         ../lib/libc.a(libc_a-fiprintf.o):(.text)
          10f420           10f420       b0     1                 _fiprintf_r
          10f4d0           10f4d0       c8     1                 fiprintf
          10f5a0           10f5a0     1750    16         ../lib/libc.a(libc_a-vfiprintf.o):(.text)
          10f5a0           10f5a0       d7     1                 __sprint_r.part.0
          10f680           10f680       1a     1                 __sprint_r
          10f6a0           10f6a0     154f     1                 _vfiprintf_r
          110bf0           110bf0       19     1                 vfiprintf
          110c10           110c10       e0     1                 __sbprintf
          110cf0           110cf0      1b9    16         ../lib/libc.a(libc_a-fputwc.o):(.text)
          110cf0           110cf0      119     1                 __fputwc
          110e10           110e10       23     1                 _fputwc_r
          110e40           110e40       69     1                 fputwc
          110eb0           110eb0      112    16         ../lib/libc.a(libc_a-wcrtomb.o):(.text)
          110eb0           110eb0       7c     1                 _wcrtomb_r
          110f30           110f30       92     1                 wcrtomb
          110fd0           110fd0      135    16         ../lib/libc.a(libc_a-wbuf.o):(.text)
          110fd0           110fd0      112     1                 __swbuf_r
          1110f0           1110f0       15     1                 __swbuf
          111110           111110      143    16         ../lib/libc.a(libc_a-wsetup.o):(.text)
          111110           111110      143     1                 __swsetup_r
          111260           111260      1e6    16         ../lib/libc.a(libc_a-makebuf.o):(.text)
          111260           111260      139     1                 __smakebuf_r
          1113a0           1113a0       a6     1                 __swhatbuf_r
          111450           111450       36    16         ../lib/libc.a(libc_a-fstatr.o):(.text)
          111450           111450       36     1                 _fstat_r
          111490           111490       2e    16         ../lib/libc.a(libc_a-isattyr.o):(.text)
          111490           111490       2e     1                 _isatty_r
          1114c0           1114c0      55c    16         ../lib/libc.a(libc_a-fvwrite.o):(.text)
          1114c0           1114c0      55c     1                 __sfvwrite_r
          111a20           111a20       1e    16         ../lib/libc.a(libc_a-abort.o):(.text)
          111a20           111a20       1e     1                 abort
          111a40           111a40      211    16         ../lib/libc.a(libc_a-sprintf.o):(.text)
          111a40           111a40       fc     1                 _sprintf_r
          111b40           111b40      111     1                 sprintf
          111c60           111c60       c1    16         asmfunc.o:(.text)
          111c60           111c60        0     1                 IoOut32
          111c67           111c67        0     1                 IoIn32
          111c6c           111c6c        0     1                 IoIn16
          111c72           111c72        0     1                 IoOut8
          111c7a           111c7a        0     1                 IoIn8
          111c7f           111c7f        0     1                 call_kernel_main
          111c8f           111c8f        0     1                 _hlt
          111c92           111c92        0     1                 LoadGDT
          111cac           111cac        0     1                 SetDSAll
          111cb5           111cb5        0     1                 SetCSSS
          111cc9           111cc9        0     1                 SetCSSS.next
          111cce           111cce        0     1                 SetCSSS.stop
          111cd1           111cd1        0     1                 GetCS
          111cd7           111cd7        0     1                 LoadIDT
          111cf1           111cf1        0     1                 SetCR3
          111cf5           111cf5        0     1                 NotifyEndOfInterrupt
          111d03           111d03        0     1                 rdtsc
          111d30           111d30      809    16         pci.o:(.text)
          111d30           111d30       4f     1                 MakeAddr(unsigned char, unsigned char, unsigned char, unsigned char)
          111d80           111d80       1e     1                 WriteAddr(unsigned int)
          111da0           111da0       1e     1                 WriteData(unsigned int)
          111dc0           111dc0       10     1                 ReadData()
          111dd0           111dd0       4a     1                 ReadVendorId(unsigned char, unsigned char, unsigned char)
          111e20           111e20       67     1                 ReadVendorId(Device)
          111e90           111e90       50     1                 ReadHeaderType(unsigned char, unsigned char, unsigned char)
          111ee0           111ee0       70     1                 ReadBar(Device, int)
          111f50           111f50       71     1                 ReadClassCode(unsigned char, unsigned char, unsigned char)
          111fd0           111fd0       45     1                 ReadBusNumbers(unsigned char, unsigned char, unsigned char)
          112020           112020       af     1                 AddDevice(unsigned char, unsigned char, unsigned char, unsigned char)
          1120d0           1120d0       28     1                 IsSingleFunctionDevice(unsigned char)
          112100           112100      13f     1                 ScanAllBus()
          112240           112240       b7     1                 ScanBus(unsigned char)
          112300           112300      126     1                 ScanDevice(unsigned char, unsigned char)
          112430           112430      109     1                 ScanFunction(unsigned char, unsigned char, unsigned char)
          112540           112540      27f    16         memory_map.o:(.text)
          112540           112540       83     1                 show_memdesc(int)
          1125d0           1125d0      12d     1                 show_memory_map()
          112700           112700       bf     1                 search_mem_type(unsigned long)
          1127bf           1127bf      1c5     1         newlib.o:(.text)
          1127bf           1127bf       6f     1                 sbrk
          11282e           11282e       29     1                 read
          112857           112857       35     1                 write
          11288c           11288c       21     1                 _exit
          1128ad           1128ad       28     1                 lseek
          1128d5           1128d5       21     1                 close
          1128f6           1128f6       2e     1                 kill
          112924           112924       1a     1                 getpid
          11293e           11293e       25     1                 fstat
          112963           112963       21     1                 isatty
          112990           112990      348    16         segment.o:(.text)
          112990           112990      21d     1                 SetCodeSegment(SegmentDescriptor*, DescriptorType, unsigned int, unsigned int, unsigned int)
          112bb0           112bb0       77     1                 SetDataSegment(SegmentDescriptor*, DescriptorType, unsigned int, unsigned int, unsigned int)
          112c30           112c30       67     1                 SetupSegments()
          112ca0           112ca0       38     1                 InitializeSegment(unsigned short, unsigned short)
          112ce0           112ce0     3e94    16         interrupt.o:(.text)
          112ce0           112ce0      186     1                 Interrupt_1(InterruptFrame*)
          112e70           112e70      186     1                 Interrupt_2(InterruptFrame*)
          113000           113000      186     1                 Interrupt_4(InterruptFrame*)
          113190           113190      186     1                 Interrupt_5(InterruptFrame*)
          113320           113320      186     1                 Interrupt_6(InterruptFrame*)
          1134b0           1134b0      186     1                 Interrupt_7(InterruptFrame*)
          113640           113640      186     1                 Interrupt_8(InterruptFrame*)
          1137d0           1137d0      186     1                 Interrupt_9(InterruptFrame*)
          113960           113960      186     1                 Interrupt_10(InterruptFrame*)
          113af0           113af0      186     1                 Interrupt_11(InterruptFrame*)
          113c80           113c80      186     1                 Interrupt_15(InterruptFrame*)
          113e10           113e10      186     1                 Interrupt_16(InterruptFrame*)
          113fa0           113fa0      186     1                 Interrupt_17(InterruptFrame*)
          114130           114130      186     1                 Interrupt_18(InterruptFrame*)
          1142c0           1142c0      186     1                 Interrupt_19(InterruptFrame*)
          114450           114450      186     1                 Interrupt_20(InterruptFrame*)
          1145e0           1145e0      186     1                 Interrupt_21(InterruptFrame*)
          114770           114770      186     1                 Interrupt_22(InterruptFrame*)
          114900           114900      186     1                 Interrupt_23(InterruptFrame*)
          114a90           114a90      186     1                 Interrupt_24(InterruptFrame*)
          114c20           114c20      186     1                 Interrupt_25(InterruptFrame*)
          114db0           114db0      186     1                 Interrupt_26(InterruptFrame*)
          114f40           114f40      186     1                 Interrupt_27(InterruptFrame*)
          1150d0           1150d0      186     1                 Interrupt_28(InterruptFrame*)
          115260           115260      186     1                 Interrupt_29(InterruptFrame*)
          1153f0           1153f0      186     1                 Interrupt_30(InterruptFrame*)
          115580           115580      186     1                 Interrupt_31(InterruptFrame*)
          115710           115710      19e     1                 BreakpointInterrupt(InterruptFrame*)
          1158b0           1158b0      186     1                 SegFaultInterrupt(InterruptFrame*)
          115a40           115a40      186     1                 PageFaultInterrupt(InterruptFrame*)
          115bd0           115bd0      186     1                 GeneralProtectionInterrupt(InterruptFrame*)
          115d60           115d60      203     1                 KeyboardInterrupt(InterruptFrame*)
          115f70           115f70      163     1                 ShowKeycodeInterrupt(InterruptFrame*)
          1160e0           1160e0       f9     1                 DefaultInterrupt(InterruptFrame*)
          1161e0           1161e0       7a     1                 SetIDTEntry(InterruptDescriptor*, InterruptDescriptorAttribute, unsigned long, unsigned long)
          116260           116260       ba     1                 InitializePIC()
          116320           116320      854     1                 InitializeInterrupt()
          116b80           116b80       60    16         interrupt.o:(.text._Z10isAlphabetc)
          116b80           116b80       60     1                 isAlphabet(char)
          116be0           116be0       af    16         interrupt.o:(.text._Z11MakeIDTAttr14DescriptorTypehbh)
          116be0           116be0       af     1                 MakeIDTAttr(DescriptorType, unsigned char, bool, unsigned char)
          116c90           116c90      118    16         paging.o:(.text)
          116c90           116c90      118     1                 SetupIdentityPageTable()
          116db0           116db0       25    16         paging.o:(.text._ZNSt3__15arrayImLm512EEixEm)
          116db0           116db0       25     1                 std::__1::array<unsigned long, 512ul>::operator[](unsigned long)
          116de0           116de0       14    16         paging.o:(.text._ZNKSt3__15arrayINS0_ImLm512EEELm64EE4sizeEv)
          116de0           116de0       14     1                 std::__1::array<std::__1::array<unsigned long, 512ul>, 64ul>::size() const
          116e00           116e00       25    16         paging.o:(.text._ZNSt3__15arrayINS0_ImLm512EEELm64EEixEm)
          116e00           116e00       25     1                 std::__1::array<std::__1::array<unsigned long, 512ul>, 64ul>::operator[](unsigned long)
          116e30           116e30       62    16         keyboard.o:(.text)
          116e30           116e30       62     1                 InitializeKeycode()
          116ea0           116ea0      3d9    16         input.o:(.text)
          116ea0           116ea0      148     1                 InputBuffer::add(char)
          116ff0           116ff0       76     1                 InputBuffer::isEnter()
          117070           117070       76     1                 InputBuffer::pop()
          1170f0           1170f0       5a     1                 InputBuffer::allprint()
          117150           117150       9b     1                 InputBuffer::allpop(char*)
          1171f0           1171f0       89     1                 GetString(char*)
          117280           117280       27    16         input.o:(.text._ZN11InputBuffer7isInputEv)
          117280           117280       27     1                 InputBuffer::isInput()
          1172b0           1172b0      851    16         command.o:(.text)
          1172b0           1172b0      27d     1                 tokenize(char*)
          117530           117530       4b     1                 free_token(char**)
          117580           117580       97     1                 show_token(char**)
          117620           117620      187     1                 command(char*)
          1177b0           1177b0      351     1                 command(char**)
          117b10           117b10       2b    16         command.o:(.text.startup)
          117b10           117b10       1a     1                 __cxx_global_var_init
          117b30           117b30        b     1                 _GLOBAL__sub_I_command.cpp
          117b40           117b40       33    16         ../lib/libc.a(libc_a-malloc.o):(.text)
          117b40           117b40       13     1                 malloc
          117b60           117b60       13     1                 free
          117b80           117b80      26e    16         ../lib/libc.a(libc_a-strtol.o):(.text)
          117b80           117b80      1bd     1                 _strtol_l.part.0
          117d40           117d40       2e     1                 _strtol_r
          117d70           117d70       3e     1                 strtol_l
          117db0           117db0       3e     1                 strtol
          117df0           117df0       39    16         ../lib/libc.a(libc_a-atoi.o):(.text)
          117df0           117df0       19     1                 atoi
          117e10           117e10       19     1                 _atoi_r
          117e30           117e30      6ae    16         memory_manager.o:(.text)
          117e30           117e30       4f     1                 BitmapMemoryManager::BitmapMemoryManager()
          117e30           117e30       4f     1                 BitmapMemoryManager::BitmapMemoryManager()
          117e80           117e80      15d     1                 BitmapMemoryManager::Allocate(unsigned long)
          117fe0           117fe0       6e     1                 BitmapMemoryManager::GetBit(FrameID) const
          118050           118050       74     1                 BitmapMemoryManager::MarkAllocated(FrameID, unsigned long)
          1180d0           1180d0       90     1                 BitmapMemoryManager::Free(FrameID, unsigned long)
          118160           118160       a8     1                 BitmapMemoryManager::SetBit(FrameID, bool)
          118210           118210       34     1                 BitmapMemoryManager::SetMemoryRange(FrameID, FrameID)
          118250           118250       48     1                 BitmapMemoryManager::IsAvailable(unsigned long)
          1182a0           1182a0      167     1                 InitializeMemoryManager(BitmapMemoryManager*, MemoryMap*)
          118410           118410       ce     1                 InitializeHeap(BitmapMemoryManager&)
          1184e0           1184e0       2b    16         memory_manager.o:(.text.startup)
          1184e0           1184e0       1a     1                 __cxx_global_var_init
          118500           118500        b     1                 _GLOBAL__sub_I_memory_manager.cpp
          118510           118510       16    16         memory_manager.o:(.text._ZNK7FrameID2IDEv)
          118510           118510       16     1                 FrameID::ID() const
          118530           118530       33    16         memory_manager.o:(.text._ZN5ErrorC2ENS_4CodeEPKci)
          118530           118530       33     1                 Error::Error(Error::Code, char const*, int)
          118570           118570       27    16         memory_manager.o:(.text._Z16AddressToFrameIDm)
          118570           118570       27     1                 AddressToFrameID(unsigned long)
          1185a0           1185a0       25    16         memory_manager.o:(.text._ZNKSt3__15arrayImLm524288EEixEm)
          1185a0           1185a0       25     1                 std::__1::array<unsigned long, 524288ul>::operator[](unsigned long) const
          1185d0           1185d0       25    16         memory_manager.o:(.text._ZNSt3__15arrayImLm524288EEixEm)
          1185d0           1185d0       25     1                 std::__1::array<unsigned long, 524288ul>::operator[](unsigned long)
          118600           118600       3e    16         memory_manager.o:(.text._Z11IsAvailable10MemoryType)
          118600           118600       3e     1                 IsAvailable(MemoryType)
          118640           118640       73    16         timer.o:(.text)
          118640           118640       20     1                 InitializeLAPICTimer()
          118660           118660       13     1                 StartLAPICTimer()
          118680           118680       14     1                 LAPICTimer()
          1186a0           1186a0       13     1                 StopLAPICTimer()
          1196b8           1196b8       a0     8 .data.rel.ro
          1196b8           1196b8       a0     8         kernel.o:(.data.rel.ro._ZN5Error11code_names_E)
          1196b8           1196b8       a0     1                 Error::code_names_
          119758           119758       20     8 .init_array
          119758           119758        8     8         kernel.o:(.init_array)
          119760           119760        8     8         ../lib/libc.a(libc_a-stack_protector.o):(.init_array)
          119768           119768        8     8         command.o:(.init_array)
          119770           119770        8     8         memory_manager.o:(.init_array)
          119780           119780      cb0    32 .data
          119780           119780        4     4         frame.o:(.data)
          119780           119780        4     1                 line_len_max
          119784           119784        0     1         ../lib/libc.a(libc_a-strcpy.o):(.data)
          119784           119784        0     1         ../lib/libc.a(libc_a-strcat.o):(.data)
          119784           119784        0     1         ../lib/libc.a(libc_a-strlen.o):(.data)
          119784           119784        0     1         ../lib/libc.a(libc_a-vsprintf.o):(.data)
          119784           119784        0     1         ../lib/libc.a(libc_a-impure.o):(.data)
          119788           119788        8     8         ../lib/libc.a(libc_a-impure.o):(.data.rel.local)
          119788           119788        8     1                 _impure_ptr
          1197a0           1197a0      158    32         ../lib/libc.a(libc_a-impure.o):(.data.rel)
          1197a0           1197a0      158     1                 _impure_data
          1198f8           1198f8        0     1         ../lib/libc.a(libc_a-findfp.o):(.data)
          119900           119900       18    16         ../lib/libc.a(libc_a-findfp.o):(.data.rel.local)
          119900           119900       18     1                 __sglue
          119918           119918        0     1         ../lib/libc.a(libc_a-fclose.o):(.data)
          119918           119918        0     1         ../lib/libc.a(libc_a-fflush.o):(.data)
          119918           119918        0     1         ../lib/libc.a(libc_a-freer.o):(.data)
          119918           119918        0     1         ../lib/libc.a(libc_a-mlock.o):(.data)
          119918           119918       10     8         ../lib/libc.a(libc_a-mallocr.o):(.data)
          119918           119918        8     1                 __malloc_sbrk_base
          119920           119920        8     1                 __malloc_trim_threshold
          119940           119940      810    32         ../lib/libc.a(libc_a-mallocr.o):(.data.rel.local)
          119940           119940      810     1                 __malloc_av_
          11a150           11a150        0     1         ../lib/libc.a(libc_a-sbrkr.o):(.data)
          11a150           11a150        0     1         ../lib/libc.a(libc_a-reent.o):(.data)
          11a150           11a150        0     1         ../lib/libc.a(libc_a-fwalk.o):(.data)
          11a150           11a150        0     1         ../lib/libc.a(libc_a-memset.o):(.data)
          11a150           11a150        0     1         ../lib/libc.a(libc_a-stdio.o):(.data)
          11a150           11a150        0     1         ../lib/libc.a(libc_a-readr.o):(.data)
          11a150           11a150        0     1         ../lib/libc.a(libc_a-writer.o):(.data)
          11a150           11a150        0     1         ../lib/libc.a(libc_a-lseekr.o):(.data)
          11a150           11a150        0     1         ../lib/libc.a(libc_a-closer.o):(.data)
          11a150           11a150        0     1         ../lib/libc.a(libc_a-svfprintf.o):(.data)
          11a150           11a150        0     1         ../lib/libc.a(libc_a-localeconv.o):(.data)
          11a150           11a150        0     1         ../lib/libc.a(libc_a-locale.o):(.data)
          11a160           11a160      1a8    32         ../lib/libc.a(libc_a-locale.o):(.data.rel)
          11a160           11a160      1a8     1                 __global_locale
          11a308           11a308        0     1         ../lib/libc.a(libc_a-strcmp.o):(.data)
          11a308           11a308        0     1         ../lib/libc.a(libc_a-wctomb_r.o):(.data)
          11a308           11a308        0     1         ../lib/libc.a(libc_a-mbtowc_r.o):(.data)
          11a308           11a308        0     1         ../lib/libc.a(libc_a-stack_protector.o):(.data)
          11a308           11a308        0     1         ../lib/libc.a(libc_a-signal.o):(.data)
          11a308           11a308        0     1         ../lib/libc.a(libc_a-signalr.o):(.data)
          11a308           11a308        0     1         ../lib/libc.a(libc_a-ctype_.o):(.data)
          11a308           11a308        0     1         ../lib/libc.a(libc_a-svfiprintf.o):(.data)
          11a308           11a308        0     1         ../lib/libc.a(libc_a-memmove.o):(.data)
          11a308           11a308        0     1         ../lib/libc.a(libc_a-memcpy.o):(.data)
          11a308           11a308        0     1         ../lib/libc.a(libc_a-reallocr.o):(.data)
          11a308           11a308        0     1         ../lib/libc.a(libc_a-memchr.o):(.data)
          11a308           11a308        0     1         ../lib/libc.a(libc_a-dtoa.o):(.data)
          11a308           11a308        0     1         ../lib/libc.a(libc_a-mprec.o):(.data)
          11a308           11a308        0     1         ../lib/libc.a(libc_a-callocr.o):(.data)
          11a308           11a308        0     1         ../lib/libc.a(libc_a-errno.o):(.data)
          11a308           11a308        0     1         ../lib/libc.a(libc_a-assert.o):(.data)
          11a308           11a308        0     1         ../lib/libc.a(libc_a-fiprintf.o):(.data)
          11a308           11a308        0     1         ../lib/libc.a(libc_a-vfiprintf.o):(.data)
          11a308           11a308        0     1         ../lib/libc.a(libc_a-fputwc.o):(.data)
          11a308           11a308        0     1         ../lib/libc.a(libc_a-wcrtomb.o):(.data)
          11a308           11a308        0     1         ../lib/libc.a(libc_a-wbuf.o):(.data)
          11a308           11a308        0     1         ../lib/libc.a(libc_a-wsetup.o):(.data)
          11a308           11a308        0     1         ../lib/libc.a(libc_a-makebuf.o):(.data)
          11a308           11a308        0     1         ../lib/libc.a(libc_a-fstatr.o):(.data)
          11a308           11a308        0     1         ../lib/libc.a(libc_a-isattyr.o):(.data)
          11a308           11a308        0     1         ../lib/libc.a(libc_a-fvwrite.o):(.data)
          11a308           11a308        0     1         ../lib/libc.a(libc_a-abort.o):(.data)
          11a308           11a308        0     1         ../lib/libc.a(libc_a-sprintf.o):(.data)
          11a308           11a308        0     1         newlib.o:(.data)
          11a310           11a310       18    16         segment.o:(.data)
          11a310           11a310       18     1                 gdt
          11a328           11a328        8     4         interrupt.o:(.data)
          11a328           11a328        8     1                 InterruptMessagePosition
          11a330           11a330      100    16         keyboard.o:(.data)
          11a330           11a330      100     1                 keycode
          11a430           11a430        0     1         ../lib/libc.a(libc_a-malloc.o):(.data)
          11a430           11a430        0     1         ../lib/libc.a(libc_a-strtol.o):(.data)
          11a430           11a430        0     1         ../lib/libc.a(libc_a-atoi.o):(.data)
          11a430           11a430       18     8 .got.plt
          11a430           11a430       18     8         <internal>:(.got.plt)
          11b000           11b000   549010  4096 .bss
          11b000           11b000   500428    16         kernel.o:(.bss)
          11b000           11b000        8     1                 kNullFrame
          11b010           11b010   100000     1                 kernel_main_stack
          21b010           21b010      400     1                 Input_Buffer
          21b410           21b410   400010     1                 memory_manager_buf
          61b420           61b420        8     1                 memory_manager
          61b430           61b430     5628    16         frame.o:(.bss)
          61b430           61b430        8     1                 vinfo
          61b438           61b438        8     1                 ascii_font
          61b440           61b440        4     1                 line_queue_head
          61b444           61b444        4     1                 line_queue_end
          61b448           61b448        4     1                 max_line
          61b450           61b450     4e20     1                 line_queue
          620270           620270        8     1                 WritePixel
          620278           620278        4     1                 Print::y
          620280           620280      3e8     1                 Print::line
          620668           620668        4     1                 Print::debug
          620670           620670      3e8     1                 Printf::str_for_Printf
          620a58           620a58        0     1         ../lib/libc.a(libc_a-strcpy.o):(.bss)
          620a58           620a58        0     1         ../lib/libc.a(libc_a-strcat.o):(.bss)
          620a58           620a58        0     1         ../lib/libc.a(libc_a-strlen.o):(.bss)
          620a58           620a58        0     1         ../lib/libc.a(libc_a-vsprintf.o):(.bss)
          620a58           620a58        0     1         ../lib/libc.a(libc_a-impure.o):(.bss)
          620a60           620a60      218    32         ../lib/libc.a(libc_a-findfp.o):(.bss)
          620a60           620a60      210     1                 __sf
          620c70           620c70        8     1                 __stdio_exit_handler
          620c78           620c78        0     1         ../lib/libc.a(libc_a-fclose.o):(.bss)
          620c78           620c78        0     1         ../lib/libc.a(libc_a-fflush.o):(.bss)
          620c78           620c78        0     1         ../lib/libc.a(libc_a-freer.o):(.bss)
          620c78           620c78        0     1         ../lib/libc.a(libc_a-mlock.o):(.bss)
          620c80           620c80       40    32         ../lib/libc.a(libc_a-mallocr.o):(.bss)
          620c80           620c80       28     1                 __malloc_current_mallinfo
          620ca8           620ca8        8     1                 __malloc_max_total_mem
          620cb0           620cb0        8     1                 __malloc_max_sbrked_mem
          620cb8           620cb8        8     1                 __malloc_top_pad
          620cc0           620cc0        0     1         ../lib/libc.a(libc_a-sbrkr.o):(.bss)
          620cc0           620cc0        4     4         ../lib/libc.a(libc_a-reent.o):(.bss)
          620cc0           620cc0        4     1                 errno
          620cc4           620cc4        0     1         ../lib/libc.a(libc_a-fwalk.o):(.bss)
          620cc4           620cc4        0     1         ../lib/libc.a(libc_a-memset.o):(.bss)
          620cc4           620cc4        0     1         ../lib/libc.a(libc_a-stdio.o):(.bss)
          620cc4           620cc4        0     1         ../lib/libc.a(libc_a-readr.o):(.bss)
          620cc4           620cc4        0     1         ../lib/libc.a(libc_a-writer.o):(.bss)
          620cc4           620cc4        0     1         ../lib/libc.a(libc_a-lseekr.o):(.bss)
          620cc4           620cc4        0     1         ../lib/libc.a(libc_a-closer.o):(.bss)
          620cc4           620cc4        0     1         ../lib/libc.a(libc_a-svfprintf.o):(.bss)
          620cc4           620cc4        0     1         ../lib/libc.a(libc_a-localeconv.o):(.bss)
          620cc8           620cc8        8     8         ../lib/libc.a(libc_a-locale.o):(.bss)
          620cc8           620cc8        8     1                 _PathLocale
          620cd0           620cd0        0     1         ../lib/libc.a(libc_a-strcmp.o):(.bss)
          620cd0           620cd0        0     1         ../lib/libc.a(libc_a-wctomb_r.o):(.bss)
          620cd0           620cd0        0     1         ../lib/libc.a(libc_a-mbtowc_r.o):(.bss)
          620cd0           620cd0        8     8         ../lib/libc.a(libc_a-stack_protector.o):(.bss)
          620cd0           620cd0        8     1                 __stack_chk_guard
          620cd8           620cd8        0     1         ../lib/libc.a(libc_a-signal.o):(.bss)
          620cd8           620cd8        0     1         ../lib/libc.a(libc_a-signalr.o):(.bss)
          620cd8           620cd8        0     1         ../lib/libc.a(libc_a-ctype_.o):(.bss)
          620cd8           620cd8        0     1         ../lib/libc.a(libc_a-svfiprintf.o):(.bss)
          620cd8           620cd8        0     1         ../lib/libc.a(libc_a-memmove.o):(.bss)
          620cd8           620cd8        0     1         ../lib/libc.a(libc_a-memcpy.o):(.bss)
          620cd8           620cd8        0     1         ../lib/libc.a(libc_a-reallocr.o):(.bss)
          620cd8           620cd8        0     1         ../lib/libc.a(libc_a-memchr.o):(.bss)
          620cd8           620cd8        0     1         ../lib/libc.a(libc_a-dtoa.o):(.bss)
          620cd8           620cd8        0     1         ../lib/libc.a(libc_a-mprec.o):(.bss)
          620cd8           620cd8        0     1         ../lib/libc.a(libc_a-callocr.o):(.bss)
          620cd8           620cd8        0     1         ../lib/libc.a(libc_a-errno.o):(.bss)
          620cd8           620cd8        0     1         ../lib/libc.a(libc_a-assert.o):(.bss)
          620cd8           620cd8        0     1         ../lib/libc.a(libc_a-fiprintf.o):(.bss)
          620cd8           620cd8        0     1         ../lib/libc.a(libc_a-vfiprintf.o):(.bss)
          620cd8           620cd8        0     1         ../lib/libc.a(libc_a-fputwc.o):(.bss)
          620cd8           620cd8        0     1         ../lib/libc.a(libc_a-wcrtomb.o):(.bss)
          620cd8           620cd8        0     1         ../lib/libc.a(libc_a-wbuf.o):(.bss)
          620cd8           620cd8        0     1         ../lib/libc.a(libc_a-wsetup.o):(.bss)
          620cd8           620cd8        0     1         ../lib/libc.a(libc_a-makebuf.o):(.bss)
          620cd8           620cd8        0     1         ../lib/libc.a(libc_a-fstatr.o):(.bss)
          620cd8           620cd8        0     1         ../lib/libc.a(libc_a-isattyr.o):(.bss)
          620cd8           620cd8        0     1         ../lib/libc.a(libc_a-fvwrite.o):(.bss)
          620cd8           620cd8        0     1         ../lib/libc.a(libc_a-abort.o):(.bss)
          620cd8           620cd8        0     1         ../lib/libc.a(libc_a-sprintf.o):(.bss)
          620ce0           620ce0       f0    16         pci.o:(.bss)
          620ce0           620ce0        4     1                 num_device
          620ce4           620ce4        4     1                 invdev
          620cf0           620cf0       e0     1                 devices
          620dd0           620dd0        8     8         memory_map.o:(.bss)
          620dd0           620dd0        8     1                 mmap
          620dd8           620dd8       10     8         newlib.o:(.bss)
          620dd8           620dd8        8     1                 program_break
          620de0           620de0        8     1                 program_break_end
          620df0           620df0     1001    16         interrupt.o:(.bss)
          620df0           620df0     1000     1                 idt
          621df0           621df0        1     1                 KeyboardInterrupt(InterruptFrame*)::isShift
          622000           622000    42000  4096         paging.o:(.bss)
          622000           622000     1000     1                 (anonymous namespace)::pdp_table
          623000           623000     1000     1                 (anonymous namespace)::pml4_table
          624000           624000    40000     1                 (anonymous namespace)::page_directory
          664000           664000        8     8         command.o:(.bss)
          664000           664000        8     1                 kNullFrame
          664008           664008        0     1         ../lib/libc.a(libc_a-malloc.o):(.bss)
          664008           664008        0     1         ../lib/libc.a(libc_a-strtol.o):(.bss)
          664008           664008        0     1         ../lib/libc.a(libc_a-atoi.o):(.bss)
          664008           664008        8     8         memory_manager.o:(.bss)
          664008           664008        8     1                 kNullFrame
               0                0     904d     1 .debug_abbrev
               0                0      4f1     1         kernel.o:(.debug_abbrev)
             4f1              4f1      1c4     1         frame.o:(.debug_abbrev)
             6b5              6b5       97     1         ../lib/libc.a(libc_a-strcpy.o):(.debug_abbrev)
             74c              74c       ce     1         ../lib/libc.a(libc_a-strcat.o):(.debug_abbrev)
             81a              81a       90     1         ../lib/libc.a(libc_a-strlen.o):(.debug_abbrev)
             8aa              8aa      2aa     1         ../lib/libc.a(libc_a-vsprintf.o):(.debug_abbrev)
             b54              b54      18d     1         ../lib/libc.a(libc_a-impure.o):(.debug_abbrev)
             ce1              ce1      44d     1         ../lib/libc.a(libc_a-findfp.o):(.debug_abbrev)
            112e             112e      2ed     1         ../lib/libc.a(libc_a-fclose.o):(.debug_abbrev)
            141b             141b      333     1         ../lib/libc.a(libc_a-fflush.o):(.debug_abbrev)
            174e             174e      290     1         ../lib/libc.a(libc_a-freer.o):(.debug_abbrev)
            19de             19de      1ce     1         ../lib/libc.a(libc_a-mlock.o):(.debug_abbrev)
            1bac             1bac      2d7     1         ../lib/libc.a(libc_a-mallocr.o):(.debug_abbrev)
            1e83             1e83      202     1         ../lib/libc.a(libc_a-sbrkr.o):(.debug_abbrev)
            2085             2085      230     1         ../lib/libc.a(libc_a-reent.o):(.debug_abbrev)
            22b5             22b5      1d9     1         ../lib/libc.a(libc_a-fwalk.o):(.debug_abbrev)
            248e             248e       14     1         ../lib/libc.a(libc_a-memset.o):(.debug_abbrev)
            24a2             24a2      24f     1         ../lib/libc.a(libc_a-stdio.o):(.debug_abbrev)
            26f1             26f1      1ec     1         ../lib/libc.a(libc_a-readr.o):(.debug_abbrev)
            28dd             28dd      1f1     1         ../lib/libc.a(libc_a-writer.o):(.debug_abbrev)
            2ace             2ace      200     1         ../lib/libc.a(libc_a-lseekr.o):(.debug_abbrev)
            2cce             2cce      1ec     1         ../lib/libc.a(libc_a-closer.o):(.debug_abbrev)
            2eba             2eba      404     1         ../lib/libc.a(libc_a-svfprintf.o):(.debug_abbrev)
            32be             32be      264     1         ../lib/libc.a(libc_a-localeconv.o):(.debug_abbrev)
            3522             3522      2f4     1         ../lib/libc.a(libc_a-locale.o):(.debug_abbrev)
            3816             3816       83     1         ../lib/libc.a(libc_a-strcmp.o):(.debug_abbrev)
            3899             3899      253     1         ../lib/libc.a(libc_a-wctomb_r.o):(.debug_abbrev)
            3aec             3aec      25e     1         ../lib/libc.a(libc_a-mbtowc_r.o):(.debug_abbrev)
            3d4a             3d4a      133     1         ../lib/libc.a(libc_a-stack_protector.o):(.debug_abbrev)
            3e7d             3e7d      315     1         ../lib/libc.a(libc_a-signal.o):(.debug_abbrev)
            4192             4192      239     1         ../lib/libc.a(libc_a-signalr.o):(.debug_abbrev)
            43cb             43cb       69     1         ../lib/libc.a(libc_a-ctype_.o):(.debug_abbrev)
            4434             4434      329     1         ../lib/libc.a(libc_a-svfiprintf.o):(.debug_abbrev)
            475d             475d       b2     1         ../lib/libc.a(libc_a-memmove.o):(.debug_abbrev)
            480f             480f       14     1         ../lib/libc.a(libc_a-memcpy.o):(.debug_abbrev)
            4823             4823      29a     1         ../lib/libc.a(libc_a-reallocr.o):(.debug_abbrev)
            4abd             4abd       c7     1         ../lib/libc.a(libc_a-memchr.o):(.debug_abbrev)
            4b84             4b84      346     1         ../lib/libc.a(libc_a-dtoa.o):(.debug_abbrev)
            4eca             4eca      4ef     1         ../lib/libc.a(libc_a-mprec.o):(.debug_abbrev)
            53b9             53b9      25b     1         ../lib/libc.a(libc_a-callocr.o):(.debug_abbrev)
            5614             5614      19a     1         ../lib/libc.a(libc_a-errno.o):(.debug_abbrev)
            57ae             57ae      226     1         ../lib/libc.a(libc_a-assert.o):(.debug_abbrev)
            59d4             59d4      24b     1         ../lib/libc.a(libc_a-fiprintf.o):(.debug_abbrev)
            5c1f             5c1f      45e     1         ../lib/libc.a(libc_a-vfiprintf.o):(.debug_abbrev)
            607d             607d      363     1         ../lib/libc.a(libc_a-fputwc.o):(.debug_abbrev)
            63e0             63e0      25d     1         ../lib/libc.a(libc_a-wcrtomb.o):(.debug_abbrev)
            663d             663d      272     1         ../lib/libc.a(libc_a-wbuf.o):(.debug_abbrev)
            68af             68af      21e     1         ../lib/libc.a(libc_a-wsetup.o):(.debug_abbrev)
            6acd             6acd      2fb     1         ../lib/libc.a(libc_a-makebuf.o):(.debug_abbrev)
            6dc8             6dc8      1ff     1         ../lib/libc.a(libc_a-fstatr.o):(.debug_abbrev)
            6fc7             6fc7      1ec     1         ../lib/libc.a(libc_a-isattyr.o):(.debug_abbrev)
            71b3             71b3      254     1         ../lib/libc.a(libc_a-fvwrite.o):(.debug_abbrev)
            7407             7407       99     1         ../lib/libc.a(libc_a-abort.o):(.debug_abbrev)
            74a0             74a0      251     1         ../lib/libc.a(libc_a-sprintf.o):(.debug_abbrev)
            76f1             76f1      108     1         pci.o:(.debug_abbrev)
            77f9             77f9      100     1         memory_map.o:(.debug_abbrev)
            78f9             78f9      193     1         newlib.o:(.debug_abbrev)
            7a8c             7a8c      105     1         segment.o:(.debug_abbrev)
            7b91             7b91      18e     1         interrupt.o:(.debug_abbrev)
            7d1f             7d1f      23c     1         paging.o:(.debug_abbrev)
            7f5b             7f5b       7c     1         keyboard.o:(.debug_abbrev)
            7fd7             7fd7       cf     1         input.o:(.debug_abbrev)
            80a6             80a6      31d     1         command.o:(.debug_abbrev)
            83c3             83c3      20b     1         ../lib/libc.a(libc_a-malloc.o):(.debug_abbrev)
            85ce             85ce      324     1         ../lib/libc.a(libc_a-strtol.o):(.debug_abbrev)
            88f2             88f2      1eb     1         ../lib/libc.a(libc_a-atoi.o):(.debug_abbrev)
            8add             8add      4cd     1         memory_manager.o:(.debug_abbrev)
            8faa             8faa       a3     1         timer.o:(.debug_abbrev)
               0                0    27aa1     1 .debug_info
               0                0     18ae     1         kernel.o:(.debug_info)
            18ae             18ae      703     1         frame.o:(.debug_info)
            1fb1             1fb1      136     1         ../lib/libc.a(libc_a-strcpy.o):(.debug_info)
            20e7             20e7      14c     1         ../lib/libc.a(libc_a-strcat.o):(.debug_info)
            2233             2233       fb     1         ../lib/libc.a(libc_a-strlen.o):(.debug_info)
            232e             232e      963     1         ../lib/libc.a(libc_a-vsprintf.o):(.debug_info)
            2c91             2c91      732     1         ../lib/libc.a(libc_a-impure.o):(.debug_info)
            33c3             33c3      f8c     1         ../lib/libc.a(libc_a-findfp.o):(.debug_info)
            434f             434f      91d     1         ../lib/libc.a(libc_a-fclose.o):(.debug_info)
            4c6c             4c6c      aaf     1         ../lib/libc.a(libc_a-fflush.o):(.debug_info)
            571b             571b      b73     1         ../lib/libc.a(libc_a-freer.o):(.debug_info)
            628e             628e      749     1         ../lib/libc.a(libc_a-mlock.o):(.debug_info)
            69d7             69d7      d17     1         ../lib/libc.a(libc_a-mallocr.o):(.debug_info)
            76ee             76ee      79c     1         ../lib/libc.a(libc_a-sbrkr.o):(.debug_info)
            7e8a             7e8a      823     1         ../lib/libc.a(libc_a-reent.o):(.debug_info)
            86ad             86ad      7f6     1         ../lib/libc.a(libc_a-fwalk.o):(.debug_info)
            8ea3             8ea3       29     1         ../lib/libc.a(libc_a-memset.o):(.debug_info)
            8ecc             8ecc      aaf     1         ../lib/libc.a(libc_a-stdio.o):(.debug_info)
            997b             997b      7d3     1         ../lib/libc.a(libc_a-readr.o):(.debug_info)
            a14e             a14e      7d9     1         ../lib/libc.a(libc_a-writer.o):(.debug_info)
            a927             a927      7d4     1         ../lib/libc.a(libc_a-lseekr.o):(.debug_info)
            b0fb             b0fb      77d     1         ../lib/libc.a(libc_a-closer.o):(.debug_info)
            b878             b878     185b     1         ../lib/libc.a(libc_a-svfprintf.o):(.debug_info)
            d0d3             d0d3      a40     1         ../lib/libc.a(libc_a-localeconv.o):(.debug_info)
            db13             db13      cc4     1         ../lib/libc.a(libc_a-locale.o):(.debug_info)
            e7d7             e7d7       fb     1         ../lib/libc.a(libc_a-strcmp.o):(.debug_info)
            e8d2             e8d2      a7b     1         ../lib/libc.a(libc_a-wctomb_r.o):(.debug_info)
            f34d             f34d      aef     1         ../lib/libc.a(libc_a-mbtowc_r.o):(.debug_info)
            fe3c             fe3c      20c     1         ../lib/libc.a(libc_a-stack_protector.o):(.debug_info)
           10048            10048      ef1     1         ../lib/libc.a(libc_a-signal.o):(.debug_info)
           10f39            10f39      810     1         ../lib/libc.a(libc_a-signalr.o):(.debug_info)
           11749            11749       f6     1         ../lib/libc.a(libc_a-ctype_.o):(.debug_info)
           1183f            1183f     124f     1         ../lib/libc.a(libc_a-svfiprintf.o):(.debug_info)
           12a8e            12a8e      15d     1         ../lib/libc.a(libc_a-memmove.o):(.debug_info)
[...]
               0                0     5380     1 .debug_str
               0                0     5380     1         <internal>:(.debug_str)
               0                0      690     1 .debug_addr
               0                0       a0     1         kernel.o:(.debug_addr)
              a0               a0      118     1         frame.o:(.debug_addr)
             1b8              1b8       c0     1         pci.o:(.debug_addr)
             278              278       28     1         memory_map.o:(.debug_addr)
             2a0              2a0       30     1         segment.o:(.debug_addr)
             2d0              2d0      160     1         interrupt.o:(.debug_addr)
             430              430       50     1         paging.o:(.debug_addr)
             480              480       20     1         keyboard.o:(.debug_addr)
             4a0              4a0       40     1         input.o:(.debug_addr)
             4e0              4e0       88     1         command.o:(.debug_addr)
             568              568       e8     1         memory_manager.o:(.debug_addr)
             650              650       40     1         timer.o:(.debug_addr)
               0                0       6b     1 .comment
               0                0       6b     1         <internal>:(.comment)
               0                0     d719     1 .debug_line
               0                0      2db     1         kernel.o:(.debug_line)
             2db              2db      76f     1         frame.o:(.debug_line)
             a4a              a4a       cf     1         ../lib/libc.a(libc_a-strcpy.o):(.debug_line)
             b19              b19       a7     1         ../lib/libc.a(libc_a-strcat.o):(.debug_line)
             bc0              bc0       bc     1         ../lib/libc.a(libc_a-strlen.o):(.debug_line)
             c7c              c7c      117     1         ../lib/libc.a(libc_a-vsprintf.o):(.debug_line)
             d93              d93       56     1         ../lib/libc.a(libc_a-impure.o):(.debug_line)
             de9              de9      415     1         ../lib/libc.a(libc_a-findfp.o):(.debug_line)
            11fe             11fe      15c     1         ../lib/libc.a(libc_a-fclose.o):(.debug_line)
            135a             135a      38b     1         ../lib/libc.a(libc_a-fflush.o):(.debug_line)
            16e5             16e5      460     1         ../lib/libc.a(libc_a-freer.o):(.debug_line)
            1b45             1b45       74     1         ../lib/libc.a(libc_a-mlock.o):(.debug_line)
            1bb9             1bb9      76f     1         ../lib/libc.a(libc_a-mallocr.o):(.debug_line)
            2328             2328       a9     1         ../lib/libc.a(libc_a-sbrkr.o):(.debug_line)
            23d1             23d1      11b     1         ../lib/libc.a(libc_a-reent.o):(.debug_line)
            24ec             24ec       df     1         ../lib/libc.a(libc_a-fwalk.o):(.debug_line)
            25cb             25cb       82     1         ../lib/libc.a(libc_a-memset.o):(.debug_line)
            264d             264d      15f     1         ../lib/libc.a(libc_a-stdio.o):(.debug_line)
            27ac             27ac       b4     1         ../lib/libc.a(libc_a-readr.o):(.debug_line)
            2860             2860       b4     1         ../lib/libc.a(libc_a-writer.o):(.debug_line)
            2914             2914       b6     1         ../lib/libc.a(libc_a-lseekr.o):(.debug_line)
            29ca             29ca       ad     1         ../lib/libc.a(libc_a-closer.o):(.debug_line)
            2a77             2a77     1746     1         ../lib/libc.a(libc_a-svfprintf.o):(.debug_line)
            41bd             41bd       a7     1         ../lib/libc.a(libc_a-localeconv.o):(.debug_line)
            4264             4264      161     1         ../lib/libc.a(libc_a-locale.o):(.debug_line)
            43c5             43c5       d7     1         ../lib/libc.a(libc_a-strcmp.o):(.debug_line)
            449c             449c       d9     1         ../lib/libc.a(libc_a-wctomb_r.o):(.debug_line)
            4575             4575       db     1         ../lib/libc.a(libc_a-mbtowc_r.o):(.debug_line)
            4650             4650       d2     1         ../lib/libc.a(libc_a-stack_protector.o):(.debug_line)
            4722             4722      581     1         ../lib/libc.a(libc_a-signal.o):(.debug_line)
            4ca3             4ca3       c6     1         ../lib/libc.a(libc_a-signalr.o):(.debug_line)
            4d69             4d69       48     1         ../lib/libc.a(libc_a-ctype_.o):(.debug_line)
            4db1             4db1      dfa     1         ../lib/libc.a(libc_a-svfiprintf.o):(.debug_line)
            5bab             5bab      15e     1         ../lib/libc.a(libc_a-memmove.o):(.debug_line)
            5d09             5d09       97     1         ../lib/libc.a(libc_a-memcpy.o):(.debug_line)
            5da0             5da0      634     1         ../lib/libc.a(libc_a-reallocr.o):(.debug_line)
            63d4             63d4      12d     1         ../lib/libc.a(libc_a-memchr.o):(.debug_line)
            6501             6501     1380     1         ../lib/libc.a(libc_a-dtoa.o):(.debug_line)
            7881             7881     158c     1         ../lib/libc.a(libc_a-mprec.o):(.debug_line)
            8e0d             8e0d      177     1         ../lib/libc.a(libc_a-callocr.o):(.debug_line)
            8f84             8f84       72     1         ../lib/libc.a(libc_a-errno.o):(.debug_line)
            8ff6             8ff6       bc     1         ../lib/libc.a(libc_a-assert.o):(.debug_line)
            90b2             90b2       d8     1         ../lib/libc.a(libc_a-fiprintf.o):(.debug_line)
            918a             918a     107c     1         ../lib/libc.a(libc_a-vfiprintf.o):(.debug_line)
            a206             a206      21f     1         ../lib/libc.a(libc_a-fputwc.o):(.debug_line)
            a425             a425      151     1         ../lib/libc.a(libc_a-wcrtomb.o):(.debug_line)
            a576             a576      1d2     1         ../lib/libc.a(libc_a-wbuf.o):(.debug_line)
            a748             a748      20d     1         ../lib/libc.a(libc_a-wsetup.o):(.debug_line)
            a955             a955      22d     1         ../lib/libc.a(libc_a-makebuf.o):(.debug_line)
            ab82             ab82       c6     1         ../lib/libc.a(libc_a-fstatr.o):(.debug_line)
            ac48             ac48       ad     1         ../lib/libc.a(libc_a-isattyr.o):(.debug_line)
            acf5             acf5      535     1         ../lib/libc.a(libc_a-fvwrite.o):(.debug_line)
            b22a             b22a       72     1         ../lib/libc.a(libc_a-abort.o):(.debug_line)
            b29c             b29c      12b     1         ../lib/libc.a(libc_a-sprintf.o):(.debug_line)
            b3c7             b3c7      413     1         pci.o:(.debug_line)
            b7da             b7da      144     1         memory_map.o:(.debug_line)
            b91e             b91e      12e     1         newlib.o:(.debug_line)
            ba4c             ba4c      1ad     1         segment.o:(.debug_line)
            bbf9             bbf9      7a4     1         interrupt.o:(.debug_line)
            c39d             c39d      169     1         paging.o:(.debug_line)
            c506             c506       7e     1         keyboard.o:(.debug_line)
            c584             c584      26d     1         input.o:(.debug_line)
            c7f1             c7f1      4b4     1         command.o:(.debug_line)
            cca5             cca5       a0     1         ../lib/libc.a(libc_a-malloc.o):(.debug_line)
            cd45             cd45      2e4     1         ../lib/libc.a(libc_a-strtol.o):(.debug_line)
            d029             d029       96     1         ../lib/libc.a(libc_a-atoi.o):(.debug_line)
            d0bf             d0bf      5a8     1         memory_manager.o:(.debug_line)
            d667             d667       b2     1         timer.o:(.debug_line)
               0                0      eb1     1 .debug_line_str
               0                0      eb1     1         <internal>:(.debug_line_str)
               0                0     d954     1 .debug_loclists
               0                0       5f     1         frame.o:(.debug_loclists)
              5f               5f       d1     1         ../lib/libc.a(libc_a-strcpy.o):(.debug_loclists)
             130              130       52     1         ../lib/libc.a(libc_a-strcat.o):(.debug_loclists)
             182              182       39     1         ../lib/libc.a(libc_a-strlen.o):(.debug_loclists)
             1bb              1bb      118     1         ../lib/libc.a(libc_a-vsprintf.o):(.debug_loclists)
             2d3              2d3      1d2     1         ../lib/libc.a(libc_a-findfp.o):(.debug_loclists)
             4a5              4a5      112     1         ../lib/libc.a(libc_a-fclose.o):(.debug_loclists)
             5b7              5b7      2bb     1         ../lib/libc.a(libc_a-fflush.o):(.debug_loclists)
             872              872      4c7     1         ../lib/libc.a(libc_a-freer.o):(.debug_loclists)
             d39              d39      9aa     1         ../lib/libc.a(libc_a-mallocr.o):(.debug_loclists)
            16e3             16e3       50     1         ../lib/libc.a(libc_a-sbrkr.o):(.debug_loclists)
            1733             1733       8c     1         ../lib/libc.a(libc_a-reent.o):(.debug_loclists)
            17bf             17bf       94     1         ../lib/libc.a(libc_a-fwalk.o):(.debug_loclists)
            1853             1853      256     1         ../lib/libc.a(libc_a-stdio.o):(.debug_loclists)
            1aa9             1aa9       82     1         ../lib/libc.a(libc_a-readr.o):(.debug_loclists)
            1b2b             1b2b       82     1         ../lib/libc.a(libc_a-writer.o):(.debug_loclists)
            1bad             1bad       82     1         ../lib/libc.a(libc_a-lseekr.o):(.debug_loclists)
            1c2f             1c2f       50     1         ../lib/libc.a(libc_a-closer.o):(.debug_loclists)
            1c7f             1c7f     1fce     1         ../lib/libc.a(libc_a-svfprintf.o):(.debug_loclists)
            3c4d             3c4d       1e     1         ../lib/libc.a(libc_a-localeconv.o):(.debug_loclists)
            3c6b             3c6b      189     1         ../lib/libc.a(libc_a-locale.o):(.debug_loclists)
            3df4             3df4       60     1         ../lib/libc.a(libc_a-strcmp.o):(.debug_loclists)
            3e54             3e54       5c     1         ../lib/libc.a(libc_a-wctomb_r.o):(.debug_loclists)
            3eb0             3eb0      107     1         ../lib/libc.a(libc_a-mbtowc_r.o):(.debug_loclists)
            3fb7             3fb7      813     1         ../lib/libc.a(libc_a-signal.o):(.debug_loclists)
            47ca             47ca       7b     1         ../lib/libc.a(libc_a-signalr.o):(.debug_loclists)
            4845             4845      ffd     1         ../lib/libc.a(libc_a-svfiprintf.o):(.debug_loclists)
            5842             5842      3ae     1         ../lib/libc.a(libc_a-memmove.o):(.debug_loclists)
            5bf0             5bf0      b7b     1         ../lib/libc.a(libc_a-reallocr.o):(.debug_loclists)
            676b             676b      154     1         ../lib/libc.a(libc_a-memchr.o):(.debug_loclists)
            68bf             68bf     23c9     1         ../lib/libc.a(libc_a-dtoa.o):(.debug_loclists)
            8c88             8c88     1900     1         ../lib/libc.a(libc_a-mprec.o):(.debug_loclists)
            a588             a588      190     1         ../lib/libc.a(libc_a-callocr.o):(.debug_loclists)
            a718             a718       d3     1         ../lib/libc.a(libc_a-assert.o):(.debug_loclists)
            a7eb             a7eb       9d     1         ../lib/libc.a(libc_a-fiprintf.o):(.debug_loclists)
            a888             a888     1b20     1         ../lib/libc.a(libc_a-vfiprintf.o):(.debug_loclists)
            c3a8             c3a8      1e7     1         ../lib/libc.a(libc_a-fputwc.o):(.debug_loclists)
            c58f             c58f      184     1         ../lib/libc.a(libc_a-wcrtomb.o):(.debug_loclists)
            c713             c713      131     1         ../lib/libc.a(libc_a-wbuf.o):(.debug_loclists)
            c844             c844       5f     1         ../lib/libc.a(libc_a-wsetup.o):(.debug_loclists)
            c8a3             c8a3      217     1         ../lib/libc.a(libc_a-makebuf.o):(.debug_loclists)
            caba             caba       69     1         ../lib/libc.a(libc_a-fstatr.o):(.debug_loclists)
            cb23             cb23       50     1         ../lib/libc.a(libc_a-isattyr.o):(.debug_loclists)
            cb73             cb73      548     1         ../lib/libc.a(libc_a-fvwrite.o):(.debug_loclists)
            d0bb             d0bb       b3     1         ../lib/libc.a(libc_a-sprintf.o):(.debug_loclists)
            d16e             d16e       3e     1         ../lib/libc.a(libc_a-malloc.o):(.debug_loclists)
            d1ac             d1ac      766     1         ../lib/libc.a(libc_a-strtol.o):(.debug_loclists)
            d912             d912       42     1         ../lib/libc.a(libc_a-atoi.o):(.debug_loclists)
               0                0      a70    16 .debug_aranges
               0                0       30     1         ../lib/libc.a(libc_a-strcpy.o):(.debug_aranges)
              30               30       30     1         ../lib/libc.a(libc_a-strcat.o):(.debug_aranges)
              60               60       30     1         ../lib/libc.a(libc_a-strlen.o):(.debug_aranges)
              90               90       30     1         ../lib/libc.a(libc_a-vsprintf.o):(.debug_aranges)
              c0               c0       20     1         ../lib/libc.a(libc_a-impure.o):(.debug_aranges)
              e0               e0       30     1         ../lib/libc.a(libc_a-findfp.o):(.debug_aranges)
             110              110       30     1         ../lib/libc.a(libc_a-fclose.o):(.debug_aranges)
             140              140       30     1         ../lib/libc.a(libc_a-fflush.o):(.debug_aranges)
             170              170       30     1         ../lib/libc.a(libc_a-freer.o):(.debug_aranges)
             1a0              1a0       30     1         ../lib/libc.a(libc_a-mlock.o):(.debug_aranges)
             1d0              1d0       30     1         ../lib/libc.a(libc_a-mallocr.o):(.debug_aranges)
             200              200       30     1         ../lib/libc.a(libc_a-sbrkr.o):(.debug_aranges)
             230              230       30     1         ../lib/libc.a(libc_a-reent.o):(.debug_aranges)
             260              260       30     1         ../lib/libc.a(libc_a-fwalk.o):(.debug_aranges)
             290              290       30    16         ../lib/libc.a(libc_a-memset.o):(.debug_aranges)
             2c0              2c0       30     1         ../lib/libc.a(libc_a-stdio.o):(.debug_aranges)
             2f0              2f0       30     1         ../lib/libc.a(libc_a-readr.o):(.debug_aranges)
             320              320       30     1         ../lib/libc.a(libc_a-writer.o):(.debug_aranges)
             350              350       30     1         ../lib/libc.a(libc_a-lseekr.o):(.debug_aranges)
             380              380       30     1         ../lib/libc.a(libc_a-closer.o):(.debug_aranges)
             3b0              3b0       30     1         ../lib/libc.a(libc_a-svfprintf.o):(.debug_aranges)
             3e0              3e0       30     1         ../lib/libc.a(libc_a-localeconv.o):(.debug_aranges)
             410              410       30     1         ../lib/libc.a(libc_a-locale.o):(.debug_aranges)
             440              440       30     1         ../lib/libc.a(libc_a-strcmp.o):(.debug_aranges)
             470              470       30     1         ../lib/libc.a(libc_a-wctomb_r.o):(.debug_aranges)
             4a0              4a0       30     1         ../lib/libc.a(libc_a-mbtowc_r.o):(.debug_aranges)
             4d0              4d0       40     1         ../lib/libc.a(libc_a-stack_protector.o):(.debug_aranges)
             510              510       30     1         ../lib/libc.a(libc_a-signal.o):(.debug_aranges)
             540              540       30     1         ../lib/libc.a(libc_a-signalr.o):(.debug_aranges)
             570              570       20     1         ../lib/libc.a(libc_a-ctype_.o):(.debug_aranges)
             590              590       30     1         ../lib/libc.a(libc_a-svfiprintf.o):(.debug_aranges)
             5c0              5c0       30     1         ../lib/libc.a(libc_a-memmove.o):(.debug_aranges)
             5f0              5f0       30    16         ../lib/libc.a(libc_a-memcpy.o):(.debug_aranges)
             620              620       30     1         ../lib/libc.a(libc_a-reallocr.o):(.debug_aranges)
             650              650       30     1         ../lib/libc.a(libc_a-memchr.o):(.debug_aranges)
             680              680       30     1         ../lib/libc.a(libc_a-dtoa.o):(.debug_aranges)
             6b0              6b0       30     1         ../lib/libc.a(libc_a-mprec.o):(.debug_aranges)
             6e0              6e0       30     1         ../lib/libc.a(libc_a-callocr.o):(.debug_aranges)
             710              710       30     1         ../lib/libc.a(libc_a-errno.o):(.debug_aranges)
             740              740       30     1         ../lib/libc.a(libc_a-assert.o):(.debug_aranges)
             770              770       30     1         ../lib/libc.a(libc_a-fiprintf.o):(.debug_aranges)
             7a0              7a0       30     1         ../lib/libc.a(libc_a-vfiprintf.o):(.debug_aranges)
             7d0              7d0       30     1         ../lib/libc.a(libc_a-fputwc.o):(.debug_aranges)
             800              800       30     1         ../lib/libc.a(libc_a-wcrtomb.o):(.debug_aranges)
             830              830       30     1         ../lib/libc.a(libc_a-wbuf.o):(.debug_aranges)
             860              860       30     1         ../lib/libc.a(libc_a-wsetup.o):(.debug_aranges)
             890              890       30     1         ../lib/libc.a(libc_a-makebuf.o):(.debug_aranges)
             8c0              8c0       30     1         ../lib/libc.a(libc_a-fstatr.o):(.debug_aranges)
             8f0              8f0       30     1         ../lib/libc.a(libc_a-isattyr.o):(.debug_aranges)
             920              920       30     1         ../lib/libc.a(libc_a-fvwrite.o):(.debug_aranges)
             950              950       30     1         ../lib/libc.a(libc_a-abort.o):(.debug_aranges)
             980              980       30     1         ../lib/libc.a(libc_a-sprintf.o):(.debug_aranges)
             9b0              9b0       30     1         newlib.o:(.debug_aranges)
             9e0              9e0       30     1         ../lib/libc.a(libc_a-malloc.o):(.debug_aranges)
             a10              a10       30     1         ../lib/libc.a(libc_a-strtol.o):(.debug_aranges)
             a40              a40       30     1         ../lib/libc.a(libc_a-atoi.o):(.debug_aranges)
               0                0       f8     8 .debug_frame
               0                0       40     8         keyboard.o:(.debug_frame)
              40               40       b8     8         timer.o:(.debug_frame)
               0                0     2838     8 .symtab
               0                0     2838     8         <internal>:(.symtab)
               0                0      105     1 .shstrtab
               0                0      105     1         <internal>:(.shstrtab)
               0                0     1ba3     1 .strtab
               0                0     1ba3     1         <internal>:(.strtab)
