             VMA              LMA     Size Align Out     In      Symbol
          100160           100160      f57    32 .rodata
          100160           100160      516     1         <internal>:(.rodata)
          100678           100678       68     8         <internal>:(.rodata)
          1006e0           1006e0      190    16         ../lib/libc.a(libc_a-svfprintf.o):(.rodata)
          100850           100850       10     1                 zeroes.0
          100860           100860       10     1                 blanks.1
          100870           100870       40    16         <internal>:(.rodata)
          1008c0           1008c0      2a0    32         ../lib/libc.a(libc_a-ctype_.o):(.rodata)
          1008c0           1008c0      101     1                 _ctype_
          1009e0           1009e0      180     1                 _ctype_b
          100b60           100b60      190    16         ../lib/libc.a(libc_a-svfiprintf.o):(.rodata)
          100cd0           100cd0       10     1                 zeroes.0
          100ce0           100ce0       10     1                 blanks.1
          100d00           100d00      168    32         ../lib/libc.a(libc_a-mprec.o):(.rodata)
          100d00           100d00        c     1                 p05.0
          100d20           100d20       28     1                 __mprec_tinytens
          100d60           100d60       28     1                 __mprec_bigtens
          100da0           100da0       c8     1                 __mprec_tens
          100e68           100e68       2f     8         <internal>:(.rodata)
          100ea0           100ea0      190    16         ../lib/libc.a(libc_a-vfiprintf.o):(.rodata)
          101010           101010       10     1                 zeroes.0
          101020           101020       10     1                 blanks.1
          101030           101030       87     1         newlib.o:(.rodata)
          1010b8           1010b8     2394     8 .eh_frame
          1010b8           1010b8       d4     1         kernel.o:(.eh_frame+0x0)
          101190           101190       3c     1         kernel.o:(.eh_frame+0xd4)
          1011d0           1011d0       a0     1         kernel.o:(.eh_frame+0x110)
          101270           101270       14     1         ../lib/libc.a(libc_a-malloc.o):(.eh_frame+0x18)
          101288           101288       14     1         ../lib/libc.a(libc_a-malloc.o):(.eh_frame+0x2c)
          1012a0           1012a0       14     1         ../lib/libc.a(libc_a-findfp.o):(.eh_frame+0x18)
          1012b8           1012b8       14     1         ../lib/libc.a(libc_a-findfp.o):(.eh_frame+0x2c)
          1012d0           1012d0       34     1         ../lib/libc.a(libc_a-findfp.o):(.eh_frame+0x40)
          101308           101308       3c     1         ../lib/libc.a(libc_a-findfp.o):(.eh_frame+0x74)
          101348           101348       44     1         ../lib/libc.a(libc_a-findfp.o):(.eh_frame+0xb0)
          101390           101390       14     1         ../lib/libc.a(libc_a-findfp.o):(.eh_frame+0xf4)
          1013a8           1013a8       14     1         ../lib/libc.a(libc_a-findfp.o):(.eh_frame+0x108)
          1013c0           1013c0       14     1         ../lib/libc.a(libc_a-findfp.o):(.eh_frame+0x11c)
          1013d8           1013d8       18     1         ../lib/libc.a(libc_a-findfp.o):(.eh_frame+0x130)
          1013f0           1013f0       3c     1         ../lib/libc.a(libc_a-fclose.o):(.eh_frame+0x18)
          101430           101430       14     1         ../lib/libc.a(libc_a-fclose.o):(.eh_frame+0x54)
          101448           101448       90     1         ../lib/libc.a(libc_a-fflush.o):(.eh_frame+0x18)
          1014d8           1014d8       3c     1         ../lib/libc.a(libc_a-freer.o):(.eh_frame+0x18)
          101518           101518       5c     1         ../lib/libc.a(libc_a-freer.o):(.eh_frame+0x54)
          101578           101578       14     1         ../lib/libc.a(libc_a-mlock.o):(.eh_frame+0x18)
          101590           101590       14     1         ../lib/libc.a(libc_a-mlock.o):(.eh_frame+0x2c)
          1015a8           1015a8       80     1         ../lib/libc.a(libc_a-mallocr.o):(.eh_frame+0x18)
          101628           101628       20     1         ../lib/libc.a(libc_a-sbrkr.o):(.eh_frame+0x18)
          101648           101648       40     1         ../lib/libc.a(libc_a-reent.o):(.eh_frame+0x18)
          101688           101688       48     1         ../lib/libc.a(libc_a-fwalk.o):(.eh_frame+0x18)
          1016d0           1016d0       34     1         ../lib/libc.a(libc_a-stdio.o):(.eh_frame+0x18)
          101708           101708       34     1         ../lib/libc.a(libc_a-stdio.o):(.eh_frame+0x4c)
          101740           101740       38     1         ../lib/libc.a(libc_a-stdio.o):(.eh_frame+0x80)
          101778           101778       20     1         ../lib/libc.a(libc_a-readr.o):(.eh_frame+0x18)
          101798           101798       20     1         ../lib/libc.a(libc_a-writer.o):(.eh_frame+0x18)
          1017b8           1017b8       20     1         ../lib/libc.a(libc_a-lseekr.o):(.eh_frame+0x18)
          1017d8           1017d8       20     1         ../lib/libc.a(libc_a-closer.o):(.eh_frame+0x18)
          1017f8           1017f8      220     1         frame.o:(.eh_frame+0x18)
          101a18           101a18       18     1         ../lib/libc.a(libc_a-strcpy.o):(.eh_frame+0x18)
          101a30           101a30       20     1         ../lib/libc.a(libc_a-strcat.o):(.eh_frame+0x18)
          101a50           101a50       18     1         ../lib/libc.a(libc_a-strlen.o):(.eh_frame+0x18)
          101a68           101a68       1c     1         ../lib/libc.a(libc_a-vsprintf.o):(.eh_frame+0x18)
          101a88           101a88       1c     1         ../lib/libc.a(libc_a-vsprintf.o):(.eh_frame+0x34)
          101aa8           101aa8       50     1         ../lib/libc.a(libc_a-svfprintf.o):(.eh_frame+0x18)
          101af8           101af8       14     1         ../lib/libc.a(libc_a-localeconv.o):(.eh_frame+0x18)
          101b10           101b10       14     1         ../lib/libc.a(libc_a-localeconv.o):(.eh_frame+0x2c)
          101b28           101b28       18     1         ../lib/libc.a(libc_a-localeconv.o):(.eh_frame+0x40)
          101b40           101b40       24     1         ../lib/libc.a(libc_a-locale.o):(.eh_frame+0x18)
          101b68           101b68       14     1         ../lib/libc.a(libc_a-locale.o):(.eh_frame+0x3c)
          101b80           101b80       28     1         ../lib/libc.a(libc_a-locale.o):(.eh_frame+0x50)
          101ba8           101ba8       18     1         ../lib/libc.a(libc_a-strcmp.o):(.eh_frame+0x18)
          101bc0           101bc0       14     1         ../lib/libc.a(libc_a-wctomb_r.o):(.eh_frame+0x18)
          101bd8           101bd8       14     1         ../lib/libc.a(libc_a-wctomb_r.o):(.eh_frame+0x2c)
          101bf0           101bf0       14     1         ../lib/libc.a(libc_a-mbtowc_r.o):(.eh_frame+0x18)
          101c08           101c08       1c     1         ../lib/libc.a(libc_a-mbtowc_r.o):(.eh_frame+0x2c)
          101c28           101c28       14     1         ../lib/libc.a(libc_a-stack_protector.o):(.eh_frame+0x18)
          101c40           101c40       1c     1         ../lib/libc.a(libc_a-stack_protector.o):(.eh_frame+0x2c)
          101c60           101c60       20     1         ../lib/libc.a(libc_a-stack_protector.o):(.eh_frame+0x48)
          101c80           101c80       4c     1         ../lib/libc.a(libc_a-signal.o):(.eh_frame+0x18)
          101cd0           101cd0      184     1         ../lib/libc.a(libc_a-signal.o):(.eh_frame+0x64)
          101e58           101e58       38     1         ../lib/libc.a(libc_a-signalr.o):(.eh_frame+0x18)
          101e90           101e90       4c     1         ../lib/libc.a(libc_a-svfiprintf.o):(.eh_frame+0x18)
          101ee0           101ee0       54     1         ../lib/libc.a(libc_a-svfiprintf.o):(.eh_frame+0x64)
          101f38           101f38       18     1         ../lib/libc.a(libc_a-memmove.o):(.eh_frame+0x18)
          101f50           101f50       68     1         ../lib/libc.a(libc_a-reallocr.o):(.eh_frame+0x18)
          101fb8           101fb8       18     1         ../lib/libc.a(libc_a-memchr.o):(.eh_frame+0x18)
          101fd0           101fd0       4c     1         ../lib/libc.a(libc_a-dtoa.o):(.eh_frame+0x18)
          102020           102020       4c     1         ../lib/libc.a(libc_a-dtoa.o):(.eh_frame+0x64)
          102070           102070       2c     1         ../lib/libc.a(libc_a-mprec.o):(.eh_frame+0x18)
          1020a0           1020a0       14     1         ../lib/libc.a(libc_a-mprec.o):(.eh_frame+0x44)
          1020b8           1020b8       8c     1         ../lib/libc.a(libc_a-mprec.o):(.eh_frame+0x58)
          102148           102148       14     1         ../lib/libc.a(libc_a-mprec.o):(.eh_frame+0xe4)
          102160           102160       14     1         ../lib/libc.a(libc_a-mprec.o):(.eh_frame+0xf8)
          102178           102178       24     1         ../lib/libc.a(libc_a-mprec.o):(.eh_frame+0x10c)
          1021a0           1021a0       4c     1         ../lib/libc.a(libc_a-mprec.o):(.eh_frame+0x130)
          1021f0           1021f0       3c     1         ../lib/libc.a(libc_a-mprec.o):(.eh_frame+0x17c)
          102230           102230       4c     1         ../lib/libc.a(libc_a-mprec.o):(.eh_frame+0x1b8)
          102280           102280       14     1         ../lib/libc.a(libc_a-mprec.o):(.eh_frame+0x204)
          102298           102298       64     1         ../lib/libc.a(libc_a-mprec.o):(.eh_frame+0x218)
          102300           102300       14     1         ../lib/libc.a(libc_a-mprec.o):(.eh_frame+0x27c)
          102318           102318       34     1         ../lib/libc.a(libc_a-mprec.o):(.eh_frame+0x290)
          102350           102350       34     1         ../lib/libc.a(libc_a-mprec.o):(.eh_frame+0x2c4)
          102388           102388       14     1         ../lib/libc.a(libc_a-mprec.o):(.eh_frame+0x2f8)
          1023a0           1023a0       14     1         ../lib/libc.a(libc_a-mprec.o):(.eh_frame+0x30c)
          1023b8           1023b8       18     1         ../lib/libc.a(libc_a-mprec.o):(.eh_frame+0x320)
          1023d0           1023d0       28     1         ../lib/libc.a(libc_a-callocr.o):(.eh_frame+0x18)
          1023f8           1023f8       18     1         ../lib/libc.a(libc_a-errno.o):(.eh_frame+0x18)
          102410           102410       24     1         ../lib/libc.a(libc_a-assert.o):(.eh_frame+0x18)
          102438           102438       1c     1         ../lib/libc.a(libc_a-assert.o):(.eh_frame+0x3c)
          102458           102458       1c     1         ../lib/libc.a(libc_a-fiprintf.o):(.eh_frame+0x18)
          102478           102478       1c     1         ../lib/libc.a(libc_a-fiprintf.o):(.eh_frame+0x34)
          102498           102498       4c     1         ../lib/libc.a(libc_a-vfiprintf.o):(.eh_frame+0x18)
          1024e8           1024e8       14     1         ../lib/libc.a(libc_a-vfiprintf.o):(.eh_frame+0x64)
          102500           102500       7c     1         ../lib/libc.a(libc_a-vfiprintf.o):(.eh_frame+0x78)
          102580           102580       3c     1         ../lib/libc.a(libc_a-vfiprintf.o):(.eh_frame+0xf4)
          1025c0           1025c0       44     1         ../lib/libc.a(libc_a-fputwc.o):(.eh_frame+0x18)
          102608           102608       14     1         ../lib/libc.a(libc_a-fputwc.o):(.eh_frame+0x5c)
          102620           102620       28     1         ../lib/libc.a(libc_a-fputwc.o):(.eh_frame+0x70)
          102648           102648       2c     1         ../lib/libc.a(libc_a-wcrtomb.o):(.eh_frame+0x18)
          102678           102678       2c     1         ../lib/libc.a(libc_a-wcrtomb.o):(.eh_frame+0x44)
          1026a8           1026a8       3c     1         ../lib/libc.a(libc_a-wbuf.o):(.eh_frame+0x18)
          1026e8           1026e8       14     1         ../lib/libc.a(libc_a-wbuf.o):(.eh_frame+0x54)
          102700           102700       30     1         ../lib/libc.a(libc_a-wsetup.o):(.eh_frame+0x18)
          102730           102730       44     1         ../lib/libc.a(libc_a-makebuf.o):(.eh_frame+0x18)
          102778           102778       34     1         ../lib/libc.a(libc_a-makebuf.o):(.eh_frame+0x5c)
          1027b0           1027b0       20     1         ../lib/libc.a(libc_a-fstatr.o):(.eh_frame+0x18)
          1027d0           1027d0       20     1         ../lib/libc.a(libc_a-isattyr.o):(.eh_frame+0x18)
          1027f0           1027f0       78     1         ../lib/libc.a(libc_a-fvwrite.o):(.eh_frame+0x18)
          102868           102868       20     1         ../lib/libc.a(libc_a-abort.o):(.eh_frame+0x18)
          102888           102888       1c     1         ../lib/libc.a(libc_a-sprintf.o):(.eh_frame+0x18)
          1028a8           1028a8       24     1         ../lib/libc.a(libc_a-sprintf.o):(.eh_frame+0x34)
          1028d0           1028d0      200     1         pci.o:(.eh_frame+0x18)
          102ad0           102ad0       60     1         memory_map.o:(.eh_frame+0x18)
          102b30           102b30       3c     1         newlib.o:(.eh_frame+0x18)
          102b70           102b70       1c     1         newlib.o:(.eh_frame+0x54)
          102b90           102b90       1c     1         newlib.o:(.eh_frame+0x70)
          102bb0           102bb0       1c     1         newlib.o:(.eh_frame+0x8c)
          102bd0           102bd0       1c     1         newlib.o:(.eh_frame+0xa8)
          102bf0           102bf0       1c     1         newlib.o:(.eh_frame+0xc4)
          102c10           102c10       1c     1         newlib.o:(.eh_frame+0xe0)
          102c30           102c30       1c     1         newlib.o:(.eh_frame+0xfc)
          102c50           102c50       20     1         newlib.o:(.eh_frame+0x118)
          102c70           102c70       80     1         segment.o:(.eh_frame+0x18)
          102cf0           102cf0       54     1         interrupt.o:(.eh_frame+0x18)
          102d48           102d48       54     1         interrupt.o:(.eh_frame+0x6c)
          102da0           102da0       54     1         interrupt.o:(.eh_frame+0xc0)
          102df8           102df8       54     1         interrupt.o:(.eh_frame+0x114)
          102e50           102e50       54     1         interrupt.o:(.eh_frame+0x168)
          102ea8           102ea8       c4     1         interrupt.o:(.eh_frame+0x1bc)
          102f70           102f70       80     1         paging.o:(.eh_frame+0x18)
          102ff0           102ff0       20     1         keyboard.o:(.eh_frame+0x18)
          103010           103010       c4     1         input.o:(.eh_frame+0x18)
          1030d8           1030d8       24     1         input.o:(.eh_frame+0xdc)
          103100           103100       20     1         command.o:(.eh_frame+0x18)
          103120           103120       40     1         command.o:(.eh_frame+0x78)
          103160           103160       20     1         command.o:(.eh_frame+0xd8)
          103180           103180       88     1         ../lib/libc.a(libc_a-strtol.o):(.eh_frame+0x18)
          103208           103208       20     1         memory_manager.o:(.eh_frame+0x18)
          103228           103228      200     1         memory_manager.o:(.eh_frame+0x78)
          103428           103428       20     1         memory_manager.o:(.eh_frame+0x2b8)
          104450           104450     fc1e    16 .text
          104450           104450      258    16         kernel.o:(.text)
          104450           104450        f     1                 stop()
          104460           104460       29     1                 entry_point
          104490           104490      218     1                 kernel_main
          1046b0           1046b0       50    16         kernel.o:(.text.startup)
          1046b0           1046b0       1a     1                 __cxx_global_var_init
          1046d0           1046d0       12     1                 __cxx_global_var_init.1
          1046f0           1046f0       10     1                 _GLOBAL__sub_I_kernel.cpp
          104700           104700        b    16         kernel.o:(.text._ZNSt3__114numeric_limitsImE3maxEv)
          104700           104700        b     1                 std::__1::numeric_limits<unsigned long>::max()
          104710           104710       21    16         kernel.o:(.text._ZN7FrameIDC2Em)
          104710           104710       21     1                 FrameID::FrameID(unsigned long)
          104740           104740       4c    16         kernel.o:(.text._ZN11InputBufferC2Ev)
          104740           104740       4c     1                 InputBuffer::InputBuffer()
          104790           104790       1e    16         kernel.o:(.text._ZNK5ErrorcvbEv)
          104790           104790       1e     1                 Error::operator bool() const
          1047b0           1047b0       29    16         kernel.o:(.text._ZNK5Error4NameEv)
          1047b0           1047b0       29     1                 Error::Name() const
          1047e0           1047e0        d    16         kernel.o:(.text._ZNSt3__123__libcpp_numeric_limitsImLb1EE3maxEv)
          1047e0           1047e0        d     1                 std::__1::__libcpp_numeric_limits<unsigned long, true>::max()
          1047f0           1047f0       25    16         kernel.o:(.text._ZNKSt3__15arrayIPKcLm20EEixEm)
          1047f0           1047f0       25     1                 std::__1::array<char const*, 20ul>::operator[](unsigned long) const
          104820           104820       33    16         ../lib/libc.a(libc_a-malloc.o):(.text)
          104820           104820       13     1                 malloc
          104840           104840       13     1                 free
          104853           104853        0     1         ../lib/libc.a(libc_a-impure.o):(.text)
          104860           104860      469    16         ../lib/libc.a(libc_a-findfp.o):(.text)
          104860           104860        7     1                 __fp_lock
          104870           104870       1e     1                 stdio_exit_handler
          104890           104890       52     1                 cleanup_stdio
          1048f0           1048f0        7     1                 __fp_unlock
          104900           104900      1d1     1                 global_stdio_init.part.0
          104ae0           104ae0      156     1                 __sfp
          104c40           104c40       2a     1                 __sinit
          104c70           104c70        5     1                 __sfp_lock_acquire
          104c80           104c80        5     1                 __sfp_lock_release
          104c90           104c90       19     1                 __fp_lock_all
          104cb0           104cb0       19     1                 __fp_unlock_all
          104cd0           104cd0       f3    16         ../lib/libc.a(libc_a-fclose.o):(.text)
          104cd0           104cd0       de     1                 _fclose_r
          104db0           104db0       13     1                 fclose
          104dd0           104dd0      321    16         ../lib/libc.a(libc_a-fflush.o):(.text)
          104dd0           104dd0      225     1                 __sflush_r
          105000           105000       5f     1                 _fflush_r
          105060           105060       91     1                 fflush
          105100           105100      47e    16         ../lib/libc.a(libc_a-freer.o):(.text)
          105100           105100       e7     1                 _malloc_trim_r
          1051f0           1051f0      38e     1                 _free_r
          105580           105580       15    16         ../lib/libc.a(libc_a-mlock.o):(.text)
          105580           105580        5     1                 __malloc_lock
          105590           105590        5     1                 __malloc_unlock
          1055a0           1055a0      8d4    16         ../lib/libc.a(libc_a-mallocr.o):(.text)
          1055a0           1055a0      8d4     1                 _malloc_r
          105e80           105e80       36    16         ../lib/libc.a(libc_a-sbrkr.o):(.text)
          105e80           105e80       36     1                 _sbrk_r
          105ec0           105ec0       9e    16         ../lib/libc.a(libc_a-reent.o):(.text)
          105ec0           105ec0       9e     1                 _reclaim_reent
          105f60           105f60       89    16         ../lib/libc.a(libc_a-fwalk.o):(.text)
          105f60           105f60       89     1                 _fwalk_sglue
          105ff0           105ff0       e0    16         ../lib/libc.a(libc_a-memset.o):(.text)
          105ff0           105ff0        0     1                 memset
          10601e           10601e        0     1                 quadword_aligned
          106040           106040        0     1                 loop
          1060ab           1060ab        0     1                 byte_set
          1060b1           1060b1        0     1                 quadword_set
          1060d0           1060d0       ed    16         ../lib/libc.a(libc_a-stdio.o):(.text)
          1060d0           1060d0       30     1                 __sread
          106100           106100        7     1                 __seofread
          106110           106110       60     1                 __swrite
          106170           106170       38     1                 __sseek
          1061b0           1061b0        d     1                 __sclose
          1061c0           1061c0       41    16         ../lib/libc.a(libc_a-readr.o):(.text)
          1061c0           1061c0       41     1                 _read_r
          106210           106210       41    16         ../lib/libc.a(libc_a-writer.o):(.text)
          106210           106210       41     1                 _write_r
          106260           106260       3e    16         ../lib/libc.a(libc_a-lseekr.o):(.text)
          106260           106260       3e     1                 _lseek_r
          1062a0           1062a0       2e    16         ../lib/libc.a(libc_a-closer.o):(.text)
          1062a0           1062a0       2e     1                 _close_r
          1062d0           1062d0      ece    16         frame.o:(.text)
          1062d0           1062d0       9a     1                 InitializeFrame(bootinfo_t*)
          106370           106370       7f     1                 WritePixelRGB(Color, int, int)
          1063f0           1063f0       7f     1                 WritePixelBGR(Color, int, int)
          106470           106470       3d     1                 HashtoColor(unsigned char)
          1064b0           1064b0      191     1                 HSVtoRGB(int)
          106650           106650       f5     1                 WriteAscii(char, Color, int, int)
          106750           106750      136     1                 WriteSquare(Vector, Vector, Color)
          106890           106890      11b     1                 PrintLine(char const*, Vector, Color)
          1069b0           1069b0       7e     1                 RegisterLine(char const*)
          106a30           106a30      402     1                 Print
          106e40           106e40       b3     1                 Printf
          106f00           106f00       6c     1                 dPrint(char*, int)
          106f70           106f70       6c     1                 udPrint(char*, unsigned int)
          106fe0           106fe0       6c     1                 uxdPrint(char*, unsigned int)
          107050           107050       c2     1                 WriteMandelbrot(int)
          107120           107120       7e     1                 clear()
          1071a0           1071a0      1ad    16         frame.o:(.text._Z14CalcMandelbrotiii)
          1071a0           1071a0      1ad     1                 CalcMandelbrot(int, int, int)
          107350           107350       85    16         ../lib/libc.a(libc_a-strcpy.o):(.text)
          107350           107350       85     1                 strcpy
          1073e0           1073e0       6c    16         ../lib/libc.a(libc_a-strcat.o):(.text)
          1073e0           1073e0       6c     1                 strcat
          107450           107450       7d    16         ../lib/libc.a(libc_a-strlen.o):(.text)
          107450           107450       7d     1                 strlen
          1074d0           1074d0       ed    16         ../lib/libc.a(libc_a-vsprintf.o):(.text)
          1074d0           1074d0       7d     1                 vsprintf
          107550           107550       6d     1                 _vsprintf_r
          1075c0           1075c0     2557    16         ../lib/libc.a(libc_a-svfprintf.o):(.text)
          1075c0           1075c0     2557     1                 _svfprintf_r
          109b20           109b20       2c    16         ../lib/libc.a(libc_a-localeconv.o):(.text)
          109b20           109b20        c     1                 __localeconv_l
          109b30           109b30        c     1                 _localeconv_r
          109b40           109b40        c     1                 localeconv
          109b50           109b50       ea    16         ../lib/libc.a(libc_a-locale.o):(.text)
          109b50           109b50       6a     1                 _setlocale_r
          109bc0           109bc0        c     1                 __locale_mb_cur_max
          109bd0           109bd0       6a     1                 setlocale
          109c40           109c40       83    16         ../lib/libc.a(libc_a-strcmp.o):(.text)
          109c40           109c40       83     1                 strcmp
          109cd0           109cd0       43    16         ../lib/libc.a(libc_a-wctomb_r.o):(.text)
          109cd0           109cd0        a     1                 _wctomb_r
          109ce0           109ce0       33     1                 __ascii_wctomb
          109d20           109d20       70    16         ../lib/libc.a(libc_a-mbtowc_r.o):(.text)
          109d20           109d20        a     1                 _mbtowc_r
          109d30           109d30       60     1                 __ascii_mbtowc
          109d90           109d90       8f    16         ../lib/libc.a(libc_a-stack_protector.o):(.text)
          109d90           109d90       7d     1                 __stack_chk_fail
          109e10           109e10        f     1                 __stack_chk_fail_local
          109e20           109e20       19    16         ../lib/libc.a(libc_a-stack_protector.o):(.text.startup)
          109e20           109e20       19     1                 __stack_chk_init
          109e40           109e40      50e    16         ../lib/libc.a(libc_a-signal.o):(.text)
          109e40           109e40       59     1                 _init_signal_r
          109ea0           109ea0       98     1                 _signal_r
          109f40           109f40       ad     1                 _raise_r
          109ff0           109ff0       ca     1                 __sigtramp_r
          10a0c0           10a0c0       b7     1                 raise
          10a180           10a180       98     1                 signal
          10a220           10a220       59     1                 _init_signal
          10a280           10a280       ce     1                 __sigtramp
          10a350           10a350       49    16         ../lib/libc.a(libc_a-signalr.o):(.text)
          10a350           10a350       36     1                 _kill_r
          10a390           10a390        9     1                 _getpid_r
          10a399           10a399        0     1         ../lib/libc.a(libc_a-ctype_.o):(.text)
          10a3a0           10a3a0     1408    16         ../lib/libc.a(libc_a-svfiprintf.o):(.text)
          10a3a0           10a3a0      1e9     1                 __ssprint_r
          10a590           10a590     1218     1                 _svfiprintf_r
          10b7b0           10b7b0      124    16         ../lib/libc.a(libc_a-memmove.o):(.text)
          10b7b0           10b7b0      124     1                 memmove
          10b8e0           10b8e0      12d    16         ../lib/libc.a(libc_a-memcpy.o):(.text)
          10b8e0           10b8e0        0     1                 memcpy
          10b905           10b905        0     1                 quadword_aligned
          10b920           10b920        0     1                 loop
          10b9e7           10b9e7        0     1                 byte_copy
          10b9ed           10b9ed        0     1                 quadword_copy
          10ba10           10ba10      53a    16         ../lib/libc.a(libc_a-reallocr.o):(.text)
          10ba10           10ba10      53a     1                 _realloc_r
          10bf50           10bf50       c5    16         ../lib/libc.a(libc_a-memchr.o):(.text)
          10bf50           10bf50       c5     1                 memchr
          10c020           10c020     1636    16         ../lib/libc.a(libc_a-dtoa.o):(.text)
          10c020           10c020      19c     1                 quorem
          10c1c0           10c1c0     1496     1                 _dtoa_r
          10d660           10d660     10ba    16         ../lib/libc.a(libc_a-mprec.o):(.text)
          10d660           10d660       9e     1                 _Balloc
          10d700           10d700       1f     1                 _Bfree
          10d720           10d720      101     1                 __multadd
          10d830           10d830      139     1                 __s2b
          10d970           10d970       56     1                 __hi0bits
          10d9d0           10d9d0       8f     1                 __lo0bits
          10da60           10da60       a4     1                 __i2b
          10db10           10db10      241     1                 __multiply
          10dd60           10dd60      12e     1                 __pow5mult
          10de90           10de90      158     1                 __lshift
          10dff0           10dff0       4e     1                 __mcmp
          10e040           10e040      217     1                 __mdiff
          10e260           10e260       7d     1                 __ulp
          10e2e0           10e2e0       fc     1                 __b2d
          10e3e0           10e3e0      158     1                 __d2b
          10e540           10e540       c0     1                 __ratio
          10e600           10e600       40     1                 _mprec_log10
          10e640           10e640       60     1                 __copybits
          10e6a0           10e6a0       7a     1                 __any_on
          10e720           10e720       c6    16         ../lib/libc.a(libc_a-callocr.o):(.text)
          10e720           10e720       c6     1                 _calloc_r
          10e7f0           10e7f0        c    16         ../lib/libc.a(libc_a-errno.o):(.text)
          10e7f0           10e7f0        c     1                 __errno
          10e800           10e800       74    16         ../lib/libc.a(libc_a-assert.o):(.text)
          10e800           10e800       54     1                 __assert_func
          10e860           10e860       14     1                 __assert
          10e880           10e880      178    16         ../lib/libc.a(libc_a-fiprintf.o):(.text)
          10e880           10e880       b0     1                 _fiprintf_r
          10e930           10e930       c8     1                 fiprintf
          10ea00           10ea00     1750    16         ../lib/libc.a(libc_a-vfiprintf.o):(.text)
          10ea00           10ea00       d7     1                 __sprint_r.part.0
          10eae0           10eae0       1a     1                 __sprint_r
          10eb00           10eb00     154f     1                 _vfiprintf_r
          110050           110050       19     1                 vfiprintf
          110070           110070       e0     1                 __sbprintf
          110150           110150      1b9    16         ../lib/libc.a(libc_a-fputwc.o):(.text)
          110150           110150      119     1                 __fputwc
          110270           110270       23     1                 _fputwc_r
          1102a0           1102a0       69     1                 fputwc
          110310           110310      112    16         ../lib/libc.a(libc_a-wcrtomb.o):(.text)
          110310           110310       7c     1                 _wcrtomb_r
          110390           110390       92     1                 wcrtomb
          110430           110430      135    16         ../lib/libc.a(libc_a-wbuf.o):(.text)
          110430           110430      112     1                 __swbuf_r
          110550           110550       15     1                 __swbuf
          110570           110570      143    16         ../lib/libc.a(libc_a-wsetup.o):(.text)
          110570           110570      143     1                 __swsetup_r
          1106c0           1106c0      1e6    16         ../lib/libc.a(libc_a-makebuf.o):(.text)
          1106c0           1106c0      139     1                 __smakebuf_r
          110800           110800       a6     1                 __swhatbuf_r
          1108b0           1108b0       36    16         ../lib/libc.a(libc_a-fstatr.o):(.text)
          1108b0           1108b0       36     1                 _fstat_r
          1108f0           1108f0       2e    16         ../lib/libc.a(libc_a-isattyr.o):(.text)
          1108f0           1108f0       2e     1                 _isatty_r
          110920           110920      55c    16         ../lib/libc.a(libc_a-fvwrite.o):(.text)
          110920           110920      55c     1                 __sfvwrite_r
          110e80           110e80       1e    16         ../lib/libc.a(libc_a-abort.o):(.text)
          110e80           110e80       1e     1                 abort
          110ea0           110ea0      211    16         ../lib/libc.a(libc_a-sprintf.o):(.text)
          110ea0           110ea0       fc     1                 _sprintf_r
          110fa0           110fa0      111     1                 sprintf
          1110c0           1110c0       a3    16         asmfunc.o:(.text)
          1110c0           1110c0        0     1                 IoOut32
          1110c7           1110c7        0     1                 IoIn32
          1110cc           1110cc        0     1                 IoIn16
          1110d2           1110d2        0     1                 IoOut8
          1110da           1110da        0     1                 IoIn8
          1110df           1110df        0     1                 call_kernel_main
          1110ef           1110ef        0     1                 _hlt
          1110f2           1110f2        0     1                 LoadGDT
          11110c           11110c        0     1                 SetDSAll
          111115           111115        0     1                 SetCSSS
          111129           111129        0     1                 SetCSSS.next
          11112e           11112e        0     1                 SetCSSS.stop
          111131           111131        0     1                 GetCS
          111137           111137        0     1                 LoadIDT
          111151           111151        0     1                 SetCR3
          111155           111155        0     1                 NotifyEndOfInterrupt
          111170           111170      809    16         pci.o:(.text)
          111170           111170       4f     1                 MakeAddr(unsigned char, unsigned char, unsigned char, unsigned char)
          1111c0           1111c0       1e     1                 WriteAddr(unsigned int)
          1111e0           1111e0       1e     1                 WriteData(unsigned int)
          111200           111200       10     1                 ReadData()
          111210           111210       4a     1                 ReadVendorId(unsigned char, unsigned char, unsigned char)
          111260           111260       67     1                 ReadVendorId(Device)
          1112d0           1112d0       50     1                 ReadHeaderType(unsigned char, unsigned char, unsigned char)
          111320           111320       70     1                 ReadBar(Device, int)
          111390           111390       71     1                 ReadClassCode(unsigned char, unsigned char, unsigned char)
          111410           111410       45     1                 ReadBusNumbers(unsigned char, unsigned char, unsigned char)
          111460           111460       af     1                 AddDevice(unsigned char, unsigned char, unsigned char, unsigned char)
          111510           111510       28     1                 IsSingleFunctionDevice(unsigned char)
          111540           111540      13f     1                 ScanAllBus()
          111680           111680       b7     1                 ScanBus(unsigned char)
          111740           111740      126     1                 ScanDevice(unsigned char, unsigned char)
          111870           111870      109     1                 ScanFunction(unsigned char, unsigned char, unsigned char)
          111980           111980      27f    16         memory_map.o:(.text)
          111980           111980       83     1                 show_memdesc(int)
          111a10           111a10      12d     1                 show_memory_map()
          111b40           111b40       bf     1                 search_mem_type(unsigned long)
          111bff           111bff      1c5     1         newlib.o:(.text)
          111bff           111bff       6f     1                 sbrk
          111c6e           111c6e       29     1                 read
          111c97           111c97       35     1                 write
          111ccc           111ccc       21     1                 _exit
          111ced           111ced       28     1                 lseek
          111d15           111d15       21     1                 close
          111d36           111d36       2e     1                 kill
          111d64           111d64       1a     1                 getpid
          111d7e           111d7e       25     1                 fstat
          111da3           111da3       21     1                 isatty
          111dd0           111dd0      348    16         segment.o:(.text)
          111dd0           111dd0      21d     1                 SetCodeSegment(SegmentDescriptor*, DescriptorType, unsigned int, unsigned int, unsigned int)
          111ff0           111ff0       77     1                 SetDataSegment(SegmentDescriptor*, DescriptorType, unsigned int, unsigned int, unsigned int)
          112070           112070       67     1                 SetupSegments()
          1120e0           1120e0       38     1                 InitializeSegment(unsigned short, unsigned short)
          112120           112120      bb5    16         interrupt.o:(.text)
          112120           112120      19e     1                 BreakpointInterrupt(InterruptFrame*)
          1122c0           1122c0      186     1                 SegFaultInterrupt(InterruptFrame*)
          112450           112450      186     1                 PageFaultInterrupt(InterruptFrame*)
          1125e0           1125e0      186     1                 GeneralProtectionInterrupt(InterruptFrame*)
          112770           112770      203     1                 KeyboardInterrupt(InterruptFrame*)
          112980           112980       5e     1                 DefaultInterrupt(InterruptFrame*)
          1129e0           1129e0       7a     1                 SetIDTEntry(InterruptDescriptor*, InterruptDescriptorAttribute, unsigned long, unsigned long)
          112a60           112a60       ba     1                 InitializePIC()
          112b20           112b20      1b5     1                 InitializeInterrupt()
          112ce0           112ce0       60    16         interrupt.o:(.text._Z10isAlphabetc)
          112ce0           112ce0       60     1                 isAlphabet(char)
          112d40           112d40       af    16         interrupt.o:(.text._Z11MakeIDTAttr14DescriptorTypehbh)
          112d40           112d40       af     1                 MakeIDTAttr(DescriptorType, unsigned char, bool, unsigned char)
          112df0           112df0      118    16         paging.o:(.text)
          112df0           112df0      118     1                 SetupIdentityPageTable()
          112f10           112f10       25    16         paging.o:(.text._ZNSt3__15arrayImLm512EEixEm)
          112f10           112f10       25     1                 std::__1::array<unsigned long, 512ul>::operator[](unsigned long)
          112f40           112f40       14    16         paging.o:(.text._ZNKSt3__15arrayINS0_ImLm512EEELm64EE4sizeEv)
          112f40           112f40       14     1                 std::__1::array<std::__1::array<unsigned long, 512ul>, 64ul>::size() const
          112f60           112f60       25    16         paging.o:(.text._ZNSt3__15arrayINS0_ImLm512EEELm64EEixEm)
          112f60           112f60       25     1                 std::__1::array<std::__1::array<unsigned long, 512ul>, 64ul>::operator[](unsigned long)
          112f90           112f90       62    16         keyboard.o:(.text)
          112f90           112f90       62     1                 InitializeKeycode()
          113000           113000      319    16         input.o:(.text)
          113000           113000       82     1                 InputBuffer::add(char)
          113090           113090       76     1                 InputBuffer::isEnter()
          113110           113110       76     1                 InputBuffer::pop()
          113190           113190       5a     1                 InputBuffer::allprint()
          1131f0           1131f0       9b     1                 InputBuffer::allpop(char*)
          113290           113290       89     1                 GetString(char*)
          113320           113320       27    16         input.o:(.text._ZN11InputBuffer7isInputEv)
          113320           113320       27     1                 InputBuffer::isInput()
          113350           113350      267    16         command.o:(.text)
          113350           113350       dd     1                 tokenize(char*)
          113430           113430      187     1                 command(char*)
          1135c0           1135c0       2b    16         command.o:(.text.startup)
          1135c0           1135c0       1a     1                 __cxx_global_var_init
          1135e0           1135e0        b     1                 _GLOBAL__sub_I_command.cpp
          1135f0           1135f0      26e    16         ../lib/libc.a(libc_a-strtol.o):(.text)
          1135f0           1135f0      1bd     1                 _strtol_l.part.0
          1137b0           1137b0       2e     1                 _strtol_r
          1137e0           1137e0       3e     1                 strtol_l
          113820           113820       3e     1                 strtol
          113860           113860      6ae    16         memory_manager.o:(.text)
          113860           113860       4f     1                 BitmapMemoryManager::BitmapMemoryManager()
          113860           113860       4f     1                 BitmapMemoryManager::BitmapMemoryManager()
          1138b0           1138b0      15d     1                 BitmapMemoryManager::Allocate(unsigned long)
          113a10           113a10       6e     1                 BitmapMemoryManager::GetBit(FrameID) const
          113a80           113a80       74     1                 BitmapMemoryManager::MarkAllocated(FrameID, unsigned long)
          113b00           113b00       90     1                 BitmapMemoryManager::Free(FrameID, unsigned long)
          113b90           113b90       a8     1                 BitmapMemoryManager::SetBit(FrameID, bool)
          113c40           113c40       34     1                 BitmapMemoryManager::SetMemoryRange(FrameID, FrameID)
          113c80           113c80       48     1                 BitmapMemoryManager::IsAvailable(unsigned long)
          113cd0           113cd0      167     1                 InitializeMemoryManager(BitmapMemoryManager*, MemoryMap*)
          113e40           113e40       ce     1                 InitializeHeap(BitmapMemoryManager&)
          113f10           113f10       2b    16         memory_manager.o:(.text.startup)
          113f10           113f10       1a     1                 __cxx_global_var_init
          113f30           113f30        b     1                 _GLOBAL__sub_I_memory_manager.cpp
          113f40           113f40       16    16         memory_manager.o:(.text._ZNK7FrameID2IDEv)
          113f40           113f40       16     1                 FrameID::ID() const
          113f60           113f60       33    16         memory_manager.o:(.text._ZN5ErrorC2ENS_4CodeEPKci)
          113f60           113f60       33     1                 Error::Error(Error::Code, char const*, int)
          113fa0           113fa0       27    16         memory_manager.o:(.text._Z16AddressToFrameIDm)
          113fa0           113fa0       27     1                 AddressToFrameID(unsigned long)
          113fd0           113fd0       25    16         memory_manager.o:(.text._ZNKSt3__15arrayImLm524288EEixEm)
          113fd0           113fd0       25     1                 std::__1::array<unsigned long, 524288ul>::operator[](unsigned long) const
          114000           114000       25    16         memory_manager.o:(.text._ZNSt3__15arrayImLm524288EEixEm)
          114000           114000       25     1                 std::__1::array<unsigned long, 524288ul>::operator[](unsigned long)
          114030           114030       3e    16         memory_manager.o:(.text._Z11IsAvailable10MemoryType)
          114030           114030       3e     1                 IsAvailable(MemoryType)
          115070           115070       a0     8 .data.rel.ro
          115070           115070       a0     8         kernel.o:(.data.rel.ro._ZN5Error11code_names_E)
          115070           115070       a0     1                 Error::code_names_
          115110           115110       20     8 .init_array
          115110           115110        8     8         kernel.o:(.init_array)
          115118           115118        8     8         ../lib/libc.a(libc_a-stack_protector.o):(.init_array)
          115120           115120        8     8         command.o:(.init_array)
          115128           115128        8     8         memory_manager.o:(.init_array)
          115140           115140      cb0    32 .data
          115140           115140        0     1         ../lib/libc.a(libc_a-malloc.o):(.data)
          115140           115140        0     1         ../lib/libc.a(libc_a-impure.o):(.data)
          115140           115140        8     8         ../lib/libc.a(libc_a-impure.o):(.data.rel.local)
          115140           115140        8     1                 _impure_ptr
          115160           115160      158    32         ../lib/libc.a(libc_a-impure.o):(.data.rel)
          115160           115160      158     1                 _impure_data
          1152b8           1152b8        0     1         ../lib/libc.a(libc_a-findfp.o):(.data)
          1152c0           1152c0       18    16         ../lib/libc.a(libc_a-findfp.o):(.data.rel.local)
          1152c0           1152c0       18     1                 __sglue
          1152d8           1152d8        0     1         ../lib/libc.a(libc_a-fclose.o):(.data)
          1152d8           1152d8        0     1         ../lib/libc.a(libc_a-fflush.o):(.data)
          1152d8           1152d8        0     1         ../lib/libc.a(libc_a-freer.o):(.data)
          1152d8           1152d8        0     1         ../lib/libc.a(libc_a-mlock.o):(.data)
          1152d8           1152d8       10     8         ../lib/libc.a(libc_a-mallocr.o):(.data)
          1152d8           1152d8        8     1                 __malloc_sbrk_base
          1152e0           1152e0        8     1                 __malloc_trim_threshold
          115300           115300      810    32         ../lib/libc.a(libc_a-mallocr.o):(.data.rel.local)
          115300           115300      810     1                 __malloc_av_
          115b10           115b10        0     1         ../lib/libc.a(libc_a-sbrkr.o):(.data)
          115b10           115b10        0     1         ../lib/libc.a(libc_a-reent.o):(.data)
          115b10           115b10        0     1         ../lib/libc.a(libc_a-fwalk.o):(.data)
          115b10           115b10        0     1         ../lib/libc.a(libc_a-memset.o):(.data)
          115b10           115b10        0     1         ../lib/libc.a(libc_a-stdio.o):(.data)
          115b10           115b10        0     1         ../lib/libc.a(libc_a-readr.o):(.data)
          115b10           115b10        0     1         ../lib/libc.a(libc_a-writer.o):(.data)
          115b10           115b10        0     1         ../lib/libc.a(libc_a-lseekr.o):(.data)
          115b10           115b10        0     1         ../lib/libc.a(libc_a-closer.o):(.data)
          115b10           115b10        0     1         ../lib/libc.a(libc_a-strcpy.o):(.data)
          115b10           115b10        0     1         ../lib/libc.a(libc_a-strcat.o):(.data)
          115b10           115b10        0     1         ../lib/libc.a(libc_a-strlen.o):(.data)
          115b10           115b10        0     1         ../lib/libc.a(libc_a-vsprintf.o):(.data)
          115b10           115b10        0     1         ../lib/libc.a(libc_a-svfprintf.o):(.data)
          115b10           115b10        0     1         ../lib/libc.a(libc_a-localeconv.o):(.data)
          115b10           115b10        0     1         ../lib/libc.a(libc_a-locale.o):(.data)
          115b20           115b20      1a8    32         ../lib/libc.a(libc_a-locale.o):(.data.rel)
          115b20           115b20      1a8     1                 __global_locale
          115cc8           115cc8        0     1         ../lib/libc.a(libc_a-strcmp.o):(.data)
          115cc8           115cc8        0     1         ../lib/libc.a(libc_a-wctomb_r.o):(.data)
          115cc8           115cc8        0     1         ../lib/libc.a(libc_a-mbtowc_r.o):(.data)
          115cc8           115cc8        0     1         ../lib/libc.a(libc_a-stack_protector.o):(.data)
          115cc8           115cc8        0     1         ../lib/libc.a(libc_a-signal.o):(.data)
          115cc8           115cc8        0     1         ../lib/libc.a(libc_a-signalr.o):(.data)
          115cc8           115cc8        0     1         ../lib/libc.a(libc_a-ctype_.o):(.data)
          115cc8           115cc8        0     1         ../lib/libc.a(libc_a-svfiprintf.o):(.data)
          115cc8           115cc8        0     1         ../lib/libc.a(libc_a-memmove.o):(.data)
          115cc8           115cc8        0     1         ../lib/libc.a(libc_a-memcpy.o):(.data)
          115cc8           115cc8        0     1         ../lib/libc.a(libc_a-reallocr.o):(.data)
          115cc8           115cc8        0     1         ../lib/libc.a(libc_a-memchr.o):(.data)
          115cc8           115cc8        0     1         ../lib/libc.a(libc_a-dtoa.o):(.data)
          115cc8           115cc8        0     1         ../lib/libc.a(libc_a-mprec.o):(.data)
          115cc8           115cc8        0     1         ../lib/libc.a(libc_a-callocr.o):(.data)
          115cc8           115cc8        0     1         ../lib/libc.a(libc_a-errno.o):(.data)
          115cc8           115cc8        0     1         ../lib/libc.a(libc_a-assert.o):(.data)
          115cc8           115cc8        0     1         ../lib/libc.a(libc_a-fiprintf.o):(.data)
          115cc8           115cc8        0     1         ../lib/libc.a(libc_a-vfiprintf.o):(.data)
          115cc8           115cc8        0     1         ../lib/libc.a(libc_a-fputwc.o):(.data)
          115cc8           115cc8        0     1         ../lib/libc.a(libc_a-wcrtomb.o):(.data)
          115cc8           115cc8        0     1         ../lib/libc.a(libc_a-wbuf.o):(.data)
          115cc8           115cc8        0     1         ../lib/libc.a(libc_a-wsetup.o):(.data)
          115cc8           115cc8        0     1         ../lib/libc.a(libc_a-makebuf.o):(.data)
          115cc8           115cc8        0     1         ../lib/libc.a(libc_a-fstatr.o):(.data)
          115cc8           115cc8        0     1         ../lib/libc.a(libc_a-isattyr.o):(.data)
          115cc8           115cc8        0     1         ../lib/libc.a(libc_a-fvwrite.o):(.data)
          115cc8           115cc8        0     1         ../lib/libc.a(libc_a-abort.o):(.data)
          115cc8           115cc8        0     1         ../lib/libc.a(libc_a-sprintf.o):(.data)
          115cc8           115cc8        0     1         newlib.o:(.data)
          115cd0           115cd0       18    16         segment.o:(.data)
          115cd0           115cd0       18     1                 gdt
          115ce8           115ce8        8     4         interrupt.o:(.data)
          115ce8           115ce8        8     1                 InterruptMessagePosition
          115cf0           115cf0      100    16         keyboard.o:(.data)
          115cf0           115cf0      100     1                 keycode
          115df0           115df0        0     1         ../lib/libc.a(libc_a-strtol.o):(.data)
          115df0           115df0       18     8 .got.plt
          115df0           115df0       18     8         <internal>:(.got.plt)
          116000           116000   549010  4096 .bss
          116000           116000   500428    16         kernel.o:(.bss)
          116000           116000        8     1                 kNullFrame
          116010           116010   100000     1                 kernel_main_stack
          216010           216010      400     1                 Input_Buffer
          216410           216410   400010     1                 memory_manager_buf
          616420           616420        8     1                 memory_manager
          616428           616428        0     1         ../lib/libc.a(libc_a-malloc.o):(.bss)
          616428           616428        0     1         ../lib/libc.a(libc_a-impure.o):(.bss)
          616440           616440      218    32         ../lib/libc.a(libc_a-findfp.o):(.bss)
          616440           616440      210     1                 __sf
          616650           616650        8     1                 __stdio_exit_handler
          616658           616658        0     1         ../lib/libc.a(libc_a-fclose.o):(.bss)
          616658           616658        0     1         ../lib/libc.a(libc_a-fflush.o):(.bss)
          616658           616658        0     1         ../lib/libc.a(libc_a-freer.o):(.bss)
          616658           616658        0     1         ../lib/libc.a(libc_a-mlock.o):(.bss)
          616660           616660       40    32         ../lib/libc.a(libc_a-mallocr.o):(.bss)
          616660           616660       28     1                 __malloc_current_mallinfo
          616688           616688        8     1                 __malloc_max_total_mem
          616690           616690        8     1                 __malloc_max_sbrked_mem
          616698           616698        8     1                 __malloc_top_pad
          6166a0           6166a0        0     1         ../lib/libc.a(libc_a-sbrkr.o):(.bss)
          6166a0           6166a0        4     4         ../lib/libc.a(libc_a-reent.o):(.bss)
          6166a0           6166a0        4     1                 errno
          6166a4           6166a4        0     1         ../lib/libc.a(libc_a-fwalk.o):(.bss)
          6166a4           6166a4        0     1         ../lib/libc.a(libc_a-memset.o):(.bss)
          6166a4           6166a4        0     1         ../lib/libc.a(libc_a-stdio.o):(.bss)
          6166a4           6166a4        0     1         ../lib/libc.a(libc_a-readr.o):(.bss)
          6166a4           6166a4        0     1         ../lib/libc.a(libc_a-writer.o):(.bss)
          6166a4           6166a4        0     1         ../lib/libc.a(libc_a-lseekr.o):(.bss)
          6166a4           6166a4        0     1         ../lib/libc.a(libc_a-closer.o):(.bss)
          6166b0           6166b0     5628    16         frame.o:(.bss)
          6166b0           6166b0        8     1                 vinfo
          6166b8           6166b8        8     1                 ascii_font
          6166c0           6166c0        4     1                 line_queue_head
          6166c4           6166c4        4     1                 line_queue_end
          6166c8           6166c8        4     1                 max_line
          6166d0           6166d0     4e20     1                 line_queue
          61b4f0           61b4f0        8     1                 WritePixel
          61b4f8           61b4f8        4     1                 Print::y
          61b500           61b500      3e8     1                 Print::line
          61b8e8           61b8e8        4     1                 Print::debug
          61b8f0           61b8f0      3e8     1                 Printf::str_for_Printf
          61bcd8           61bcd8        0     1         ../lib/libc.a(libc_a-strcpy.o):(.bss)
          61bcd8           61bcd8        0     1         ../lib/libc.a(libc_a-strcat.o):(.bss)
          61bcd8           61bcd8        0     1         ../lib/libc.a(libc_a-strlen.o):(.bss)
          61bcd8           61bcd8        0     1         ../lib/libc.a(libc_a-vsprintf.o):(.bss)
          61bcd8           61bcd8        0     1         ../lib/libc.a(libc_a-svfprintf.o):(.bss)
          61bcd8           61bcd8        0     1         ../lib/libc.a(libc_a-localeconv.o):(.bss)
          61bcd8           61bcd8        8     8         ../lib/libc.a(libc_a-locale.o):(.bss)
          61bcd8           61bcd8        8     1                 _PathLocale
          61bce0           61bce0        0     1         ../lib/libc.a(libc_a-strcmp.o):(.bss)
          61bce0           61bce0        0     1         ../lib/libc.a(libc_a-wctomb_r.o):(.bss)
          61bce0           61bce0        0     1         ../lib/libc.a(libc_a-mbtowc_r.o):(.bss)
          61bce0           61bce0        8     8         ../lib/libc.a(libc_a-stack_protector.o):(.bss)
          61bce0           61bce0        8     1                 __stack_chk_guard
          61bce8           61bce8        0     1         ../lib/libc.a(libc_a-signal.o):(.bss)
          61bce8           61bce8        0     1         ../lib/libc.a(libc_a-signalr.o):(.bss)
          61bce8           61bce8        0     1         ../lib/libc.a(libc_a-ctype_.o):(.bss)
          61bce8           61bce8        0     1         ../lib/libc.a(libc_a-svfiprintf.o):(.bss)
          61bce8           61bce8        0     1         ../lib/libc.a(libc_a-memmove.o):(.bss)
          61bce8           61bce8        0     1         ../lib/libc.a(libc_a-memcpy.o):(.bss)
          61bce8           61bce8        0     1         ../lib/libc.a(libc_a-reallocr.o):(.bss)
          61bce8           61bce8        0     1         ../lib/libc.a(libc_a-memchr.o):(.bss)
          61bce8           61bce8        0     1         ../lib/libc.a(libc_a-dtoa.o):(.bss)
          61bce8           61bce8        0     1         ../lib/libc.a(libc_a-mprec.o):(.bss)
          61bce8           61bce8        0     1         ../lib/libc.a(libc_a-callocr.o):(.bss)
          61bce8           61bce8        0     1         ../lib/libc.a(libc_a-errno.o):(.bss)
          61bce8           61bce8        0     1         ../lib/libc.a(libc_a-assert.o):(.bss)
          61bce8           61bce8        0     1         ../lib/libc.a(libc_a-fiprintf.o):(.bss)
          61bce8           61bce8        0     1         ../lib/libc.a(libc_a-vfiprintf.o):(.bss)
          61bce8           61bce8        0     1         ../lib/libc.a(libc_a-fputwc.o):(.bss)
          61bce8           61bce8        0     1         ../lib/libc.a(libc_a-wcrtomb.o):(.bss)
          61bce8           61bce8        0     1         ../lib/libc.a(libc_a-wbuf.o):(.bss)
          61bce8           61bce8        0     1         ../lib/libc.a(libc_a-wsetup.o):(.bss)
          61bce8           61bce8        0     1         ../lib/libc.a(libc_a-makebuf.o):(.bss)
          61bce8           61bce8        0     1         ../lib/libc.a(libc_a-fstatr.o):(.bss)
          61bce8           61bce8        0     1         ../lib/libc.a(libc_a-isattyr.o):(.bss)
          61bce8           61bce8        0     1         ../lib/libc.a(libc_a-fvwrite.o):(.bss)
          61bce8           61bce8        0     1         ../lib/libc.a(libc_a-abort.o):(.bss)
          61bce8           61bce8        0     1         ../lib/libc.a(libc_a-sprintf.o):(.bss)
          61bcf0           61bcf0       f0    16         pci.o:(.bss)
          61bcf0           61bcf0        4     1                 num_device
          61bcf4           61bcf4        4     1                 invdev
          61bd00           61bd00       e0     1                 devices
          61bde0           61bde0        8     8         memory_map.o:(.bss)
          61bde0           61bde0        8     1                 mmap
          61bde8           61bde8       10     8         newlib.o:(.bss)
          61bde8           61bde8        8     1                 program_break
          61bdf0           61bdf0        8     1                 program_break_end
          61be00           61be00     1001    16         interrupt.o:(.bss)
          61be00           61be00     1000     1                 idt
          61ce00           61ce00        1     1                 KeyboardInterrupt(InterruptFrame*)::isShift
          61d000           61d000    42000  4096         paging.o:(.bss)
          61d000           61d000     1000     1                 (anonymous namespace)::pdp_table
          61e000           61e000     1000     1                 (anonymous namespace)::pml4_table
          61f000           61f000    40000     1                 (anonymous namespace)::page_directory
          65f000           65f000        8     8         command.o:(.bss)
          65f000           65f000        8     1                 kNullFrame
          65f008           65f008        0     1         ../lib/libc.a(libc_a-strtol.o):(.bss)
          65f008           65f008        8     8         memory_manager.o:(.bss)
          65f008           65f008        8     1                 kNullFrame
               0                0     8d38     1 .debug_abbrev
               0                0      4f1     1         kernel.o:(.debug_abbrev)
             4f1              4f1      20b     1         ../lib/libc.a(libc_a-malloc.o):(.debug_abbrev)
             6fc              6fc      18d     1         ../lib/libc.a(libc_a-impure.o):(.debug_abbrev)
             889              889      44d     1         ../lib/libc.a(libc_a-findfp.o):(.debug_abbrev)
             cd6              cd6      2ed     1         ../lib/libc.a(libc_a-fclose.o):(.debug_abbrev)
             fc3              fc3      333     1         ../lib/libc.a(libc_a-fflush.o):(.debug_abbrev)
            12f6             12f6      290     1         ../lib/libc.a(libc_a-freer.o):(.debug_abbrev)
            1586             1586      1ce     1         ../lib/libc.a(libc_a-mlock.o):(.debug_abbrev)
            1754             1754      2d7     1         ../lib/libc.a(libc_a-mallocr.o):(.debug_abbrev)
            1a2b             1a2b      202     1         ../lib/libc.a(libc_a-sbrkr.o):(.debug_abbrev)
            1c2d             1c2d      230     1         ../lib/libc.a(libc_a-reent.o):(.debug_abbrev)
            1e5d             1e5d      1d9     1         ../lib/libc.a(libc_a-fwalk.o):(.debug_abbrev)
            2036             2036       14     1         ../lib/libc.a(libc_a-memset.o):(.debug_abbrev)
            204a             204a      24f     1         ../lib/libc.a(libc_a-stdio.o):(.debug_abbrev)
            2299             2299      1ec     1         ../lib/libc.a(libc_a-readr.o):(.debug_abbrev)
            2485             2485      1f1     1         ../lib/libc.a(libc_a-writer.o):(.debug_abbrev)
            2676             2676      200     1         ../lib/libc.a(libc_a-lseekr.o):(.debug_abbrev)
            2876             2876      1ec     1         ../lib/libc.a(libc_a-closer.o):(.debug_abbrev)
            2a62             2a62      1c4     1         frame.o:(.debug_abbrev)
            2c26             2c26       97     1         ../lib/libc.a(libc_a-strcpy.o):(.debug_abbrev)
            2cbd             2cbd       ce     1         ../lib/libc.a(libc_a-strcat.o):(.debug_abbrev)
            2d8b             2d8b       90     1         ../lib/libc.a(libc_a-strlen.o):(.debug_abbrev)
            2e1b             2e1b      2aa     1         ../lib/libc.a(libc_a-vsprintf.o):(.debug_abbrev)
            30c5             30c5      404     1         ../lib/libc.a(libc_a-svfprintf.o):(.debug_abbrev)
            34c9             34c9      264     1         ../lib/libc.a(libc_a-localeconv.o):(.debug_abbrev)
            372d             372d      2f4     1         ../lib/libc.a(libc_a-locale.o):(.debug_abbrev)
            3a21             3a21       83     1         ../lib/libc.a(libc_a-strcmp.o):(.debug_abbrev)
            3aa4             3aa4      253     1         ../lib/libc.a(libc_a-wctomb_r.o):(.debug_abbrev)
            3cf7             3cf7      25e     1         ../lib/libc.a(libc_a-mbtowc_r.o):(.debug_abbrev)
            3f55             3f55      133     1         ../lib/libc.a(libc_a-stack_protector.o):(.debug_abbrev)
            4088             4088      315     1         ../lib/libc.a(libc_a-signal.o):(.debug_abbrev)
            439d             439d      239     1         ../lib/libc.a(libc_a-signalr.o):(.debug_abbrev)
            45d6             45d6       69     1         ../lib/libc.a(libc_a-ctype_.o):(.debug_abbrev)
            463f             463f      329     1         ../lib/libc.a(libc_a-svfiprintf.o):(.debug_abbrev)
            4968             4968       b2     1         ../lib/libc.a(libc_a-memmove.o):(.debug_abbrev)
            4a1a             4a1a       14     1         ../lib/libc.a(libc_a-memcpy.o):(.debug_abbrev)
            4a2e             4a2e      29a     1         ../lib/libc.a(libc_a-reallocr.o):(.debug_abbrev)
            4cc8             4cc8       c7     1         ../lib/libc.a(libc_a-memchr.o):(.debug_abbrev)
            4d8f             4d8f      346     1         ../lib/libc.a(libc_a-dtoa.o):(.debug_abbrev)
            50d5             50d5      4ef     1         ../lib/libc.a(libc_a-mprec.o):(.debug_abbrev)
            55c4             55c4      25b     1         ../lib/libc.a(libc_a-callocr.o):(.debug_abbrev)
            581f             581f      19a     1         ../lib/libc.a(libc_a-errno.o):(.debug_abbrev)
            59b9             59b9      226     1         ../lib/libc.a(libc_a-assert.o):(.debug_abbrev)
            5bdf             5bdf      24b     1         ../lib/libc.a(libc_a-fiprintf.o):(.debug_abbrev)
            5e2a             5e2a      45e     1         ../lib/libc.a(libc_a-vfiprintf.o):(.debug_abbrev)
            6288             6288      363     1         ../lib/libc.a(libc_a-fputwc.o):(.debug_abbrev)
            65eb             65eb      25d     1         ../lib/libc.a(libc_a-wcrtomb.o):(.debug_abbrev)
            6848             6848      272     1         ../lib/libc.a(libc_a-wbuf.o):(.debug_abbrev)
            6aba             6aba      21e     1         ../lib/libc.a(libc_a-wsetup.o):(.debug_abbrev)
            6cd8             6cd8      2fb     1         ../lib/libc.a(libc_a-makebuf.o):(.debug_abbrev)
            6fd3             6fd3      1ff     1         ../lib/libc.a(libc_a-fstatr.o):(.debug_abbrev)
            71d2             71d2      1ec     1         ../lib/libc.a(libc_a-isattyr.o):(.debug_abbrev)
            73be             73be      254     1         ../lib/libc.a(libc_a-fvwrite.o):(.debug_abbrev)
            7612             7612       99     1         ../lib/libc.a(libc_a-abort.o):(.debug_abbrev)
            76ab             76ab      251     1         ../lib/libc.a(libc_a-sprintf.o):(.debug_abbrev)
            78fc             78fc      108     1         pci.o:(.debug_abbrev)
            7a04             7a04       f3     1         memory_map.o:(.debug_abbrev)
            7af7             7af7      193     1         newlib.o:(.debug_abbrev)
            7c8a             7c8a       f8     1         segment.o:(.debug_abbrev)
            7d82             7d82      145     1         interrupt.o:(.debug_abbrev)
            7ec7             7ec7      23c     1         paging.o:(.debug_abbrev)
            8103             8103       7c     1         keyboard.o:(.debug_abbrev)
            817f             817f       cf     1         input.o:(.debug_abbrev)
            824e             824e      2f9     1         command.o:(.debug_abbrev)
            8547             8547      324     1         ../lib/libc.a(libc_a-strtol.o):(.debug_abbrev)
            886b             886b      4cd     1         memory_manager.o:(.debug_abbrev)
               0                0    27064     1 .debug_info
               0                0     1940     1         kernel.o:(.debug_info)
            1940             1940      7c7     1         ../lib/libc.a(libc_a-malloc.o):(.debug_info)
            2107             2107      732     1         ../lib/libc.a(libc_a-impure.o):(.debug_info)
            2839             2839      f8c     1         ../lib/libc.a(libc_a-findfp.o):(.debug_info)
            37c5             37c5      91d     1         ../lib/libc.a(libc_a-fclose.o):(.debug_info)
            40e2             40e2      aaf     1         ../lib/libc.a(libc_a-fflush.o):(.debug_info)
            4b91             4b91      b73     1         ../lib/libc.a(libc_a-freer.o):(.debug_info)
            5704             5704      749     1         ../lib/libc.a(libc_a-mlock.o):(.debug_info)
            5e4d             5e4d      d17     1         ../lib/libc.a(libc_a-mallocr.o):(.debug_info)
            6b64             6b64      79c     1         ../lib/libc.a(libc_a-sbrkr.o):(.debug_info)
            7300             7300      823     1         ../lib/libc.a(libc_a-reent.o):(.debug_info)
            7b23             7b23      7f6     1         ../lib/libc.a(libc_a-fwalk.o):(.debug_info)
            8319             8319       29     1         ../lib/libc.a(libc_a-memset.o):(.debug_info)
            8342             8342      aaf     1         ../lib/libc.a(libc_a-stdio.o):(.debug_info)
            8df1             8df1      7d3     1         ../lib/libc.a(libc_a-readr.o):(.debug_info)
            95c4             95c4      7d9     1         ../lib/libc.a(libc_a-writer.o):(.debug_info)
            9d9d             9d9d      7d4     1         ../lib/libc.a(libc_a-lseekr.o):(.debug_info)
            a571             a571      77d     1         ../lib/libc.a(libc_a-closer.o):(.debug_info)
            acee             acee      6f6     1         frame.o:(.debug_info)
            b3e4             b3e4      136     1         ../lib/libc.a(libc_a-strcpy.o):(.debug_info)
            b51a             b51a      14c     1         ../lib/libc.a(libc_a-strcat.o):(.debug_info)
            b666             b666       fb     1         ../lib/libc.a(libc_a-strlen.o):(.debug_info)
            b761             b761      963     1         ../lib/libc.a(libc_a-vsprintf.o):(.debug_info)
            c0c4             c0c4     185b     1         ../lib/libc.a(libc_a-svfprintf.o):(.debug_info)
            d91f             d91f      a40     1         ../lib/libc.a(libc_a-localeconv.o):(.debug_info)
            e35f             e35f      cc4     1         ../lib/libc.a(libc_a-locale.o):(.debug_info)
            f023             f023       fb     1         ../lib/libc.a(libc_a-strcmp.o):(.debug_info)
            f11e             f11e      a7b     1         ../lib/libc.a(libc_a-wctomb_r.o):(.debug_info)
            fb99             fb99      aef     1         ../lib/libc.a(libc_a-mbtowc_r.o):(.debug_info)
           10688            10688      20c     1         ../lib/libc.a(libc_a-stack_protector.o):(.debug_info)
           10894            10894      ef1     1         ../lib/libc.a(libc_a-signal.o):(.debug_info)
           11785            11785      810     1         ../lib/libc.a(libc_a-signalr.o):(.debug_info)
           11f95            11f95       f6     1         ../lib/libc.a(libc_a-ctype_.o):(.debug_info)
           1208b            1208b     124f     1         ../lib/libc.a(libc_a-svfiprintf.o):(.debug_info)
           132da            132da      15d     1         ../lib/libc.a(libc_a-memmove.o):(.debug_info)
           13437            13437       29     1         ../lib/libc.a(libc_a-memcpy.o):(.debug_info)
           13460            13460      bfa     1         ../lib/libc.a(libc_a-reallocr.o):(.debug_info)
           1405a            1405a      15a     1         ../lib/libc.a(libc_a-memchr.o):(.debug_info)
           141b4            141b4     170e     1         ../lib/libc.a(libc_a-dtoa.o):(.debug_info)
           158c2            158c2     200f     1         ../lib/libc.a(libc_a-mprec.o):(.debug_info)
           178d1            178d1      8e7     1         ../lib/libc.a(libc_a-callocr.o):(.debug_info)
           181b8            181b8      71e     1         ../lib/libc.a(libc_a-errno.o):(.debug_info)
           188d6            188d6      84b     1         ../lib/libc.a(libc_a-assert.o):(.debug_info)
           19121            19121      8df     1         ../lib/libc.a(libc_a-fiprintf.o):(.debug_info)
           19a00            19a00     194f     1         ../lib/libc.a(libc_a-vfiprintf.o):(.debug_info)
           1b34f            1b34f      a7d     1         ../lib/libc.a(libc_a-fputwc.o):(.debug_info)
           1bdcc            1bdcc      b79     1         ../lib/libc.a(libc_a-wcrtomb.o):(.debug_info)
           1c945            1c945      89f     1         ../lib/libc.a(libc_a-wbuf.o):(.debug_info)
           1d1e4            1d1e4      7ea     1         ../lib/libc.a(libc_a-wsetup.o):(.debug_info)
           1d9ce            1d9ce      c71     1         ../lib/libc.a(libc_a-makebuf.o):(.debug_info)
           1e63f            1e63f      990     1         ../lib/libc.a(libc_a-fstatr.o):(.debug_info)
           1efcf            1efcf      77d     1         ../lib/libc.a(libc_a-isattyr.o):(.debug_info)
           1f74c            1f74c      bae     1         ../lib/libc.a(libc_a-fvwrite.o):(.debug_info)
           202fa            202fa       f0     1         ../lib/libc.a(libc_a-abort.o):(.debug_info)
           203ea            203ea      91a     1         ../lib/libc.a(libc_a-sprintf.o):(.debug_info)
           20d04            20d04      487     1         pci.o:(.debug_info)
           2118b            2118b      1c7     1         memory_map.o:(.debug_info)
           21352            21352      56a     1         newlib.o:(.debug_info)
           218bc            218bc      227     1         segment.o:(.debug_info)
           21ae3            21ae3      351     1         interrupt.o:(.debug_info)
           21e34            21e34      f5b     1         paging.o:(.debug_info)
           22d8f            22d8f       67     1         keyboard.o:(.debug_info)
           22df6            22df6      19a     1         input.o:(.debug_info)
           22f90            22f90     1319     1         command.o:(.debug_info)
           242a9            242a9      ed2     1         ../lib/libc.a(libc_a-strtol.o):(.debug_info)
           2517b            2517b     1ee9     1         memory_manager.o:(.debug_info)
               0                0      817     1 .debug_rnglists
               0                0       35     1         kernel.o:(.debug_rnglists)
              35               35       6b     1         ../lib/libc.a(libc_a-findfp.o):(.debug_rnglists)
              a0               a0       1f     1         ../lib/libc.a(libc_a-fclose.o):(.debug_rnglists)
              bf               bf       54     1         ../lib/libc.a(libc_a-fflush.o):(.debug_rnglists)
             113              113       3a     1         ../lib/libc.a(libc_a-mallocr.o):(.debug_rnglists)
             14d              14d       20     1         frame.o:(.debug_rnglists)
             16d              16d       f8     1         ../lib/libc.a(libc_a-svfprintf.o):(.debug_rnglists)
             265              265       21     1         ../lib/libc.a(libc_a-locale.o):(.debug_rnglists)
             286              286       22     1         ../lib/libc.a(libc_a-stack_protector.o):(.debug_rnglists)
             2a8              2a8       b6     1         ../lib/libc.a(libc_a-signal.o):(.debug_rnglists)
             35e              35e       36     1         ../lib/libc.a(libc_a-svfiprintf.o):(.debug_rnglists)
             394              394       a4     1         ../lib/libc.a(libc_a-reallocr.o):(.debug_rnglists)
             438              438       31     1         ../lib/libc.a(libc_a-dtoa.o):(.debug_rnglists)
             469              469       b9     1         ../lib/libc.a(libc_a-mprec.o):(.debug_rnglists)
             522              522       24     1         ../lib/libc.a(libc_a-callocr.o):(.debug_rnglists)
             546              546       cd     1         ../lib/libc.a(libc_a-vfiprintf.o):(.debug_rnglists)
             613              613       32     1         ../lib/libc.a(libc_a-fputwc.o):(.debug_rnglists)
             645              645       18     1         ../lib/libc.a(libc_a-wbuf.o):(.debug_rnglists)
             65d              65d       18     1         ../lib/libc.a(libc_a-wsetup.o):(.debug_rnglists)
             675              675       23     1         ../lib/libc.a(libc_a-makebuf.o):(.debug_rnglists)
             698              698       30     1         ../lib/libc.a(libc_a-fvwrite.o):(.debug_rnglists)
             6c8              6c8       57     1         pci.o:(.debug_rnglists)
             71f              71f       23     1         interrupt.o:(.debug_rnglists)
             742              742       1e     1         paging.o:(.debug_rnglists)
             760              760       18     1         input.o:(.debug_rnglists)
             778              778       26     1         command.o:(.debug_rnglists)
             79e              79e       2d     1         ../lib/libc.a(libc_a-strtol.o):(.debug_rnglists)
             7cb              7cb       4c     1         memory_manager.o:(.debug_rnglists)
               0                0     1d64     1 .debug_str_offsets
               0                0      6ac     1         kernel.o:(.debug_str_offsets)
             6ac              6ac      1ec     1         frame.o:(.debug_str_offsets)
             898              898      12c     1         pci.o:(.debug_str_offsets)
             9c4              9c4       bc     1         memory_map.o:(.debug_str_offsets)
             a80              a80       e4     1         segment.o:(.debug_str_offsets)
             b64              b64      154     1         interrupt.o:(.debug_str_offsets)
             cb8              cb8      3d4     1         paging.o:(.debug_str_offsets)
            108c             108c       30     1         keyboard.o:(.debug_str_offsets)
            10bc             10bc       6c     1         input.o:(.debug_str_offsets)
            1128             1128      478     1         command.o:(.debug_str_offsets)
            15a0             15a0      7c4     1         memory_manager.o:(.debug_str_offsets)
               0                0     4d70     1 .debug_str
               0                0     4d70     1         <internal>:(.debug_str)
               0                0      528     1 .debug_addr
               0                0       a0     1         kernel.o:(.debug_addr)
              a0               a0      110     1         frame.o:(.debug_addr)
             1b0              1b0       c0     1         pci.o:(.debug_addr)
             270              270       28     1         memory_map.o:(.debug_addr)
             298              298       30     1         segment.o:(.debug_addr)
             2c8              2c8       80     1         interrupt.o:(.debug_addr)
             348              348       50     1         paging.o:(.debug_addr)
             398              398       20     1         keyboard.o:(.debug_addr)
             3b8              3b8       40     1         input.o:(.debug_addr)
             3f8              3f8       48     1         command.o:(.debug_addr)
             440              440       e8     1         memory_manager.o:(.debug_addr)
               0                0       6b     1 .comment
               0                0       6b     1         <internal>:(.comment)
               0                0     cef4     1 .debug_line
               0                0      2fe     1         kernel.o:(.debug_line)
             2fe              2fe       a0     1         ../lib/libc.a(libc_a-malloc.o):(.debug_line)
             39e              39e       56     1         ../lib/libc.a(libc_a-impure.o):(.debug_line)
             3f4              3f4      415     1         ../lib/libc.a(libc_a-findfp.o):(.debug_line)
             809              809      15c     1         ../lib/libc.a(libc_a-fclose.o):(.debug_line)
             965              965      38b     1         ../lib/libc.a(libc_a-fflush.o):(.debug_line)
             cf0              cf0      460     1         ../lib/libc.a(libc_a-freer.o):(.debug_line)
            1150             1150       74     1         ../lib/libc.a(libc_a-mlock.o):(.debug_line)
            11c4             11c4      76f     1         ../lib/libc.a(libc_a-mallocr.o):(.debug_line)
            1933             1933       a9     1         ../lib/libc.a(libc_a-sbrkr.o):(.debug_line)
            19dc             19dc      11b     1         ../lib/libc.a(libc_a-reent.o):(.debug_line)
            1af7             1af7       df     1         ../lib/libc.a(libc_a-fwalk.o):(.debug_line)
            1bd6             1bd6       82     1         ../lib/libc.a(libc_a-memset.o):(.debug_line)
            1c58             1c58      15f     1         ../lib/libc.a(libc_a-stdio.o):(.debug_line)
            1db7             1db7       b4     1         ../lib/libc.a(libc_a-readr.o):(.debug_line)
            1e6b             1e6b       b4     1         ../lib/libc.a(libc_a-writer.o):(.debug_line)
            1f1f             1f1f       b6     1         ../lib/libc.a(libc_a-lseekr.o):(.debug_line)
            1fd5             1fd5       ad     1         ../lib/libc.a(libc_a-closer.o):(.debug_line)
            2082             2082      747     1         frame.o:(.debug_line)
            27c9             27c9       cf     1         ../lib/libc.a(libc_a-strcpy.o):(.debug_line)
            2898             2898       a7     1         ../lib/libc.a(libc_a-strcat.o):(.debug_line)
            293f             293f       bc     1         ../lib/libc.a(libc_a-strlen.o):(.debug_line)
            29fb             29fb      117     1         ../lib/libc.a(libc_a-vsprintf.o):(.debug_line)
            2b12             2b12     1746     1         ../lib/libc.a(libc_a-svfprintf.o):(.debug_line)
            4258             4258       a7     1         ../lib/libc.a(libc_a-localeconv.o):(.debug_line)
            42ff             42ff      161     1         ../lib/libc.a(libc_a-locale.o):(.debug_line)
            4460             4460       d7     1         ../lib/libc.a(libc_a-strcmp.o):(.debug_line)
            4537             4537       d9     1         ../lib/libc.a(libc_a-wctomb_r.o):(.debug_line)
            4610             4610       db     1         ../lib/libc.a(libc_a-mbtowc_r.o):(.debug_line)
            46eb             46eb       d2     1         ../lib/libc.a(libc_a-stack_protector.o):(.debug_line)
            47bd             47bd      581     1         ../lib/libc.a(libc_a-signal.o):(.debug_line)
            4d3e             4d3e       c6     1         ../lib/libc.a(libc_a-signalr.o):(.debug_line)
            4e04             4e04       48     1         ../lib/libc.a(libc_a-ctype_.o):(.debug_line)
            4e4c             4e4c      dfa     1         ../lib/libc.a(libc_a-svfiprintf.o):(.debug_line)
            5c46             5c46      15e     1         ../lib/libc.a(libc_a-memmove.o):(.debug_line)
            5da4             5da4       97     1         ../lib/libc.a(libc_a-memcpy.o):(.debug_line)
            5e3b             5e3b      634     1         ../lib/libc.a(libc_a-reallocr.o):(.debug_line)
            646f             646f      12d     1         ../lib/libc.a(libc_a-memchr.o):(.debug_line)
            659c             659c     1380     1         ../lib/libc.a(libc_a-dtoa.o):(.debug_line)
            791c             791c     158c     1         ../lib/libc.a(libc_a-mprec.o):(.debug_line)
            8ea8             8ea8      177     1         ../lib/libc.a(libc_a-callocr.o):(.debug_line)
            901f             901f       72     1         ../lib/libc.a(libc_a-errno.o):(.debug_line)
            9091             9091       bc     1         ../lib/libc.a(libc_a-assert.o):(.debug_line)
            914d             914d       d8     1         ../lib/libc.a(libc_a-fiprintf.o):(.debug_line)
            9225             9225     107c     1         ../lib/libc.a(libc_a-vfiprintf.o):(.debug_line)
            a2a1             a2a1      21f     1         ../lib/libc.a(libc_a-fputwc.o):(.debug_line)
            a4c0             a4c0      151     1         ../lib/libc.a(libc_a-wcrtomb.o):(.debug_line)
            a611             a611      1d2     1         ../lib/libc.a(libc_a-wbuf.o):(.debug_line)
            a7e3             a7e3      20d     1         ../lib/libc.a(libc_a-wsetup.o):(.debug_line)
            a9f0             a9f0      22d     1         ../lib/libc.a(libc_a-makebuf.o):(.debug_line)
            ac1d             ac1d       c6     1         ../lib/libc.a(libc_a-fstatr.o):(.debug_line)
            ace3             ace3       ad     1         ../lib/libc.a(libc_a-isattyr.o):(.debug_line)
            ad90             ad90      535     1         ../lib/libc.a(libc_a-fvwrite.o):(.debug_line)
            b2c5             b2c5       72     1         ../lib/libc.a(libc_a-abort.o):(.debug_line)
            b337             b337      12b     1         ../lib/libc.a(libc_a-sprintf.o):(.debug_line)
            b462             b462      428     1         pci.o:(.debug_line)
            b88a             b88a      14d     1         memory_map.o:(.debug_line)
            b9d7             b9d7      12e     1         newlib.o:(.debug_line)
            bb05             bb05      1db     1         segment.o:(.debug_line)
            bce0             bce0      343     1         interrupt.o:(.debug_line)
            c023             c023      173     1         paging.o:(.debug_line)
            c196             c196       7e     1         keyboard.o:(.debug_line)
            c214             c214      1f5     1         input.o:(.debug_line)
            c409             c409      255     1         command.o:(.debug_line)
            c65e             c65e      2e4     1         ../lib/libc.a(libc_a-strtol.o):(.debug_line)
            c942             c942      5b2     1         memory_manager.o:(.debug_line)
               0                0      ea0     1 .debug_line_str
               0                0      ea0     1         <internal>:(.debug_line_str)
               0                0     d8ef     1 .debug_loclists
               0                0       3e     1         ../lib/libc.a(libc_a-malloc.o):(.debug_loclists)
              3e               3e      1d2     1         ../lib/libc.a(libc_a-findfp.o):(.debug_loclists)
             210              210      112     1         ../lib/libc.a(libc_a-fclose.o):(.debug_loclists)
             322              322      2bb     1         ../lib/libc.a(libc_a-fflush.o):(.debug_loclists)
             5dd              5dd      4c7     1         ../lib/libc.a(libc_a-freer.o):(.debug_loclists)
             aa4              aa4      9aa     1         ../lib/libc.a(libc_a-mallocr.o):(.debug_loclists)
            144e             144e       50     1         ../lib/libc.a(libc_a-sbrkr.o):(.debug_loclists)
            149e             149e       8c     1         ../lib/libc.a(libc_a-reent.o):(.debug_loclists)
            152a             152a       94     1         ../lib/libc.a(libc_a-fwalk.o):(.debug_loclists)
            15be             15be      256     1         ../lib/libc.a(libc_a-stdio.o):(.debug_loclists)
            1814             1814       82     1         ../lib/libc.a(libc_a-readr.o):(.debug_loclists)
            1896             1896       82     1         ../lib/libc.a(libc_a-writer.o):(.debug_loclists)
            1918             1918       82     1         ../lib/libc.a(libc_a-lseekr.o):(.debug_loclists)
            199a             199a       50     1         ../lib/libc.a(libc_a-closer.o):(.debug_loclists)
            19ea             19ea       3c     1         frame.o:(.debug_loclists)
            1a26             1a26       d1     1         ../lib/libc.a(libc_a-strcpy.o):(.debug_loclists)
            1af7             1af7       52     1         ../lib/libc.a(libc_a-strcat.o):(.debug_loclists)
            1b49             1b49       39     1         ../lib/libc.a(libc_a-strlen.o):(.debug_loclists)
            1b82             1b82      118     1         ../lib/libc.a(libc_a-vsprintf.o):(.debug_loclists)
            1c9a             1c9a     1fce     1         ../lib/libc.a(libc_a-svfprintf.o):(.debug_loclists)
            3c68             3c68       1e     1         ../lib/libc.a(libc_a-localeconv.o):(.debug_loclists)
            3c86             3c86      189     1         ../lib/libc.a(libc_a-locale.o):(.debug_loclists)
            3e0f             3e0f       60     1         ../lib/libc.a(libc_a-strcmp.o):(.debug_loclists)
            3e6f             3e6f       5c     1         ../lib/libc.a(libc_a-wctomb_r.o):(.debug_loclists)
            3ecb             3ecb      107     1         ../lib/libc.a(libc_a-mbtowc_r.o):(.debug_loclists)
            3fd2             3fd2      813     1         ../lib/libc.a(libc_a-signal.o):(.debug_loclists)
            47e5             47e5       7b     1         ../lib/libc.a(libc_a-signalr.o):(.debug_loclists)
            4860             4860      ffd     1         ../lib/libc.a(libc_a-svfiprintf.o):(.debug_loclists)
            585d             585d      3ae     1         ../lib/libc.a(libc_a-memmove.o):(.debug_loclists)
            5c0b             5c0b      b7b     1         ../lib/libc.a(libc_a-reallocr.o):(.debug_loclists)
            6786             6786      154     1         ../lib/libc.a(libc_a-memchr.o):(.debug_loclists)
            68da             68da     23c9     1         ../lib/libc.a(libc_a-dtoa.o):(.debug_loclists)
            8ca3             8ca3     1900     1         ../lib/libc.a(libc_a-mprec.o):(.debug_loclists)
            a5a3             a5a3      190     1         ../lib/libc.a(libc_a-callocr.o):(.debug_loclists)
            a733             a733       d3     1         ../lib/libc.a(libc_a-assert.o):(.debug_loclists)
            a806             a806       9d     1         ../lib/libc.a(libc_a-fiprintf.o):(.debug_loclists)
            a8a3             a8a3     1b20     1         ../lib/libc.a(libc_a-vfiprintf.o):(.debug_loclists)
            c3c3             c3c3      1e7     1         ../lib/libc.a(libc_a-fputwc.o):(.debug_loclists)
            c5aa             c5aa      184     1         ../lib/libc.a(libc_a-wcrtomb.o):(.debug_loclists)
            c72e             c72e      131     1         ../lib/libc.a(libc_a-wbuf.o):(.debug_loclists)
            c85f             c85f       5f     1         ../lib/libc.a(libc_a-wsetup.o):(.debug_loclists)
            c8be             c8be      217     1         ../lib/libc.a(libc_a-makebuf.o):(.debug_loclists)
            cad5             cad5       69     1         ../lib/libc.a(libc_a-fstatr.o):(.debug_loclists)
            cb3e             cb3e       50     1         ../lib/libc.a(libc_a-isattyr.o):(.debug_loclists)
            cb8e             cb8e      548     1         ../lib/libc.a(libc_a-fvwrite.o):(.debug_loclists)
            d0d6             d0d6       b3     1         ../lib/libc.a(libc_a-sprintf.o):(.debug_loclists)
            d189             d189      766     1         ../lib/libc.a(libc_a-strtol.o):(.debug_loclists)
               0                0      a40    16 .debug_aranges
               0                0       30     1         ../lib/libc.a(libc_a-malloc.o):(.debug_aranges)
              30               30       20     1         ../lib/libc.a(libc_a-impure.o):(.debug_aranges)
              50               50       30     1         ../lib/libc.a(libc_a-findfp.o):(.debug_aranges)
              80               80       30     1         ../lib/libc.a(libc_a-fclose.o):(.debug_aranges)
              b0               b0       30     1         ../lib/libc.a(libc_a-fflush.o):(.debug_aranges)
              e0               e0       30     1         ../lib/libc.a(libc_a-freer.o):(.debug_aranges)
             110              110       30     1         ../lib/libc.a(libc_a-mlock.o):(.debug_aranges)
             140              140       30     1         ../lib/libc.a(libc_a-mallocr.o):(.debug_aranges)
             170              170       30     1         ../lib/libc.a(libc_a-sbrkr.o):(.debug_aranges)
             1a0              1a0       30     1         ../lib/libc.a(libc_a-reent.o):(.debug_aranges)
             1d0              1d0       30     1         ../lib/libc.a(libc_a-fwalk.o):(.debug_aranges)
             200              200       30    16         ../lib/libc.a(libc_a-memset.o):(.debug_aranges)
             230              230       30     1         ../lib/libc.a(libc_a-stdio.o):(.debug_aranges)
             260              260       30     1         ../lib/libc.a(libc_a-readr.o):(.debug_aranges)
             290              290       30     1         ../lib/libc.a(libc_a-writer.o):(.debug_aranges)
             2c0              2c0       30     1         ../lib/libc.a(libc_a-lseekr.o):(.debug_aranges)
             2f0              2f0       30     1         ../lib/libc.a(libc_a-closer.o):(.debug_aranges)
             320              320       30     1         ../lib/libc.a(libc_a-strcpy.o):(.debug_aranges)
             350              350       30     1         ../lib/libc.a(libc_a-strcat.o):(.debug_aranges)
             380              380       30     1         ../lib/libc.a(libc_a-strlen.o):(.debug_aranges)
             3b0              3b0       30     1         ../lib/libc.a(libc_a-vsprintf.o):(.debug_aranges)
             3e0              3e0       30     1         ../lib/libc.a(libc_a-svfprintf.o):(.debug_aranges)
             410              410       30     1         ../lib/libc.a(libc_a-localeconv.o):(.debug_aranges)
             440              440       30     1         ../lib/libc.a(libc_a-locale.o):(.debug_aranges)
             470              470       30     1         ../lib/libc.a(libc_a-strcmp.o):(.debug_aranges)
             4a0              4a0       30     1         ../lib/libc.a(libc_a-wctomb_r.o):(.debug_aranges)
             4d0              4d0       30     1         ../lib/libc.a(libc_a-mbtowc_r.o):(.debug_aranges)
             500              500       40     1         ../lib/libc.a(libc_a-stack_protector.o):(.debug_aranges)
             540              540       30     1         ../lib/libc.a(libc_a-signal.o):(.debug_aranges)
             570              570       30     1         ../lib/libc.a(libc_a-signalr.o):(.debug_aranges)
             5a0              5a0       20     1         ../lib/libc.a(libc_a-ctype_.o):(.debug_aranges)
             5c0              5c0       30     1         ../lib/libc.a(libc_a-svfiprintf.o):(.debug_aranges)
             5f0              5f0       30     1         ../lib/libc.a(libc_a-memmove.o):(.debug_aranges)
             620              620       30    16         ../lib/libc.a(libc_a-memcpy.o):(.debug_aranges)
             650              650       30     1         ../lib/libc.a(libc_a-reallocr.o):(.debug_aranges)
             680              680       30     1         ../lib/libc.a(libc_a-memchr.o):(.debug_aranges)
             6b0              6b0       30     1         ../lib/libc.a(libc_a-dtoa.o):(.debug_aranges)
             6e0              6e0       30     1         ../lib/libc.a(libc_a-mprec.o):(.debug_aranges)
             710              710       30     1         ../lib/libc.a(libc_a-callocr.o):(.debug_aranges)
             740              740       30     1         ../lib/libc.a(libc_a-errno.o):(.debug_aranges)
             770              770       30     1         ../lib/libc.a(libc_a-assert.o):(.debug_aranges)
             7a0              7a0       30     1         ../lib/libc.a(libc_a-fiprintf.o):(.debug_aranges)
             7d0              7d0       30     1         ../lib/libc.a(libc_a-vfiprintf.o):(.debug_aranges)
             800              800       30     1         ../lib/libc.a(libc_a-fputwc.o):(.debug_aranges)
             830              830       30     1         ../lib/libc.a(libc_a-wcrtomb.o):(.debug_aranges)
             860              860       30     1         ../lib/libc.a(libc_a-wbuf.o):(.debug_aranges)
             890              890       30     1         ../lib/libc.a(libc_a-wsetup.o):(.debug_aranges)
             8c0              8c0       30     1         ../lib/libc.a(libc_a-makebuf.o):(.debug_aranges)
             8f0              8f0       30     1         ../lib/libc.a(libc_a-fstatr.o):(.debug_aranges)
             920              920       30     1         ../lib/libc.a(libc_a-isattyr.o):(.debug_aranges)
             950              950       30     1         ../lib/libc.a(libc_a-fvwrite.o):(.debug_aranges)
             980              980       30     1         ../lib/libc.a(libc_a-abort.o):(.debug_aranges)
             9b0              9b0       30     1         ../lib/libc.a(libc_a-sprintf.o):(.debug_aranges)
             9e0              9e0       30     1         newlib.o:(.debug_aranges)
             a10              a10       30     1         ../lib/libc.a(libc_a-strtol.o):(.debug_aranges)
               0                0     2418     8 .symtab
               0                0     2418     8         <internal>:(.symtab)
               0                0       f8     1 .shstrtab
               0                0       f8     1         <internal>:(.shstrtab)
               0                0     16d4     1 .strtab
               0                0     16d4     1         <internal>:(.strtab)
