             VMA              LMA     Size Align Out     In      Symbol
          100160           100160      fb0    16 .rodata
          100160           100160      6f2     1         <internal>:(.rodata)
          100858           100858       70     8         <internal>:(.rodata)
          1008d0           1008d0       20    16         <internal>:(.rodata)
          1008f0           1008f0      210    16         /home/yakishamo/x86_64-elf/lib/libc.a(lib_a-svfprintf.o):(.rodata)
          100ae0           100ae0       10     1                 _svfprintf_r.blanks
          100af0           100af0       10     1                 _svfprintf_r.zeroes
          100b00           100b00      281    16         /home/yakishamo/x86_64-elf/lib/libc.a(lib_a-ctype_.o):(.rodata)
          100b00           100b00      180     1                 _ctype_b
          100c80           100c80      101     1                 _ctype_
          100d90           100d90      210    16         /home/yakishamo/x86_64-elf/lib/libc.a(lib_a-svfiprintf.o):(.rodata)
          100f80           100f80       10     1                 _svfiprintf_r.blanks
          100f90           100f90       10     1                 _svfiprintf_r.zeroes
          100fa0           100fa0       18     4         /home/yakishamo/x86_64-elf/lib/libc.a(lib_a-dtoa.o):(.rodata)
          100fc0           100fc0      138    16         /home/yakishamo/x86_64-elf/lib/libc.a(lib_a-mprec.o):(.rodata)
          100fc0           100fc0        c     1                 __pow5mult.p05
          100fd0           100fd0       c8     1                 __mprec_tens
          1010a0           1010a0       28     1                 __mprec_bigtens
          1010d0           1010d0       28     1                 __mprec_tinytens
          1010f8           1010f8       18     8         timer.o:(.rodata)
          1010f8           1010f8        8     1                 (anonymous namespace)::divide_config
          101100           101100        8     1                 (anonymous namespace)::lvt_timer
          101108           101108        8     1                 (anonymous namespace)::initial_count
          101110           101110     230c     8 .eh_frame
          101110           101110       d4     1         kernel.o:(.eh_frame+0x0)
          1011e8           1011e8       3c     1         kernel.o:(.eh_frame+0xd4)
          101228           101228       a0     1         kernel.o:(.eh_frame+0x110)
          1012c8           1012c8      220     1         frame.o:(.eh_frame+0x18)
          1014e8           1014e8       18     1         /home/yakishamo/x86_64-elf/lib/libc.a(lib_a-strcpy.o):(.eh_frame+0x18)
          101500           101500       28     1         /home/yakishamo/x86_64-elf/lib/libc.a(lib_a-strcat.o):(.eh_frame+0x18)
          101528           101528       18     1         /home/yakishamo/x86_64-elf/lib/libc.a(lib_a-strlen.o):(.eh_frame+0x18)
          101540           101540       1c     1         /home/yakishamo/x86_64-elf/lib/libc.a(lib_a-vsprintf.o):(.eh_frame+0x18)
          101560           101560       1c     1         /home/yakishamo/x86_64-elf/lib/libc.a(lib_a-vsprintf.o):(.eh_frame+0x34)
          101580           101580       50     1         /home/yakishamo/x86_64-elf/lib/libc.a(lib_a-svfprintf.o):(.eh_frame+0x18)
          1015d0           1015d0       14     1         /home/yakishamo/x86_64-elf/lib/libc.a(lib_a-localeconv.o):(.eh_frame+0x18)
          1015e8           1015e8       14     1         /home/yakishamo/x86_64-elf/lib/libc.a(lib_a-localeconv.o):(.eh_frame+0x2c)
          101600           101600       18     1         /home/yakishamo/x86_64-elf/lib/libc.a(lib_a-localeconv.o):(.eh_frame+0x40)
          101618           101618       34     1         /home/yakishamo/x86_64-elf/lib/libc.a(lib_a-locale.o):(.eh_frame+0x18)
          101650           101650       14     1         /home/yakishamo/x86_64-elf/lib/libc.a(lib_a-locale.o):(.eh_frame+0x4c)
          101668           101668       14     1         /home/yakishamo/x86_64-elf/lib/libc.a(lib_a-locale.o):(.eh_frame+0x60)
          101680           101680       24     1         /home/yakishamo/x86_64-elf/lib/libc.a(lib_a-locale.o):(.eh_frame+0x74)
          1016a8           1016a8       18     1         /home/yakishamo/x86_64-elf/lib/libc.a(lib_a-strcmp.o):(.eh_frame+0x18)
          1016c0           1016c0       14     1         /home/yakishamo/x86_64-elf/lib/libc.a(lib_a-wctomb_r.o):(.eh_frame+0x18)
          1016d8           1016d8       14     1         /home/yakishamo/x86_64-elf/lib/libc.a(lib_a-wctomb_r.o):(.eh_frame+0x2c)
          1016f0           1016f0       14     1         /home/yakishamo/x86_64-elf/lib/libc.a(lib_a-mbtowc_r.o):(.eh_frame+0x18)
          101708           101708       14     1         /home/yakishamo/x86_64-elf/lib/libc.a(lib_a-mbtowc_r.o):(.eh_frame+0x2c)
          101720           101720       50     1         /home/yakishamo/x86_64-elf/lib/libc.a(lib_a-mallocr.o):(.eh_frame+0x18)
          101770           101770       14     1         /home/yakishamo/x86_64-elf/lib/libc.a(lib_a-mlock.o):(.eh_frame+0x18)
          101788           101788       14     1         /home/yakishamo/x86_64-elf/lib/libc.a(lib_a-mlock.o):(.eh_frame+0x2c)
          1017a0           1017a0       28     1         /home/yakishamo/x86_64-elf/lib/libc.a(lib_a-sbrkr.o):(.eh_frame+0x18)
          1017c8           1017c8       60     1         /home/yakishamo/x86_64-elf/lib/libc.a(lib_a-reent.o):(.eh_frame+0x18)
          101828           101828       78     1         /home/yakishamo/x86_64-elf/lib/libc.a(lib_a-freer.o):(.eh_frame+0x18)
          1018a0           1018a0       4c     1         /home/yakishamo/x86_64-elf/lib/libc.a(lib_a-svfiprintf.o):(.eh_frame+0x18)
          1018f0           1018f0       54     1         /home/yakishamo/x86_64-elf/lib/libc.a(lib_a-svfiprintf.o):(.eh_frame+0x64)
          101948           101948       68     1         /home/yakishamo/x86_64-elf/lib/libc.a(lib_a-reallocr.o):(.eh_frame+0x18)
          1019b0           1019b0       30     1         /home/yakishamo/x86_64-elf/lib/libc.a(lib_a-memmove.o):(.eh_frame+0x18)
          1019e0           1019e0       18     1         /home/yakishamo/x86_64-elf/lib/libc.a(lib_a-memchr.o):(.eh_frame+0x18)
          1019f8           1019f8       18     1         /home/yakishamo/x86_64-elf/lib/libc.a(lib_a-s_fpclassify.o):(.eh_frame+0x18)
          101a10           101a10       4c     1         /home/yakishamo/x86_64-elf/lib/libc.a(lib_a-dtoa.o):(.eh_frame+0x18)
          101a60           101a60       4c     1         /home/yakishamo/x86_64-elf/lib/libc.a(lib_a-dtoa.o):(.eh_frame+0x64)
          101ab0           101ab0       2c     1         /home/yakishamo/x86_64-elf/lib/libc.a(lib_a-mprec.o):(.eh_frame+0x18)
          101ae0           101ae0       14     1         /home/yakishamo/x86_64-elf/lib/libc.a(lib_a-mprec.o):(.eh_frame+0x44)
          101af8           101af8       4c     1         /home/yakishamo/x86_64-elf/lib/libc.a(lib_a-mprec.o):(.eh_frame+0x58)
          101b48           101b48       4c     1         /home/yakishamo/x86_64-elf/lib/libc.a(lib_a-mprec.o):(.eh_frame+0xa4)
          101b98           101b98       14     1         /home/yakishamo/x86_64-elf/lib/libc.a(lib_a-mprec.o):(.eh_frame+0xf0)
          101bb0           101bb0       14     1         /home/yakishamo/x86_64-elf/lib/libc.a(lib_a-mprec.o):(.eh_frame+0x104)
          101bc8           101bc8       74     1         /home/yakishamo/x86_64-elf/lib/libc.a(lib_a-mprec.o):(.eh_frame+0x118)
          101c40           101c40       3c     1         /home/yakishamo/x86_64-elf/lib/libc.a(lib_a-mprec.o):(.eh_frame+0x18c)
          101c80           101c80       4c     1         /home/yakishamo/x86_64-elf/lib/libc.a(lib_a-mprec.o):(.eh_frame+0x1c8)
          101cd0           101cd0       14     1         /home/yakishamo/x86_64-elf/lib/libc.a(lib_a-mprec.o):(.eh_frame+0x214)
          101ce8           101ce8       4c     1         /home/yakishamo/x86_64-elf/lib/libc.a(lib_a-mprec.o):(.eh_frame+0x228)
          101d38           101d38       14     1         /home/yakishamo/x86_64-elf/lib/libc.a(lib_a-mprec.o):(.eh_frame+0x274)
          101d50           101d50       24     1         /home/yakishamo/x86_64-elf/lib/libc.a(lib_a-mprec.o):(.eh_frame+0x288)
          101d78           101d78       34     1         /home/yakishamo/x86_64-elf/lib/libc.a(lib_a-mprec.o):(.eh_frame+0x2ac)
          101db0           101db0       3c     1         /home/yakishamo/x86_64-elf/lib/libc.a(lib_a-mprec.o):(.eh_frame+0x2e0)
          101df0           101df0       3c     1         /home/yakishamo/x86_64-elf/lib/libc.a(lib_a-mprec.o):(.eh_frame+0x31c)
          101e30           101e30       20     1         /home/yakishamo/x86_64-elf/lib/libc.a(lib_a-callocr.o):(.eh_frame+0x18)
          101e50           101e50       1c     1         /home/yakishamo/x86_64-elf/lib/libc.a(lib_a-sprintf.o):(.eh_frame+0x18)
          101e70           101e70       1c     1         /home/yakishamo/x86_64-elf/lib/libc.a(lib_a-sprintf.o):(.eh_frame+0x34)
          101e90           101e90      200     1         pci.o:(.eh_frame+0x18)
          102090           102090       60     1         memory_map.o:(.eh_frame+0x18)
          1020f0           1020f0       3c     1         newlib.o:(.eh_frame+0x18)
          102130           102130       1c     1         newlib.o:(.eh_frame+0x54)
          102150           102150       1c     1         newlib.o:(.eh_frame+0x70)
          102170           102170       1c     1         newlib.o:(.eh_frame+0x8c)
          102190           102190       1c     1         newlib.o:(.eh_frame+0xa8)
          1021b0           1021b0       1c     1         newlib.o:(.eh_frame+0xc4)
          1021d0           1021d0       20     1         newlib.o:(.eh_frame+0xe0)
          1021f0           1021f0       80     1         segment.o:(.eh_frame+0x18)
          102270           102270       54     1         interrupt.o:(.eh_frame+0x18)
          1022c8           1022c8       54     1         interrupt.o:(.eh_frame+0x6c)
          102320           102320       54     1         interrupt.o:(.eh_frame+0xc0)
          102378           102378       54     1         interrupt.o:(.eh_frame+0x114)
          1023d0           1023d0       54     1         interrupt.o:(.eh_frame+0x168)
          102428           102428       54     1         interrupt.o:(.eh_frame+0x1bc)
          102480           102480       54     1         interrupt.o:(.eh_frame+0x210)
          1024d8           1024d8       54     1         interrupt.o:(.eh_frame+0x264)
          102530           102530       54     1         interrupt.o:(.eh_frame+0x2b8)
          102588           102588       54     1         interrupt.o:(.eh_frame+0x30c)
          1025e0           1025e0       54     1         interrupt.o:(.eh_frame+0x360)
          102638           102638       54     1         interrupt.o:(.eh_frame+0x3b4)
          102690           102690       54     1         interrupt.o:(.eh_frame+0x408)
          1026e8           1026e8       54     1         interrupt.o:(.eh_frame+0x45c)
          102740           102740       54     1         interrupt.o:(.eh_frame+0x4b0)
          102798           102798       54     1         interrupt.o:(.eh_frame+0x504)
          1027f0           1027f0       54     1         interrupt.o:(.eh_frame+0x558)
          102848           102848       54     1         interrupt.o:(.eh_frame+0x5ac)
          1028a0           1028a0       54     1         interrupt.o:(.eh_frame+0x600)
          1028f8           1028f8       54     1         interrupt.o:(.eh_frame+0x654)
          102950           102950       54     1         interrupt.o:(.eh_frame+0x6a8)
          1029a8           1029a8       54     1         interrupt.o:(.eh_frame+0x6fc)
          102a00           102a00       54     1         interrupt.o:(.eh_frame+0x750)
          102a58           102a58       54     1         interrupt.o:(.eh_frame+0x7a4)
          102ab0           102ab0       54     1         interrupt.o:(.eh_frame+0x7f8)
          102b08           102b08       54     1         interrupt.o:(.eh_frame+0x84c)
          102b60           102b60       54     1         interrupt.o:(.eh_frame+0x8a0)
          102bb8           102bb8       54     1         interrupt.o:(.eh_frame+0x8f4)
          102c10           102c10       54     1         interrupt.o:(.eh_frame+0x948)
          102c68           102c68       54     1         interrupt.o:(.eh_frame+0x99c)
          102cc0           102cc0       54     1         interrupt.o:(.eh_frame+0x9f0)
          102d18           102d18       54     1         interrupt.o:(.eh_frame+0xa44)
          102d70           102d70       74     1         interrupt.o:(.eh_frame+0xa98)
          102de8           102de8       a4     1         interrupt.o:(.eh_frame+0xb0c)
          102e90           102e90       80     1         paging.o:(.eh_frame+0x18)
          102f10           102f10       c4     1         input.o:(.eh_frame+0x18)
          102fd8           102fd8       24     1         input.o:(.eh_frame+0xdc)
          103000           103000       20     1         command.o:(.eh_frame+0x18)
          103020           103020       a0     1         command.o:(.eh_frame+0x78)
          1030c0           1030c0       20     1         command.o:(.eh_frame+0x138)
          1030e0           1030e0       14     1         /home/yakishamo/x86_64-elf/lib/libc.a(lib_a-malloc.o):(.eh_frame+0x18)
          1030f8           1030f8       14     1         /home/yakishamo/x86_64-elf/lib/libc.a(lib_a-malloc.o):(.eh_frame+0x2c)
          103110           103110       14     1         /home/yakishamo/x86_64-elf/lib/libc.a(lib_a-strtol.o):(.eh_frame+0x18)
          103128           103128       4c     1         /home/yakishamo/x86_64-elf/lib/libc.a(lib_a-strtol.o):(.eh_frame+0x2c)
          103178           103178       14     1         /home/yakishamo/x86_64-elf/lib/libc.a(lib_a-strtol.o):(.eh_frame+0x78)
          103190           103190       14     1         /home/yakishamo/x86_64-elf/lib/libc.a(lib_a-strtol.o):(.eh_frame+0x8c)
          1031a8           1031a8       14     1         /home/yakishamo/x86_64-elf/lib/libc.a(lib_a-atoi.o):(.eh_frame+0x18)
          1031c0           1031c0       14     1         /home/yakishamo/x86_64-elf/lib/libc.a(lib_a-atoi.o):(.eh_frame+0x2c)
          1031d8           1031d8       20     1         memory_manager.o:(.eh_frame+0x18)
          1031f8           1031f8      200     1         memory_manager.o:(.eh_frame+0x78)
          1033f8           1033f8       20     1         memory_manager.o:(.eh_frame+0x2b8)
          104420           104420    100e3    16 .text
          104420           104420      21c    16         kernel.o:(.text)
          104420           104420        f     1                 stop()
          104430           104430       29     1                 entry_point
          104460           104460      1dc     1                 kernel_main
          104640           104640       50    16         kernel.o:(.text.startup)
          104640           104640       1a     1                 __cxx_global_var_init
          104660           104660       12     1                 __cxx_global_var_init.1
          104680           104680       10     1                 _GLOBAL__sub_I_kernel.cpp
          104690           104690        b    16         kernel.o:(.text._ZNSt3__114numeric_limitsImE3maxEv)
          104690           104690        b     1                 std::__1::numeric_limits<unsigned long>::max()
          1046a0           1046a0       21    16         kernel.o:(.text._ZN7FrameIDC2Em)
          1046a0           1046a0       21     1                 FrameID::FrameID(unsigned long)
          1046d0           1046d0       4c    16         kernel.o:(.text._ZN11InputBufferC2Ev)
          1046d0           1046d0       4c     1                 InputBuffer::InputBuffer()
          104720           104720       1e    16         kernel.o:(.text._ZNK5ErrorcvbEv)
          104720           104720       1e     1                 Error::operator bool() const
          104740           104740       29    16         kernel.o:(.text._ZNK5Error4NameEv)
          104740           104740       29     1                 Error::Name() const
          104770           104770        d    16         kernel.o:(.text._ZNSt3__123__libcpp_numeric_limitsImLb1EE3maxEv)
          104770           104770        d     1                 std::__1::__libcpp_numeric_limits<unsigned long, true>::max()
          104780           104780       25    16         kernel.o:(.text._ZNKSt3__15arrayIPKcLm20EEixEm)
          104780           104780       25     1                 std::__1::array<char const*, 20ul>::operator[](unsigned long) const
          1047b0           1047b0      f1e    16         frame.o:(.text)
          1047b0           1047b0       9a     1                 InitializeFrame(bootinfo_t*)
          104850           104850       7f     1                 WritePixelRGB(Color, int, int)
          1048d0           1048d0       7f     1                 WritePixelBGR(Color, int, int)
          104950           104950       3d     1                 HashtoColor(unsigned char)
          104990           104990      191     1                 HSVtoRGB(int)
          104b30           104b30       f5     1                 WriteAscii(char, Color, int, int)
          104c30           104c30      136     1                 WriteSquare(Vector, Vector, Color)
          104d70           104d70      11a     1                 PrintLine(char const*, Vector, Color)
          104e90           104e90       7e     1                 RegisterLine(char const*)
          104f10           104f10      456     1                 Print
          105370           105370       b3     1                 Printf
          105430           105430       6c     1                 dPrint(char*, int)
          1054a0           1054a0       6c     1                 udPrint(char*, unsigned int)
          105510           105510       6c     1                 uxdPrint(char*, unsigned int)
          105580           105580       c2     1                 WriteMandelbrot(int)
          105650           105650       7e     1                 clear()
          1056d0           1056d0      1ad    16         frame.o:(.text._Z14CalcMandelbrotiii)
          1056d0           1056d0      1ad     1                 CalcMandelbrot(int, int, int)
          105880           105880       83    16         /home/yakishamo/x86_64-elf/lib/libc.a(lib_a-strcpy.o):(.text)
          105880           105880       83     1                 strcpy
          105910           105910       6a    16         /home/yakishamo/x86_64-elf/lib/libc.a(lib_a-strcat.o):(.text)
          105910           105910       6a     1                 strcat
          105980           105980       d1    16         /home/yakishamo/x86_64-elf/lib/libc.a(lib_a-strlen.o):(.text)
          105980           105980       d1     1                 strlen
          105a60           105a60       a2    16         /home/yakishamo/x86_64-elf/lib/libc.a(lib_a-vsprintf.o):(.text)
          105a60           105a60       55     1                 vsprintf
          105ac0           105ac0       42     1                 _vsprintf_r
          105b04           105b04        0     4         /home/yakishamo/x86_64-elf/lib/libc.a(lib_a-impure.o):(.text)
          105b10           105b10     2154    16         /home/yakishamo/x86_64-elf/lib/libc.a(lib_a-svfprintf.o):(.text)
          105b10           105b10     2154     1                 _svfprintf_r
          107c70           107c70       61    16         /home/yakishamo/x86_64-elf/lib/libc.a(lib_a-localeconv.o):(.text)
          107c70           107c70        8     1                 __localeconv_l
          107c80           107c80       21     1                 _localeconv_r
          107cb0           107cb0       21     1                 localeconv
          107ce0           107ce0      10f    16         /home/yakishamo/x86_64-elf/lib/libc.a(lib_a-locale.o):(.text)
          107ce0           107ce0       4f     1                 _setlocale_r
          107d30           107d30       24     1                 __locale_mb_cur_max
          107d60           107d60        8     1                 __locale_ctype_ptr_l
          107d70           107d70       24     1                 __locale_ctype_ptr
          107da0           107da0       4f     1                 setlocale
          107df0           107df0       7f    16         /home/yakishamo/x86_64-elf/lib/libc.a(lib_a-strcmp.o):(.text)
          107df0           107df0       7f     1                 strcmp
          107e70           107e70       54    16         /home/yakishamo/x86_64-elf/lib/libc.a(lib_a-wctomb_r.o):(.text)
          107e70           107e70       23     1                 _wctomb_r
          107ea0           107ea0       24     1                 __ascii_wctomb
          107ed0           107ed0       5d    16         /home/yakishamo/x86_64-elf/lib/libc.a(lib_a-mbtowc_r.o):(.text)
          107ed0           107ed0       23     1                 _mbtowc_r
          107f00           107f00       2d     1                 __ascii_mbtowc
          107f30           107f30        0     4         /home/yakishamo/x86_64-elf/lib/libc.a(lib_a-ctype_.o):(.text)
          107f30           107f30      803    16         /home/yakishamo/x86_64-elf/lib/libc.a(lib_a-mallocr.o):(.text)
          107f30           107f30      803     1                 _malloc_r
          108740           108740       11    16         /home/yakishamo/x86_64-elf/lib/libc.a(lib_a-mlock.o):(.text)
          108740           108740        1     1                 __malloc_lock
          108750           108750        1     1                 __malloc_unlock
          108760           108760       33    16         /home/yakishamo/x86_64-elf/lib/libc.a(lib_a-sbrkr.o):(.text)
          108760           108760       33     1                 _sbrk_r
          1087a0           1087a0      124    16         /home/yakishamo/x86_64-elf/lib/libc.a(lib_a-reent.o):(.text)
          1087a0           1087a0       2c     1                 cleanup_glue
          1087d0           1087d0       f4     1                 _reclaim_reent
          1088d0           1088d0      361    16         /home/yakishamo/x86_64-elf/lib/libc.a(lib_a-freer.o):(.text)
          1088d0           1088d0      278     1                 _free_r
          108b50           108b50       e1     1                 _malloc_trim_r
          108c40           108c40     11c2    16         /home/yakishamo/x86_64-elf/lib/libc.a(lib_a-svfiprintf.o):(.text)
          108c40           108c40      1b4     1                 __ssprint_r
          108e00           108e00     1002     1                 _svfiprintf_r
          109e10           109e10      624    16         /home/yakishamo/x86_64-elf/lib/libc.a(lib_a-reallocr.o):(.text)
          109e10           109e10      624     1                 _realloc_r
          10a440           10a440      5cf    16         /home/yakishamo/x86_64-elf/lib/libc.a(lib_a-memmove.o):(.text)
          10a440           10a440      5cf     1                 memmove
          10aa10           10aa10      12d    16         /home/yakishamo/x86_64-elf/lib/libc.a(lib_a-memcpy.o):(.text)
          10aa10           10aa10        0     1                 memcpy
          10aa35           10aa35        0     1                 quadword_aligned
          10aa50           10aa50        0     1                 loop
          10ab17           10ab17        0     1                 byte_copy
          10ab1d           10ab1d        0     1                 quadword_copy
          10ab40           10ab40      180    16         /home/yakishamo/x86_64-elf/lib/libc.a(lib_a-memchr.o):(.text)
          10ab40           10ab40      180     1                 memchr
          10acc0           10acc0       5d    16         /home/yakishamo/x86_64-elf/lib/libc.a(lib_a-s_fpclassify.o):(.text)
          10acc0           10acc0       5d     1                 __fpclassifyd
          10ad20           10ad20     1379    16         /home/yakishamo/x86_64-elf/lib/libc.a(lib_a-dtoa.o):(.text)
          10ad20           10ad20     11d0     1                 _dtoa_r
          10bef0           10bef0      1a9     1                 quorem
          10c0a0           10c0a0     17b8    16         /home/yakishamo/x86_64-elf/lib/libc.a(lib_a-mprec.o):(.text)
          10c0a0           10c0a0       85     1                 _Balloc
          10c130           10c130       19     1                 _Bfree
          10c150           10c150      151     1                 __multadd
          10c2b0           10c2b0      15e     1                 __s2b
          10c410           10c410       69     1                 __hi0bits
          10c480           10c480       84     1                 __lo0bits
          10c510           10c510       83     1                 __i2b
          10c5a0           10c5a0      350     1                 __multiply
          10c8f0           10c8f0      13f     1                 __pow5mult
          10ca30           10ca30      34a     1                 __lshift
          10cd80           10cd80       42     1                 __mcmp
          10cdd0           10cdd0      222     1                 __mdiff
          10d000           10d000       63     1                 __ulp
          10d070           10d070      11a     1                 __b2d
          10d190           10d190      320     1                 __d2b
          10d4b0           10d4b0       96     1                 __ratio
          10d550           10d550       99     1                 _mprec_log10
          10d5f0           10d5f0      205     1                 __copybits
          10d800           10d800       58     1                 __any_on
          10d860           10d860       7f    16         /home/yakishamo/x86_64-elf/lib/libc.a(lib_a-callocr.o):(.text)
          10d860           10d860       7f     1                 _calloc_r
          10d8e0           10d8e0       e0    16         /home/yakishamo/x86_64-elf/lib/libc.a(lib_a-memset.o):(.text)
          10d8e0           10d8e0        0     1                 memset
          10d90e           10d90e        0     1                 quadword_aligned
          10d930           10d930        0     1                 loop
          10d99b           10d99b        0     1                 byte_set
          10d9a1           10d9a1        0     1                 quadword_set
          10d9c0           10d9c0      1ab    16         /home/yakishamo/x86_64-elf/lib/libc.a(lib_a-sprintf.o):(.text)
          10d9c0           10d9c0       c9     1                 _sprintf_r
          10da90           10da90       db     1                 sprintf
          10db70           10db70       c1    16         asmfunc.o:(.text)
          10db70           10db70        0     1                 IoOut32
          10db77           10db77        0     1                 IoIn32
          10db7c           10db7c        0     1                 IoIn16
          10db82           10db82        0     1                 IoOut8
          10db8a           10db8a        0     1                 IoIn8
          10db8f           10db8f        0     1                 call_kernel_main
          10db9f           10db9f        0     1                 _hlt
          10dba2           10dba2        0     1                 LoadGDT
          10dbbc           10dbbc        0     1                 SetDSAll
          10dbc5           10dbc5        0     1                 SetCSSS
          10dbd9           10dbd9        0     1                 SetCSSS.next
          10dbde           10dbde        0     1                 SetCSSS.stop
          10dbe1           10dbe1        0     1                 GetCS
          10dbe7           10dbe7        0     1                 LoadIDT
          10dc01           10dc01        0     1                 SetCR3
          10dc05           10dc05        0     1                 NotifyEndOfInterrupt
          10dc13           10dc13        0     1                 rdtsc
          10dc40           10dc40      809    16         pci.o:(.text)
          10dc40           10dc40       4f     1                 MakeAddr(unsigned char, unsigned char, unsigned char, unsigned char)
          10dc90           10dc90       1e     1                 WriteAddr(unsigned int)
          10dcb0           10dcb0       1e     1                 WriteData(unsigned int)
          10dcd0           10dcd0       10     1                 ReadData()
          10dce0           10dce0       4a     1                 ReadVendorId(unsigned char, unsigned char, unsigned char)
          10dd30           10dd30       67     1                 ReadVendorId(Device)
          10dda0           10dda0       50     1                 ReadHeaderType(unsigned char, unsigned char, unsigned char)
          10ddf0           10ddf0       70     1                 ReadBar(Device, int)
          10de60           10de60       71     1                 ReadClassCode(unsigned char, unsigned char, unsigned char)
          10dee0           10dee0       45     1                 ReadBusNumbers(unsigned char, unsigned char, unsigned char)
          10df30           10df30       af     1                 AddDevice(unsigned char, unsigned char, unsigned char, unsigned char)
          10dfe0           10dfe0       28     1                 IsSingleFunctionDevice(unsigned char)
          10e010           10e010      13f     1                 ScanAllBus()
          10e150           10e150       b7     1                 ScanBus(unsigned char)
          10e210           10e210      126     1                 ScanDevice(unsigned char, unsigned char)
          10e340           10e340      109     1                 ScanFunction(unsigned char, unsigned char, unsigned char)
          10e450           10e450      27f    16         memory_map.o:(.text)
          10e450           10e450       83     1                 show_memdesc(int)
          10e4e0           10e4e0      12d     1                 show_memory_map()
          10e610           10e610       bf     1                 search_mem_type(unsigned long)
          10e6d0           10e6d0      18d    16         newlib.o:(.text)
          10e6d0           10e6d0       7e     1                 sbrk
          10e750           10e750       1d     1                 _exit
          10e770           10e770       24     1                 lseek
          10e7a0           10e7a0       1d     1                 close
          10e7c0           10e7c0       2d     1                 kill
          10e7f0           10e7f0       16     1                 getpid
          10e810           10e810       21     1                 fstat
          10e840           10e840       1d     1                 isatty
          10e860           10e860      348    16         segment.o:(.text)
          10e860           10e860      21d     1                 SetCodeSegment(SegmentDescriptor*, DescriptorType, unsigned int, unsigned int, unsigned int)
          10ea80           10ea80       77     1                 SetDataSegment(SegmentDescriptor*, DescriptorType, unsigned int, unsigned int, unsigned int)
          10eb00           10eb00       67     1                 SetupSegments()
          10eb70           10eb70       38     1                 InitializeSegment(unsigned short, unsigned short)
          10ebb0           10ebb0     3e94    16         interrupt.o:(.text)
          10ebb0           10ebb0      186     1                 Interrupt_1(InterruptFrame*)
          10ed40           10ed40      186     1                 Interrupt_2(InterruptFrame*)
          10eed0           10eed0      186     1                 Interrupt_4(InterruptFrame*)
          10f060           10f060      186     1                 Interrupt_5(InterruptFrame*)
          10f1f0           10f1f0      186     1                 Interrupt_6(InterruptFrame*)
          10f380           10f380      186     1                 Interrupt_7(InterruptFrame*)
          10f510           10f510      186     1                 Interrupt_8(InterruptFrame*)
          10f6a0           10f6a0      186     1                 Interrupt_9(InterruptFrame*)
          10f830           10f830      186     1                 Interrupt_10(InterruptFrame*)
          10f9c0           10f9c0      186     1                 Interrupt_11(InterruptFrame*)
          10fb50           10fb50      186     1                 Interrupt_15(InterruptFrame*)
          10fce0           10fce0      186     1                 Interrupt_16(InterruptFrame*)
          10fe70           10fe70      186     1                 Interrupt_17(InterruptFrame*)
          110000           110000      186     1                 Interrupt_18(InterruptFrame*)
          110190           110190      186     1                 Interrupt_19(InterruptFrame*)
          110320           110320      186     1                 Interrupt_20(InterruptFrame*)
          1104b0           1104b0      186     1                 Interrupt_21(InterruptFrame*)
          110640           110640      186     1                 Interrupt_22(InterruptFrame*)
          1107d0           1107d0      186     1                 Interrupt_23(InterruptFrame*)
          110960           110960      186     1                 Interrupt_24(InterruptFrame*)
          110af0           110af0      186     1                 Interrupt_25(InterruptFrame*)
          110c80           110c80      186     1                 Interrupt_26(InterruptFrame*)
          110e10           110e10      186     1                 Interrupt_27(InterruptFrame*)
          110fa0           110fa0      186     1                 Interrupt_28(InterruptFrame*)
          111130           111130      186     1                 Interrupt_29(InterruptFrame*)
          1112c0           1112c0      186     1                 Interrupt_30(InterruptFrame*)
          111450           111450      186     1                 Interrupt_31(InterruptFrame*)
          1115e0           1115e0      19e     1                 BreakpointInterrupt(InterruptFrame*)
          111780           111780      186     1                 SegFaultInterrupt(InterruptFrame*)
          111910           111910      186     1                 PageFaultInterrupt(InterruptFrame*)
          111aa0           111aa0      186     1                 GeneralProtectionInterrupt(InterruptFrame*)
          111c30           111c30      203     1                 KeyboardInterrupt(InterruptFrame*)
          111e40           111e40      163     1                 ShowKeycodeInterrupt(InterruptFrame*)
          111fb0           111fb0       f9     1                 DefaultInterrupt(InterruptFrame*)
          1120b0           1120b0       7a     1                 SetIDTEntry(InterruptDescriptor*, InterruptDescriptorAttribute, unsigned long, unsigned long)
          112130           112130       ba     1                 InitializePIC()
          1121f0           1121f0      854     1                 InitializeInterrupt()
          112a50           112a50       60    16         interrupt.o:(.text._Z10isAlphabetc)
          112a50           112a50       60     1                 isAlphabet(char)
          112ab0           112ab0       af    16         interrupt.o:(.text._Z11MakeIDTAttr14DescriptorTypehbh)
          112ab0           112ab0       af     1                 MakeIDTAttr(DescriptorType, unsigned char, bool, unsigned char)
          112b60           112b60      118    16         paging.o:(.text)
          112b60           112b60      118     1                 SetupIdentityPageTable()
          112c80           112c80       25    16         paging.o:(.text._ZNSt3__15arrayImLm512EEixEm)
          112c80           112c80       25     1                 std::__1::array<unsigned long, 512ul>::operator[](unsigned long)
          112cb0           112cb0       14    16         paging.o:(.text._ZNKSt3__15arrayINS0_ImLm512EEELm64EE4sizeEv)
          112cb0           112cb0       14     1                 std::__1::array<std::__1::array<unsigned long, 512ul>, 64ul>::size() const
          112cd0           112cd0       25    16         paging.o:(.text._ZNSt3__15arrayINS0_ImLm512EEELm64EEixEm)
          112cd0           112cd0       25     1                 std::__1::array<std::__1::array<unsigned long, 512ul>, 64ul>::operator[](unsigned long)
          112d00           112d00       62    16         keyboard.o:(.text)
          112d00           112d00       62     1                 InitializeKeycode()
          112d70           112d70      3d9    16         input.o:(.text)
          112d70           112d70      148     1                 InputBuffer::add(char)
          112ec0           112ec0       76     1                 InputBuffer::isEnter()
          112f40           112f40       76     1                 InputBuffer::pop()
          112fc0           112fc0       5a     1                 InputBuffer::allprint()
          113020           113020       9b     1                 InputBuffer::allpop(char*)
          1130c0           1130c0       89     1                 GetString(char*)
          113150           113150       27    16         input.o:(.text._ZN11InputBuffer7isInputEv)
          113150           113150       27     1                 InputBuffer::isInput()
          113180           113180      851    16         command.o:(.text)
          113180           113180      27d     1                 tokenize(char*)
          113400           113400       4b     1                 free_token(char**)
          113450           113450       97     1                 show_token(char**)
          1134f0           1134f0      187     1                 command(char*)
          113680           113680      351     1                 command(char**)
          1139e0           1139e0       2b    16         command.o:(.text.startup)
          1139e0           1139e0       1a     1                 __cxx_global_var_init
          113a00           113a00        b     1                 _GLOBAL__sub_I_command.cpp
          113a10           113a10       32    16         /home/yakishamo/x86_64-elf/lib/libc.a(lib_a-malloc.o):(.text)
          113a10           113a10       12     1                 malloc
          113a30           113a30       12     1                 free
          113a50           113a50      207    16         /home/yakishamo/x86_64-elf/lib/libc.a(lib_a-strtol.o):(.text)
          113a50           113a50       1c     1                 _strtol_r
          113a70           113a70      19c     1                 _strtol_l
          113c10           113c10       1a     1                 strtol_l
          113c30           113c30       27     1                 strtol
          113c60           113c60       1c    16         /home/yakishamo/x86_64-elf/lib/libc.a(lib_a-atoi.o):(.text)
          113c60           113c60        c     1                 atoi
          113c70           113c70        c     1                 _atoi_r
          113c80           113c80      6ae    16         memory_manager.o:(.text)
          113c80           113c80       4f     1                 BitmapMemoryManager::BitmapMemoryManager()
          113c80           113c80       4f     1                 BitmapMemoryManager::BitmapMemoryManager()
          113cd0           113cd0      15d     1                 BitmapMemoryManager::Allocate(unsigned long)
          113e30           113e30       6e     1                 BitmapMemoryManager::GetBit(FrameID) const
          113ea0           113ea0       74     1                 BitmapMemoryManager::MarkAllocated(FrameID, unsigned long)
          113f20           113f20       90     1                 BitmapMemoryManager::Free(FrameID, unsigned long)
          113fb0           113fb0       a8     1                 BitmapMemoryManager::SetBit(FrameID, bool)
          114060           114060       34     1                 BitmapMemoryManager::SetMemoryRange(FrameID, FrameID)
          1140a0           1140a0       48     1                 BitmapMemoryManager::IsAvailable(unsigned long)
          1140f0           1140f0      167     1                 InitializeMemoryManager(BitmapMemoryManager*, MemoryMap*)
          114260           114260       ce     1                 InitializeHeap(BitmapMemoryManager&)
          114330           114330       2b    16         memory_manager.o:(.text.startup)
          114330           114330       1a     1                 __cxx_global_var_init
          114350           114350        b     1                 _GLOBAL__sub_I_memory_manager.cpp
          114360           114360       16    16         memory_manager.o:(.text._ZNK7FrameID2IDEv)
          114360           114360       16     1                 FrameID::ID() const
          114380           114380       33    16         memory_manager.o:(.text._ZN5ErrorC2ENS_4CodeEPKci)
          114380           114380       33     1                 Error::Error(Error::Code, char const*, int)
          1143c0           1143c0       27    16         memory_manager.o:(.text._Z16AddressToFrameIDm)
          1143c0           1143c0       27     1                 AddressToFrameID(unsigned long)
          1143f0           1143f0       25    16         memory_manager.o:(.text._ZNKSt3__15arrayImLm524288EEixEm)
          1143f0           1143f0       25     1                 std::__1::array<unsigned long, 524288ul>::operator[](unsigned long) const
          114420           114420       25    16         memory_manager.o:(.text._ZNSt3__15arrayImLm524288EEixEm)
          114420           114420       25     1                 std::__1::array<unsigned long, 524288ul>::operator[](unsigned long)
          114450           114450       3e    16         memory_manager.o:(.text._Z11IsAvailable10MemoryType)
          114450           114450       3e     1                 IsAvailable(MemoryType)
          114490           114490       73    16         timer.o:(.text)
          114490           114490       20     1                 InitializeLAPICTimer()
          1144b0           1144b0       13     1                 StartLAPICTimer()
          1144d0           1144d0       14     1                 LAPICTimer()
          1144f0           1144f0       13     1                 StopLAPICTimer()
          115508           115508       a8     8 .data.rel.ro
          115508           115508       a0     8         kernel.o:(.data.rel.ro._ZN5Error11code_names_E)
          115508           115508       a0     1                 Error::code_names_
          1155a8           1155a8        8     8         /home/yakishamo/x86_64-elf/lib/libc.a(lib_a-impure.o):(.data.rel.ro)
          1155a8           1155a8        8     1                 _global_impure_ptr
          1155b0           1155b0       18     8 .init_array
          1155b0           1155b0        8     8         kernel.o:(.init_array)
          1155b8           1155b8        8     8         command.o:(.init_array)
          1155c0           1155c0        8     8         memory_manager.o:(.init_array)
          1155d0           1155d0     1240    16 .data
          1155d0           1155d0        4     4         frame.o:(.data)
          1155d0           1155d0        4     1                 line_len_max
          1155d8           1155d8      750     8         /home/yakishamo/x86_64-elf/lib/libc.a(lib_a-impure.o):(.data)
          1155d8           1155d8        8     1                 _impure_ptr
          1155e0           1155e0      748     1                 impure_data
          115d28           115d28      1a8     8         /home/yakishamo/x86_64-elf/lib/libc.a(lib_a-locale.o):(.data)
          115d28           115d28      1a8     1                 __global_locale
          115ed0           115ed0      820    16         /home/yakishamo/x86_64-elf/lib/libc.a(lib_a-mallocr.o):(.data)
          115ed0           115ed0      810     1                 __malloc_av_
          1166e0           1166e0        8     1                 __malloc_trim_threshold
          1166e8           1166e8        8     1                 __malloc_sbrk_base
          1166f0           1166f0       18    16         segment.o:(.data)
          1166f0           1166f0       18     1                 gdt
          116708           116708        8     4         interrupt.o:(.data)
          116708           116708        8     1                 InterruptMessagePosition
          116710           116710      100    16         keyboard.o:(.data)
          116710           116710      100     1                 keycode
          117000           117000   549010  4096 .bss
          117000           117000   500428    16         kernel.o:(.bss)
          117000           117000        8     1                 kNullFrame
          117010           117010   100000     1                 kernel_main_stack
          217010           217010      400     1                 Input_Buffer
          217410           217410   400010     1                 memory_manager_buf
          617420           617420        8     1                 memory_manager
          617430           617430     5628    16         frame.o:(.bss)
          617430           617430        8     1                 vinfo
          617438           617438        8     1                 ascii_font
          617440           617440        4     1                 line_queue_head
          617444           617444        4     1                 line_queue_end
          617448           617448        4     1                 max_line
          617450           617450     4e20     1                 line_queue
          61c270           61c270        8     1                 WritePixel
          61c278           61c278        4     1                 Print::y
          61c280           61c280      3e8     1                 Print::line
          61c668           61c668        4     1                 Print::debug
          61c670           61c670      3e8     1                 Printf::str_for_Printf
          61ca58           61ca58        8     8         /home/yakishamo/x86_64-elf/lib/libc.a(lib_a-locale.o):(.bss)
          61ca58           61ca58        8     1                 _PathLocale
          61ca60           61ca60       40     8         /home/yakishamo/x86_64-elf/lib/libc.a(lib_a-mallocr.o):(.bss)
          61ca60           61ca60        8     1                 __malloc_top_pad
          61ca68           61ca68        8     1                 __malloc_max_sbrked_mem
          61ca70           61ca70        8     1                 __malloc_max_total_mem
          61ca78           61ca78       28     1                 __malloc_current_mallinfo
          61caa0           61caa0        4     4         /home/yakishamo/x86_64-elf/lib/libc.a(lib_a-reent.o):(.bss)
          61caa0           61caa0        4     1                 errno
          61cab0           61cab0       f0    16         pci.o:(.bss)
          61cab0           61cab0        4     1                 num_device
          61cab4           61cab4        4     1                 invdev
          61cac0           61cac0       e0     1                 devices
          61cba0           61cba0        8     8         memory_map.o:(.bss)
          61cba0           61cba0        8     1                 mmap
          61cba8           61cba8       10     8         newlib.o:(.bss)
          61cba8           61cba8        8     1                 program_break
          61cbb0           61cbb0        8     1                 program_break_end
          61cbc0           61cbc0     1001    16         interrupt.o:(.bss)
          61cbc0           61cbc0     1000     1                 idt
          61dbc0           61dbc0        1     1                 KeyboardInterrupt(InterruptFrame*)::isShift
          61e000           61e000    42000  4096         paging.o:(.bss)
          61e000           61e000     1000     1                 (anonymous namespace)::pdp_table
          61f000           61f000     1000     1                 (anonymous namespace)::pml4_table
          620000           620000    40000     1                 (anonymous namespace)::page_directory
          660000           660000        8     8         command.o:(.bss)
          660000           660000        8     1                 kNullFrame
          660008           660008        8     8         memory_manager.o:(.bss)
          660008           660008        8     1                 kNullFrame
               0                0     18c2     1 .debug_abbrev
               0                0      4af     1         kernel.o:(.debug_abbrev)
             4af              4af      1c7     1         frame.o:(.debug_abbrev)
             676              676      115     1         pci.o:(.debug_abbrev)
             78b              78b       fd     1         memory_map.o:(.debug_abbrev)
             888              888      10a     1         newlib.o:(.debug_abbrev)
             992              992       f8     1         segment.o:(.debug_abbrev)
             a8a              a8a      1bb     1         interrupt.o:(.debug_abbrev)
             c45              c45      20f     1         paging.o:(.debug_abbrev)
             e54              e54       7c     1         keyboard.o:(.debug_abbrev)
             ed0              ed0      124     1         input.o:(.debug_abbrev)
             ff4              ff4      368     1         command.o:(.debug_abbrev)
            135c             135c      4c3     1         memory_manager.o:(.debug_abbrev)
            181f             181f       a3     1         timer.o:(.debug_abbrev)
               0                0     81c5     1 .debug_info
               0                0     1c58     1         kernel.o:(.debug_info)
            1c58             1c58      707     1         frame.o:(.debug_info)
            235f             235f      59c     1         pci.o:(.debug_info)
            28fb             28fb      232     1         memory_map.o:(.debug_info)
            2b2d             2b2d      341     1         newlib.o:(.debug_info)
            2e6e             2e6e      22f     1         segment.o:(.debug_info)
            309d             309d      806     1         interrupt.o:(.debug_info)
            38a3             38a3      eca     1         paging.o:(.debug_info)
            476d             476d       67     1         keyboard.o:(.debug_info)
            47d4             47d4      1d7     1         input.o:(.debug_info)
            49ab             49ab     1720     1         command.o:(.debug_info)
            60cb             60cb     2044     1         memory_manager.o:(.debug_info)
            810f             810f       b6     1         timer.o:(.debug_info)
               0                0      177     1 .debug_rnglists
               0                0       35     1         kernel.o:(.debug_rnglists)
              35               35       20     1         frame.o:(.debug_rnglists)
              55               55       57     1         pci.o:(.debug_rnglists)
              ac               ac       23     1         interrupt.o:(.debug_rnglists)
              cf               cf       1e     1         paging.o:(.debug_rnglists)
              ed               ed       18     1         input.o:(.debug_rnglists)
             105              105       26     1         command.o:(.debug_rnglists)
             12b              12b       4c     1         memory_manager.o:(.debug_rnglists)
               0                0     2150     1 .debug_str_offsets
               0                0      718     1         kernel.o:(.debug_str_offsets)
             718              718      1e4     1         frame.o:(.debug_str_offsets)
             8fc              8fc      12c     1         pci.o:(.debug_str_offsets)
             a28              a28       b4     1         memory_map.o:(.debug_str_offsets)
             adc              adc      12c     1         newlib.o:(.debug_str_offsets)
             c08              c08       e8     1         segment.o:(.debug_str_offsets)
             cf0              cf0      248     1         interrupt.o:(.debug_str_offsets)
             f38              f38      3c8     1         paging.o:(.debug_str_offsets)
            1300             1300       30     1         keyboard.o:(.debug_str_offsets)
            1330             1330       7c     1         input.o:(.debug_str_offsets)
            13ac             13ac      514     1         command.o:(.debug_str_offsets)
            18c0             18c0      830     1         memory_manager.o:(.debug_str_offsets)
            20f0             20f0       60     1         timer.o:(.debug_str_offsets)
               0                0     40ab     1 .debug_str
               0                0     40ab     1         <internal>:(.debug_str)
               0                0      ab0     1 .debug_addr
               0                0      170     1         kernel.o:(.debug_addr)
             170              170      128     1         frame.o:(.debug_addr)
             298              298      130     1         pci.o:(.debug_addr)
             3c8              3c8       60     1         memory_map.o:(.debug_addr)
             428              428       90     1         newlib.o:(.debug_addr)
             4b8              4b8       30     1         segment.o:(.debug_addr)
             4e8              4e8      278     1         interrupt.o:(.debug_addr)
             760              760       50     1         paging.o:(.debug_addr)
             7b0              7b0       20     1         keyboard.o:(.debug_addr)
             7d0              7d0       50     1         input.o:(.debug_addr)
             820              820      160     1         command.o:(.debug_addr)
             980              980       f0     1         memory_manager.o:(.debug_addr)
             a70              a70       40     1         timer.o:(.debug_addr)
               0                0       29     1 .comment
               0                0       29     1         <internal>:(.comment)
               0                0     29a5     1 .debug_line
               0                0      2dd     1         kernel.o:(.debug_line)
             2dd              2dd      762     1         frame.o:(.debug_line)
             a3f              a3f      428     1         pci.o:(.debug_line)
             e67              e67      137     1         memory_map.o:(.debug_line)
             f9e              f9e      180     1         newlib.o:(.debug_line)
            111e             111e      1c2     1         segment.o:(.debug_line)
            12e0             12e0      748     1         interrupt.o:(.debug_line)
            1a28             1a28      16b     1         paging.o:(.debug_line)
            1b93             1b93       7e     1         keyboard.o:(.debug_line)
            1c11             1c11      25b     1         input.o:(.debug_line)
            1e6c             1e6c      4c5     1         command.o:(.debug_line)
            2331             2331      5ad     1         memory_manager.o:(.debug_line)
            28de             28de       c7     1         timer.o:(.debug_line)
               0                0      470     1 .debug_line_str
               0                0      470     1         <internal>:(.debug_line_str)
               0                0       5f     1 .debug_loclists
               0                0       5f     1         frame.o:(.debug_loclists)
               0                0       f8     8 .debug_frame
               0                0       40     8         keyboard.o:(.debug_frame)
              40               40       b8     8         timer.o:(.debug_frame)
               0                0     1fb0     8 .symtab
               0                0     1fb0     8         <internal>:(.symtab)
               0                0       ed     1 .shstrtab
               0                0       ed     1         <internal>:(.shstrtab)
               0                0     1818     1 .strtab
               0                0     1818     1         <internal>:(.strtab)
